BPB e3_5m_A_s1 c02bf3b5df2a6240b52315bae9696982cd60c57ea27ef828338473bea503b274
LOSS e3_5m_A_s1 7480 3.33563 2909554 100425277
LOSS e3_5m_A_s1 7490 3.20649 2912831 100533510
LOSS e3_5m_A_s1 7500 3.22457 2917203 100697500
LOSS e3_5m_A_s1 7510 3.14153 2920443 100805279
LOSS e3_5m_A_s1 7520 3.3404 2926048 100970606
LOSS e3_5m_A_s1 7530 3.08767 2928264 101079400
LOSS e3_5m_A_s1 7540 3.2221 2932882 101241612
LOSS e3_5m_A_s1 7550 3.31772 2936711 101351098
LOSS e3_5m_A_s1 7560 3.24879 2940914 101515881
LOSS e3_5m_A_s1 7570 3.15903 2944987 101624610
LOSS e3_5m_A_s1 7580 3.13421 2949030 101789992
LOSS e3_5m_A_s1 7590 2.95008 2952251 101897768
LOSS e3_5m_A_s1 7600 3.19416 2955109 102008066
LOSS e3_5m_A_s1 7610 3.02099 2960511 102173620
LOSS e3_5m_A_s1 7620 3.13445 2963105 102282735
LOSS e3_5m_A_s1 7630 3.23797 2967736 102445949
BPB e3_5m_A_s1_R2 c40486571932fb1e24111bdb0dcae80f42b555ce857bdc9789a7d01ea71bd6a4
LOSS e3_5m_A_s1_R2 7480 3.33404 2909554 100425277
LOSS e3_5m_A_s1_R2 7490 3.20633 2912831 100533510
LOSS e3_5m_A_s1_R2 7500 3.22657 2917203 100697500
LOSS e3_5m_A_s1_R2 7510 3.137 2920443 100805279
LOSS e3_5m_A_s1_R2 7520 3.34451 2926048 100970606
LOSS e3_5m_A_s1_R2 7530 3.08201 2928264 101079400
LOSS e3_5m_A_s1_R2 7540 3.22432 2932882 101241612
LOSS e3_5m_A_s1_R2 7550 3.31231 2936711 101351098
LOSS e3_5m_A_s1_R2 7560 3.24486 2940914 101515881
LOSS e3_5m_A_s1_R2 7570 3.16218 2944987 101624610
LOSS e3_5m_A_s1_R2 7580 3.13501 2949030 101789992
LOSS e3_5m_A_s1_R2 7590 2.94114 2952251 101897768
LOSS e3_5m_A_s1_R2 7600 3.19086 2955109 102008066
LOSS e3_5m_A_s1_R2 7610 3.02136 2960511 102173620
LOSS e3_5m_A_s1_R2 7620 3.13236 2963105 102282735
LOSS e3_5m_A_s1_R2 7630 3.23049 2967736 102445949
BPB e3_5m_A_s1_R3 5ea399c81d5c863306f6e97d5e50f7c34d1fb6fc02619cb63245d2a5a2adb42b
LOSS e3_5m_A_s1_R3 7480 3.33606 2909554 100425277
LOSS e3_5m_A_s1_R3 7490 3.20122 2912831 100533510
LOSS e3_5m_A_s1_R3 7500 3.21767 2917203 100697500
LOSS e3_5m_A_s1_R3 7510 3.13286 2920443 100805279
LOSS e3_5m_A_s1_R3 7520 3.33825 2926048 100970606
LOSS e3_5m_A_s1_R3 7530 3.08677 2928264 101079400
LOSS e3_5m_A_s1_R3 7540 3.21868 2932882 101241612
LOSS e3_5m_A_s1_R3 7550 3.31829 2936711 101351098
LOSS e3_5m_A_s1_R3 7560 3.24736 2940914 101515881
LOSS e3_5m_A_s1_R3 7570 3.16189 2944987 101624610
LOSS e3_5m_A_s1_R3 7580 3.13847 2949030 101789992
LOSS e3_5m_A_s1_R3 7590 2.936 2952251 101897768
LOSS e3_5m_A_s1_R3 7600 3.19076 2955109 102008066
LOSS e3_5m_A_s1_R3 7610 3.01782 2960511 102173620
LOSS e3_5m_A_s1_R3 7620 3.13033 2963105 102282735
LOSS e3_5m_A_s1_R3 7630 3.22997 2967736 102445949
BPB e3_5m_A_s2 b1a474e0d3d12c6dded60b62015f36da0cc508184f1e9d8de419040a3b9fd66c
LOSS e3_5m_A_s2 7480 3.08451 2909114 100409765
LOSS e3_5m_A_s2 7490 3.22538 2914167 100575636
LOSS e3_5m_A_s2 7500 3.08871 2916626 100685150
LOSS e3_5m_A_s2 7510 3.05418 2921511 100848353
LOSS e3_5m_A_s2 7520 3.18963 2924769 100959187
LOSS e3_5m_A_s2 7530 3.24631 2929421 101121994
LOSS e3_5m_A_s2 7540 3.18299 2932296 101230227
LOSS e3_5m_A_s2 7550 3.05715 2936711 101339119
LOSS e3_5m_A_s2 7560 3.30527 2940472 101503568
LOSS e3_5m_A_s2 7570 2.74484 2943824 101613306
LOSS e3_5m_A_s2 7580 3.14515 2948282 101775674
LOSS e3_5m_A_s2 7590 2.99772 2951834 101885578
LOSS e3_5m_A_s2 7600 3.28455 2956531 102048289
LOSS e3_5m_A_s2 7610 2.84427 2959401 102158212
LOSS e3_5m_A_s2 7620 2.94729 2964428 102322448
LOSS e3_5m_A_s2 7630 2.8933 2967599 102431453
BPB e3_5m_A_s3 e347be55a55cb8d0b94112b5b9700fe52089a05303245d7aee78568c2e761c86
LOSS e3_5m_A_s3 7480 3.14322 2908482 100404500
LOSS e3_5m_A_s3 7490 3.18148 2914167 100568081
LOSS e3_5m_A_s3 7500 2.89497 2916626 100676833
LOSS e3_5m_A_s3 7510 3.15015 2921511 100842476
LOSS e3_5m_A_s3 7520 3.17765 2924769 100950788
LOSS e3_5m_A_s3 7530 3.15807 2929088 101114077
LOSS e3_5m_A_s3 7540 3.35945 2932296 101223860
LOSS e3_5m_A_s3 7550 3.24639 2935457 101333297
LOSS e3_5m_A_s3 7560 3.02733 2940472 101496090
LOSS e3_5m_A_s3 7570 3.28834 2943509 101607286
LOSS e3_5m_A_s3 7580 3.00556 2948282 101770129
LOSS e3_5m_A_s3 7590 3.24803 2951834 101878850
LOSS e3_5m_A_s3 7600 3.08415 2956099 102042252
LOSS e3_5m_A_s3 7610 2.94737 2959401 102152319
LOSS e3_5m_A_s3 7620 3.29993 2964428 102315820
LOSS e3_5m_A_s3 7630 3.18624 2967599 102426259
BPB e3_5m_A_s4 07b002fe55afd6ecce08bb7185093072ed27db5cbe3f48a31137cfca9fd0cf62
LOSS e3_5m_A_s4 7480 3.0462 2909114 100413776
LOSS e3_5m_A_s4 7490 3.39364 2914167 100577476
LOSS e3_5m_A_s4 7500 3.35422 2917203 100686071
LOSS e3_5m_A_s4 7510 3.43014 2919961 100796008
LOSS e3_5m_A_s4 7520 3.00986 2924769 100958581
LOSS e3_5m_A_s4 7530 3.22555 2928264 101067313
LOSS e3_5m_A_s4 7540 3.02807 2932882 101233772
LOSS e3_5m_A_s4 7550 2.9863 2936711 101341854
LOSS e3_5m_A_s4 7560 3.58708 2940472 101506114
LOSS e3_5m_A_s4 7570 3.44792 2943824 101616079
LOSS e3_5m_A_s4 7580 2.89107 2948282 101778592
LOSS e3_5m_A_s4 7590 3.06167 2951834 101889440
LOSS e3_5m_A_s4 7600 3.09994 2956531 102051935
LOSS e3_5m_A_s4 7610 3.15577 2960511 102161434
LOSS e3_5m_A_s4 7620 3.12759 2964428 102326250
LOSS e3_5m_A_s4 7630 3.19082 2967599 102434720
BPB e3_5m_A_s5 63fb56ab96efa23a259b569ec9396fa5cd31160e94be41d71c8289d1702123c6
LOSS e3_5m_A_s5 7480 3.00365 2908341 100397946
LOSS e3_5m_A_s5 7490 3.20613 2914167 100561886
LOSS e3_5m_A_s5 7500 3.14197 2916626 100671720
LOSS e3_5m_A_s5 7510 3.57484 2921511 100835389
LOSS e3_5m_A_s5 7520 3.20058 2924283 100942999
LOSS e3_5m_A_s5 7530 3.42074 2929088 101107392
LOSS e3_5m_A_s5 7540 3.26865 2931913 101215518
LOSS e3_5m_A_s5 7550 3.08009 2937290 101379569
LOSS e3_5m_A_s5 7560 3.07683 2939835 101488556
LOSS e3_5m_A_s5 7570 3.19074 2944987 101651782
LOSS e3_5m_A_s5 7580 2.96108 2947929 101763274
LOSS e3_5m_A_s5 7590 3.02858 2951093 101872427
LOSS e3_5m_A_s5 7600 3.25713 2955809 102034794
LOSS e3_5m_A_s5 7610 3.30114 2959401 102145594
LOSS e3_5m_A_s5 7620 3.03975 2964039 102307532
LOSS e3_5m_A_s5 7630 3.04598 2966926 102417262
BPB e3_5m_A_s6 25d069bc9ae753b16658c30486cc06123c2c20c1a42772dd077aea2cf497a753
LOSS e3_5m_A_s6 7480 2.92496 2908341 100395435
LOSS e3_5m_A_s6 7490 3.19874 2912987 100558782
LOSS e3_5m_A_s6 7500 3.01798 2916127 100668623
LOSS e3_5m_A_s6 7510 3.12496 2921511 100830117
LOSS e3_5m_A_s6 7520 3.32353 2924283 100940777
LOSS e3_5m_A_s6 7530 2.97146 2928264 101051334
LOSS e3_5m_A_s6 7540 3.36073 2931913 101214948
LOSS e3_5m_A_s6 7550 3.36192 2935457 101322869
LOSS e3_5m_A_s6 7560 3.59359 2939835 101488156
LOSS e3_5m_A_s6 7570 3.27715 2943042 101597609
LOSS e3_5m_A_s6 7580 3.21002 2947929 101760521
LOSS e3_5m_A_s6 7590 3.22193 2951093 101869890
LOSS e3_5m_A_s6 7600 3.02662 2955809 102034496
LOSS e3_5m_A_s6 7610 3.19322 2959401 102144073
LOSS e3_5m_A_s6 7620 2.45011 2964039 102307188
LOSS e3_5m_A_s6 7630 3.29625 2966926 102417123
BPB e3_5m_A_s7 df54b67b1dd85ae68d857e165999655964189e38f0e2387b41a02b25d2a73bb4
LOSS e3_5m_A_s7 7480 3.01109 2909114 100407664
LOSS e3_5m_A_s7 7490 3.21982 2914167 100570431
LOSS e3_5m_A_s7 7500 3.20992 2916626 100678889
LOSS e3_5m_A_s7 7510 3.27912 2921511 100842738
LOSS e3_5m_A_s7 7520 3.21344 2924769 100953011
LOSS e3_5m_A_s7 7530 3.12865 2929421 101115717
LOSS e3_5m_A_s7 7540 3.13854 2932882 101225618
LOSS e3_5m_A_s7 7550 3.42241 2935457 101335094
LOSS e3_5m_A_s7 7560 3.22931 2940472 101498009
LOSS e3_5m_A_s7 7570 3.01327 2943509 101608854
LOSS e3_5m_A_s7 7580 3.50465 2948282 101771105
LOSS e3_5m_A_s7 7590 3.12888 2951834 101881414
LOSS e3_5m_A_s7 7600 3.27387 2956099 102046283
LOSS e3_5m_A_s7 7610 3.2332 2959401 102154071
LOSS e3_5m_A_s7 7620 2.99515 2964039 102317413
LOSS e3_5m_A_s7 7630 3.40752 2967599 102427399
BPB e3_5m_A_s8 2877bd9d605795de649e25a6ae76efde2e35a31fe7ca84c310a34058f19f765f
LOSS e3_5m_A_s8 7480 3.20762 2908341 100394260
LOSS e3_5m_A_s8 7490 3.14685 2914167 100557820
LOSS e3_5m_A_s8 7500 3.23935 2916626 100667225
LOSS e3_5m_A_s8 7510 3.31952 2920916 100829872
LOSS e3_5m_A_s8 7520 2.99566 2924283 100938823
LOSS e3_5m_A_s8 7530 3.21175 2929088 101103162
LOSS e3_5m_A_s8 7540 3.05336 2931913 101212400
LOSS e3_5m_A_s8 7550 3.03293 2936711 101375473
LOSS e3_5m_A_s8 7560 3.32574 2939835 101483577
LOSS e3_5m_A_s8 7570 3.21302 2944987 101649383
LOSS e3_5m_A_s8 7580 3.30461 2947929 101758564
LOSS e3_5m_A_s8 7590 2.87215 2950937 101867866
LOSS e3_5m_A_s8 7600 3.09145 2955809 102030041
LOSS e3_5m_A_s8 7610 2.7811 2959401 102140405
LOSS e3_5m_A_s8 7620 3.11429 2964039 102304464
LOSS e3_5m_A_s8 7630 3.17805 2966926 102412656
BPB e3_5m_B_s1 90bede14aaac8dc3f33dc6037fafb57be5e30117453f9a2d3e59266adc0fba6a
LOSS e3_5m_B_s1 7480 3.33297 2909554 100425277
LOSS e3_5m_B_s1 7490 3.20804 2912831 100533510
LOSS e3_5m_B_s1 7500 3.2105 2917203 100697500
LOSS e3_5m_B_s1 7510 3.13375 2920443 100805279
LOSS e3_5m_B_s1 7520 3.34017 2926048 100970606
LOSS e3_5m_B_s1 7530 3.09051 2928264 101079400
LOSS e3_5m_B_s1 7540 3.21864 2932882 101241612
LOSS e3_5m_B_s1 7550 3.30891 2936711 101351098
LOSS e3_5m_B_s1 7560 3.25642 2940914 101515881
LOSS e3_5m_B_s1 7570 3.15607 2944987 101624610
LOSS e3_5m_B_s1 7580 3.13782 2949030 101789992
LOSS e3_5m_B_s1 7590 2.94805 2952251 101897768
LOSS e3_5m_B_s1 7600 3.19489 2955109 102008066
LOSS e3_5m_B_s1 7610 3.01904 2960511 102173620
LOSS e3_5m_B_s1 7620 3.12568 2963105 102282735
LOSS e3_5m_B_s1 7630 3.23616 2967736 102445949
BPB e3_5m_B_s2 48fa3cf6ce240bb143d9827328498a0be19f39d4447180d7a0b9292c52120f82
LOSS e3_5m_B_s2 7480 3.09917 2909114 100409765
LOSS e3_5m_B_s2 7490 3.24567 2914167 100575636
LOSS e3_5m_B_s2 7500 3.10089 2916626 100685150
LOSS e3_5m_B_s2 7510 3.06504 2921511 100848353
LOSS e3_5m_B_s2 7520 3.19764 2924769 100959187
LOSS e3_5m_B_s2 7530 3.26269 2929421 101121994
LOSS e3_5m_B_s2 7540 3.1945 2932296 101230227
LOSS e3_5m_B_s2 7550 3.06336 2936711 101339119
LOSS e3_5m_B_s2 7560 3.31257 2940472 101503568
LOSS e3_5m_B_s2 7570 2.75133 2943824 101613306
LOSS e3_5m_B_s2 7580 3.15248 2948282 101775674
LOSS e3_5m_B_s2 7590 3.00884 2951834 101885578
LOSS e3_5m_B_s2 7600 3.30147 2956531 102048289
LOSS e3_5m_B_s2 7610 2.85564 2959401 102158212
LOSS e3_5m_B_s2 7620 2.96821 2964428 102322448
LOSS e3_5m_B_s2 7630 2.90847 2967599 102431453
BPB e3_5m_B_s3 4f439afdd2cc74ed1d388d0e3142d5dee7f9c91f002eb718088f68ca91fe6610
LOSS e3_5m_B_s3 7480 3.15625 2908482 100404500
LOSS e3_5m_B_s3 7490 3.20041 2914167 100568081
LOSS e3_5m_B_s3 7500 2.89627 2916626 100676833
LOSS e3_5m_B_s3 7510 3.16003 2921511 100842476
LOSS e3_5m_B_s3 7520 3.18432 2924769 100950788
LOSS e3_5m_B_s3 7530 3.17459 2929088 101114077
LOSS e3_5m_B_s3 7540 3.35622 2932296 101223860
LOSS e3_5m_B_s3 7550 3.25275 2935457 101333297
LOSS e3_5m_B_s3 7560 3.04318 2940472 101496090
LOSS e3_5m_B_s3 7570 3.30247 2943509 101607286
LOSS e3_5m_B_s3 7580 3.01065 2948282 101770129
LOSS e3_5m_B_s3 7590 3.2588 2951834 101878850
LOSS e3_5m_B_s3 7600 3.09706 2956099 102042252
LOSS e3_5m_B_s3 7610 2.95608 2959401 102152319
LOSS e3_5m_B_s3 7620 3.30951 2964428 102315820
LOSS e3_5m_B_s3 7630 3.19609 2967599 102426259
BPB e3_5m_B_s4 72030239c88aaee03e8a46dcf2f54c93fc4d1c1767adf776e753c9d9f8a8153d
LOSS e3_5m_B_s4 7480 3.05317 2909114 100413776
LOSS e3_5m_B_s4 7490 3.40108 2914167 100577476
LOSS e3_5m_B_s4 7500 3.35233 2917203 100686071
LOSS e3_5m_B_s4 7510 3.43417 2919961 100796008
LOSS e3_5m_B_s4 7520 3.01981 2924769 100958581
LOSS e3_5m_B_s4 7530 3.23281 2928264 101067313
LOSS e3_5m_B_s4 7540 3.03195 2932882 101233772
LOSS e3_5m_B_s4 7550 2.9924 2936711 101341854
LOSS e3_5m_B_s4 7560 3.59292 2940472 101506114
LOSS e3_5m_B_s4 7570 3.45408 2943824 101616079
LOSS e3_5m_B_s4 7580 2.89402 2948282 101778592
LOSS e3_5m_B_s4 7590 3.06519 2951834 101889440
LOSS e3_5m_B_s4 7600 3.10446 2956531 102051935
LOSS e3_5m_B_s4 7610 3.15454 2960511 102161434
LOSS e3_5m_B_s4 7620 3.13091 2964428 102326250
LOSS e3_5m_B_s4 7630 3.20172 2967599 102434720
BPB e3_5m_B_s5 02d8434436a54642dd1f6869d8ec980ad89380a8b25c39489a9c708b5b3330f1
LOSS e3_5m_B_s5 7480 3.00817 2908341 100397946
LOSS e3_5m_B_s5 7490 3.20835 2914167 100561886
LOSS e3_5m_B_s5 7500 3.15191 2916626 100671720
LOSS e3_5m_B_s5 7510 3.57891 2921511 100835389
LOSS e3_5m_B_s5 7520 3.19385 2924283 100942999
LOSS e3_5m_B_s5 7530 3.41275 2929088 101107392
LOSS e3_5m_B_s5 7540 3.27228 2931913 101215518
LOSS e3_5m_B_s5 7550 3.07724 2937290 101379569
LOSS e3_5m_B_s5 7560 3.08 2939835 101488556
LOSS e3_5m_B_s5 7570 3.19694 2944987 101651782
LOSS e3_5m_B_s5 7580 2.96885 2947929 101763274
LOSS e3_5m_B_s5 7590 3.04028 2951093 101872427
LOSS e3_5m_B_s5 7600 3.2714 2955809 102034794
LOSS e3_5m_B_s5 7610 3.31396 2959401 102145594
LOSS e3_5m_B_s5 7620 3.05169 2964039 102307532
LOSS e3_5m_B_s5 7630 3.0545 2966926 102417262
BPB e3_5m_B_s6 0e20a708ed78ff7c8e191e2eefa9b06a3db6d906ff95d38a3393704d155c93f7
LOSS e3_5m_B_s6 7480 2.9265 2908341 100395435
LOSS e3_5m_B_s6 7490 3.20134 2912987 100558782
LOSS e3_5m_B_s6 7500 3.02981 2916127 100668623
LOSS e3_5m_B_s6 7510 3.12909 2921511 100830117
LOSS e3_5m_B_s6 7520 3.33407 2924283 100940777
LOSS e3_5m_B_s6 7530 2.97706 2928264 101051334
LOSS e3_5m_B_s6 7540 3.37582 2931913 101214948
LOSS e3_5m_B_s6 7550 3.36916 2935457 101322869
LOSS e3_5m_B_s6 7560 3.58959 2939835 101488156
LOSS e3_5m_B_s6 7570 3.28342 2943042 101597609
LOSS e3_5m_B_s6 7580 3.22425 2947929 101760521
LOSS e3_5m_B_s6 7590 3.23086 2951093 101869890
LOSS e3_5m_B_s6 7600 3.039 2955809 102034496
LOSS e3_5m_B_s6 7610 3.20059 2959401 102144073
LOSS e3_5m_B_s6 7620 2.47428 2964039 102307188
LOSS e3_5m_B_s6 7630 3.29237 2966926 102417123
BPB e3_5m_B_s7 576e3badc4011b78b766068819b029695ef2fcfd586aaac9da635105a9454095
LOSS e3_5m_B_s7 7480 3.01263 2909114 100407664
LOSS e3_5m_B_s7 7490 3.22301 2914167 100570431
LOSS e3_5m_B_s7 7500 3.20609 2916626 100678889
LOSS e3_5m_B_s7 7510 3.28333 2921511 100842738
LOSS e3_5m_B_s7 7520 3.22227 2924769 100953011
LOSS e3_5m_B_s7 7530 3.13316 2929421 101115717
LOSS e3_5m_B_s7 7540 3.14167 2932882 101225618
LOSS e3_5m_B_s7 7550 3.4278 2935457 101335094
LOSS e3_5m_B_s7 7560 3.24352 2940472 101498009
LOSS e3_5m_B_s7 7570 3.02829 2943509 101608854
LOSS e3_5m_B_s7 7580 3.51339 2948282 101771105
LOSS e3_5m_B_s7 7590 3.14535 2951834 101881414
LOSS e3_5m_B_s7 7600 3.28665 2956099 102046283
LOSS e3_5m_B_s7 7610 3.24672 2959401 102154071
LOSS e3_5m_B_s7 7620 3.0125 2964039 102317413
LOSS e3_5m_B_s7 7630 3.41264 2967599 102427399
BPB e3_5m_B_s8 ce3977db7648de54596570f23c2a790c36ecb075731fde71458b2504a7528c72
LOSS e3_5m_B_s8 7480 3.2081 2908341 100394260
LOSS e3_5m_B_s8 7490 3.1564 2914167 100557820
LOSS e3_5m_B_s8 7500 3.24578 2916626 100667225
LOSS e3_5m_B_s8 7510 3.31827 2920916 100829872
LOSS e3_5m_B_s8 7520 2.99852 2924283 100938823
LOSS e3_5m_B_s8 7530 3.21097 2929088 101103162
LOSS e3_5m_B_s8 7540 3.04945 2931913 101212400
LOSS e3_5m_B_s8 7550 3.02742 2936711 101375473
LOSS e3_5m_B_s8 7560 3.33172 2939835 101483577
LOSS e3_5m_B_s8 7570 3.21217 2944987 101649383
LOSS e3_5m_B_s8 7580 3.30079 2947929 101758564
LOSS e3_5m_B_s8 7590 2.88369 2950937 101867866
LOSS e3_5m_B_s8 7600 3.106 2955809 102030041
LOSS e3_5m_B_s8 7610 2.79003 2959401 102140405
LOSS e3_5m_B_s8 7620 3.11976 2964039 102304464
LOSS e3_5m_B_s8 7630 3.19184 2966926 102412656
BPB 5m_e3_r1_b250M 00dcedae88204e300c2047d95f18f2dba3e817d10eba1817d3669998a7851051
LOSS 5m_e3_r1_b250M 7480 3.33766 2909554 100425277
LOSS 5m_e3_r1_b250M 7490 3.20814 2912831 100533510
LOSS 5m_e3_r1_b250M 7500 3.2255 2917203 100697500
LOSS 5m_e3_r1_b250M 7510 3.13447 2920443 100805279
LOSS 5m_e3_r1_b250M 7520 3.34469 2926048 100970606
LOSS 5m_e3_r1_b250M 7530 3.08979 2928264 101079400
LOSS 5m_e3_r1_b250M 7540 3.22321 2932882 101241612
LOSS 5m_e3_r1_b250M 7550 3.31046 2936711 101351098
LOSS 5m_e3_r1_b250M 7560 3.25092 2940914 101515881
LOSS 5m_e3_r1_b250M 7570 3.16215 2944987 101624610
LOSS 5m_e3_r1_b250M 7580 3.14224 2949030 101789992
LOSS 5m_e3_r1_b250M 7590 2.94558 2952251 101897768
LOSS 5m_e3_r1_b250M 7600 3.19638 2955109 102008066
LOSS 5m_e3_r1_b250M 7610 3.02323 2960511 102173620
LOSS 5m_e3_r1_b250M 7620 3.13553 2963105 102282735
LOSS 5m_e3_r1_b250M 7630 3.23338 2967736 102445949
