Loading weights:   0%|          | 0/272 [00:00<?, ?it/s]Loading weights: 100%|██████████| 272/272 [00:00<00:00, 8807.21it/s]
loaded ../weights/HuggingFaceTB__SmolLM2-135M-Instruct__s1 params=134.5M device=mps eos=[2] in 0.6s
[     7s] seed=None R_d2_name                  0/1 tok=513
[     9s] seed=None R_d2_name__ctrl            1/1 tok=61
[    12s] seed=None R_d2_number                1/1 tok=392
[    12s] seed=None R_d2_number__ctrl          1/1 tok=52
[    13s] seed=None R_d4_pet                   0/1 tok=205
[    15s] seed=None R_d4_pet__ctrl             1/1 tok=51
[    25s] seed=None R_d4_city                  1/1 tok=778
[    27s] seed=None R_d4_city__ctrl            1/1 tok=49
[    40s] seed=None R_d6_name                  0/1 tok=1060
[    42s] seed=None R_d6_name__ctrl            1/1 tok=49
[    54s] seed=None R_d6_number                0/1 tok=1061
[    56s] seed=None R_d6_number__ctrl          1/1 tok=57
[    57s] seed=None R_d10_pet                  1/1 tok=327
[    57s] seed=None R_d10_pet__ctrl            1/1 tok=49
[    65s] seed=None R_d5_multi                 1/3 tok=809
[    67s] seed=None R_d5_multi__ctrl           2/3 tok=68
[    67s] seed=None F_ellipsis_capital         2/2 tok=60
[    67s] seed=None F_ellipsis_capital__ctrl   1/1 tok=37
[    67s] seed=None F_translate                1/2 tok=67
[    67s] seed=None F_translate__ctrl          0/1 tok=41
[    70s] seed=None F_coref_she                0/1 tok=220
[    71s] seed=None F_coref_she__ctrl          0/1 tok=50
[    72s] seed=None F_whynot                   0/1 tok=61
[    72s] seed=None F_whynot__ctrl             0/1 tok=42
[    75s] seed=None F_shorter                  0/1 tok=216
[    75s] seed=None F_shorter__ctrl            1/1 tok=42
[    82s] seed=None I_one_sentence             0/3 tok=566
[    82s] seed=None I_one_sentence__ctrl       1/1 tok=40
[    82s] seed=None I_end_question             0/3 tok=120
[    84s] seed=None I_end_question__ctrl       0/1 tok=52
[    91s] seed=None I_caps                     0/3 tok=575
[    91s] seed=None I_caps__ctrl               0/1 tok=42
[    98s] seed=None I_persona                  1/5 tok=571
[   100s] seed=None I_persona__ctrl            1/2 tok=38
[   104s] seed=None K_day                      0/1 tok=412
[   106s] seed=None K_day__ctrl                1/1 tok=62
[   106s] seed=None K_time                     0/1 tok=134
[   108s] seed=None K_time__ctrl               1/1 tok=64
[   108s] seed=None K_color                    1/1 tok=143
[   110s] seed=None K_color__ctrl              1/1 tok=60
[   111s] seed=None O_second_item              0/1 tok=190
[   112s] seed=None O_last_item                0/1 tok=77
[   112s] seed=None O_add10                    0/2 tok=72
[   112s] seed=None O_add10__ctrl              0/1 tok=44
[   117s] seed=None RI_identity                1/2 tok=403
[   118s] seed=None RI_binding                 0/1 tok=108
[   119s] seed=None RI_binding__ctrl           1/1 tok=47
[   126s] seed=None T_party                    0/1 tok=600
[   128s] seed=None T_party__ctrl              0/1 tok=62
[   135s] seed=None T_dragon                   1/2 tok=606
[   137s] seed=None T_dragon__ctrl             2/2 tok=62
[   152s] seed=None L_tell_more                0/0 tok=1098
[   166s] seed=None L_chitchat                 0/1 tok=1138
done ../weights/HuggingFaceTB__SmolLM2-135M-Instruct__s1 in 166s -> ../transcripts/HuggingFaceTB__SmolLM2-135M-Instruct__s1__greedy.jsonl
