Loading weights:   0%|          | 0/272 [00:00<?, ?it/s]Loading weights: 100%|██████████| 272/272 [00:00<00:00, 8442.74it/s]
loaded ../weights/HuggingFaceTB__SmolLM2-135M-Instruct__s4 params=134.5M device=mps eos=[2] in 0.6s
[     7s] seed=None R_d2_name                  0/1 tok=515
[     8s] seed=None R_d2_name__ctrl            1/1 tok=61
[     8s] seed=None R_d2_number                0/1 tok=118
[     8s] seed=None R_d2_number__ctrl          1/1 tok=52
[     9s] seed=None R_d4_pet                   1/1 tok=169
[     9s] seed=None R_d4_pet__ctrl             1/1 tok=51
[    10s] seed=None R_d4_city                  1/1 tok=185
[    10s] seed=None R_d4_city__ctrl            1/1 tok=49
[    12s] seed=None R_d6_name                  0/1 tok=335
[    14s] seed=None R_d6_name__ctrl            1/1 tok=49
[    14s] seed=None R_d6_number                0/1 tok=237
[    15s] seed=None R_d6_number__ctrl          1/1 tok=57
[    16s] seed=None R_d10_pet                  1/1 tok=319
[    16s] seed=None R_d10_pet__ctrl            1/1 tok=49
[    17s] seed=None R_d5_multi                 1/3 tok=211
[    18s] seed=None R_d5_multi__ctrl           1/3 tok=68
[    18s] seed=None F_ellipsis_capital         2/2 tok=60
[    18s] seed=None F_ellipsis_capital__ctrl   1/1 tok=37
[    19s] seed=None F_translate                1/2 tok=70
[    19s] seed=None F_translate__ctrl          0/1 tok=41
[    19s] seed=None F_coref_she                0/1 tok=66
[    19s] seed=None F_coref_she__ctrl          0/1 tok=50
[    19s] seed=None F_whynot                   0/1 tok=65
[    20s] seed=None F_whynot__ctrl             0/1 tok=42
[    20s] seed=None F_shorter                  0/1 tok=70
[    20s] seed=None F_shorter__ctrl            1/1 tok=42
[    20s] seed=None I_one_sentence             2/3 tok=111
[    21s] seed=None I_one_sentence__ctrl       1/1 tok=40
[    21s] seed=None I_end_question             0/3 tok=120
[    23s] seed=None I_end_question__ctrl       0/1 tok=52
[    30s] seed=None I_caps                     0/3 tok=578
[    30s] seed=None I_caps__ctrl               0/1 tok=42
[    37s] seed=None I_persona                  0/5 tok=572
[    37s] seed=None I_persona__ctrl            1/2 tok=38
[    37s] seed=None K_day                      1/1 tok=122
[    39s] seed=None K_day__ctrl                1/1 tok=62
[    40s] seed=None K_time                     1/1 tok=129
[    40s] seed=None K_time__ctrl               1/1 tok=64
[    40s] seed=None K_color                    1/1 tok=118
[    40s] seed=None K_color__ctrl              1/1 tok=60
[    40s] seed=None O_second_item              0/1 tok=75
[    41s] seed=None O_last_item                0/1 tok=72
[    41s] seed=None O_add10                    0/2 tok=64
[    41s] seed=None O_add10__ctrl              0/1 tok=44
[    41s] seed=None RI_identity                1/2 tok=97
[    42s] seed=None RI_binding                 1/1 tok=95
[    42s] seed=None RI_binding__ctrl           1/1 tok=47
[    42s] seed=None T_party                    0/1 tok=143
[    42s] seed=None T_party__ctrl              0/1 tok=62
[    43s] seed=None T_dragon                   1/2 tok=150
[    45s] seed=None T_dragon__ctrl             1/2 tok=62
[    45s] seed=None L_tell_more                0/0 tok=175
[    46s] seed=None L_chitchat                 0/1 tok=201
done ../weights/HuggingFaceTB__SmolLM2-135M-Instruct__s4 in 46s -> ../transcripts/HuggingFaceTB__SmolLM2-135M-Instruct__s4__greedy.jsonl
