Loading weights:   0%|          | 0/272 [00:00<?, ?it/s]Loading weights: 100%|██████████| 272/272 [00:00<00:00, 9880.49it/s]
loaded ../weights/HuggingFaceTB__SmolLM2-135M-Instruct__s3 params=134.5M device=mps eos=[2] in 0.6s
[     7s] seed=None R_d2_name                  0/1 tok=511
[     9s] seed=None R_d2_name__ctrl            1/1 tok=61
[     9s] seed=None R_d2_number                0/1 tok=124
[     9s] seed=None R_d2_number__ctrl          1/1 tok=52
[    10s] seed=None R_d4_pet                   1/1 tok=187
[    10s] seed=None R_d4_pet__ctrl             1/1 tok=51
[    11s] seed=None R_d4_city                  1/1 tok=178
[    11s] seed=None R_d4_city__ctrl            1/1 tok=49
[    25s] seed=None R_d6_name                  0/1 tok=1052
[    26s] seed=None R_d6_name__ctrl            1/1 tok=49
[    39s] seed=None R_d6_number                0/1 tok=1055
[    40s] seed=None R_d6_number__ctrl          1/1 tok=57
[    42s] seed=None R_d10_pet                  1/1 tok=330
[    42s] seed=None R_d10_pet__ctrl            1/1 tok=49
[    43s] seed=None R_d5_multi                 1/3 tok=228
[    44s] seed=None R_d5_multi__ctrl           1/3 tok=68
[    45s] seed=None F_ellipsis_capital         2/2 tok=60
[    45s] seed=None F_ellipsis_capital__ctrl   1/1 tok=37
[    45s] seed=None F_translate                1/2 tok=71
[    45s] seed=None F_translate__ctrl          0/1 tok=41
[    49s] seed=None F_coref_she                0/1 tok=221
[    50s] seed=None F_coref_she__ctrl          0/1 tok=50
[    51s] seed=None F_whynot                   0/1 tok=86
[    52s] seed=None F_whynot__ctrl             0/1 tok=42
[    53s] seed=None F_shorter                  1/1 tok=120
[    54s] seed=None F_shorter__ctrl            1/1 tok=42
[    54s] seed=None I_one_sentence             2/3 tok=128
[    54s] seed=None I_one_sentence__ctrl       1/1 tok=40
[    56s] seed=None I_end_question             0/3 tok=121
[    56s] seed=None I_end_question__ctrl       0/1 tok=52
[    63s] seed=None I_caps                     0/3 tok=578
[    63s] seed=None I_caps__ctrl               0/1 tok=42
[    70s] seed=None I_persona                  1/5 tok=568
[    71s] seed=None I_persona__ctrl            1/2 tok=38
[    76s] seed=None K_day                      1/1 tok=393
[    77s] seed=None K_day__ctrl                1/1 tok=62
[    78s] seed=None K_time                     0/1 tok=133
[    78s] seed=None K_time__ctrl               1/1 tok=64
[    79s] seed=None K_color                    1/1 tok=133
[    80s] seed=None K_color__ctrl              1/1 tok=60
[    80s] seed=None O_second_item              0/1 tok=75
[    81s] seed=None O_last_item                0/1 tok=73
[    84s] seed=None O_add10                    0/2 tok=216
[    85s] seed=None O_add10__ctrl              0/1 tok=44
[    85s] seed=None RI_identity                1/2 tok=115
[    86s] seed=None RI_binding                 1/1 tok=100
[    86s] seed=None RI_binding__ctrl           1/1 tok=47
[    93s] seed=None T_party                    0/1 tok=597
[    94s] seed=None T_party__ctrl              0/1 tok=62
[    95s] seed=None T_dragon                   1/2 tok=184
[    97s] seed=None T_dragon__ctrl             1/2 tok=62
[   113s] seed=None L_tell_more                0/0 tok=1100
[   128s] seed=None L_chitchat                 0/1 tok=1144
done ../weights/HuggingFaceTB__SmolLM2-135M-Instruct__s3 in 128s -> ../transcripts/HuggingFaceTB__SmolLM2-135M-Instruct__s3__greedy.jsonl
