Loading weights:   0%|          | 0/272 [00:00<?, ?it/s]Loading weights: 100%|██████████| 272/272 [00:00<00:00, 6490.85it/s]
loaded ../weights/HuggingFaceTB__SmolLM2-135M-Instruct__s5 params=134.5M device=mps eos=[2] in 0.6s
[     9s] seed=None R_d2_name                  1/1 tok=515
[    10s] seed=None R_d2_name__ctrl            1/1 tok=61
[    10s] seed=None R_d2_number                1/1 tok=134
[    11s] seed=None R_d2_number__ctrl          1/1 tok=52
[    12s] seed=None R_d4_pet                   1/1 tok=179
[    12s] seed=None R_d4_pet__ctrl             1/1 tok=51
[    13s] seed=None R_d4_city                  1/1 tok=188
[    13s] seed=None R_d4_city__ctrl            1/1 tok=49
[    14s] seed=None R_d6_name                  0/1 tok=229
[    17s] seed=None R_d6_name__ctrl            1/1 tok=49
[    34s] seed=None R_d6_number                0/1 tok=1054
[    38s] seed=None R_d6_number__ctrl          1/1 tok=57
[    40s] seed=None R_d10_pet                  1/1 tok=333
[    41s] seed=None R_d10_pet__ctrl            1/1 tok=49
[    42s] seed=None R_d5_multi                 0/3 tok=231
[    46s] seed=None R_d5_multi__ctrl           1/3 tok=68
[    46s] seed=None F_ellipsis_capital         2/2 tok=60
[    46s] seed=None F_ellipsis_capital__ctrl   1/1 tok=37
[    47s] seed=None F_translate                1/2 tok=76
[    47s] seed=None F_translate__ctrl          0/1 tok=41
[    54s] seed=None F_coref_she                0/1 tok=221
[    58s] seed=None F_coref_she__ctrl          0/1 tok=50
[    59s] seed=None F_whynot                   0/1 tok=85
[    62s] seed=None F_whynot__ctrl             0/1 tok=42
[    68s] seed=None F_shorter                  0/1 tok=216
[    69s] seed=None F_shorter__ctrl            1/1 tok=42
[    78s] seed=None I_one_sentence             1/3 tok=414
[    79s] seed=None I_one_sentence__ctrl       0/1 tok=40
[    91s] seed=None I_end_question             0/3 tok=581
[    92s] seed=None I_end_question__ctrl       0/1 tok=52
[    92s] seed=None I_caps                     0/3 tok=116
[    92s] seed=None I_caps__ctrl               0/1 tok=42
[   103s] seed=None I_persona                  0/5 tok=568
[   103s] seed=None I_persona__ctrl            0/2 tok=38
[   111s] seed=None K_day                      1/1 tok=402
[   113s] seed=None K_day__ctrl                1/1 tok=62
[   117s] seed=None K_time                     0/1 tok=427
[   117s] seed=None K_time__ctrl               1/1 tok=64
[   117s] seed=None K_color                    1/1 tok=130
[   118s] seed=None K_color__ctrl              1/1 tok=60
[   119s] seed=None O_second_item              0/1 tok=190
[   119s] seed=None O_last_item                0/1 tok=72
[   121s] seed=None O_add10                    0/2 tok=216
[   123s] seed=None O_add10__ctrl              0/1 tok=44
[   129s] seed=None RI_identity                1/2 tok=399
[   130s] seed=None RI_binding                 1/1 tok=112
[   132s] seed=None RI_binding__ctrl           1/1 tok=47
[   133s] seed=None T_party                    0/1 tok=183
[   134s] seed=None T_party__ctrl              0/1 tok=62
[   135s] seed=None T_dragon                   1/2 tok=162
[   137s] seed=None T_dragon__ctrl             1/2 tok=62
[   152s] seed=None L_tell_more                0/0 tok=1107
[   166s] seed=None L_chitchat                 0/1 tok=1146
done ../weights/HuggingFaceTB__SmolLM2-135M-Instruct__s5 in 166s -> ../transcripts/HuggingFaceTB__SmolLM2-135M-Instruct__s5__greedy.jsonl
