Loading weights:   0%|          | 0/272 [00:00<?, ?it/s]Loading weights: 100%|██████████| 272/272 [00:00<00:00, 8089.42it/s]
loaded ../weights/HuggingFaceTB__SmolLM2-135M-Instruct__s2 params=134.5M device=mps eos=[2] in 0.6s
[     2s] seed=None R_d2_name                  0/1 tok=162
[     2s] seed=None R_d2_name__ctrl            1/1 tok=61
[     2s] seed=None R_d2_number                1/1 tok=117
[     3s] seed=None R_d2_number__ctrl          0/1 tok=52
[     3s] seed=None R_d4_pet                   0/1 tok=170
[     3s] seed=None R_d4_pet__ctrl             1/1 tok=51
[     4s] seed=None R_d4_city                  1/1 tok=185
[     4s] seed=None R_d4_city__ctrl            1/1 tok=49
[     5s] seed=None R_d6_name                  1/1 tok=238
[     5s] seed=None R_d6_name__ctrl            1/1 tok=49
[     7s] seed=None R_d6_number                1/1 tok=257
[     7s] seed=None R_d6_number__ctrl          1/1 tok=57
[     8s] seed=None R_d10_pet                  1/1 tok=321
[     8s] seed=None R_d10_pet__ctrl            1/1 tok=49
[     9s] seed=None R_d5_multi                 1/3 tok=220
[    10s] seed=None R_d5_multi__ctrl           1/3 tok=68
[    11s] seed=None F_ellipsis_capital         2/2 tok=60
[    11s] seed=None F_ellipsis_capital__ctrl   1/1 tok=37
[    11s] seed=None F_translate                1/2 tok=74
[    11s] seed=None F_translate__ctrl          0/1 tok=41
[    11s] seed=None F_coref_she                0/1 tok=83
[    12s] seed=None F_coref_she__ctrl          0/1 tok=50
[    15s] seed=None F_whynot                   0/1 tok=215
[    17s] seed=None F_whynot__ctrl             0/1 tok=42
[    17s] seed=None F_shorter                  1/1 tok=98
[    17s] seed=None F_shorter__ctrl            1/1 tok=42
[    24s] seed=None I_one_sentence             0/3 tok=567
[    25s] seed=None I_one_sentence__ctrl       1/1 tok=40
[    25s] seed=None I_end_question             0/3 tok=119
[    27s] seed=None I_end_question__ctrl       0/1 tok=52
[    34s] seed=None I_caps                     0/3 tok=575
[    34s] seed=None I_caps__ctrl               0/1 tok=42
[    41s] seed=None I_persona                  0/5 tok=572
[    41s] seed=None I_persona__ctrl            1/2 tok=38
[    41s] seed=None K_day                      1/1 tok=122
[    41s] seed=None K_day__ctrl                1/1 tok=62
[    42s] seed=None K_time                     1/1 tok=129
[    42s] seed=None K_time__ctrl               1/1 tok=64
[    42s] seed=None K_color                    1/1 tok=118
[    44s] seed=None K_color__ctrl              1/1 tok=60
[    44s] seed=None O_second_item              0/1 tok=75
[    45s] seed=None O_last_item                0/1 tok=78
[    45s] seed=None O_add10                    0/2 tok=64
[    45s] seed=None O_add10__ctrl              0/1 tok=44
[    45s] seed=None RI_identity                1/2 tok=117
[    46s] seed=None RI_binding                 1/1 tok=100
[    48s] seed=None RI_binding__ctrl           1/1 tok=47
[    48s] seed=None T_party                    0/1 tok=151
[    48s] seed=None T_party__ctrl              0/1 tok=62
[    49s] seed=None T_dragon                   1/2 tok=173
[    49s] seed=None T_dragon__ctrl             2/2 tok=62
[    64s] seed=None L_tell_more                0/0 tok=1108
[    65s] seed=None L_chitchat                 0/1 tok=202
done ../weights/HuggingFaceTB__SmolLM2-135M-Instruct__s2 in 65s -> ../transcripts/HuggingFaceTB__SmolLM2-135M-Instruct__s2__greedy.jsonl
