16:18:42 start free=73% swap=5719MB cmd=/Users/brohm/Documents/Projects/video-editor/.venv/bin/python -B e005_ft_test.py HuggingFaceTB/SmolLM2-135M-Instruct --bs 4 --accum 4 --max-len 768 --grad-ckpt --seed 3 --lr 1.5e-04 --sets eval,cont,know --chat --save 1 --tag s3
16:19:14 t=   32s active=   32s free=68% swap=5527MB rss=942MB
16:19:44 t=   62s active=   62s free=72% swap=5511MB rss=1103MB
16:20:15 t=   93s active=   93s free=68% swap=5495MB rss=1318MB
16:20:45 t=  123s active=  123s free=68% swap=5471MB rss=1501MB
16:21:16 t=  154s active=  154s free=69% swap=5439MB rss=1666MB
16:21:47 t=  184s active=  184s free=69% swap=5431MB rss=1831MB
16:22:17 t=  215s active=  215s free=73% swap=5399MB rss=2003MB
16:22:48 t=  245s active=  245s free=69% swap=5351MB rss=2092MB
16:23:18 t=  276s active=  276s free=63% swap=5351MB rss=2243MB
16:23:49 t=  306s active=  306s free=74% swap=5335MB rss=2369MB
16:24:19 t=  337s active=  337s free=69% swap=5239MB rss=2490MB
16:24:50 t=  368s active=  368s free=73% swap=5207MB rss=2590MB
16:25:21 t=  398s active=  398s free=78% swap=5207MB rss=2433MB
16:25:51 t=  429s active=  429s free=78% swap=5207MB rss=2433MB
16:26:22 t=  460s active=  460s free=65% swap=5191MB rss=2435MB
16:26:53 t=  490s active=  490s free=65% swap=5183MB rss=2435MB
16:27:23 t=  521s active=  521s free=65% swap=5183MB rss=2435MB
16:27:54 t=  552s active=  551s free=65% swap=5175MB rss=2436MB
16:28:25 t=  582s active=  582s free=64% swap=5167MB rss=2436MB
16:28:55 t=  613s active=  613s free=64% swap=5143MB rss=2436MB
16:29:26 t=  644s active=  644s free=65% swap=5135MB rss=2436MB
16:29:57 t=  674s active=  674s free=65% swap=5127MB rss=2437MB
16:30:27 t=  705s active=  705s free=65% swap=5127MB rss=2437MB
16:30:58 t=  736s active=  736s free=65% swap=5111MB rss=2437MB
16:31:29 t=  766s active=  766s free=64% swap=5111MB rss=2437MB
16:31:59 t=  797s active=  797s free=78% swap=5111MB rss=2466MB
16:32:30 t=  827s active=  827s free=78% swap=5087MB rss=2466MB
16:33:01 t=  858s active=  858s free=64% swap=5087MB rss=2466MB
16:33:31 t=  889s active=  889s free=65% swap=5087MB rss=2466MB
16:34:02 t=  919s active=  919s free=64% swap=4839MB rss=2467MB
16:34:32 t=  950s active=  950s free=64% swap=4815MB rss=2467MB
16:35:03 t=  981s active=  981s free=64% swap=4799MB rss=2467MB
16:35:34 t= 1011s active= 1011s free=64% swap=4663MB rss=2077MB
16:36:04 t= 1042s active= 1042s free=64% swap=4663MB rss=2121MB
16:36:35 t= 1073s active= 1073s free=64% swap=4663MB rss=2145MB
16:37:06 t= 1103s active= 1103s free=64% swap=4647MB rss=2168MB
16:37:36 t= 1134s active= 1134s free=64% swap=4647MB rss=2254MB
16:38:07 t= 1165s active= 1165s free=64% swap=4647MB rss=2309MB
16:38:38 t= 1195s active= 1195s free=75% swap=4639MB rss=2296MB
16:39:08 t= 1226s active= 1226s free=69% swap=4543MB rss=2296MB
16:39:39 t= 1257s active= 1257s free=65% swap=4329MB rss=2297MB
16:40:10 t= 1287s active= 1287s free=61% swap=4329MB rss=2298MB
16:40:40 t= 1318s active= 1318s free=60% swap=4329MB rss=2299MB
16:41:11 t= 1349s active= 1349s free=61% swap=4313MB rss=2302MB
16:41:42 t= 1379s active= 1379s free=56% swap=4313MB rss=2294MB
16:42:13 t= 1410s active= 1410s free=57% swap=4305MB rss=2296MB
16:42:43 t= 1441s active= 1441s free=57% swap=4305MB rss=2300MB
16:43:14 t= 1471s active= 1471s free=59% swap=4305MB rss=2302MB
16:43:45 t= 1502s active= 1502s free=59% swap=4305MB rss=2304MB
16:44:15 t= 1533s active= 1533s free=60% swap=4305MB rss=2305MB
16:44:46 t= 1563s active= 1563s free=56% swap=4289MB rss=2297MB
16:45:17 t= 1594s active= 1594s free=57% swap=4289MB rss=2308MB
16:45:47 t= 1625s active= 1625s free=70% swap=4289MB rss=2331MB
16:46:18 t= 1656s active= 1656s free=68% swap=4289MB rss=2331MB
16:46:49 t= 1686s active= 1686s free=72% swap=4281MB rss=2331MB
16:47:19 t= 1717s active= 1717s free=60% swap=4281MB rss=2331MB
16:47:50 t= 1748s active= 1748s free=59% swap=4281MB rss=2281MB
16:48:21 t= 1778s active= 1778s free=60% swap=4273MB rss=2281MB
16:48:51 t= 1809s active= 1809s free=61% swap=4257MB rss=2281MB
16:49:22 t= 1840s active= 1840s free=61% swap=4257MB rss=2282MB
16:49:53 t= 1870s active= 1870s free=61% swap=4249MB rss=2283MB
16:50:23 t= 1901s active= 1901s free=60% swap=4249MB rss=1837MB
16:50:54 t= 1932s active= 1932s free=59% swap=4249MB rss=1872MB
16:51:25 t= 1962s active= 1962s free=60% swap=4249MB rss=1900MB
16:51:55 t= 1993s active= 1993s free=60% swap=4249MB rss=1947MB
16:52:26 t= 2024s active= 2024s free=60% swap=4249MB rss=2016MB
16:52:57 t= 2054s active= 2054s free=60% swap=4249MB rss=2076MB
16:53:27 t= 2085s active= 2085s free=58% swap=4249MB rss=1718MB
16:53:58 t= 2116s active= 2116s free=59% swap=4249MB rss=1776MB
16:54:29 t= 2146s active= 2146s free=59% swap=4233MB rss=1829MB
16:54:59 t= 2177s active= 2177s free=59% swap=4225MB rss=1904MB
16:55:30 t= 2208s active= 2208s free=73% swap=4225MB rss=2329MB
16:56:01 t= 2238s active= 2238s free=68% swap=4225MB rss=2329MB
16:56:31 t= 2269s active= 2269s free=73% swap=4225MB rss=2329MB
16:57:02 t= 2300s active= 2300s free=59% swap=4225MB rss=2328MB
16:57:33 t= 2330s active= 2330s free=60% swap=4225MB rss=2329MB
16:58:04 t= 2361s active= 2361s free=60% swap=4217MB rss=2329MB
16:58:34 t= 2392s active= 2392s free=60% swap=4217MB rss=2330MB
16:59:05 t= 2422s active= 2422s free=60% swap=4209MB rss=2330MB
16:59:36 t= 2453s active= 2453s free=55% swap=4209MB rss=2321MB
17:00:06 t= 2484s active= 2484s free=59% swap=4209MB rss=2323MB
17:00:37 t= 2515s active= 2515s free=59% swap=4209MB rss=2325MB
17:01:08 t= 2545s active= 2545s free=57% swap=4177MB rss=2327MB
17:01:38 t= 2576s active= 2576s free=66% swap=4177MB rss=2331MB
17:02:09 t= 2606s active= 2606s free=66% swap=4153MB rss=2332MB
17:02:39 t= 2637s active= 2637s free=52% swap=3945MB rss=394MB
17:03:10 t= 2668s active= 2668s free=48% swap=3857MB rss=712MB
17:03:40 t= 2698s active= 2698s free=49% swap=3857MB rss=826MB
17:04:11 t= 2729s active= 2729s free=55% swap=3849MB rss=929MB
17:04:42 t= 2759s active= 2759s free=63% swap=3849MB rss=1009MB
17:05:12 t= 2790s active= 2790s free=58% swap=3849MB rss=1129MB
17:05:43 t= 2820s active= 2820s free=69% swap=3793MB rss=2209MB
17:06:13 t= 2851s active= 2851s free=65% swap=3793MB rss=2209MB
17:06:44 t= 2881s active= 2881s free=56% swap=3793MB rss=2211MB
17:07:14 t= 2912s active= 2912s free=59% swap=3793MB rss=2215MB
17:07:45 t= 2942s active= 2942s free=59% swap=3793MB rss=2218MB
17:08:15 t= 2973s active= 2973s free=59% swap=3793MB rss=2220MB
17:08:46 t= 3003s active= 3003s free=58% swap=3793MB rss=2167MB
17:09:16 t= 3034s active= 3034s free=59% swap=3777MB rss=2173MB
17:09:47 t= 3065s active= 3065s free=58% swap=3777MB rss=2182MB
17:10:17 t= 3095s active= 3095s free=58% swap=3689MB rss=2190MB
17:10:48 t= 3126s active= 3126s free=58% swap=3689MB rss=2198MB
17:11:19 t= 3156s active= 3156s free=55% swap=3689MB rss=2115MB
17:11:49 t= 3187s active= 3187s free=57% swap=3689MB rss=1955MB
17:12:20 t= 3217s active= 3217s free=67% swap=3689MB rss=2204MB
17:12:50 t= 3248s active= 3248s free=71% swap=3689MB rss=2204MB
17:13:21 t= 3278s active= 3278s free=58% swap=3673MB rss=2207MB
17:13:51 t= 3309s active= 3309s free=59% swap=3673MB rss=2209MB
17:14:22 t= 3339s active= 3339s free=44% swap=3673MB rss=1069MB
17:14:52 t= 3370s active= 3370s free=45% swap=3673MB rss=1367MB
17:15:23 t= 3400s active= 3400s free=46% swap=3673MB rss=1473MB
17:15:53 t= 3431s active= 3431s free=46% swap=3673MB rss=1599MB
17:16:24 t= 3462s active= 3462s free=50% swap=3673MB rss=1690MB
17:16:54 t= 3492s active= 3492s free=55% swap=3673MB rss=1771MB
17:17:25 t= 3523s active= 3523s free=49% swap=3673MB rss=1748MB
17:17:56 t= 3553s active= 3553s free=52% swap=3673MB rss=1691MB
17:18:26 t= 3584s active= 3584s free=54% swap=3673MB rss=1765MB
17:18:57 t= 3614s active= 3614s free=69% swap=3665MB rss=2115MB
17:19:27 t= 3645s active= 3645s free=69% swap=3665MB rss=2115MB
17:19:58 t= 3675s active= 3675s free=69% swap=3665MB rss=2129MB
17:20:28 t= 3706s active= 3706s free=70% swap=3665MB rss=2130MB
17:20:59 t= 3736s active= 3736s free=71% swap=3665MB rss=2130MB
17:21:29 t= 3767s active= 3767s free=70% swap=3665MB rss=2131MB
17:22:00 t= 3797s active= 3797s free=66% swap=3625MB rss=2131MB
17:22:30 t= 3828s active= 3828s free=67% swap=3625MB rss=2132MB
17:23:01 t= 3858s active= 3858s free=72% swap=3617MB rss=2132MB
17:23:31 t= 3889s active= 3889s free=71% swap=3617MB rss=2133MB
17:24:02 t= 3919s active= 3919s free=71% swap=3617MB rss=2135MB
17:24:32 t= 3950s active= 3950s free=71% swap=3617MB rss=2136MB
17:25:03 t= 3980s active= 3980s free=71% swap=3617MB rss=2136MB
17:25:33 t= 4011s active= 4011s free=71% swap=3617MB rss=2138MB
17:26:04 t= 4041s active= 4041s free=66% swap=3577MB rss=1642MB
17:26:34 t= 4072s active= 4072s free=66% swap=3545MB rss=1641MB
17:27:05 t= 4102s active= 4102s free=69% swap=3529MB rss=1626MB
17:27:35 t= 4133s active= 4133s free=69% swap=3529MB rss=1631MB
17:28:06 t= 4163s active= 4163s free=64% swap=3529MB rss=1631MB
17:28:36 t= 4194s active= 4194s free=69% swap=3505MB rss=1388MB
17:29:07 t= 4224s active= 4224s free=75% swap=3497MB rss=1390MB
17:29:37 t= 4255s active= 4255s free=74% swap=3497MB rss=1391MB
17:30:08 t= 4286s active= 4286s free=75% swap=3497MB rss=1391MB
17:30:38 t= 4316s active= 4316s free=74% swap=3497MB rss=1392MB
17:31:09 t= 4347s active= 4347s free=75% swap=3497MB rss=1393MB
17:31:39 t= 4377s active= 4377s free=74% swap=3497MB rss=1393MB
17:32:10 t= 4408s active= 4408s free=75% swap=3497MB rss=1396MB
17:32:41 t= 4438s active= 4438s free=75% swap=3457MB rss=1397MB
17:33:11 t= 4469s active= 4469s free=75% swap=3441MB rss=1398MB
17:33:42 t= 4500s active= 4500s free=75% swap=3441MB rss=1399MB
17:34:13 t= 4530s active= 4530s free=75% swap=3441MB rss=1399MB
17:34:43 t= 4561s active= 4561s free=71% swap=3433MB rss=1320MB
17:35:14 t= 4592s active= 4592s free=75% swap=3433MB rss=1296MB
17:35:45 t= 4622s active= 4622s free=74% swap=3433MB rss=1296MB
17:36:15 t= 4653s active= 4653s free=75% swap=3433MB rss=1297MB
17:36:46 t= 4684s active= 4684s free=74% swap=3433MB rss=1005MB
17:37:17 t= 4714s active= 4714s free=74% swap=3433MB rss=1005MB
17:37:47 t= 4745s active= 4745s free=74% swap=3433MB rss=1006MB
17:38:18 t= 4776s active= 4776s free=74% swap=3409MB rss=1006MB
17:38:49 t= 4806s active= 4806s free=75% swap=3409MB rss=1006MB
17:39:19 t= 4837s active= 4837s free=70% swap=3257MB rss=1008MB
17:39:50 t= 4868s active= 4868s free=75% swap=3241MB rss=1009MB
17:40:21 t= 4898s active= 4898s free=75% swap=3241MB rss=1009MB
17:40:51 t= 4929s active= 4929s free=70% swap=3241MB rss=689MB
17:41:22 t= 4960s active= 4960s free=68% swap=3241MB rss=692MB
17:41:53 t= 4990s active= 4990s free=68% swap=3241MB rss=693MB
17:42:23 t= 5021s active= 5021s free=69% swap=3241MB rss=688MB
17:42:54 t= 5052s active= 5052s free=69% swap=3241MB rss=689MB
17:43:25 t= 5082s active= 5082s free=69% swap=3241MB rss=619MB
17:43:55 t= 5113s active= 5113s free=56% swap=3241MB rss=436MB
17:44:26 t= 5143s active= 5143s free=64% swap=3241MB rss=440MB
17:44:57 t= 5174s active= 5174s free=59% swap=3241MB rss=440MB
17:45:02 end exit=0 killed=None active=5179s paused=0s pauses=0 min_free=37% max_swap=5719MB peak_rss=2644MB
