Loading weights:   0%|          | 0/272 [00:00<?, ?it/s]Loading weights: 100%|██████████| 272/272 [00:00<00:00, 3275.18it/s]
loaded HuggingFaceTB/SmolLM2-135M-Instruct params=134,515,008 sanity_nll=1.9598 1.7s mps_alloc=0.50G driver=1.06G peak_driver=1.06G
loss self-check [first] hf=3.40819 answer_only=3.40819
loss self-check [plain] hf=3.33545 answer_only=3.33545
loss self-check [chat] hf=3.35995 answer_only=3.35995
probe step 0 {'step': 0, 'H1': 0.0, 'H2': 0.0, 'H3': 0.0625, 'H4': 0.125, 'H5': 0.125, 'H6': 0.1875, 'H7': 0.1875, 'C_noupd': 0.3125, 'C_twoslot': 0.1875} mps_alloc=0.50G driver=2.06G peak_driver=2.06G
step 0 loss 3.2477 gnorm 9.40 lr 1.50e-05 6s mps_alloc=1.82G driver=4.16G peak_driver=4.16G
step 10 loss 1.6070 gnorm 5.84 lr 8.98e-05 76s mps_alloc=1.82G driver=5.16G peak_driver=5.16G
step 20 loss 0.8497 gnorm 5.10 lr 1.49e-04 147s mps_alloc=1.82G driver=5.16G peak_driver=5.16G
step 30 loss 0.7384 gnorm 3.80 lr 1.48e-04 215s mps_alloc=1.82G driver=5.17G peak_driver=5.17G
step 40 loss 0.6182 gnorm 3.47 lr 1.46e-04 283s mps_alloc=1.82G driver=5.17G peak_driver=5.17G
probe step 50 {'step': 50, 'H1': 0.375, 'H2': 0.4375, 'H3': 0.5625, 'H4': 0.9375, 'H5': 0.3125, 'H6': 0.375, 'H7': 0.25, 'C_noupd': 0.375, 'C_twoslot': 0.5}
step 50 loss 0.5735 gnorm 3.38 lr 1.44e-04 409s mps_alloc=1.82G driver=4.17G peak_driver=5.17G
step 60 loss 0.5756 gnorm 3.00 lr 1.42e-04 480s mps_alloc=1.82G driver=5.17G peak_driver=5.17G
step 70 loss 0.5708 gnorm 4.21 lr 1.39e-04 548s mps_alloc=1.82G driver=5.17G peak_driver=5.17G
step 80 loss 0.6269 gnorm 4.01 lr 1.35e-04 617s mps_alloc=1.82G driver=5.17G peak_driver=5.17G
step 90 loss 0.4435 gnorm 2.37 lr 1.32e-04 689s mps_alloc=1.82G driver=6.17G peak_driver=6.17G
probe step 100 {'step': 100, 'H1': 0.625, 'H2': 0.875, 'H3': 0.875, 'H4': 0.875, 'H5': 0.625, 'H6': 0.6875, 'H7': 1.0, 'C_noupd': 0.75, 'C_twoslot': 0.6875}
step 100 loss 0.4882 gnorm 3.56 lr 1.28e-04 815s mps_alloc=1.82G driver=4.17G peak_driver=6.17G
step 110 loss 0.4592 gnorm 3.04 lr 1.23e-04 884s mps_alloc=1.82G driver=5.17G peak_driver=6.17G
step 120 loss 0.5363 gnorm 3.30 lr 1.19e-04 953s mps_alloc=1.82G driver=5.17G peak_driver=6.17G
step 130 loss 0.4117 gnorm 2.16 lr 1.14e-04 1021s mps_alloc=1.82G driver=5.17G peak_driver=6.17G
step 140 loss 0.4932 gnorm 2.82 lr 1.09e-04 1091s mps_alloc=1.82G driver=5.17G peak_driver=6.17G
probe step 150 {'step': 150, 'H1': 0.9375, 'H2': 0.6875, 'H3': 0.75, 'H4': 0.875, 'H5': 0.5625, 'H6': 0.6875, 'H7': 0.9375, 'C_noupd': 0.8125, 'C_twoslot': 0.8125}
step 150 loss 0.5033 gnorm 2.69 lr 1.03e-04 1214s mps_alloc=1.82G driver=4.17G peak_driver=6.17G
step 160 loss 0.4724 gnorm 2.70 lr 9.76e-05 1279s mps_alloc=1.82G driver=5.17G peak_driver=6.17G
step 170 loss 0.4380 gnorm 2.30 lr 9.19e-05 1348s mps_alloc=1.82G driver=6.17G peak_driver=6.17G
step 180 loss 0.4608 gnorm 2.82 lr 8.62e-05 1415s mps_alloc=1.82G driver=6.17G peak_driver=6.17G
step 190 loss 0.4054 gnorm 2.52 lr 8.03e-05 1483s mps_alloc=1.82G driver=6.17G peak_driver=6.17G
probe step 200 {'step': 200, 'H1': 0.9375, 'H2': 0.75, 'H3': 0.75, 'H4': 0.875, 'H5': 0.5, 'H6': 0.75, 'H7': 0.9375, 'C_noupd': 0.875, 'C_twoslot': 0.6875}
step 200 loss 0.3979 gnorm 2.65 lr 7.44e-05 1616s mps_alloc=1.82G driver=5.16G peak_driver=6.17G
step 210 loss 0.4413 gnorm 3.34 lr 6.85e-05 1688s mps_alloc=1.82G driver=5.17G peak_driver=6.17G
step 220 loss 0.4713 gnorm 3.26 lr 6.27e-05 1758s mps_alloc=1.82G driver=5.17G peak_driver=6.17G
step 230 loss 0.3989 gnorm 2.17 lr 5.69e-05 1834s mps_alloc=1.82G driver=5.17G peak_driver=6.17G
step 240 loss 0.3830 gnorm 2.32 lr 5.13e-05 1904s mps_alloc=1.82G driver=5.17G peak_driver=6.17G
probe step 250 {'step': 250, 'H1': 0.9375, 'H2': 0.75, 'H3': 0.8125, 'H4': 0.875, 'H5': 0.4375, 'H6': 0.875, 'H7': 1.0, 'C_noupd': 0.8125, 'C_twoslot': 0.875}
step 250 loss 0.3567 gnorm 2.43 lr 4.58e-05 2035s mps_alloc=1.82G driver=4.17G peak_driver=6.17G
step 260 loss 0.3812 gnorm 2.19 lr 4.04e-05 2103s mps_alloc=1.82G driver=5.17G peak_driver=6.17G
step 270 loss 0.4082 gnorm 2.37 lr 3.53e-05 2178s mps_alloc=1.82G driver=6.17G peak_driver=6.17G
step 280 loss 0.3613 gnorm 2.40 lr 3.04e-05 2244s mps_alloc=1.82G driver=6.17G peak_driver=6.17G
step 290 loss 0.3393 gnorm 2.18 lr 2.58e-05 2313s mps_alloc=1.82G driver=6.17G peak_driver=6.17G
probe step 300 {'step': 300, 'H1': 0.9375, 'H2': 0.8125, 'H3': 0.8125, 'H4': 0.875, 'H5': 0.5, 'H6': 0.9375, 'H7': 1.0, 'C_noupd': 0.75, 'C_twoslot': 0.75}
step 300 loss 0.4359 gnorm 2.62 lr 2.16e-05 2440s mps_alloc=1.82G driver=4.17G peak_driver=6.17G
step 310 loss 0.3671 gnorm 2.01 lr 1.76e-05 2507s mps_alloc=1.82G driver=5.17G peak_driver=6.17G
step 320 loss 0.3810 gnorm 1.93 lr 1.40e-05 2578s mps_alloc=1.82G driver=6.17G peak_driver=6.17G
step 330 loss 0.3840 gnorm 2.44 lr 1.07e-05 2645s mps_alloc=1.82G driver=6.17G peak_driver=6.17G
step 340 loss 0.3811 gnorm 2.36 lr 7.91e-06 2715s mps_alloc=1.82G driver=6.17G peak_driver=6.17G
probe step 350 {'step': 350, 'H1': 0.9375, 'H2': 0.8125, 'H3': 0.8125, 'H4': 0.875, 'H5': 0.5, 'H6': 0.9375, 'H7': 1.0, 'C_noupd': 0.8125, 'C_twoslot': 0.75}
step 350 loss 0.4282 gnorm 2.19 lr 5.49e-06 2841s mps_alloc=1.82G driver=4.17G peak_driver=6.17G
step 360 loss 0.4149 gnorm 2.31 lr 3.49e-06 2907s mps_alloc=1.82G driver=5.17G peak_driver=6.17G
step 370 loss 0.3639 gnorm 2.02 lr 1.94e-06 2986s mps_alloc=1.82G driver=6.17G peak_driver=6.17G
step 380 loss 0.3483 gnorm 2.04 lr 8.34e-07 3069s mps_alloc=1.82G driver=6.17G peak_driver=6.17G
step 390 loss 0.3958 gnorm 2.33 lr 1.87e-07 3144s mps_alloc=1.82G driver=6.17G peak_driver=6.17G
step 399 loss 0.3756 gnorm 2.36 lr 0.00e+00 3213s mps_alloc=1.82G driver=6.17G peak_driver=6.17G
probe step 400 {'step': 400, 'H1': 1.0, 'H2': 0.8125, 'H3': 0.8125, 'H4': 0.875, 'H5': 0.5, 'H6': 0.9375, 'H7': 1.0, 'C_noupd': 0.8125, 'C_twoslot': 0.75}
scored e004/plain: 640 items in 255s mps_alloc=0.50G driver=2.22G peak_driver=6.17G
scored e004/chat: 640 items in 294s mps_alloc=0.50G driver=2.14G peak_driver=6.17G
scored new/plain: 1728 items in 159s mps_alloc=0.50G driver=1.25G peak_driver=6.17G
scored extra/plain: 192 items in 13s mps_alloc=0.50G driver=1.27G peak_driver=6.17G
scored old/plain: 1116 items in 83s mps_alloc=0.50G driver=1.26G peak_driver=6.17G
scored uprobe/plain: 576 items in 62s mps_alloc=0.50G driver=1.30G peak_driver=6.17G
scored cross/plain: 384 items in 71s mps_alloc=0.50G driver=1.18G peak_driver=6.17G
scored new/chat: 1728 items in 195s mps_alloc=0.50G driver=1.22G peak_driver=6.17G
scored extra/chat: 192 items in 16s mps_alloc=0.50G driver=1.27G peak_driver=6.17G
scored cross/chat: 384 items in 88s mps_alloc=0.50G driver=2.22G peak_driver=6.17G
scored khard/plain: 80 items in 2s mps_alloc=0.50G driver=1.09G peak_driver=6.17G
scored kbig/plain: 441 items in 8s mps_alloc=0.50G driver=1.05G peak_driver=6.17G
generated e004/plain: strict 566/640 in 116s mps_alloc=0.50G driver=2.83G peak_driver=6.17G
generated e004/chat: strict 567/640 in 134s mps_alloc=0.50G driver=2.97G peak_driver=6.17G
generated cont/plain: strict 387/416 in 66s mps_alloc=0.50G driver=1.45G peak_driver=6.17G
Writing model shards:   0%|          | 0/1 [00:00<?, ?it/s]Writing model shards: 100%|██████████| 1/1 [00:00<00:00,  3.46it/s]Writing model shards: 100%|██████████| 1/1 [00:00<00:00,  3.46it/s]
DONE HuggingFaceTB/SmolLM2-135M-Instruct s5 total 4897s peak_driver=6.172G lock_in_step=None loss_finite=True
