19:07:30 start free=79% swap=4241MB cmd=/Users/brohm/Documents/Projects/video-editor/.venv/bin/python -B e005_ft_test.py HuggingFaceTB/SmolLM2-135M-Instruct --bs 4 --accum 4 --max-len 768 --grad-ckpt --seed 5 --lr 1.5e-04 --sets eval,cont,know --chat --save 1 --tag s5
19:08:01 t=   32s active=   32s free=70% swap=4241MB rss=726MB
19:08:32 t=   62s active=   62s free=66% swap=4241MB rss=890MB
19:09:03 t=   93s active=   93s free=61% swap=4241MB rss=1097MB
19:09:33 t=  124s active=  124s free=61% swap=4241MB rss=1252MB
19:10:04 t=  154s active=  154s free=61% swap=4241MB rss=1427MB
19:10:35 t=  185s active=  185s free=55% swap=4241MB rss=950MB
19:11:05 t=  216s active=  216s free=55% swap=4241MB rss=1119MB
19:11:36 t=  246s active=  246s free=55% swap=4241MB rss=1288MB
19:12:07 t=  277s active=  277s free=56% swap=4241MB rss=1418MB
19:12:37 t=  308s active=  308s free=55% swap=4241MB rss=1565MB
19:13:08 t=  338s active=  338s free=59% swap=4241MB rss=1687MB
19:13:39 t=  369s active=  369s free=56% swap=4241MB rss=1292MB
19:14:10 t=  400s active=  400s free=52% swap=4241MB rss=1410MB
19:14:40 t=  430s active=  430s free=63% swap=4241MB rss=2269MB
19:15:11 t=  461s active=  461s free=67% swap=4241MB rss=2270MB
19:15:42 t=  492s active=  492s free=54% swap=4241MB rss=2274MB
19:16:12 t=  522s active=  522s free=54% swap=4241MB rss=2277MB
19:16:43 t=  553s active=  553s free=51% swap=4241MB rss=2239MB
19:17:14 t=  584s active=  584s free=52% swap=4241MB rss=2246MB
19:17:44 t=  615s active=  615s free=52% swap=4241MB rss=2253MB
19:18:15 t=  645s active=  645s free=55% swap=4241MB rss=2257MB
19:18:46 t=  676s active=  676s free=55% swap=4233MB rss=2262MB
19:19:16 t=  707s active=  707s free=54% swap=4233MB rss=2267MB
19:19:47 t=  737s active=  737s free=51% swap=4233MB rss=1951MB
19:20:18 t=  768s active=  768s free=51% swap=4233MB rss=2008MB
19:20:48 t=  799s active=  799s free=51% swap=4233MB rss=2050MB
19:21:19 t=  829s active=  829s free=68% swap=4233MB rss=2239MB
19:21:50 t=  860s active=  860s free=68% swap=4233MB rss=2240MB
19:22:20 t=  891s active=  891s free=46% swap=4233MB rss=1714MB
19:22:51 t=  921s active=  921s free=49% swap=4073MB rss=1718MB
19:23:21 t=  952s active=  952s free=48% swap=4065MB rss=1788MB
19:23:52 t=  982s active=  982s free=49% swap=4049MB rss=1863MB
19:24:23 t= 1013s active= 1013s free=57% swap=4049MB rss=1955MB
19:24:53 t= 1043s active= 1043s free=58% swap=4049MB rss=1987MB
19:25:24 t= 1074s active= 1074s free=56% swap=4049MB rss=1351MB
19:25:54 t= 1104s active= 1104s free=56% swap=4049MB rss=1436MB
19:26:25 t= 1135s active= 1135s free=56% swap=4049MB rss=1567MB
19:26:55 t= 1165s active= 1165s free=56% swap=4049MB rss=1705MB
19:27:26 t= 1196s active= 1196s free=57% swap=4049MB rss=1835MB
19:27:56 t= 1227s active= 1227s free=67% swap=4049MB rss=2195MB
19:28:27 t= 1257s active= 1257s free=67% swap=4049MB rss=2196MB
19:28:57 t= 1288s active= 1288s free=59% swap=4049MB rss=2195MB
19:29:28 t= 1318s active= 1318s free=59% swap=4049MB rss=2196MB
19:29:58 t= 1349s active= 1349s free=60% swap=4049MB rss=2197MB
19:30:29 t= 1379s active= 1379s free=60% swap=4049MB rss=2198MB
19:30:59 t= 1410s active= 1410s free=60% swap=4049MB rss=2198MB
19:31:30 t= 1440s active= 1440s free=55% swap=4001MB rss=2153MB
19:32:01 t= 1471s active= 1471s free=56% swap=4001MB rss=2179MB
19:32:31 t= 1501s active= 1501s free=56% swap=4001MB rss=2187MB
19:33:02 t= 1532s active= 1532s free=56% swap=3993MB rss=2193MB
19:33:32 t= 1562s active= 1562s free=57% swap=3897MB rss=2195MB
19:34:03 t= 1593s active= 1593s free=55% swap=3833MB rss=1817MB
19:34:33 t= 1624s active= 1624s free=61% swap=3809MB rss=1840MB
19:35:04 t= 1654s active= 1654s free=63% swap=3761MB rss=1838MB
19:35:34 t= 1685s active= 1685s free=45% swap=3753MB rss=1825MB
19:36:05 t= 1715s active= 1715s free=43% swap=3753MB rss=1554MB
19:36:35 t= 1746s active= 1746s free=52% swap=3713MB rss=1333MB
19:37:06 t= 1776s active= 1776s free=53% swap=3713MB rss=1692MB
19:37:37 t= 1807s active= 1807s free=46% swap=3713MB rss=1148MB
19:38:07 t= 1837s active= 1837s free=47% swap=3705MB rss=1273MB
19:38:38 t= 1868s active= 1868s free=49% swap=3705MB rss=1432MB
19:39:08 t= 1898s active= 1898s free=50% swap=3705MB rss=1581MB
19:39:39 t= 1929s active= 1929s free=53% swap=3697MB rss=1672MB
19:40:09 t= 1960s active= 1960s free=54% swap=3697MB rss=1801MB
19:40:40 t= 1990s active= 1990s free=44% swap=3697MB rss=1082MB
19:41:10 t= 2021s active= 2021s free=46% swap=3697MB rss=1404MB
19:41:41 t= 2051s active= 2051s free=61% swap=3697MB rss=2188MB
19:42:12 t= 2082s active= 2082s free=61% swap=3697MB rss=2188MB
19:42:42 t= 2112s active= 2112s free=53% swap=3697MB rss=2189MB
19:43:13 t= 2143s active= 2143s free=53% swap=3697MB rss=2189MB
19:43:43 t= 2173s active= 2173s free=48% swap=3697MB rss=1839MB
19:44:14 t= 2204s active= 2204s free=45% swap=3697MB rss=1902MB
19:44:44 t= 2235s active= 2235s free=49% swap=3689MB rss=1939MB
19:45:15 t= 2265s active= 2265s free=52% swap=3689MB rss=1961MB
19:45:45 t= 2296s active= 2296s free=52% swap=3689MB rss=1987MB
19:46:16 t= 2326s active= 2326s free=53% swap=3649MB rss=1456MB
19:46:46 t= 2357s active= 2357s free=46% swap=3649MB rss=952MB
19:47:17 t= 2387s active= 2387s free=47% swap=3649MB rss=1098MB
19:47:48 t= 2418s active= 2418s free=40% swap=3641MB rss=754MB
19:48:18 t= 2448s active= 2448s free=64% swap=3641MB rss=2111MB
19:48:49 t= 2479s active= 2479s free=64% swap=3641MB rss=2112MB
19:49:19 t= 2509s active= 2509s free=44% swap=3641MB rss=1979MB
19:49:50 t= 2540s active= 2540s free=46% swap=3641MB rss=1917MB
19:50:20 t= 2571s active= 2571s free=46% swap=3641MB rss=1945MB
19:50:51 t= 2601s active= 2601s free=47% swap=3641MB rss=1962MB
19:51:21 t= 2632s active= 2632s free=51% swap=3641MB rss=1896MB
19:51:52 t= 2662s active= 2662s free=52% swap=3641MB rss=1920MB
19:52:22 t= 2693s active= 2693s free=48% swap=3641MB rss=1030MB
19:52:53 t= 2723s active= 2723s free=45% swap=3641MB rss=1170MB
19:53:24 t= 2754s active= 2754s free=46% swap=3641MB rss=1270MB
19:53:54 t= 2784s active= 2784s free=47% swap=3641MB rss=1415MB
19:54:25 t= 2815s active= 2815s free=49% swap=3633MB rss=1519MB
19:54:55 t= 2845s active= 2845s free=68% swap=3633MB rss=1997MB
19:55:26 t= 2876s active= 2876s free=65% swap=3633MB rss=1812MB
19:55:56 t= 2907s active= 2907s free=52% swap=3633MB rss=1828MB
19:56:27 t= 2937s active= 2937s free=54% swap=3633MB rss=1990MB
19:56:57 t= 2968s active= 2968s free=54% swap=3633MB rss=1992MB
19:57:28 t= 2998s active= 2998s free=52% swap=3617MB rss=1673MB
19:57:58 t= 3029s active= 3029s free=50% swap=3617MB rss=1605MB
19:58:29 t= 3059s active= 3059s free=31% swap=3609MB rss=313MB
19:59:00 t= 3090s active= 3090s free=39% swap=3609MB rss=465MB
19:59:30 t= 3120s active= 3120s free=36% swap=3609MB rss=719MB
20:00:01 t= 3151s active= 3151s free=30% swap=3609MB rss=683MB
20:00:31 t= 3181s active= 3181s free=38% swap=3609MB rss=487MB
20:01:02 t= 3212s active= 3212s free=40% swap=3609MB rss=852MB
20:01:32 t= 3243s active= 3243s free=31% swap=3593MB rss=423MB
20:02:03 t= 3273s active= 3273s free=49% swap=3593MB rss=1176MB
20:02:33 t= 3304s active= 3304s free=50% swap=3593MB rss=1912MB
20:03:04 t= 3334s active= 3334s free=63% swap=3593MB rss=2123MB
20:03:34 t= 3365s active= 3365s free=63% swap=3585MB rss=2126MB
20:04:05 t= 3395s active= 3395s free=64% swap=3577MB rss=2126MB
20:04:36 t= 3426s active= 3426s free=65% swap=3529MB rss=2035MB
20:05:06 t= 3456s active= 3456s free=61% swap=3529MB rss=2035MB
20:05:37 t= 3487s active= 3487s free=61% swap=3529MB rss=2037MB
20:06:07 t= 3517s active= 3517s free=70% swap=3529MB rss=2042MB
20:06:38 t= 3548s active= 3548s free=66% swap=3529MB rss=2043MB
20:07:08 t= 3578s active= 3578s free=66% swap=3529MB rss=2046MB
20:07:39 t= 3609s active= 3609s free=66% swap=3529MB rss=1948MB
20:08:09 t= 3639s active= 3639s free=66% swap=3529MB rss=1950MB
20:08:40 t= 3670s active= 3670s free=67% swap=3521MB rss=1950MB
20:09:10 t= 3700s active= 3700s free=67% swap=3521MB rss=1951MB
20:09:41 t= 3731s active= 3731s free=63% swap=3513MB rss=1952MB
20:10:11 t= 3762s active= 3762s free=64% swap=3513MB rss=1942MB
20:10:42 t= 3792s active= 3792s free=57% swap=3513MB rss=482MB
20:11:12 t= 3823s active= 3823s free=61% swap=3513MB rss=487MB
20:11:43 t= 3853s active= 3853s free=57% swap=3513MB rss=488MB
20:12:13 t= 3884s active= 3884s free=65% swap=3513MB rss=489MB
20:12:44 t= 3914s active= 3914s free=68% swap=3513MB rss=490MB
20:13:14 t= 3945s active= 3945s free=68% swap=3513MB rss=491MB
20:13:45 t= 3975s active= 3975s free=69% swap=3513MB rss=492MB
20:14:16 t= 4006s active= 4006s free=69% swap=3513MB rss=492MB
20:14:46 t= 4036s active= 4036s free=70% swap=3513MB rss=486MB
20:15:17 t= 4067s active= 4067s free=70% swap=3513MB rss=489MB
20:15:47 t= 4098s active= 4098s free=70% swap=3513MB rss=490MB
20:16:18 t= 4128s active= 4128s free=70% swap=3513MB rss=491MB
20:16:48 t= 4159s active= 4159s free=70% swap=3513MB rss=471MB
20:17:19 t= 4189s active= 4189s free=70% swap=3513MB rss=471MB
20:17:49 t= 4220s active= 4220s free=71% swap=3513MB rss=472MB
20:18:20 t= 4250s active= 4250s free=71% swap=3513MB rss=473MB
20:18:50 t= 4281s active= 4281s free=70% swap=3513MB rss=474MB
20:19:21 t= 4311s active= 4311s free=66% swap=3513MB rss=382MB
20:19:51 t= 4342s active= 4342s free=69% swap=3505MB rss=383MB
20:20:22 t= 4372s active= 4372s free=68% swap=3497MB rss=384MB
20:20:52 t= 4403s active= 4403s free=68% swap=3497MB rss=384MB
20:21:23 t= 4433s active= 4433s free=69% swap=3497MB rss=385MB
20:21:53 t= 4464s active= 4464s free=70% swap=3497MB rss=386MB
20:22:24 t= 4494s active= 4494s free=68% swap=3497MB rss=373MB
20:22:54 t= 4525s active= 4525s free=69% swap=3497MB rss=375MB
20:23:25 t= 4555s active= 4555s free=69% swap=3497MB rss=375MB
20:23:55 t= 4586s active= 4586s free=60% swap=3497MB rss=402MB
20:24:26 t= 4616s active= 4616s free=63% swap=3489MB rss=403MB
20:24:57 t= 4647s active= 4647s free=69% swap=3489MB rss=403MB
20:25:28 t= 4678s active= 4678s free=38% swap=3489MB rss=218MB
20:25:58 t= 4709s active= 4709s free=48% swap=3489MB rss=258MB
20:26:29 t= 4739s active= 4739s free=54% swap=3489MB rss=256MB
20:27:00 t= 4770s active= 4770s free=52% swap=3489MB rss=268MB
20:27:31 t= 4801s active= 4801s free=58% swap=3489MB rss=270MB
20:28:02 t= 4832s active= 4832s free=64% swap=3489MB rss=271MB
20:28:33 t= 4863s active= 4863s free=61% swap=3489MB rss=270MB
20:29:03 t= 4893s active= 4893s free=65% swap=3481MB rss=271MB
20:29:08 end exit=0 killed=None active=4899s paused=0s pauses=0 min_free=27% max_swap=4241MB peak_rss=2277MB
