14:58:32 start free=78% swap=5885MB cmd=/Users/brohm/Documents/Projects/video-editor/.venv/bin/python -B e005_ft_test.py HuggingFaceTB/SmolLM2-135M-Instruct --bs 4 --accum 4 --max-len 768 --grad-ckpt --seed 2 --lr 1.5e-04 --sets eval,cont,know --chat --save 1 --tag s2
14:59:03 t=   32s active=   32s free=72% swap=5717MB rss=938MB
14:59:34 t=   62s active=   62s free=75% swap=5549MB rss=1062MB
15:00:04 t=   93s active=   93s free=63% swap=5130MB rss=1300MB
15:00:35 t=  123s active=  123s free=63% swap=5002MB rss=1441MB
15:01:05 t=  154s active=  154s free=63% swap=4978MB rss=1580MB
15:01:36 t=  184s active=  184s free=63% swap=4914MB rss=1730MB
15:02:06 t=  215s active=  215s free=63% swap=4866MB rss=1881MB
15:02:37 t=  245s active=  245s free=65% swap=4826MB rss=2026MB
15:03:07 t=  276s active=  276s free=65% swap=4658MB rss=2174MB
15:03:38 t=  306s active=  306s free=64% swap=4650MB rss=1727MB
15:04:09 t=  337s active=  337s free=64% swap=4634MB rss=1868MB
15:04:39 t=  367s active=  367s free=64% swap=4634MB rss=1980MB
15:05:10 t=  398s active=  398s free=64% swap=4634MB rss=2079MB
15:05:40 t=  428s active=  428s free=79% swap=4594MB rss=2329MB
15:06:11 t=  459s active=  459s free=79% swap=4586MB rss=2329MB
15:06:41 t=  489s active=  489s free=64% swap=4578MB rss=2332MB
15:07:12 t=  520s active=  520s free=65% swap=4578MB rss=2332MB
15:07:42 t=  550s active=  550s free=65% swap=4570MB rss=2332MB
15:08:13 t=  581s active=  581s free=65% swap=4530MB rss=2333MB
15:08:44 t=  612s active=  612s free=65% swap=4506MB rss=2334MB
15:09:14 t=  642s active=  642s free=65% swap=4490MB rss=2334MB
15:09:45 t=  673s active=  673s free=64% swap=4482MB rss=2234MB
15:10:16 t=  704s active=  704s free=64% swap=4458MB rss=2278MB
15:10:46 t=  735s active=  735s free=64% swap=4450MB rss=2315MB
15:11:17 t=  765s active=  765s free=64% swap=4450MB rss=2332MB
15:11:48 t=  796s active=  796s free=64% swap=4345MB rss=2338MB
15:12:18 t=  826s active=  826s free=75% swap=4345MB rss=2344MB
15:12:49 t=  857s active=  857s free=78% swap=4345MB rss=2344MB
15:13:20 t=  888s active=  888s free=64% swap=4337MB rss=2343MB
15:13:50 t=  918s active=  918s free=64% swap=4337MB rss=2344MB
15:14:21 t=  949s active=  949s free=64% swap=4321MB rss=2344MB
15:14:52 t=  980s active=  980s free=64% swap=4321MB rss=2344MB
15:15:22 t= 1010s active= 1010s free=62% swap=4313MB rss=2268MB
15:15:53 t= 1041s active= 1041s free=55% swap=4313MB rss=2273MB
15:16:24 t= 1072s active= 1072s free=55% swap=4297MB rss=2280MB
15:16:54 t= 1102s active= 1102s free=55% swap=4297MB rss=2287MB
15:17:25 t= 1133s active= 1133s free=61% swap=4289MB rss=2294MB
15:17:55 t= 1164s active= 1164s free=62% swap=4281MB rss=2299MB
15:18:26 t= 1194s active= 1194s free=58% swap=4257MB rss=2267MB
15:18:56 t= 1225s active= 1225s free=72% swap=4257MB rss=2305MB
15:19:27 t= 1255s active= 1255s free=72% swap=4257MB rss=2306MB
15:19:57 t= 1286s active= 1286s free=59% swap=4257MB rss=2307MB
15:20:28 t= 1316s active= 1316s free=57% swap=4257MB rss=2307MB
15:20:59 t= 1347s active= 1347s free=57% swap=4257MB rss=2307MB
15:21:29 t= 1377s active= 1377s free=52% swap=4257MB rss=1005MB
15:22:00 t= 1408s active= 1408s free=52% swap=4249MB rss=1194MB
15:22:30 t= 1438s active= 1438s free=52% swap=4249MB rss=1325MB
15:23:01 t= 1469s active= 1469s free=52% swap=4249MB rss=1425MB
15:23:31 t= 1499s active= 1499s free=59% swap=4241MB rss=1504MB
15:24:02 t= 1530s active= 1530s free=51% swap=4233MB rss=1574MB
15:24:32 t= 1560s active= 1560s free=53% swap=4233MB rss=1357MB
15:25:03 t= 1591s active= 1591s free=53% swap=4233MB rss=1452MB
15:25:33 t= 1621s active= 1621s free=72% swap=4233MB rss=2224MB
15:26:04 t= 1652s active= 1652s free=72% swap=4233MB rss=2224MB
15:26:34 t= 1682s active= 1682s free=59% swap=4233MB rss=2225MB
15:27:05 t= 1713s active= 1713s free=59% swap=4233MB rss=2226MB
15:27:35 t= 1744s active= 1744s free=59% swap=4233MB rss=2227MB
15:28:06 t= 1774s active= 1774s free=59% swap=4233MB rss=2228MB
15:28:36 t= 1805s active= 1805s free=59% swap=4233MB rss=2229MB
15:29:07 t= 1835s active= 1835s free=59% swap=4233MB rss=2231MB
15:29:38 t= 1866s active= 1866s free=59% swap=4233MB rss=2233MB
15:30:08 t= 1896s active= 1896s free=59% swap=4233MB rss=2235MB
15:30:39 t= 1927s active= 1927s free=59% swap=4233MB rss=2236MB
15:31:10 t= 1958s active= 1958s free=59% swap=4233MB rss=2237MB
15:31:40 t= 1988s active= 1988s free=59% swap=4233MB rss=2239MB
15:32:11 t= 2019s active= 2019s free=73% swap=4225MB rss=2247MB
15:32:42 t= 2050s active= 2050s free=73% swap=4225MB rss=2247MB
15:33:12 t= 2080s active= 2080s free=59% swap=4225MB rss=2247MB
15:33:43 t= 2111s active= 2111s free=59% swap=4225MB rss=2246MB
15:34:13 t= 2142s active= 2142s free=55% swap=4209MB rss=2246MB
15:34:44 t= 2172s active= 2172s free=39% swap=4113MB rss=2200MB
15:35:14 t= 2203s active= 2203s free=51% swap=4113MB rss=2178MB
15:35:45 t= 2233s active= 2233s free=57% swap=4089MB rss=2182MB
15:36:15 t= 2264s active= 2264s free=58% swap=4089MB rss=2186MB
15:36:46 t= 2294s active= 2294s free=52% swap=4089MB rss=1825MB
15:37:16 t= 2325s active= 2325s free=52% swap=4089MB rss=1877MB
15:37:47 t= 2355s active= 2355s free=53% swap=4089MB rss=1942MB
15:38:18 t= 2386s active= 2386s free=58% swap=3953MB rss=1988MB
15:38:48 t= 2416s active= 2416s free=73% swap=3937MB rss=2129MB
15:39:19 t= 2447s active= 2447s free=70% swap=3937MB rss=2127MB
15:39:49 t= 2477s active= 2477s free=59% swap=3937MB rss=2128MB
15:40:20 t= 2508s active= 2508s free=59% swap=3937MB rss=2128MB
15:40:50 t= 2538s active= 2538s free=55% swap=3929MB rss=2128MB
15:41:21 t= 2569s active= 2569s free=55% swap=3905MB rss=2065MB
15:41:51 t= 2599s active= 2599s free=55% swap=3881MB rss=2077MB
15:42:22 t= 2630s active= 2630s free=47% swap=3881MB rss=1233MB
15:42:52 t= 2661s active= 2661s free=48% swap=3881MB rss=1347MB
15:43:23 t= 2691s active= 2691s free=50% swap=3673MB rss=1449MB
15:43:53 t= 2722s active= 2722s free=51% swap=3665MB rss=1690MB
15:44:24 t= 2752s active= 2752s free=54% swap=3649MB rss=1738MB
15:44:54 t= 2783s active= 2783s free=54% swap=3649MB rss=1833MB
15:45:25 t= 2813s active= 2813s free=60% swap=3649MB rss=2205MB
15:45:55 t= 2844s active= 2844s free=61% swap=3649MB rss=2207MB
15:46:26 t= 2874s active= 2874s free=60% swap=3649MB rss=2209MB
15:46:57 t= 2905s active= 2905s free=56% swap=3649MB rss=2210MB
15:47:27 t= 2935s active= 2935s free=53% swap=3649MB rss=2212MB
15:47:58 t= 2966s active= 2966s free=60% swap=3649MB rss=2214MB
15:48:28 t= 2996s active= 2996s free=50% swap=3649MB rss=1695MB
15:48:59 t= 3027s active= 3027s free=51% swap=3649MB rss=1740MB
15:49:29 t= 3057s active= 3057s free=53% swap=3649MB rss=1778MB
15:50:00 t= 3088s active= 3088s free=53% swap=3649MB rss=1816MB
15:50:30 t= 3119s active= 3119s free=56% swap=3649MB rss=1854MB
15:51:01 t= 3149s active= 3149s free=56% swap=3633MB rss=1876MB
15:51:31 t= 3180s active= 3180s free=47% swap=3481MB rss=1149MB
15:52:02 t= 3210s active= 3210s free=43% swap=3457MB rss=1242MB
15:52:33 t= 3241s active= 3241s free=59% swap=3457MB rss=1935MB
15:53:03 t= 3271s active= 3271s free=59% swap=3457MB rss=1935MB
15:53:34 t= 3302s active= 3302s free=58% swap=3449MB rss=2149MB
15:54:04 t= 3332s active= 3332s free=62% swap=3433MB rss=2150MB
15:54:35 t= 3363s active= 3363s free=60% swap=3433MB rss=2150MB
15:55:05 t= 3393s active= 3393s free=58% swap=3433MB rss=2150MB
15:55:36 t= 3424s active= 3424s free=66% swap=3425MB rss=2151MB
15:56:06 t= 3454s active= 3454s free=70% swap=3425MB rss=2152MB
15:56:37 t= 3485s active= 3485s free=70% swap=3417MB rss=2140MB
15:57:07 t= 3515s active= 3515s free=71% swap=3417MB rss=1778MB
15:57:38 t= 3546s active= 3546s free=71% swap=3417MB rss=1778MB
15:58:08 t= 3576s active= 3576s free=71% swap=3417MB rss=1779MB
15:58:39 t= 3607s active= 3607s free=72% swap=3417MB rss=1779MB
15:59:09 t= 3637s active= 3637s free=72% swap=3417MB rss=1780MB
15:59:40 t= 3668s active= 3668s free=68% swap=3417MB rss=1781MB
16:00:10 t= 3698s active= 3698s free=68% swap=3417MB rss=1781MB
16:00:41 t= 3729s active= 3729s free=72% swap=3333MB rss=1786MB
16:01:11 t= 3759s active= 3759s free=68% swap=3333MB rss=1786MB
16:01:42 t= 3790s active= 3790s free=77% swap=3333MB rss=1786MB
16:02:12 t= 3820s active= 3820s free=76% swap=3309MB rss=1787MB
16:02:43 t= 3851s active= 3851s free=77% swap=3309MB rss=1787MB
16:03:13 t= 3881s active= 3881s free=73% swap=3309MB rss=1788MB
16:03:44 t= 3912s active= 3912s free=75% swap=3309MB rss=1788MB
16:04:14 t= 3942s active= 3942s free=76% swap=3309MB rss=1788MB
16:04:45 t= 3973s active= 3973s free=76% swap=3309MB rss=1790MB
16:05:15 t= 4004s active= 4004s free=76% swap=3309MB rss=1790MB
16:05:46 t= 4034s active= 4034s free=74% swap=3309MB rss=1791MB
16:06:16 t= 4065s active= 4065s free=71% swap=3309MB rss=1788MB
16:06:47 t= 4095s active= 4095s free=77% swap=3301MB rss=1784MB
16:07:17 t= 4126s active= 4126s free=78% swap=3301MB rss=1784MB
16:07:48 t= 4156s active= 4156s free=78% swap=3301MB rss=1785MB
16:08:18 t= 4187s active= 4187s free=77% swap=3301MB rss=1762MB
16:08:49 t= 4217s active= 4217s free=77% swap=3301MB rss=1763MB
16:09:19 t= 4248s active= 4248s free=77% swap=3301MB rss=1763MB
16:09:50 t= 4278s active= 4278s free=78% swap=3293MB rss=1763MB
16:10:21 t= 4309s active= 4309s free=77% swap=3293MB rss=1764MB
16:10:51 t= 4339s active= 4339s free=78% swap=3253MB rss=1764MB
16:11:22 t= 4370s active= 4370s free=78% swap=3253MB rss=1762MB
16:11:53 t= 4401s active= 4401s free=78% swap=3253MB rss=1763MB
16:12:23 t= 4431s active= 4431s free=78% swap=3253MB rss=1764MB
16:12:54 t= 4462s active= 4462s free=79% swap=3253MB rss=1765MB
16:13:25 t= 4493s active= 4493s free=76% swap=3253MB rss=1783MB
16:13:55 t= 4523s active= 4523s free=76% swap=3253MB rss=1783MB
16:14:26 t= 4554s active= 4554s free=63% swap=3253MB rss=759MB
16:14:56 t= 4584s active= 4584s free=63% swap=3253MB rss=780MB
16:15:27 t= 4615s active= 4615s free=66% swap=3253MB rss=781MB
16:15:57 t= 4645s active= 4645s free=70% swap=3253MB rss=786MB
16:16:28 t= 4676s active= 4676s free=71% swap=3253MB rss=788MB
16:16:58 t= 4706s active= 4706s free=71% swap=3253MB rss=788MB
16:17:29 t= 4737s active= 4737s free=76% swap=3253MB rss=788MB
16:17:32 end exit=0 killed=None active=4740s paused=0s pauses=0 min_free=39% max_swap=5885MB peak_rss=2344MB
