17:47:16 start free=76% swap=6924MB cmd=/Users/brohm/Documents/Projects/video-editor/.venv/bin/python -B e005_ft_test.py HuggingFaceTB/SmolLM2-135M-Instruct --bs 4 --accum 4 --max-len 768 --grad-ckpt --seed 4 --lr 1.5e-04 --sets eval,cont,know --chat --save 1 --tag s4
17:47:48 t=   32s active=   32s free=67% swap=6595MB rss=726MB
17:48:18 t=   62s active=   62s free=70% swap=6483MB rss=883MB
17:48:49 t=   93s active=   93s free=62% swap=6367MB rss=1087MB
17:49:20 t=  124s active=  124s free=60% swap=6359MB rss=1262MB
17:49:50 t=  154s active=  154s free=63% swap=6319MB rss=1424MB
17:50:21 t=  185s active=  185s free=63% swap=6303MB rss=1596MB
17:50:52 t=  216s active=  216s free=63% swap=6095MB rss=1730MB
17:51:22 t=  246s active=  246s free=63% swap=6095MB rss=1841MB
17:51:53 t=  277s active=  277s free=63% swap=5863MB rss=1962MB
17:52:24 t=  307s active=  307s free=62% swap=5551MB rss=1312MB
17:52:54 t=  338s active=  338s free=63% swap=5543MB rss=1448MB
17:53:25 t=  369s active=  369s free=63% swap=5527MB rss=1595MB
17:53:55 t=  399s active=  399s free=63% swap=5309MB rss=1709MB
17:54:26 t=  430s active=  430s free=73% swap=5301MB rss=2319MB
17:54:56 t=  460s active=  460s free=77% swap=5301MB rss=2319MB
17:55:27 t=  491s active=  491s free=63% swap=5285MB rss=1996MB
17:55:57 t=  521s active=  521s free=58% swap=5205MB rss=2096MB
17:56:28 t=  552s active=  552s free=59% swap=5197MB rss=2156MB
17:56:58 t=  582s active=  582s free=59% swap=5197MB rss=2191MB
17:57:29 t=  613s active=  613s free=59% swap=5197MB rss=2215MB
17:57:59 t=  643s active=  643s free=59% swap=5157MB rss=2235MB
17:58:30 t=  674s active=  674s free=55% swap=5109MB rss=2044MB
17:59:00 t=  704s active=  704s free=56% swap=5101MB rss=2072MB
17:59:31 t=  735s active=  735s free=52% swap=5093MB rss=2092MB
18:00:02 t=  765s active=  765s free=52% swap=5093MB rss=2115MB
18:00:32 t=  796s active=  796s free=59% swap=5093MB rss=2133MB
18:01:03 t=  827s active=  827s free=72% swap=5093MB rss=2326MB
18:01:33 t=  857s active=  857s free=73% swap=5093MB rss=2326MB
18:02:04 t=  888s active=  888s free=60% swap=5085MB rss=2326MB
18:02:34 t=  918s active=  918s free=60% swap=5085MB rss=2326MB
18:03:05 t=  949s active=  949s free=56% swap=5077MB rss=2327MB
18:03:35 t=  979s active=  979s free=56% swap=5069MB rss=2329MB
18:04:06 t= 1010s active= 1010s free=56% swap=5069MB rss=2330MB
18:04:36 t= 1040s active= 1040s free=53% swap=5029MB rss=1754MB
18:05:07 t= 1071s active= 1071s free=53% swap=5029MB rss=1800MB
18:05:38 t= 1102s active= 1102s free=53% swap=4997MB rss=1860MB
18:06:08 t= 1132s active= 1132s free=54% swap=4997MB rss=1954MB
18:06:39 t= 1163s active= 1163s free=56% swap=4997MB rss=2047MB
18:07:10 t= 1194s active= 1194s free=56% swap=4989MB rss=2146MB
18:07:40 t= 1224s active= 1224s free=69% swap=4981MB rss=2240MB
18:08:11 t= 1255s active= 1255s free=69% swap=4965MB rss=2240MB
18:08:42 t= 1286s active= 1286s free=56% swap=4925MB rss=2242MB
18:09:12 t= 1316s active= 1316s free=56% swap=4925MB rss=2245MB
18:09:43 t= 1347s active= 1347s free=58% swap=4925MB rss=2248MB
18:10:14 t= 1378s active= 1378s free=54% swap=4917MB rss=2250MB
18:10:44 t= 1408s active= 1408s free=52% swap=4917MB rss=1506MB
18:11:15 t= 1439s active= 1439s free=52% swap=4917MB rss=1604MB
18:11:46 t= 1470s active= 1470s free=52% swap=4917MB rss=1695MB
18:12:16 t= 1500s active= 1500s free=52% swap=4669MB rss=1133MB
18:12:47 t= 1531s active= 1531s free=53% swap=4661MB rss=1261MB
18:13:18 t= 1562s active= 1562s free=52% swap=4661MB rss=1330MB
18:13:48 t= 1592s active= 1592s free=49% swap=4661MB rss=1108MB
18:14:19 t= 1623s active= 1623s free=68% swap=4653MB rss=2035MB
18:14:50 t= 1653s active= 1653s free=65% swap=4653MB rss=2035MB
18:15:20 t= 1684s active= 1684s free=58% swap=4653MB rss=2037MB
18:15:51 t= 1715s active= 1715s free=58% swap=4653MB rss=2113MB
18:16:21 t= 1745s active= 1745s free=58% swap=4653MB rss=2021MB
18:16:52 t= 1776s active= 1776s free=54% swap=4653MB rss=2069MB
18:17:22 t= 1806s active= 1806s free=58% swap=4653MB rss=2096MB
18:17:53 t= 1837s active= 1837s free=58% swap=4653MB rss=2105MB
18:18:23 t= 1867s active= 1867s free=56% swap=4589MB rss=1953MB
18:18:54 t= 1898s active= 1898s free=58% swap=4557MB rss=1976MB
18:19:24 t= 1928s active= 1928s free=47% swap=4557MB rss=1317MB
18:19:55 t= 1959s active= 1959s free=47% swap=4549MB rss=1348MB
18:20:25 t= 1989s active= 1989s free=47% swap=4549MB rss=1408MB
18:20:56 t= 2020s active= 2020s free=52% swap=4549MB rss=1510MB
18:21:26 t= 2050s active= 2050s free=67% swap=4549MB rss=2204MB
18:21:57 t= 2081s active= 2081s free=67% swap=4549MB rss=2205MB
18:22:27 t= 2111s active= 2111s free=62% swap=4549MB rss=1971MB
18:22:58 t= 2142s active= 2142s free=62% swap=4549MB rss=2049MB
18:23:29 t= 2172s active= 2172s free=59% swap=4541MB rss=2149MB
18:23:59 t= 2203s active= 2203s free=59% swap=4533MB rss=2179MB
18:24:30 t= 2234s active= 2234s free=59% swap=4525MB rss=2193MB
18:25:00 t= 2264s active= 2264s free=60% swap=4525MB rss=2207MB
18:25:31 t= 2295s active= 2295s free=55% swap=4517MB rss=1943MB
18:26:02 t= 2326s active= 2326s free=56% swap=4493MB rss=1982MB
18:26:32 t= 2356s active= 2356s free=56% swap=4493MB rss=1999MB
18:27:03 t= 2387s active= 2387s free=56% swap=4493MB rss=2018MB
18:27:34 t= 2418s active= 2418s free=57% swap=4493MB rss=2040MB
18:28:04 t= 2448s active= 2448s free=67% swap=4493MB rss=2239MB
18:28:35 t= 2479s active= 2479s free=61% swap=4493MB rss=2171MB
18:29:06 t= 2509s active= 2509s free=56% swap=4493MB rss=2190MB
18:29:36 t= 2540s active= 2540s free=57% swap=4493MB rss=2199MB
18:30:07 t= 2571s active= 2571s free=57% swap=4485MB rss=2205MB
18:30:38 t= 2601s active= 2601s free=57% swap=4485MB rss=2209MB
18:31:08 t= 2632s active= 2632s free=57% swap=4485MB rss=2212MB
18:31:39 t= 2663s active= 2663s free=50% swap=4405MB rss=1140MB
18:32:10 t= 2694s active= 2694s free=51% swap=4405MB rss=1294MB
18:32:40 t= 2724s active= 2724s free=51% swap=4405MB rss=1351MB
18:33:11 t= 2755s active= 2755s free=52% swap=4345MB rss=1435MB
18:33:42 t= 2786s active= 2786s free=51% swap=4345MB rss=1524MB
18:34:12 t= 2816s active= 2816s free=55% swap=4337MB rss=1623MB
18:34:43 t= 2847s active= 2847s free=65% swap=4337MB rss=2068MB
18:35:14 t= 2877s active= 2877s free=61% swap=4337MB rss=2068MB
18:35:44 t= 2908s active= 2908s free=57% swap=4329MB rss=2068MB
18:36:15 t= 2939s active= 2939s free=57% swap=4329MB rss=2068MB
18:36:46 t= 2970s active= 2970s free=57% swap=4329MB rss=2069MB
18:37:16 t= 3000s active= 3000s free=56% swap=4329MB rss=2070MB
18:37:47 t= 3031s active= 3031s free=56% swap=4329MB rss=2031MB
18:38:18 t= 3062s active= 3062s free=56% swap=4329MB rss=2042MB
18:38:48 t= 3092s active= 3092s free=56% swap=4329MB rss=2048MB
18:39:19 t= 3123s active= 3123s free=57% swap=4329MB rss=2051MB
18:39:50 t= 3154s active= 3154s free=55% swap=4329MB rss=2052MB
18:40:20 t= 3184s active= 3184s free=49% swap=4329MB rss=1812MB
18:40:51 t= 3215s active= 3215s free=65% swap=4329MB rss=2139MB
18:41:22 t= 3246s active= 3246s free=56% swap=4313MB rss=2139MB
18:41:52 t= 3276s active= 3276s free=67% swap=4313MB rss=2153MB
18:42:23 t= 3307s active= 3307s free=69% swap=4313MB rss=2155MB
18:42:54 t= 3338s active= 3338s free=69% swap=4313MB rss=2155MB
18:43:24 t= 3368s active= 3368s free=69% swap=4313MB rss=2155MB
18:43:55 t= 3399s active= 3399s free=70% swap=4297MB rss=2142MB
18:44:26 t= 3430s active= 3430s free=70% swap=4289MB rss=2143MB
18:44:56 t= 3460s active= 3460s free=70% swap=4289MB rss=2144MB
18:45:27 t= 3491s active= 3491s free=70% swap=4289MB rss=2144MB
18:45:58 t= 3521s active= 3521s free=70% swap=4289MB rss=2146MB
18:46:28 t= 3552s active= 3552s free=70% swap=4289MB rss=2147MB
18:46:59 t= 3583s active= 3583s free=70% swap=4289MB rss=2147MB
18:47:29 t= 3613s active= 3613s free=70% swap=4289MB rss=2148MB
18:48:00 t= 3644s active= 3644s free=70% swap=4289MB rss=2148MB
18:48:31 t= 3675s active= 3675s free=55% swap=4289MB rss=2149MB
18:49:01 t= 3705s active= 3705s free=59% swap=4289MB rss=2149MB
18:49:32 t= 3736s active= 3736s free=74% swap=4289MB rss=2149MB
18:50:03 t= 3767s active= 3767s free=66% swap=4289MB rss=2149MB
18:50:33 t= 3797s active= 3797s free=70% swap=4289MB rss=2150MB
18:51:04 t= 3828s active= 3828s free=74% swap=4289MB rss=2151MB
18:51:35 t= 3859s active= 3859s free=74% swap=4289MB rss=2151MB
18:52:05 t= 3889s active= 3889s free=75% swap=4289MB rss=2151MB
18:52:36 t= 3920s active= 3920s free=75% swap=4289MB rss=2152MB
18:53:07 t= 3951s active= 3951s free=75% swap=4289MB rss=2153MB
18:53:37 t= 3981s active= 3981s free=75% swap=4289MB rss=2155MB
18:54:08 t= 4012s active= 4012s free=75% swap=4289MB rss=2155MB
18:54:39 t= 4043s active= 4043s free=75% swap=4289MB rss=2155MB
18:55:09 t= 4073s active= 4073s free=76% swap=4289MB rss=2156MB
18:55:40 t= 4104s active= 4104s free=76% swap=4289MB rss=2156MB
18:56:11 t= 4135s active= 4135s free=76% swap=4289MB rss=2156MB
18:56:41 t= 4165s active= 4165s free=76% swap=4289MB rss=2156MB
18:57:12 t= 4196s active= 4196s free=76% swap=4289MB rss=2157MB
18:57:43 t= 4227s active= 4227s free=76% swap=4289MB rss=2157MB
18:58:13 t= 4257s active= 4257s free=76% swap=4289MB rss=2157MB
18:58:44 t= 4288s active= 4288s free=76% swap=4289MB rss=2157MB
18:59:15 t= 4319s active= 4319s free=76% swap=4289MB rss=2152MB
18:59:45 t= 4349s active= 4349s free=77% swap=4289MB rss=2152MB
19:00:16 t= 4380s active= 4380s free=77% swap=4281MB rss=2152MB
19:00:47 t= 4411s active= 4411s free=77% swap=4257MB rss=2152MB
19:01:17 t= 4441s active= 4441s free=75% swap=4257MB rss=2152MB
19:01:48 t= 4472s active= 4472s free=77% swap=4257MB rss=1949MB
19:02:19 t= 4502s active= 4502s free=71% swap=4257MB rss=1965MB
19:02:49 t= 4533s active= 4533s free=71% swap=4257MB rss=1684MB
19:03:20 t= 4564s active= 4564s free=70% swap=4257MB rss=1684MB
19:03:50 t= 4594s active= 4594s free=71% swap=4249MB rss=1684MB
19:04:21 t= 4625s active= 4625s free=71% swap=4249MB rss=930MB
19:04:52 t= 4656s active= 4656s free=67% swap=4249MB rss=933MB
19:05:22 t= 4686s active= 4686s free=64% swap=4249MB rss=795MB
19:05:53 t= 4717s active= 4717s free=68% swap=4241MB rss=798MB
19:06:24 t= 4748s active= 4748s free=67% swap=4241MB rss=798MB
19:06:37 end exit=0 killed=None active=4761s paused=0s pauses=0 min_free=37% max_swap=6924MB peak_rss=2330MB
