09:45:45 start free=78% swap=2754MB cmd=/Users/brohm/Documents/Projects/video-editor/.venv/bin/python -B e005_ft_test.py HuggingFaceTB/SmolLM2-135M-Instruct --bs 4 --accum 4 --max-len 768 --grad-ckpt --seed 1 --lr 1.5e-04 --sets eval,cont,know --chat --save 1 --tag s1
09:46:16 t=   32s active=   32s free=69% swap=2754MB rss=728MB
09:46:47 t=   62s active=   62s free=64% swap=2746MB rss=885MB
09:47:18 t=   93s active=   93s free=56% swap=2738MB rss=1102MB
09:47:48 t=  123s active=  123s free=56% swap=2738MB rss=1245MB
09:48:19 t=  154s active=  154s free=56% swap=2738MB rss=1406MB
09:48:49 t=  185s active=  185s free=56% swap=2738MB rss=1540MB
09:49:20 t=  215s active=  215s free=56% swap=2738MB rss=1698MB
09:49:51 t=  246s active=  246s free=56% swap=2738MB rss=1856MB
09:50:21 t=  276s active=  276s free=57% swap=2738MB rss=1954MB
09:50:52 t=  307s active=  307s free=57% swap=2738MB rss=2067MB
09:51:22 t=  337s active=  337s free=56% swap=2738MB rss=2191MB
09:51:53 t=  368s active=  368s free=57% swap=2738MB rss=2271MB
09:52:23 t=  398s active=  398s free=57% swap=2738MB rss=2372MB
09:52:54 t=  429s active=  429s free=66% swap=2738MB rss=2391MB
09:53:24 t=  459s active=  459s free=66% swap=2738MB rss=2391MB
09:53:55 t=  490s active=  490s free=57% swap=2738MB rss=2393MB
09:54:25 t=  520s active=  520s free=57% swap=2738MB rss=2393MB
09:54:56 t=  551s active=  551s free=57% swap=2738MB rss=2393MB
09:55:26 t=  581s active=  581s free=57% swap=2738MB rss=2393MB
09:55:57 t=  612s active=  612s free=57% swap=2738MB rss=2393MB
09:56:27 t=  642s active=  642s free=57% swap=2738MB rss=2394MB
09:56:58 t=  673s active=  673s free=57% swap=2738MB rss=2394MB
09:57:28 t=  704s active=  704s free=55% swap=2738MB rss=2394MB
09:57:59 t=  734s active=  734s free=59% swap=2698MB rss=2394MB
09:58:29 t=  765s active=  765s free=57% swap=2690MB rss=2394MB
09:59:00 t=  795s active=  795s free=57% swap=2674MB rss=2394MB
09:59:30 t=  826s active=  826s free=66% swap=2674MB rss=2405MB
10:00:01 t=  856s active=  856s free=66% swap=2674MB rss=2405MB
10:00:31 t=  887s active=  887s free=62% swap=2674MB rss=2405MB
10:01:02 t=  917s active=  917s free=58% swap=2674MB rss=2405MB
10:01:32 t=  948s active=  948s free=58% swap=2674MB rss=2405MB
10:02:03 t=  978s active=  978s free=59% swap=2674MB rss=2405MB
10:02:33 t= 1009s active= 1009s free=59% swap=2674MB rss=2406MB
10:03:04 t= 1039s active= 1039s free=59% swap=2674MB rss=2406MB
10:03:34 t= 1070s active= 1070s free=59% swap=2674MB rss=2406MB
10:04:05 t= 1100s active= 1100s free=59% swap=2674MB rss=2406MB
10:04:35 t= 1131s active= 1131s free=59% swap=2674MB rss=2406MB
10:05:06 t= 1161s active= 1161s free=59% swap=2674MB rss=2406MB
10:05:36 t= 1191s active= 1191s free=59% swap=2674MB rss=2406MB
10:06:07 t= 1222s active= 1222s free=59% swap=2674MB rss=2406MB
10:06:37 t= 1252s active= 1252s free=68% swap=2674MB rss=2406MB
10:07:08 t= 1283s active= 1283s free=64% swap=2674MB rss=2406MB
10:07:38 t= 1314s active= 1314s free=59% swap=2674MB rss=2406MB
10:08:09 t= 1344s active= 1344s free=60% swap=2674MB rss=2406MB
10:08:40 t= 1375s active= 1375s free=59% swap=2674MB rss=2406MB
10:09:10 t= 1405s active= 1405s free=59% swap=2674MB rss=2406MB
10:09:41 t= 1436s active= 1436s free=59% swap=2674MB rss=2406MB
10:10:11 t= 1467s active= 1467s free=59% swap=2674MB rss=2406MB
10:10:42 t= 1497s active= 1497s free=59% swap=2674MB rss=2407MB
10:11:13 t= 1528s active= 1528s free=59% swap=2674MB rss=2407MB
10:11:43 t= 1558s active= 1558s free=64% swap=2674MB rss=2407MB
10:12:14 t= 1589s active= 1589s free=60% swap=2674MB rss=2407MB
10:12:44 t= 1620s active= 1620s free=59% swap=2674MB rss=2504MB
10:13:15 t= 1650s active= 1650s free=68% swap=2674MB rss=2522MB
10:13:46 t= 1681s active= 1681s free=62% swap=2674MB rss=2522MB
10:14:16 t= 1711s active= 1711s free=64% swap=2674MB rss=2522MB
10:14:47 t= 1742s active= 1742s free=59% swap=2674MB rss=2522MB
10:15:17 t= 1773s active= 1773s free=59% swap=2674MB rss=2522MB
10:15:48 t= 1803s active= 1803s free=59% swap=2674MB rss=2522MB
10:16:19 t= 1834s active= 1834s free=59% swap=2674MB rss=2522MB
10:16:49 t= 1864s active= 1864s free=59% swap=2674MB rss=2522MB
10:17:20 t= 1895s active= 1895s free=59% swap=2674MB rss=2523MB
10:17:50 t= 1925s active= 1925s free=59% swap=2674MB rss=2523MB
10:18:21 t= 1956s active= 1956s free=59% swap=2674MB rss=2523MB
10:18:52 t= 1987s active= 1987s free=59% swap=2674MB rss=2523MB
10:19:22 t= 2017s active= 2017s free=60% swap=2674MB rss=2523MB
10:19:53 t= 2048s active= 2048s free=69% swap=2674MB rss=2522MB
10:20:23 t= 2078s active= 2078s free=66% swap=2674MB rss=2522MB
10:20:54 t= 2109s active= 2109s free=59% swap=2626MB rss=2522MB
10:21:24 t= 2139s active= 2139s free=59% swap=2626MB rss=2522MB
10:21:55 t= 2170s active= 2170s free=59% swap=2626MB rss=2522MB
10:22:25 t= 2200s active= 2200s free=59% swap=2626MB rss=2529MB
10:22:56 t= 2231s active= 2231s free=59% swap=2626MB rss=2529MB
10:23:26 t= 2261s active= 2261s free=59% swap=2626MB rss=2416MB
10:23:57 t= 2292s active= 2292s free=58% swap=2602MB rss=2163MB
10:24:27 t= 2323s active= 2323s free=60% swap=2602MB rss=2067MB
10:24:58 t= 2353s active= 2353s free=60% swap=2602MB rss=2140MB
10:25:28 t= 2383s active= 2383s free=60% swap=2602MB rss=2186MB
10:25:59 t= 2414s active= 2414s free=60% swap=2602MB rss=2239MB
10:26:29 t= 2444s active= 2444s free=69% swap=2602MB rss=2284MB
10:27:00 t= 2475s active= 2475s free=69% swap=2602MB rss=2281MB
10:27:30 t= 2505s active= 2505s free=65% swap=2546MB rss=2282MB
10:28:01 t= 2536s active= 2536s free=60% swap=2546MB rss=2282MB
10:28:31 t= 2566s active= 2566s free=60% swap=2546MB rss=2283MB
10:29:02 t= 2597s active= 2597s free=60% swap=2530MB rss=2262MB
10:29:32 t= 2627s active= 2627s free=59% swap=2530MB rss=2262MB
10:30:03 t= 2658s active= 2658s free=60% swap=2530MB rss=2263MB
10:30:33 t= 2689s active= 2689s free=59% swap=2530MB rss=2264MB
10:31:04 t= 2719s active= 2719s free=60% swap=2530MB rss=2264MB
10:31:35 t= 2750s active= 2750s free=59% swap=2530MB rss=2264MB
10:32:05 t= 2780s active= 2780s free=60% swap=2530MB rss=2264MB
10:32:36 t= 2811s active= 2811s free=60% swap=2530MB rss=2265MB
10:33:06 t= 2841s active= 2841s free=68% swap=2530MB rss=2264MB
10:33:36 t= 2872s active= 2872s free=69% swap=2530MB rss=2264MB
10:34:07 t= 2902s active= 2902s free=60% swap=2530MB rss=2264MB
10:34:37 t= 2933s active= 2933s free=60% swap=2530MB rss=2265MB
10:35:08 t= 2963s active= 2963s free=60% swap=2530MB rss=2265MB
10:35:39 t= 2994s active= 2994s free=58% swap=2514MB rss=2265MB
10:36:09 t= 3024s active= 3024s free=58% swap=2514MB rss=2265MB
10:36:40 t= 3055s active= 3055s free=59% swap=2514MB rss=2226MB
10:37:10 t= 3085s active= 3085s free=59% swap=2514MB rss=2257MB
10:37:41 t= 3116s active= 3116s free=58% swap=2514MB rss=2264MB
10:38:11 t= 3146s active= 3146s free=59% swap=2514MB rss=2265MB
10:38:42 t= 3177s active= 3177s free=58% swap=2514MB rss=2262MB
10:39:12 t= 3207s active= 3207s free=60% swap=2514MB rss=2263MB
10:39:43 t= 3238s active= 3238s free=69% swap=2514MB rss=2298MB
10:40:13 t= 3268s active= 3268s free=69% swap=2514MB rss=2298MB
10:40:44 t= 3299s active= 3299s free=73% swap=2514MB rss=2311MB
10:41:14 t= 3329s active= 3329s free=73% swap=2514MB rss=2313MB
10:41:45 t= 3360s active= 3360s free=73% swap=2514MB rss=2313MB
10:42:15 t= 3390s active= 3390s free=73% swap=2514MB rss=2313MB
10:42:46 t= 3421s active= 3421s free=69% swap=2514MB rss=2313MB
10:43:16 t= 3451s active= 3451s free=69% swap=2514MB rss=2313MB
10:43:46 t= 3482s active= 3482s free=73% swap=2514MB rss=2314MB
10:44:16 PAUSE (SIGSTOP): lid closed on battery power, active=3511s
10:44:17 t= 3512s active= 3511s free=74% swap=2514MB rss=2315MB PAUSED
10:45:50 t= 3605s active= 3511s free=83% swap=2514MB rss=2315MB PAUSED
10:46:22 t= 3637s active= 3511s free=83% swap=2514MB rss=2315MB PAUSED
10:46:59 t= 3674s active= 3511s free=83% swap=2514MB rss=2315MB PAUSED
10:47:31 t= 3706s active= 3511s free=83% swap=2514MB rss=2315MB PAUSED
10:48:03 t= 3738s active= 3511s free=83% swap=2514MB rss=2315MB PAUSED
10:48:34 t= 3769s active= 3511s free=83% swap=2514MB rss=2315MB PAUSED
10:49:13 t= 3809s active= 3511s free=83% swap=2514MB rss=2315MB PAUSED
10:49:45 t= 3840s active= 3511s free=83% swap=2506MB rss=2315MB PAUSED
11:07:28 t= 4903s active= 3511s free=83% swap=2506MB rss=2315MB PAUSED
11:21:57 t= 5772s active= 3511s free=83% swap=2498MB rss=2315MB PAUSED
11:22:29 t= 5804s active= 3511s free=83% swap=2498MB rss=2315MB PAUSED
11:37:44 t= 6719s active= 3511s free=77% swap=2498MB rss=2315MB PAUSED
11:38:15 t= 6751s active= 3511s free=84% swap=2490MB rss=2315MB PAUSED
11:46:57 t= 7272s active= 3511s free=84% swap=2490MB rss=2315MB PAUSED
11:47:29 t= 7304s active= 3511s free=85% swap=2490MB rss=2315MB PAUSED
11:48:16 t= 7351s active= 3511s free=84% swap=2490MB rss=2315MB PAUSED
11:48:47 t= 7382s active= 3511s free=85% swap=2490MB rss=2315MB PAUSED
11:51:43 t= 7559s active= 3511s free=80% swap=2490MB rss=2315MB PAUSED
11:52:15 t= 7590s active= 3511s free=84% swap=2490MB rss=2311MB PAUSED
12:07:30 t= 8506s active= 3511s free=84% swap=2490MB rss=2311MB PAUSED
12:08:02 t= 8537s active= 3511s free=84% swap=2490MB rss=2311MB PAUSED
12:08:36 t= 8571s active= 3511s free=84% swap=2490MB rss=2311MB PAUSED
12:09:08 t= 8603s active= 3511s free=84% swap=2490MB rss=2311MB PAUSED
12:09:39 t= 8634s active= 3511s free=85% swap=2490MB rss=2311MB PAUSED
12:11:44 t= 8759s active= 3511s free=84% swap=2490MB rss=2311MB PAUSED
12:12:15 t= 8790s active= 3511s free=85% swap=2490MB rss=2311MB PAUSED
12:14:06 t= 8902s active= 3511s free=84% swap=2490MB rss=2311MB PAUSED
12:14:38 t= 8933s active= 3511s free=85% swap=2490MB rss=2311MB PAUSED
12:15:11 t= 8966s active= 3511s free=78% swap=2490MB rss=2311MB PAUSED
12:16:22 t= 9037s active= 3511s free=84% swap=2490MB rss=2307MB PAUSED
12:16:53 t= 9068s active= 3511s free=85% swap=2490MB rss=2307MB PAUSED
12:33:12 t=10048s active= 3511s free=84% swap=2490MB rss=2307MB PAUSED
12:45:13 t=10769s active= 3511s free=84% swap=2490MB rss=2307MB PAUSED
12:45:45 t=10800s active= 3511s free=85% swap=2490MB rss=2304MB PAUSED
12:47:45 t=10920s active= 3511s free=84% swap=2490MB rss=2304MB PAUSED
12:48:16 t=10951s active= 3511s free=85% swap=2490MB rss=2304MB PAUSED
12:50:45 t=11100s active= 3511s free=84% swap=2490MB rss=2304MB PAUSED
12:51:16 t=11131s active= 3511s free=85% swap=2490MB rss=2304MB PAUSED
13:07:39 t=12114s active= 3511s free=84% swap=2490MB rss=2304MB PAUSED
13:22:44 t=13019s active= 3511s free=84% swap=2490MB rss=2304MB PAUSED
13:23:16 t=13051s active= 3511s free=85% swap=2490MB rss=2304MB PAUSED
13:26:39 t=13254s active= 3511s free=84% swap=2490MB rss=2304MB PAUSED
13:27:10 t=13285s active= 3511s free=85% swap=2490MB rss=2304MB PAUSED
13:42:28 t=14203s active= 3511s free=84% swap=2490MB rss=2304MB PAUSED
13:42:59 t=14234s active= 3511s free=85% swap=2490MB rss=2304MB PAUSED
13:46:14 t=14429s active= 3511s free=84% swap=2490MB rss=2304MB PAUSED
13:46:45 t=14460s active= 3511s free=85% swap=2490MB rss=2304MB PAUSED
13:51:53 t=14768s active= 3511s free=84% swap=2490MB rss=2304MB PAUSED
13:52:25 t=14800s active= 3511s free=85% swap=2490MB rss=2304MB PAUSED
14:07:41 t=15716s active= 3511s free=84% swap=2490MB rss=2304MB PAUSED
14:08:13 t=15748s active= 3511s free=85% swap=2490MB rss=2304MB PAUSED
14:08:46 t=15781s active= 3511s free=85% swap=2490MB rss=2304MB PAUSED
14:24:19 t=16714s active= 3511s free=84% swap=2490MB rss=2304MB PAUSED
14:24:51 t=16746s active= 3511s free=85% swap=2490MB rss=2304MB PAUSED
14:34:22 RESUME (SIGCONT): paused so far 1541s
14:34:22 t=17317s active= 3511s free=84% swap=2490MB rss=2304MB
14:34:52 t=17347s active= 3542s free=73% swap=2466MB rss=2246MB
14:35:23 t=17378s active= 3572s free=76% swap=2115MB rss=2246MB
14:35:53 t=17409s active= 3603s free=76% swap=2115MB rss=2247MB
14:36:24 t=17439s active= 3633s free=76% swap=2115MB rss=2248MB
14:36:54 t=17470s active= 3664s free=72% swap=2115MB rss=2248MB
14:37:25 t=17500s active= 3694s free=70% swap=2107MB rss=2243MB
14:37:56 t=17531s active= 3725s free=74% swap=2107MB rss=2244MB
14:38:26 t=17561s active= 3755s free=72% swap=2107MB rss=1376MB
14:38:57 t=17592s active= 3786s free=62% swap=2107MB rss=1376MB
14:39:27 t=17622s active= 3816s free=66% swap=2099MB rss=532MB
14:39:58 t=17653s active= 3847s free=71% swap=2099MB rss=536MB
14:40:28 t=17683s active= 3877s free=71% swap=2099MB rss=536MB
14:40:59 t=17714s active= 3908s free=72% swap=2099MB rss=537MB
14:41:29 t=17744s active= 3939s free=69% swap=2091MB rss=538MB
14:42:00 t=17775s active= 3969s free=71% swap=2091MB rss=513MB
14:42:30 t=17805s active= 4000s free=72% swap=2091MB rss=516MB
14:43:01 t=17836s active= 4030s free=70% swap=2091MB rss=518MB
14:43:31 t=17866s active= 4061s free=71% swap=2091MB rss=492MB
14:44:02 t=17897s active= 4091s free=71% swap=2091MB rss=493MB
14:44:32 t=17927s active= 4122s free=72% swap=2091MB rss=494MB
14:45:03 t=17958s active= 4152s free=71% swap=2091MB rss=493MB
14:45:33 t=17988s active= 4183s free=71% swap=2091MB rss=495MB
14:46:04 t=18019s active= 4213s free=72% swap=2091MB rss=495MB
14:46:34 t=18050s active= 4244s free=70% swap=2091MB rss=480MB
14:47:05 t=18080s active= 4274s free=70% swap=2091MB rss=480MB
14:47:35 t=18111s active= 4305s free=70% swap=2091MB rss=481MB
14:48:06 t=18141s active= 4335s free=70% swap=2091MB rss=481MB
14:48:36 t=18172s active= 4366s free=71% swap=2091MB rss=482MB
14:49:07 t=18202s active= 4396s free=71% swap=2091MB rss=482MB
14:49:37 t=18233s active= 4427s free=71% swap=2091MB rss=483MB
14:50:08 t=18263s active= 4457s free=71% swap=2091MB rss=484MB
14:50:38 t=18294s active= 4488s free=71% swap=2091MB rss=485MB
14:51:09 t=18324s active= 4518s free=66% swap=2091MB rss=512MB
14:51:39 t=18355s active= 4549s free=57% swap=2091MB rss=494MB
14:52:10 t=18385s active= 4579s free=61% swap=2091MB rss=495MB
14:52:41 t=18416s active= 4610s free=62% swap=2091MB rss=496MB
14:53:11 t=18446s active= 4640s free=56% swap=2091MB rss=505MB
14:53:42 t=18477s active= 4671s free=65% swap=2091MB rss=507MB
14:54:12 t=18507s active= 4701s free=64% swap=2083MB rss=508MB
14:54:43 t=18538s active= 4732s free=58% swap=2075MB rss=365MB
14:55:13 t=18568s active= 4762s free=59% swap=2075MB rss=366MB
14:55:40 end exit=0 killed=None active=4789s paused=1541s pauses=1 min_free=47% max_swap=2754MB peak_rss=2529MB
