05:26:47 start free=76% swap=0MB cmd=/Users/brohm/Documents/Projects/video-editor/.venv/bin/python run_battery.py tiiuae/Falcon-H1-Tiny-90M-Instruct --device cpu --shared --sets old,khard
05:27:17 t=   30s free=76% swap=0MB rss=1181MB
05:27:47 t=   60s free=76% swap=0MB rss=1180MB
05:28:17 t=   90s free=76% swap=0MB rss=1180MB
05:28:47 t=  120s free=76% swap=0MB rss=1180MB
05:29:17 t=  150s free=76% swap=0MB rss=1181MB
05:29:47 t=  181s free=76% swap=0MB rss=1181MB
05:30:17 t=  211s free=76% swap=0MB rss=1181MB
05:30:47 t=  241s free=76% swap=0MB rss=1181MB
05:31:17 t=  271s free=76% swap=0MB rss=1181MB
05:31:48 t=  301s free=76% swap=0MB rss=1877MB
05:32:18 t=  331s free=76% swap=0MB rss=1360MB
05:32:48 t=  361s free=76% swap=0MB rss=1429MB
05:33:18 t=  391s free=76% swap=0MB rss=1598MB
05:33:48 t=  421s free=76% swap=0MB rss=1405MB
05:34:18 t=  451s free=76% swap=0MB rss=1551MB
05:34:48 t=  481s free=76% swap=0MB rss=1312MB
05:35:18 t=  512s free=76% swap=0MB rss=1433MB
05:35:48 t=  542s free=76% swap=0MB rss=1370MB
05:36:18 t=  572s free=76% swap=0MB rss=1342MB
05:36:48 t=  602s free=76% swap=0MB rss=1364MB
05:37:19 t=  632s free=76% swap=0MB rss=1389MB
05:37:49 t=  662s free=76% swap=0MB rss=1330MB
05:38:19 t=  692s free=76% swap=0MB rss=1576MB
05:38:49 t=  722s free=76% swap=0MB rss=1659MB
05:39:19 t=  752s free=76% swap=0MB rss=1656MB
05:39:49 t=  782s free=76% swap=0MB rss=1575MB
05:40:19 t=  812s free=76% swap=0MB rss=2058MB
05:40:49 t=  843s free=76% swap=0MB rss=2050MB
05:41:19 t=  873s free=76% swap=0MB rss=1563MB
05:41:50 t=  903s free=76% swap=0MB rss=1985MB
05:42:20 t=  933s free=76% swap=0MB rss=1555MB
05:42:50 t=  963s free=76% swap=0MB rss=2055MB
05:43:20 t=  993s free=76% swap=0MB rss=1811MB
05:43:50 t= 1023s free=76% swap=0MB rss=1660MB
05:44:20 t= 1053s free=76% swap=0MB rss=1604MB
05:44:50 t= 1083s free=76% swap=0MB rss=1708MB
05:45:20 t= 1114s free=76% swap=0MB rss=1919MB
05:45:50 t= 1144s free=76% swap=0MB rss=2038MB
05:46:20 t= 1174s free=76% swap=0MB rss=2233MB
05:46:51 t= 1204s free=76% swap=0MB rss=2177MB
05:47:21 t= 1234s free=76% swap=0MB rss=1914MB
05:47:51 t= 1264s free=76% swap=0MB rss=1701MB
05:48:21 t= 1294s free=76% swap=0MB rss=1740MB
05:48:51 t= 1324s free=76% swap=0MB rss=1037MB
05:49:21 t= 1354s free=76% swap=0MB rss=1243MB
05:49:51 t= 1384s free=76% swap=0MB rss=1243MB
05:50:21 t= 1415s free=76% swap=0MB rss=0MB
05:50:21 end exit=0 killed=None min_free=76% max_swap=0MB peak_rss=2295MB
