05:50:21 start free=76% swap=0MB cmd=/Users/brohm/Documents/Projects/video-editor/.venv/bin/python run_battery.py LiquidAI/LFM2-2.6B --sets new --dtype bf16
05:50:52 t=   30s free=53% swap=0MB rss=384MB
05:51:22 t=   60s free=53% swap=0MB rss=406MB
05:51:52 t=   90s free=49% swap=0MB rss=434MB
05:52:22 t=  120s free=49% swap=0MB rss=508MB
05:52:52 t=  150s free=49% swap=0MB rss=512MB
05:53:22 t=  181s free=49% swap=0MB rss=513MB
05:53:52 t=  211s free=49% swap=0MB rss=513MB
05:54:22 t=  241s free=49% swap=0MB rss=529MB
05:54:52 t=  271s free=49% swap=0MB rss=542MB
05:55:22 t=  301s free=49% swap=0MB rss=542MB
05:55:52 t=  331s free=53% swap=0MB rss=543MB
05:56:22 t=  361s free=53% swap=0MB rss=543MB
05:56:53 t=  391s free=49% swap=0MB rss=543MB
05:57:23 t=  421s free=49% swap=0MB rss=543MB
05:57:53 t=  451s free=49% swap=0MB rss=543MB
05:58:23 t=  481s free=49% swap=0MB rss=543MB
05:58:53 t=  511s free=49% swap=0MB rss=562MB
05:59:23 t=  541s free=49% swap=0MB rss=563MB
05:59:53 t=  572s free=49% swap=0MB rss=563MB
06:00:23 t=  602s free=49% swap=0MB rss=563MB
06:00:53 t=  632s free=53% swap=0MB rss=573MB
06:01:23 t=  662s free=53% swap=0MB rss=573MB
06:01:53 t=  692s free=49% swap=0MB rss=573MB
06:02:23 t=  722s free=49% swap=0MB rss=574MB
06:02:54 t=  752s free=49% swap=0MB rss=574MB
06:03:24 t=  782s free=49% swap=0MB rss=574MB
06:03:54 t=  812s free=49% swap=0MB rss=574MB
06:04:24 t=  842s free=49% swap=0MB rss=574MB
06:04:54 t=  872s free=49% swap=0MB rss=574MB
06:05:24 t=  902s free=49% swap=0MB rss=574MB
06:05:54 t=  933s free=49% swap=0MB rss=574MB
06:06:24 t=  963s free=49% swap=0MB rss=574MB
06:06:54 t=  993s free=49% swap=0MB rss=574MB
06:07:24 t= 1023s free=53% swap=0MB rss=574MB
06:07:54 t= 1053s free=49% swap=0MB rss=574MB
06:08:24 t= 1083s free=49% swap=0MB rss=574MB
06:08:54 t= 1113s free=49% swap=0MB rss=574MB
06:09:25 t= 1143s free=49% swap=0MB rss=574MB
06:09:55 t= 1173s free=49% swap=0MB rss=575MB
06:10:25 t= 1203s free=49% swap=0MB rss=575MB
06:10:55 t= 1233s free=49% swap=0MB rss=575MB
06:11:25 t= 1263s free=49% swap=0MB rss=575MB
06:11:55 t= 1293s free=49% swap=0MB rss=575MB
06:12:25 t= 1324s free=49% swap=0MB rss=575MB
06:12:40 end exit=0 killed=None min_free=48% max_swap=0MB peak_rss=575MB
