02:36:01 start free=79% swap=0MB cmd=/Users/brohm/Documents/Projects/video-editor/.venv/bin/python run_battery.py LiquidAI/LFM2-700M --sets new,old,khard
02:36:31 t=   30s free=65% swap=0MB rss=823MB
02:37:01 t=   60s free=61% swap=0MB rss=694MB
02:37:31 t=   90s free=61% swap=0MB rss=758MB
02:38:01 t=  120s free=61% swap=0MB rss=798MB
02:38:32 t=  150s free=61% swap=0MB rss=799MB
02:39:02 t=  181s free=61% swap=0MB rss=799MB
02:39:32 t=  211s free=61% swap=0MB rss=811MB
02:40:02 t=  241s free=61% swap=0MB rss=828MB
02:40:32 t=  271s free=61% swap=0MB rss=828MB
02:41:02 t=  301s free=65% swap=0MB rss=828MB
02:41:32 t=  331s free=61% swap=0MB rss=828MB
02:42:02 t=  361s free=61% swap=0MB rss=828MB
02:42:32 t=  391s free=61% swap=0MB rss=828MB
02:43:02 t=  421s free=61% swap=0MB rss=828MB
02:43:32 t=  451s free=61% swap=0MB rss=847MB
02:44:02 t=  481s free=61% swap=0MB rss=847MB
02:44:33 t=  511s free=61% swap=0MB rss=847MB
02:45:03 t=  542s free=61% swap=0MB rss=847MB
02:45:33 t=  572s free=65% swap=0MB rss=850MB
02:46:03 t=  602s free=65% swap=0MB rss=850MB
02:46:33 t=  632s free=61% swap=0MB rss=850MB
02:47:03 t=  662s free=61% swap=0MB rss=851MB
02:47:33 t=  692s free=65% swap=0MB rss=851MB
02:48:03 t=  722s free=61% swap=0MB rss=851MB
02:48:33 t=  752s free=61% swap=0MB rss=851MB
02:49:03 t=  782s free=61% swap=0MB rss=851MB
02:49:33 t=  812s free=61% swap=0MB rss=851MB
02:50:03 t=  842s free=61% swap=0MB rss=851MB
02:50:33 t=  872s free=61% swap=0MB rss=851MB
02:51:04 t=  902s free=65% swap=0MB rss=851MB
02:51:34 t=  933s free=61% swap=0MB rss=851MB
02:52:04 t=  963s free=61% swap=0MB rss=851MB
02:52:34 t=  993s free=61% swap=0MB rss=851MB
02:53:04 t= 1023s free=61% swap=0MB rss=851MB
02:53:34 t= 1053s free=61% swap=0MB rss=851MB
02:54:04 t= 1083s free=61% swap=0MB rss=851MB
02:54:34 t= 1113s free=61% swap=0MB rss=851MB
02:55:04 t= 1143s free=61% swap=0MB rss=851MB
02:55:34 t= 1173s free=61% swap=0MB rss=851MB
02:56:04 t= 1203s free=61% swap=0MB rss=852MB
02:56:34 t= 1233s free=61% swap=0MB rss=855MB
02:57:05 t= 1263s free=61% swap=0MB rss=855MB
02:57:35 t= 1294s free=61% swap=0MB rss=855MB
02:58:05 t= 1324s free=61% swap=0MB rss=855MB
02:58:35 t= 1354s free=61% swap=0MB rss=855MB
02:59:05 t= 1384s free=61% swap=0MB rss=865MB
02:59:35 t= 1414s free=66% swap=0MB rss=865MB
03:00:05 t= 1444s free=65% swap=0MB rss=865MB
03:00:35 t= 1474s free=61% swap=0MB rss=865MB
03:01:05 t= 1504s free=65% swap=0MB rss=866MB
03:01:10 end exit=0 killed=None min_free=61% max_swap=0MB peak_rss=2275MB
