03:01:55 start free=78% swap=0MB cmd=/Users/brohm/Documents/Projects/video-editor/.venv/bin/python run_battery.py LiquidAI/LFM2-1.2B --sets new,old,khard
03:02:26 t=   30s free=38% swap=0MB rss=334MB
03:02:56 t=   60s free=38% swap=0MB rss=357MB
03:03:26 t=   90s free=50% swap=0MB rss=368MB
03:03:56 t=  120s free=50% swap=0MB rss=390MB
03:04:26 t=  150s free=50% swap=0MB rss=442MB
03:04:56 t=  181s free=50% swap=0MB rss=474MB
03:05:26 t=  211s free=50% swap=0MB rss=474MB
03:05:56 t=  241s free=50% swap=0MB rss=475MB
03:06:26 t=  271s free=50% swap=0MB rss=475MB
03:06:56 t=  301s free=50% swap=0MB rss=475MB
03:07:26 t=  331s free=50% swap=0MB rss=489MB
03:07:56 t=  361s free=50% swap=0MB rss=504MB
03:08:27 t=  391s free=50% swap=0MB rss=504MB
03:08:57 t=  421s free=50% swap=0MB rss=504MB
03:09:27 t=  451s free=55% swap=0MB rss=504MB
03:09:57 t=  481s free=55% swap=0MB rss=505MB
03:10:27 t=  511s free=55% swap=0MB rss=505MB
03:10:57 t=  541s free=49% swap=0MB rss=505MB
03:11:27 t=  572s free=51% swap=0MB rss=505MB
03:11:57 t=  602s free=51% swap=0MB rss=505MB
03:12:27 t=  632s free=51% swap=0MB rss=505MB
03:12:57 t=  662s free=46% swap=0MB rss=505MB
03:13:27 t=  692s free=51% swap=0MB rss=509MB
03:13:57 t=  722s free=50% swap=0MB rss=525MB
03:14:28 t=  752s free=50% swap=0MB rss=525MB
03:14:58 t=  782s free=50% swap=0MB rss=525MB
03:15:28 t=  812s free=50% swap=0MB rss=525MB
03:15:58 t=  842s free=50% swap=0MB rss=525MB
03:16:28 t=  872s free=50% swap=0MB rss=525MB
03:16:58 t=  902s free=51% swap=0MB rss=537MB
03:17:28 t=  933s free=55% swap=0MB rss=537MB
03:17:58 t=  963s free=51% swap=0MB rss=537MB
03:18:28 t=  993s free=51% swap=0MB rss=537MB
03:18:58 t= 1023s free=51% swap=0MB rss=537MB
03:19:28 t= 1053s free=51% swap=0MB rss=538MB
03:19:58 t= 1083s free=51% swap=0MB rss=537MB
03:20:28 t= 1113s free=51% swap=0MB rss=537MB
03:20:59 t= 1143s free=51% swap=0MB rss=538MB
03:21:29 t= 1173s free=51% swap=0MB rss=538MB
03:21:59 t= 1203s free=47% swap=0MB rss=538MB
03:22:29 t= 1233s free=51% swap=0MB rss=538MB
03:22:59 t= 1263s free=51% swap=0MB rss=538MB
03:23:29 t= 1294s free=51% swap=0MB rss=538MB
03:23:59 t= 1324s free=51% swap=0MB rss=538MB
03:24:29 t= 1354s free=51% swap=0MB rss=538MB
03:24:59 t= 1384s free=51% swap=0MB rss=538MB
03:25:29 t= 1414s free=51% swap=0MB rss=538MB
03:25:59 t= 1444s free=51% swap=0MB rss=538MB
03:26:29 t= 1474s free=51% swap=0MB rss=538MB
03:26:59 t= 1504s free=51% swap=0MB rss=538MB
03:27:30 t= 1534s free=51% swap=0MB rss=538MB
03:28:00 t= 1564s free=51% swap=0MB rss=538MB
03:28:30 t= 1594s free=51% swap=0MB rss=538MB
03:29:00 t= 1624s free=55% swap=0MB rss=538MB
03:29:30 t= 1654s free=47% swap=0MB rss=538MB
03:30:00 t= 1685s free=51% swap=0MB rss=538MB
03:30:30 t= 1715s free=51% swap=0MB rss=538MB
03:31:00 t= 1745s free=51% swap=0MB rss=538MB
03:31:30 t= 1775s free=51% swap=0MB rss=538MB
03:32:00 t= 1805s free=51% swap=0MB rss=538MB
03:32:30 t= 1835s free=51% swap=0MB rss=539MB
03:33:00 t= 1865s free=51% swap=0MB rss=539MB
03:33:31 t= 1895s free=51% swap=0MB rss=545MB
03:34:01 t= 1925s free=51% swap=0MB rss=546MB
03:34:31 t= 1955s free=51% swap=0MB rss=546MB
03:35:01 t= 1985s free=51% swap=0MB rss=546MB
03:35:31 t= 2015s free=51% swap=0MB rss=546MB
03:36:01 t= 2046s free=51% swap=0MB rss=546MB
03:36:31 t= 2076s free=51% swap=0MB rss=546MB
03:37:01 t= 2106s free=51% swap=0MB rss=546MB
03:37:31 t= 2136s free=56% swap=0MB rss=556MB
03:38:01 t= 2166s free=56% swap=0MB rss=556MB
03:38:31 t= 2196s free=56% swap=0MB rss=556MB
03:39:01 t= 2226s free=51% swap=0MB rss=556MB
03:39:31 t= 2256s free=51% swap=0MB rss=556MB
03:40:02 t= 2286s free=51% swap=0MB rss=556MB
03:40:32 t= 2316s free=51% swap=0MB rss=556MB
03:41:02 t= 2346s free=56% swap=0MB rss=557MB
03:41:07 end exit=0 killed=None min_free=38% max_swap=0MB peak_rss=557MB
