04:38:52 start free=75% swap=0MB cmd=/Users/brohm/Documents/Projects/video-editor/.venv/bin/python run_battery.py tiiuae/Falcon-H1-Tiny-90M-Instruct --device cpu --shared --sets new
04:39:22 t=   30s free=75% swap=0MB rss=1490MB
04:39:52 t=   60s free=75% swap=0MB rss=1629MB
04:40:22 t=   90s free=75% swap=0MB rss=1485MB
04:40:52 t=  120s free=75% swap=0MB rss=1182MB
04:41:22 t=  150s free=75% swap=0MB rss=1900MB
04:41:52 t=  181s free=75% swap=0MB rss=1909MB
04:42:22 t=  211s free=75% swap=0MB rss=1836MB
04:42:53 t=  241s free=75% swap=0MB rss=1710MB
04:43:23 t=  271s free=75% swap=0MB rss=1656MB
04:43:53 t=  301s free=75% swap=0MB rss=1611MB
04:44:23 t=  331s free=75% swap=0MB rss=1661MB
04:44:53 t=  361s free=75% swap=0MB rss=1949MB
04:45:23 t=  391s free=75% swap=0MB rss=1899MB
04:45:53 t=  421s free=75% swap=0MB rss=1731MB
04:46:23 t=  452s free=76% swap=0MB rss=2085MB
04:46:53 t=  482s free=76% swap=0MB rss=1935MB
04:47:23 t=  512s free=76% swap=0MB rss=1742MB
04:47:54 t=  542s free=76% swap=0MB rss=1952MB
04:48:24 t=  572s free=76% swap=0MB rss=2072MB
04:48:54 t=  602s free=76% swap=0MB rss=2072MB
04:49:24 t=  632s free=76% swap=0MB rss=1556MB
04:49:54 t=  662s free=76% swap=0MB rss=1913MB
04:50:24 t=  692s free=76% swap=0MB rss=1297MB
04:50:54 t=  722s free=76% swap=0MB rss=1468MB
04:51:24 t=  753s free=76% swap=0MB rss=1492MB
04:51:54 t=  783s free=76% swap=0MB rss=1317MB
04:52:24 t=  813s free=76% swap=0MB rss=1465MB
04:52:55 t=  843s free=76% swap=0MB rss=1727MB
04:53:25 t=  873s free=76% swap=0MB rss=1775MB
04:53:55 t=  903s free=76% swap=0MB rss=1382MB
04:54:25 t=  933s free=76% swap=0MB rss=1470MB
04:54:55 t=  963s free=76% swap=0MB rss=1679MB
04:55:25 t=  993s free=76% swap=0MB rss=1534MB
04:55:55 t= 1023s free=76% swap=0MB rss=1377MB
04:56:25 t= 1053s free=76% swap=0MB rss=2910MB
04:56:55 t= 1084s free=76% swap=0MB rss=2129MB
04:57:25 t= 1114s free=76% swap=0MB rss=1742MB
04:57:56 t= 1144s free=76% swap=0MB rss=2348MB
04:58:26 t= 1174s free=76% swap=0MB rss=1637MB
04:58:56 t= 1204s free=76% swap=0MB rss=2080MB
04:59:26 t= 1234s free=76% swap=0MB rss=1924MB
04:59:56 t= 1264s free=76% swap=0MB rss=1748MB
05:00:26 t= 1294s free=76% swap=0MB rss=2540MB
05:00:56 t= 1324s free=76% swap=0MB rss=1880MB
05:01:26 t= 1355s free=76% swap=0MB rss=1616MB
05:01:56 t= 1385s free=76% swap=0MB rss=1477MB
05:02:26 t= 1415s free=76% swap=0MB rss=1475MB
05:02:57 t= 1445s free=76% swap=0MB rss=1643MB
05:03:27 t= 1475s free=76% swap=0MB rss=1595MB
05:03:57 t= 1505s free=76% swap=0MB rss=1475MB
05:04:27 t= 1535s free=76% swap=0MB rss=1804MB
05:04:57 t= 1565s free=76% swap=0MB rss=1782MB
05:05:27 t= 1595s free=76% swap=0MB rss=1974MB
05:05:57 t= 1625s free=76% swap=0MB rss=1924MB
05:06:27 t= 1656s free=76% swap=0MB rss=1712MB
05:06:57 t= 1686s free=76% swap=0MB rss=1855MB
05:07:28 t= 1716s free=76% swap=0MB rss=1802MB
05:07:58 t= 1746s free=76% swap=0MB rss=1557MB
05:08:28 t= 1776s free=76% swap=0MB rss=2420MB
05:08:58 t= 1806s free=76% swap=0MB rss=2158MB
05:09:28 t= 1836s free=76% swap=0MB rss=2149MB
05:09:58 t= 1866s free=76% swap=0MB rss=2360MB
05:10:28 t= 1896s free=76% swap=0MB rss=2358MB
05:10:58 t= 1926s free=76% swap=0MB rss=2431MB
05:11:28 t= 1957s free=76% swap=0MB rss=2375MB
05:11:58 t= 1987s free=76% swap=0MB rss=1843MB
05:12:29 t= 2017s free=76% swap=0MB rss=2634MB
05:12:59 t= 2047s free=76% swap=0MB rss=1947MB
05:13:29 t= 2077s free=76% swap=0MB rss=2544MB
05:13:59 t= 2107s free=76% swap=0MB rss=1996MB
05:14:29 t= 2137s free=76% swap=0MB rss=1789MB
05:14:59 t= 2167s free=76% swap=0MB rss=1546MB
05:15:29 t= 2197s free=76% swap=0MB rss=1545MB
05:15:59 t= 2228s free=76% swap=0MB rss=1473MB
05:16:29 t= 2258s free=76% swap=0MB rss=1398MB
05:16:59 t= 2288s free=76% swap=0MB rss=1809MB
05:17:30 t= 2318s free=76% swap=0MB rss=1635MB
05:18:00 t= 2348s free=76% swap=0MB rss=1857MB
05:18:30 t= 2378s free=76% swap=0MB rss=1564MB
05:19:00 t= 2408s free=76% swap=0MB rss=1926MB
05:19:30 t= 2438s free=76% swap=0MB rss=1784MB
05:20:00 t= 2468s free=76% swap=0MB rss=1638MB
05:20:30 t= 2498s free=76% swap=0MB rss=1812MB
05:21:00 t= 2529s free=76% swap=0MB rss=2433MB
05:21:30 t= 2559s free=76% swap=0MB rss=2383MB
05:22:01 t= 2589s free=76% swap=0MB rss=2637MB
05:22:31 t= 2619s free=76% swap=0MB rss=2344MB
05:23:01 t= 2649s free=76% swap=0MB rss=2359MB
05:23:31 t= 2679s free=76% swap=0MB rss=2357MB
05:24:01 t= 2709s free=76% swap=0MB rss=2165MB
05:24:31 t= 2739s free=76% swap=0MB rss=2157MB
05:25:01 t= 2769s free=76% swap=0MB rss=2173MB
05:25:31 t= 2799s free=76% swap=0MB rss=2550MB
05:26:01 t= 2830s free=76% swap=0MB rss=2073MB
05:26:31 t= 2860s free=76% swap=0MB rss=1940MB
05:26:46 end exit=0 killed=None min_free=75% max_swap=0MB peak_rss=2910MB
