Loading weights:   0%|          | 0/386 [00:00<?, ?it/s]Loading weights: 100%|██████████| 386/386 [00:00<00:00, 6963.36it/s]
loaded tiiuae/Falcon-H1-Tiny-90M-Instruct params=91.1M device=mps eos=[228, 11] in 0.5s
/Users/brohm/Documents/Projects/video-editor/.venv/lib/python3.12/site-packages/torch/nn/functional.py:5823: UserWarning: MPS: The constant padding of more than 3 dimensions is not currently supported natively. It uses View Ops default implementation to run. This may have performance implications. (Triggered internally at /Users/runner/work/pytorch/pytorch/aten/src/ATen/native/mps/operations/Pad.mm:567.)
  return torch._C._nn.pad(input, pad, mode, value)
[transformers] Ignoring clean_up_tokenization_spaces=True for BPE tokenizer TokenizersBackend. The clean_up_tokenization post-processing step is designed for WordPiece tokenizers and is destructive for BPE (it strips spaces before punctuation). Set clean_up_tokenization_spaces=False to suppress this warning, or set clean_up_tokenization_spaces_for_bpe_even_though_it_will_corrupt_output=True to force cleanup anyway.
[    14s] seed=0 R_d2_name                  1/1 tok=500
[    17s] seed=0 R_d2_name__ctrl            1/1 tok=42
[    32s] seed=0 R_d2_number                0/1 tok=480
[    35s] seed=0 R_d2_number__ctrl          0/1 tok=34
[    60s] seed=0 R_d4_pet                   1/1 tok=769
[    63s] seed=0 R_d4_pet__ctrl             0/1 tok=33
[    89s] seed=0 R_d4_city                  0/1 tok=774
[    92s] seed=0 R_d4_city__ctrl            1/1 tok=33
[   129s] seed=0 R_d6_name                  0/1 tok=1056
[   132s] seed=0 R_d6_name__ctrl            0/1 tok=33
[   170s] seed=0 R_d6_number                0/1 tok=1052
[   173s] seed=0 R_d6_number__ctrl          0/1 tok=39
[   236s] seed=0 R_d10_pet                  0/1 tok=1453
[   238s] seed=0 R_d10_pet__ctrl            1/1 tok=31
[   257s] seed=0 R_d5_multi                 0/3 tok=798
[   259s] seed=0 R_d5_multi__ctrl           2/3 tok=53
[   262s] seed=0 F_ellipsis_capital         2/2 tok=82
[   263s] seed=0 F_ellipsis_capital__ctrl   1/1 tok=17
[   265s] seed=0 F_translate                0/2 tok=65
[   267s] seed=0 F_translate__ctrl          0/1 tok=23
[   272s] seed=0 F_coref_she                1/1 tok=206
[   274s] seed=0 F_coref_she__ctrl          0/1 tok=34
[   278s] seed=0 F_whynot                   1/1 tok=197
[   281s] seed=0 F_whynot__ctrl             0/1 tok=23
[   282s] seed=0 F_shorter                  1/1 tok=64
[   283s] seed=0 F_shorter__ctrl            1/1 tok=22
[   291s] seed=0 I_one_sentence             0/3 tok=328
[   291s] seed=0 I_one_sentence__ctrl       0/1 tok=20
[   304s] seed=0 I_end_question             0/3 tok=571
[   305s] seed=0 I_end_question__ctrl       1/1 tok=32
[   310s] seed=0 I_caps                     3/3 tok=194
[   311s] seed=0 I_caps__ctrl               0/1 tok=21
[   322s] seed=0 I_persona                  2/5 tok=584
[   323s] seed=0 I_persona__ctrl            0/2 tok=44
[   337s] seed=0 K_day                      1/1 tok=509
[   339s] seed=0 K_day__ctrl                1/1 tok=46
[   356s] seed=0 K_time                     0/1 tok=529
[   359s] seed=0 K_time__ctrl               1/1 tok=44
[   376s] seed=0 K_color                    0/1 tok=528
[   379s] seed=0 K_color__ctrl              0/1 tok=42
[   382s] seed=0 O_second_item              1/1 tok=150
[   385s] seed=0 O_last_item                0/1 tok=62
[   389s] seed=0 O_add10                    2/2 tok=172
[   390s] seed=0 O_add10__ctrl              1/1 tok=24
[   399s] seed=0 RI_identity                1/2 tok=386
[   407s] seed=0 RI_binding                 0/1 tok=286
[   409s] seed=0 RI_binding__ctrl           1/1 tok=31
[   422s] seed=0 T_party                    1/1 tok=585
[   423s] seed=0 T_party__ctrl              1/1 tok=45
[   436s] seed=0 T_dragon                   1/2 tok=594
[   438s] seed=0 T_dragon__ctrl             2/2 tok=46
[   466s] seed=0 L_tell_more                0/0 tok=1093
[   489s] seed=0 L_chitchat                 0/1 tok=970
[   502s] seed=1 R_d2_name                  1/1 tok=501
[   505s] seed=1 R_d2_name__ctrl            1/1 tok=42
[   520s] seed=1 R_d2_number                0/1 tok=482
[   523s] seed=1 R_d2_number__ctrl          0/1 tok=34
[   549s] seed=1 R_d4_pet                   0/1 tok=769
[   551s] seed=1 R_d4_pet__ctrl             0/1 tok=33
[   577s] seed=1 R_d4_city                  1/1 tok=772
[   580s] seed=1 R_d4_city__ctrl            1/1 tok=33
[   618s] seed=1 R_d6_name                  0/1 tok=1058
[   621s] seed=1 R_d6_name__ctrl            1/1 tok=33
[   660s] seed=1 R_d6_number                0/1 tok=1053
[   663s] seed=1 R_d6_number__ctrl          0/1 tok=39
[   726s] seed=1 R_d10_pet                  1/1 tok=1512
[   728s] seed=1 R_d10_pet__ctrl            0/1 tok=31
[   753s] seed=1 R_d5_multi                 3/3 tok=933
[   755s] seed=1 R_d5_multi__ctrl           2/3 tok=53
[   758s] seed=1 F_ellipsis_capital         2/2 tok=74
[   759s] seed=1 F_ellipsis_capital__ctrl   1/1 tok=17
[   763s] seed=1 F_translate                0/2 tok=172
[   764s] seed=1 F_translate__ctrl          0/1 tok=23
[   767s] seed=1 F_coref_she                1/1 tok=206
[   769s] seed=1 F_coref_she__ctrl          0/1 tok=34
[   774s] seed=1 F_whynot                   0/1 tok=197
[   776s] seed=1 F_whynot__ctrl             1/1 tok=23
[   777s] seed=1 F_shorter                  1/1 tok=76
[   778s] seed=1 F_shorter__ctrl            0/1 tok=22
[   785s] seed=1 I_one_sentence             0/3 tok=299
[   786s] seed=1 I_one_sentence__ctrl       1/1 tok=20
[   790s] seed=1 I_end_question             2/3 tok=211
[   792s] seed=1 I_end_question__ctrl       0/1 tok=32
[   796s] seed=1 I_caps                     3/3 tok=146
[   796s] seed=1 I_caps__ctrl               1/1 tok=21
[   807s] seed=1 I_persona                  2/5 tok=584
[   808s] seed=1 I_persona__ctrl            1/2 tok=44
[   817s] seed=1 K_day                      1/1 tok=343
[   820s] seed=1 K_day__ctrl                1/1 tok=46
[   837s] seed=1 K_time                     0/1 tok=529
[   840s] seed=1 K_time__ctrl               0/1 tok=44
[   856s] seed=1 K_color                    0/1 tok=527
[   859s] seed=1 K_color__ctrl              0/1 tok=42
[   861s] seed=1 O_second_item              1/1 tok=91
[   863s] seed=1 O_last_item                0/1 tok=66
[   867s] seed=1 O_add10                    1/2 tok=199
[   869s] seed=1 O_add10__ctrl              1/1 tok=24
[   878s] seed=1 RI_identity                0/2 tok=387
[   888s] seed=1 RI_binding                 1/1 tok=345
[   891s] seed=1 RI_binding__ctrl           1/1 tok=31
[   900s] seed=1 T_party                    1/1 tok=479
[   902s] seed=1 T_party__ctrl              1/1 tok=45
[   914s] seed=1 T_dragon                   2/2 tok=592
[   917s] seed=1 T_dragon__ctrl             1/2 tok=46
[   944s] seed=1 L_tell_more                0/0 tok=1095
[   971s] seed=1 L_chitchat                 0/1 tok=1137
done tiiuae/Falcon-H1-Tiny-90M-Instruct in 971s -> /Users/brohm/Documents/Projects/maxgpt-planck/experiments/E001_battery_and_probes/transcripts/tiiuae__Falcon-H1-Tiny-90M-Instruct__sampled.jsonl
