Loading weights:   0%|          | 0/132 [00:00<?, ?it/s]Loading weights: 100%|██████████| 132/132 [00:00<00:00, 4288.09it/s]
loaded LiquidAI/LFM2.5-230M params=229.7M device=mps eos=[7] in 0.4s
[transformers] The following generation flags are not valid and may be ignored: ['temperature']. Set `TRANSFORMERS_VERBOSITY=info` for more details.
[     4s] seed=None R_d2_name                  0/1 tok=387
[     5s] seed=None R_d2_name__ctrl            0/1 tok=40
[     9s] seed=None R_d2_number                0/1 tok=369
[    10s] seed=None R_d2_number__ctrl          0/1 tok=29
[    17s] seed=None R_d4_pet                   1/1 tok=755
[    18s] seed=None R_d4_pet__ctrl             1/1 tok=30
[    25s] seed=None R_d4_city                  1/1 tok=680
[    25s] seed=None R_d4_city__ctrl            1/1 tok=30
[    35s] seed=None R_d6_name                  0/1 tok=929
[    36s] seed=None R_d6_name__ctrl            0/1 tok=28
[    48s] seed=None R_d6_number                0/1 tok=1035
[    48s] seed=None R_d6_number__ctrl          1/1 tok=35
[    64s] seed=None R_d10_pet                  0/1 tok=1474
[    64s] seed=None R_d10_pet__ctrl            1/1 tok=28
[    72s] seed=None R_d5_multi                 0/3 tok=776
[    73s] seed=None R_d5_multi__ctrl           3/3 tok=47
[    74s] seed=None F_ellipsis_capital         2/2 tok=38
[    74s] seed=None F_ellipsis_capital__ctrl   1/1 tok=16
[    75s] seed=None F_translate                2/2 tok=91
[    76s] seed=None F_translate__ctrl          1/1 tok=21
[    77s] seed=None F_coref_she                1/1 tok=134
[    77s] seed=None F_coref_she__ctrl          1/1 tok=29
[    79s] seed=None F_whynot                   1/1 tok=115
[    80s] seed=None F_whynot__ctrl             1/1 tok=21
[    82s] seed=None F_shorter                  1/1 tok=159
[    83s] seed=None F_shorter__ctrl            1/1 tok=21
[    86s] seed=None I_one_sentence             1/3 tok=323
[    86s] seed=None I_one_sentence__ctrl       1/1 tok=19
[    90s] seed=None I_end_question             3/3 tok=340
[    90s] seed=None I_end_question__ctrl       1/1 tok=31
[    94s] seed=None I_caps                     3/3 tok=281
[    94s] seed=None I_caps__ctrl               1/1 tok=20
[    97s] seed=None I_persona                  5/5 tok=250
[    97s] seed=None I_persona__ctrl            1/2 tok=40
[    99s] seed=None K_day                      0/1 tok=252
[   100s] seed=None K_day__ctrl                1/1 tok=41
[   102s] seed=None K_time                     0/1 tok=204
[   102s] seed=None K_time__ctrl               1/1 tok=43
[   105s] seed=None K_color                    0/1 tok=297
[   105s] seed=None K_color__ctrl              0/1 tok=40
[   106s] seed=None O_second_item              1/1 tok=62
[   107s] seed=None O_last_item                0/1 tok=164
[   108s] seed=None O_add10                    2/2 tok=86
[   109s] seed=None O_add10__ctrl              1/1 tok=21
[   113s] seed=None RI_identity                0/2 tok=274
[   115s] seed=None RI_binding                 0/1 tok=225
[   116s] seed=None RI_binding__ctrl           1/1 tok=26
[   120s] seed=None T_party                    1/1 tok=460
[   122s] seed=None T_party__ctrl              1/1 tok=41
[   126s] seed=None T_dragon                   0/2 tok=505
[   128s] seed=None T_dragon__ctrl             2/2 tok=41
[   142s] seed=None L_tell_more                0/0 tok=1080
[   148s] seed=None L_chitchat                 0/1 tok=618
done LiquidAI/LFM2.5-230M in 148s -> /Users/brohm/Documents/Projects/maxgpt-planck/experiments/E001_battery_and_probes/transcripts/LiquidAI__LFM2.5-230M__greedy.jsonl
