F_coref_she 11 best share 0.00 oasst2:00258783-e10f-4d90-a3a4-abd22ea903f8 seeds ['2', '4', '5'] []
F_coref_she__ctrl 14 best share 0.00 oasst2:00258783-e10f-4d90-a3a4-abd22ea903f8 seeds ['2', '4', '5'] []
F_ellipsis_capital 4 best share 0.50 oasst2:d6e6b191-71fe-49d4-9a59-b49946b334ba seeds ['3', '5'] [('is', 'the', 'capital', 'of'), ('what', 'is', 'the', 'capital')]
F_ellipsis_capital__ctrl 3 best share 0.67 oasst2:d6e6b191-71fe-49d4-9a59-b49946b334ba seeds ['3', '5'] [('is', 'the', 'capital', 'of'), ('what', 'is', 'the', 'capital')]
F_shorter 7 best share 0.00 oasst2:00258783-e10f-4d90-a3a4-abd22ea903f8 seeds ['2', '4', '5'] []
F_shorter__ctrl 8 best share 0.00 oasst2:00258783-e10f-4d90-a3a4-abd22ea903f8 seeds ['2', '4', '5'] []
F_translate 5 best share 0.20 oasst2:03257654-8256-42b4-a016-7705c3b1fd75 seeds ['2', '4'] [('how', 'do', 'you', 'say')]
F_translate__ctrl 5 best share 0.20 oasst2:03257654-8256-42b4-a016-7705c3b1fd75 seeds ['2', '4'] [('how', 'do', 'you', 'say')]
F_whynot 7 best share 0.43 oasst2:12db4034-8680-4075-ab87-33a5a9316ef7 seeds ['2'] [('a', 'good', 'idea', 'to'), ('is', 'it', 'a', 'good'), ('it', 'a', 'good', 'idea')]
F_whynot__ctrl 8 best share 0.00 oasst2:00258783-e10f-4d90-a3a4-abd22ea903f8 seeds ['2', '4', '5'] []
I_caps 19 best share 0.05 oasst2:006e443d-10a4-4d36-a168-560fe0e479c5 seeds ['1', '3'] [('for', 'the', 'rest', 'of')]
I_caps__ctrl 6 best share 0.00 oasst2:00258783-e10f-4d90-a3a4-abd22ea903f8 seeds ['2', '4', '5'] []
I_end_question 22 best share 0.05 oasst2:006e443d-10a4-4d36-a168-560fe0e479c5 seeds ['1', '3'] [('for', 'the', 'rest', 'of')]
I_end_question__ctrl 15 best share 0.00 oasst2:00258783-e10f-4d90-a3a4-abd22ea903f8 seeds ['2', '4', '5'] []
I_one_sentence 10 best share 0.10 oasst2:25635d27-9bf5-4bcc-99b3-779c306b4461 seeds ['1', '2', '4', '5'] [('from', 'now', 'on', 'answer')]
I_one_sentence__ctrl 5 best share 0.00 oasst2:00258783-e10f-4d90-a3a4-abd22ea903f8 seeds ['2', '4', '5'] []
I_persona 9 best share 0.11 oasst2:2990df6e-5faf-4dd0-b3eb-0737c81425a1 seeds ['1', '2', '4'] [('tell', 'me', 'about', 'the')]
I_persona__ctrl no 4-grams
K_color 18 best share 0.17 oasst2:a62aa1aa-c319-4706-a3cc-84605e4d9ae8 seeds ['2', '4', '5'] [('between', 'weather', 'and', 'climate'), ('difference', 'between', 'weather', 'and'), ('the', 'difference', 'between', 'weather')]
K_color__ctrl 20 best share 0.05 oasst2:cab21a39-4026-4d85-8c1d-deb7ebf4fe8b seeds ['1', '3', '5'] [('my', 'favorite', 'color', 'is')]
K_day 18 best share 0.06 oasst2:910e0fcb-8959-48d0-88c0-b106c6f9e6b0 seeds ['1', '2', '5'] [('that', 'i', 'have', 'a')]
K_day__ctrl 22 best share 0.05 oasst2:910e0fcb-8959-48d0-88c0-b106c6f9e6b0 seeds ['1', '2', '5'] [('that', 'i', 'have', 'a')]
K_time 22 best share 0.00 oasst2:00258783-e10f-4d90-a3a4-abd22ea903f8 seeds ['2', '4', '5'] []
K_time__ctrl 23 best share 0.00 oasst2:00258783-e10f-4d90-a3a4-abd22ea903f8 seeds ['2', '4', '5'] []
L_chitchat 26 best share 0.08 oasst2:7bfd9555-7150-4fc8-84a7-6ebf4c4e73c7 seeds ['1', '2'] [('what', 'would', 'you', 'do'), ('would', 'you', 'do', 'if')]
L_tell_more 2 best share 0.50 oasst2:2990df6e-5faf-4dd0-b3eb-0737c81425a1 seeds ['1', '2', '4'] [('tell', 'me', 'about', 'the')]
O_add10 4 best share 0.00 oasst2:00258783-e10f-4d90-a3a4-abd22ea903f8 seeds ['2', '4', '5'] []
O_add10__ctrl 4 best share 0.00 oasst2:00258783-e10f-4d90-a3a4-abd22ea903f8 seeds ['2', '4', '5'] []
O_last_item 14 best share 0.00 oasst2:00258783-e10f-4d90-a3a4-abd22ea903f8 seeds ['2', '4', '5'] []
O_second_item 20 best share 0.00 oasst2:00258783-e10f-4d90-a3a4-abd22ea903f8 seeds ['2', '4', '5'] []
RI_binding 12 best share 0.17 oasst2:010bc579-cf67-4792-a976-ef5f1823a602 seeds ['4'] [('can', 'you', 'give', 'me'), ('you', 'give', 'me', 'a')]
RI_binding__ctrl 9 best share 0.00 oasst2:00258783-e10f-4d90-a3a4-abd22ea903f8 seeds ['2', '4', '5'] []
RI_identity 17 best share 0.06 oasst2:07cacddb-da7c-49ff-a9a6-e5071ae50793 seeds ['2', '3'] [('what', 'do', 'you', 'do')]
R_d10_pet 51 best share 0.06 oasst2:a62aa1aa-c319-4706-a3cc-84605e4d9ae8 seeds ['2', '4', '5'] [('between', 'weather', 'and', 'climate'), ('difference', 'between', 'weather', 'and'), ('the', 'difference', 'between', 'weather')]
R_d10_pet__ctrl 9 best share 0.00 oasst2:00258783-e10f-4d90-a3a4-abd22ea903f8 seeds ['2', '4', '5'] []
R_d2_name 29 best share 0.07 oasst2:010bc579-cf67-4792-a976-ef5f1823a602 seeds ['4'] [('can', 'you', 'give', 'me'), ('you', 'give', 'me', 'a')]
R_d2_name__ctrl 21 best share 0.05 oasst2:50855d6b-8d16-43c7-863e-07a9eacaa866 seeds ['1', '2', '4'] [('hi', 'my', 'name', 'is')]
R_d2_number 15 best share 0.07 oasst2:2f723bf8-85e8-40c9-82da-58fbae8eb1f1 seeds ['1', '2', '3', '4'] [('what', 'are', 'some', 'healthy')]
R_d2_number__ctrl 13 best share 0.00 oasst2:00258783-e10f-4d90-a3a4-abd22ea903f8 seeds ['2', '4', '5'] []
R_d4_city 30 best share 0.07 oasst2:1e6c39be-9397-4f83-b25d-eb348cecfba0 seeds ['1', '4'] [('do', 'i', 'make', 'a'), ('how', 'do', 'i', 'make')]
R_d4_city__ctrl 14 best share 0.07 oasst2:5b8d347c-835c-439a-95c4-3613047e5755 seeds ['2', '5'] [('i', 'work', 'at', 'a')]
R_d4_pet 28 best share 0.11 oasst2:a62aa1aa-c319-4706-a3cc-84605e4d9ae8 seeds ['2', '4', '5'] [('between', 'weather', 'and', 'climate'), ('difference', 'between', 'weather', 'and'), ('the', 'difference', 'between', 'weather')]
R_d4_pet__ctrl 13 best share 0.00 oasst2:00258783-e10f-4d90-a3a4-abd22ea903f8 seeds ['2', '4', '5'] []
R_d5_multi 47 best share 0.04 oasst2:1e6c39be-9397-4f83-b25d-eb348cecfba0 seeds ['1', '4'] [('do', 'i', 'make', 'a'), ('how', 'do', 'i', 'make')]
R_d5_multi__ctrl 27 best share 0.04 oasst2:02d8973e-9c9a-4f73-8178-297363f7a3ed seeds ['1', '2', '4'] [('can', 'you', 'summarize', 'the')]
R_d6_name 34 best share 0.06 oasst2:1e6c39be-9397-4f83-b25d-eb348cecfba0 seeds ['1', '4'] [('do', 'i', 'make', 'a'), ('how', 'do', 'i', 'make')]
R_d6_name__ctrl 9 best share 0.00 oasst2:00258783-e10f-4d90-a3a4-abd22ea903f8 seeds ['2', '4', '5'] []
R_d6_number 41 best share 0.07 oasst2:a62aa1aa-c319-4706-a3cc-84605e4d9ae8 seeds ['2', '4', '5'] [('between', 'weather', 'and', 'climate'), ('difference', 'between', 'weather', 'and'), ('the', 'difference', 'between', 'weather')]
R_d6_number__ctrl 20 best share 0.05 oasst2:3e635586-69cd-448b-910e-099b600c2008 seeds ['1', '2', '4', '5'] [('and', 'i', 'want', 'to')]
T_dragon 37 best share 0.05 oasst2:0a85898a-804e-4514-a273-feef516507e5 seeds ['3', '4', '5'] [('a', 'story', 'about', 'a'), ('story', 'about', 'a', 'young')]
T_dragon__ctrl 24 best share 0.08 oasst2:0a85898a-804e-4514-a273-feef516507e5 seeds ['3', '4', '5'] [('a', 'story', 'about', 'a'), ('story', 'about', 'a', 'young')]
T_party 30 best share 0.07 oasst2:9027c3b3-da98-47c8-bb7c-60af652b4429 seeds ['1', '5'] [('far', 'away', 'is', 'the'), ('how', 'far', 'away', 'is')]
T_party__ctrl 19 best share 0.11 oasst2:a457daa1-8e87-4b25-8abd-12af9343878c seeds ['1', '2', '3', '4'] [('a', 'dinner', 'party', 'for'), ('hosting', 'a', 'dinner', 'party')]
