Loading weights:   0%|          | 0/272 [00:00<?, ?it/s]Loading weights: 100%|██████████| 272/272 [00:00<00:00, 10953.60it/s]
loaded HuggingFaceTB/SmolLM2-135M-Instruct params=134.5M device=mps eos=[2] in 0.9s
[     5s] seed=None R_d2_name                  0/1 tok=427
[     6s] seed=None R_d2_name__ctrl            0/1 tok=61
[    10s] seed=None R_d2_number                0/1 tok=360
[    10s] seed=None R_d2_number__ctrl          0/1 tok=52
[    18s] seed=None R_d4_pet                   1/1 tok=747
[    18s] seed=None R_d4_pet__ctrl             1/1 tok=51
[    26s] seed=None R_d4_city                  0/1 tok=678
[    27s] seed=None R_d4_city__ctrl            0/1 tok=49
[    38s] seed=None R_d6_name                  0/1 tok=978
[    39s] seed=None R_d6_name__ctrl            1/1 tok=49
[    51s] seed=None R_d6_number                0/1 tok=1071
[    53s] seed=None R_d6_number__ctrl          1/1 tok=57
[    72s] seed=None R_d10_pet                  0/1 tok=1504
[    73s] seed=None R_d10_pet__ctrl            1/1 tok=49
[    84s] seed=None R_d5_multi                 0/3 tok=939
[    85s] seed=None R_d5_multi__ctrl           3/3 tok=68
[    86s] seed=None F_ellipsis_capital         1/2 tok=60
[    86s] seed=None F_ellipsis_capital__ctrl   1/1 tok=37
[    89s] seed=None F_translate                0/2 tok=216
[    91s] seed=None F_translate__ctrl          1/1 tok=41
[    92s] seed=None F_coref_she                0/1 tok=120
[    93s] seed=None F_coref_she__ctrl          0/1 tok=50
[    95s] seed=None F_whynot                   0/1 tok=217
[    97s] seed=None F_whynot__ctrl             1/1 tok=42
[    98s] seed=None F_shorter                  1/1 tok=128
[    98s] seed=None F_shorter__ctrl            0/1 tok=42
[   100s] seed=None I_one_sentence             1/3 tok=193
[   101s] seed=None I_one_sentence__ctrl       1/1 tok=40
[   103s] seed=None I_end_question             3/3 tok=223
[   103s] seed=None I_end_question__ctrl       0/1 tok=52
[   105s] seed=None I_caps                     0/3 tok=235
[   106s] seed=None I_caps__ctrl               0/1 tok=42
[   112s] seed=None I_persona                  1/5 tok=422
[   113s] seed=None I_persona__ctrl            0/2 tok=38
[   116s] seed=None K_day                      0/1 tok=354
[   117s] seed=None K_day__ctrl                0/1 tok=62
[   122s] seed=None K_time                     0/1 tok=390
[   122s] seed=None K_time__ctrl               0/1 tok=64
[   126s] seed=None K_color                    0/1 tok=355
[   127s] seed=None K_color__ctrl              0/1 tok=60
[   128s] seed=None O_second_item              0/1 tok=172
[   129s] seed=None O_last_item                0/1 tok=164
[   131s] seed=None O_add10                    1/2 tok=131
[   132s] seed=None O_add10__ctrl              0/1 tok=44
[   133s] seed=None RI_identity                1/2 tok=134
[   136s] seed=None RI_binding                 0/1 tok=359
[   137s] seed=None RI_binding__ctrl           0/1 tok=47
[   141s] seed=None T_party                    0/1 tok=498
[   143s] seed=None T_party__ctrl              1/1 tok=62
[   151s] seed=None T_dragon                   2/2 tok=606
[   152s] seed=None T_dragon__ctrl             2/2 tok=62
[   172s] seed=None L_tell_more                0/0 tok=1108
[   178s] seed=None L_chitchat                 0/1 tok=556
done HuggingFaceTB/SmolLM2-135M-Instruct in 178s -> /Users/brohm/Documents/Projects/maxgpt-nano/research/probe/transcripts/HuggingFaceTB__SmolLM2-135M-Instruct__greedy.jsonl
