Loading weights:   0%|          | 0/290 [00:00<?, ?it/s]Loading weights:  57%|█████▋    | 165/290 [00:00<00:00, 1649.37it/s]Loading weights: 100%|██████████| 290/290 [00:00<00:00, 1752.57it/s]
loaded HuggingFaceTB/SmolLM2-360M-Instruct params=361.8M device=mps eos=[2] in 1.1s
[     8s] seed=None R_d2_name                  1/1 tok=417
[     8s] seed=None R_d2_name__ctrl            1/1 tok=61
[    15s] seed=None R_d2_number                0/1 tok=377
[    17s] seed=None R_d2_number__ctrl          0/1 tok=52
[    22s] seed=None R_d4_pet                   1/1 tok=347
[    22s] seed=None R_d4_pet__ctrl             1/1 tok=51
[    33s] seed=None R_d4_city                  0/1 tok=569
[    35s] seed=None R_d4_city__ctrl            0/1 tok=49
[    44s] seed=None R_d6_name                  1/1 tok=603
[    45s] seed=None R_d6_name__ctrl            1/1 tok=49
[    69s] seed=None R_d6_number                1/1 tok=1076
[    70s] seed=None R_d6_number__ctrl          1/1 tok=57
[   102s] seed=None R_d10_pet                  0/1 tok=1407
[   102s] seed=None R_d10_pet__ctrl            1/1 tok=49
[   113s] seed=None R_d5_multi                 3/3 tok=657
[   114s] seed=None R_d5_multi__ctrl           0/3 tok=68
[   114s] seed=None F_ellipsis_capital         2/2 tok=60
[   115s] seed=None F_ellipsis_capital__ctrl   0/1 tok=37
[   116s] seed=None F_translate                2/2 tok=64
[   116s] seed=None F_translate__ctrl          1/1 tok=41
[   116s] seed=None F_coref_she                1/1 tok=72
[   118s] seed=None F_coref_she__ctrl          0/1 tok=50
[   119s] seed=None F_whynot                   0/1 tok=77
[   120s] seed=None F_whynot__ctrl             1/1 tok=42
[   121s] seed=None F_shorter                  1/1 tok=108
[   122s] seed=None F_shorter__ctrl            1/1 tok=42
[   124s] seed=None I_one_sentence             3/3 tok=144
[   124s] seed=None I_one_sentence__ctrl       1/1 tok=40
[   127s] seed=None I_end_question             3/3 tok=190
[   127s] seed=None I_end_question__ctrl       1/1 tok=52
[   140s] seed=None I_caps                     3/3 tok=578
[   140s] seed=None I_caps__ctrl               0/1 tok=42
[   143s] seed=None I_persona                  5/5 tok=183
[   146s] seed=None I_persona__ctrl            2/2 tok=38
[   154s] seed=None K_day                      0/1 tok=370
[   155s] seed=None K_day__ctrl                0/1 tok=62
[   162s] seed=None K_time                     0/1 tok=362
[   162s] seed=None K_time__ctrl               1/1 tok=64
[   169s] seed=None K_color                    0/1 tok=340
[   170s] seed=None K_color__ctrl              0/1 tok=60
[   170s] seed=None O_second_item              0/1 tok=84
[   171s] seed=None O_last_item                1/1 tok=78
[   172s] seed=None O_add10                    2/2 tok=68
[   173s] seed=None O_add10__ctrl              1/1 tok=44
[   180s] seed=None RI_identity                2/2 tok=290
[   184s] seed=None RI_binding                 1/1 tok=259
[   184s] seed=None RI_binding__ctrl           1/1 tok=47
[   187s] seed=None T_party                    0/1 tok=181
[   190s] seed=None T_party__ctrl              0/1 tok=62
[   202s] seed=None T_dragon                   2/2 tok=555
[   205s] seed=None T_dragon__ctrl             2/2 tok=62
[   234s] seed=None L_tell_more                0/0 tok=1108
[   237s] seed=None L_chitchat                 0/1 tok=257
done HuggingFaceTB/SmolLM2-360M-Instruct in 237s -> /Users/brohm/Documents/Projects/maxgpt-nano/research/probe/transcripts/HuggingFaceTB__SmolLM2-360M-Instruct__greedy.jsonl
