Loading weights:   0%|          | 0/290 [00:00<?, ?it/s]Loading weights:  48%|████▊     | 140/290 [00:00<00:00, 1399.13it/s]Loading weights: 100%|██████████| 290/290 [00:00<00:00, 1607.57it/s]
loaded HuggingFaceTB/SmolLM2-360M-Instruct params=361.8M device=mps eos=[2] in 1.2s
[     9s] seed=0 R_d2_name                  0/1 tok=415
[     9s] seed=0 R_d2_name__ctrl            1/1 tok=61
[    17s] seed=0 R_d2_number                0/1 tok=382
[    17s] seed=0 R_d2_number__ctrl          1/1 tok=52
[    27s] seed=0 R_d4_pet                   1/1 tok=511
[    27s] seed=0 R_d4_pet__ctrl             1/1 tok=51
[    39s] seed=0 R_d4_city                  0/1 tok=535
[    41s] seed=0 R_d4_city__ctrl            0/1 tok=49
[    50s] seed=0 R_d6_name                  1/1 tok=577
[    51s] seed=0 R_d6_name__ctrl            1/1 tok=49
[    76s] seed=0 R_d6_number                1/1 tok=1075
[    76s] seed=0 R_d6_number__ctrl          1/1 tok=57
[   131s] seed=0 R_d10_pet                  1/1 tok=1449
[   132s] seed=0 R_d10_pet__ctrl            1/1 tok=49
[   143s] seed=0 R_d5_multi                 3/3 tok=650
[   144s] seed=0 R_d5_multi__ctrl           0/3 tok=68
[   145s] seed=0 F_ellipsis_capital         2/2 tok=60
[   146s] seed=0 F_ellipsis_capital__ctrl   0/1 tok=37
[   146s] seed=0 F_translate                2/2 tok=64
[   146s] seed=0 F_translate__ctrl          1/1 tok=41
[   147s] seed=0 F_coref_she                1/1 tok=70
[   148s] seed=0 F_coref_she__ctrl          0/1 tok=50
[   149s] seed=0 F_whynot                   0/1 tok=68
[   149s] seed=0 F_whynot__ctrl             1/1 tok=42
[   151s] seed=0 F_shorter                  1/1 tok=119
[   152s] seed=0 F_shorter__ctrl            1/1 tok=42
[   154s] seed=0 I_one_sentence             3/3 tok=145
[   155s] seed=0 I_one_sentence__ctrl       1/1 tok=40
[   156s] seed=0 I_end_question             3/3 tok=125
[   156s] seed=0 I_end_question__ctrl       1/1 tok=52
[   171s] seed=0 I_caps                     0/3 tok=568
[   172s] seed=0 I_caps__ctrl               0/1 tok=42
[   174s] seed=0 I_persona                  5/5 tok=175
[   175s] seed=0 I_persona__ctrl            2/2 tok=38
[   180s] seed=0 K_day                      0/1 tok=292
[   182s] seed=0 K_day__ctrl                0/1 tok=62
[   188s] seed=0 K_time                     0/1 tok=333
[   189s] seed=0 K_time__ctrl               1/1 tok=64
[   200s] seed=0 K_color                    0/1 tok=543
[   200s] seed=0 K_color__ctrl              1/1 tok=60
[   201s] seed=0 O_second_item              0/1 tok=84
[   201s] seed=0 O_last_item                0/1 tok=78
[   202s] seed=0 O_add10                    1/2 tok=68
[   203s] seed=0 O_add10__ctrl              1/1 tok=44
[   211s] seed=0 RI_identity                2/2 tok=289
[   214s] seed=0 RI_binding                 1/1 tok=249
[   215s] seed=0 RI_binding__ctrl           1/1 tok=47
[   217s] seed=0 T_party                    0/1 tok=178
[   219s] seed=0 T_party__ctrl              1/1 tok=62
[   231s] seed=0 T_dragon                   2/2 tok=554
[   231s] seed=0 T_dragon__ctrl             2/2 tok=62
[   263s] seed=0 L_tell_more                0/0 tok=1106
[   278s] seed=0 L_chitchat                 0/1 tok=642
[   286s] seed=1 R_d2_name                  0/1 tok=415
[   286s] seed=1 R_d2_name__ctrl            1/1 tok=61
[   290s] seed=1 R_d2_number                1/1 tok=258
[   291s] seed=1 R_d2_number__ctrl          0/1 tok=52
[   299s] seed=1 R_d4_pet                   1/1 tok=457
[   299s] seed=1 R_d4_pet__ctrl             1/1 tok=51
[   310s] seed=1 R_d4_city                  0/1 tok=540
[   311s] seed=1 R_d4_city__ctrl            0/1 tok=49
[   321s] seed=1 R_d6_name                  1/1 tok=550
[   321s] seed=1 R_d6_name__ctrl            0/1 tok=49
[   356s] seed=1 R_d6_number                1/1 tok=1058
[   356s] seed=1 R_d6_number__ctrl          1/1 tok=57
[   383s] seed=1 R_d10_pet                  1/1 tok=961
[   384s] seed=1 R_d10_pet__ctrl            1/1 tok=49
[   391s] seed=1 R_d5_multi                 2/3 tok=492
[   393s] seed=1 R_d5_multi__ctrl           0/3 tok=68
[   396s] seed=1 F_ellipsis_capital         0/2 tok=118
[   397s] seed=1 F_ellipsis_capital__ctrl   0/1 tok=37
[   398s] seed=1 F_translate                2/2 tok=64
[   398s] seed=1 F_translate__ctrl          1/1 tok=41
[   398s] seed=1 F_coref_she                1/1 tok=71
[   398s] seed=1 F_coref_she__ctrl          1/1 tok=50
[   400s] seed=1 F_whynot                   0/1 tok=68
[   400s] seed=1 F_whynot__ctrl             1/1 tok=42
[   402s] seed=1 F_shorter                  1/1 tok=115
[   403s] seed=1 F_shorter__ctrl            1/1 tok=42
[   405s] seed=1 I_one_sentence             3/3 tok=147
[   405s] seed=1 I_one_sentence__ctrl       1/1 tok=40
[   407s] seed=1 I_end_question             3/3 tok=161
[   408s] seed=1 I_end_question__ctrl       1/1 tok=52
[   423s] seed=1 I_caps                     0/3 tok=568
[   424s] seed=1 I_caps__ctrl               0/1 tok=42
[   426s] seed=1 I_persona                  5/5 tok=159
[   426s] seed=1 I_persona__ctrl            2/2 tok=38
[   432s] seed=1 K_day                      0/1 tok=273
[   433s] seed=1 K_day__ctrl                0/1 tok=62
[   440s] seed=1 K_time                     0/1 tok=345
[   441s] seed=1 K_time__ctrl               1/1 tok=64
[   445s] seed=1 K_color                    1/1 tok=212
[   449s] seed=1 K_color__ctrl              0/1 tok=60
[   449s] seed=1 O_second_item              0/1 tok=84
[   450s] seed=1 O_last_item                0/1 tok=78
[   451s] seed=1 O_add10                    1/2 tok=68
[   451s] seed=1 O_add10__ctrl              1/1 tok=44
[   455s] seed=1 RI_identity                1/2 tok=192
[   459s] seed=1 RI_binding                 0/1 tok=197
[   459s] seed=1 RI_binding__ctrl           0/1 tok=47
[   462s] seed=1 T_party                    0/1 tok=181
[   464s] seed=1 T_party__ctrl              1/1 tok=62
[   479s] seed=1 T_dragon                   2/2 tok=594
[   479s] seed=1 T_dragon__ctrl             2/2 tok=62
[   509s] seed=1 L_tell_more                0/0 tok=1108
[   513s] seed=1 L_chitchat                 0/1 tok=281
done HuggingFaceTB/SmolLM2-360M-Instruct in 513s -> /Users/brohm/Documents/Projects/maxgpt-nano/research/probe/transcripts/HuggingFaceTB__SmolLM2-360M-Instruct__sampled.jsonl
