Loading weights:   0%|          | 0/148 [00:00<?, ?it/s]Loading weights:   1%|          | 1/148 [00:00<00:19,  7.73it/s]Loading weights: 100%|██████████| 148/148 [00:00<00:00, 824.16it/s]
loaded LiquidAI/LFM2-350M params=354.5M device=mps eos=[7] in 1.1s
[transformers] Ignoring clean_up_tokenization_spaces=True for BPE tokenizer TokenizersBackend. The clean_up_tokenization post-processing step is designed for WordPiece tokenizers and is destructive for BPE (it strips spaces before punctuation). Set clean_up_tokenization_spaces=False to suppress this warning, or set clean_up_tokenization_spaces_for_bpe_even_though_it_will_corrupt_output=True to force cleanup anyway.
[     8s] seed=None R_d2_name                  1/1 tok=455
[    10s] seed=None R_d2_name__ctrl            1/1 tok=40
[    20s] seed=None R_d2_number                1/1 tok=472
[    21s] seed=None R_d2_number__ctrl          0/1 tok=29
[    35s] seed=None R_d4_pet                   0/1 tok=755
[    37s] seed=None R_d4_pet__ctrl             1/1 tok=30
[    49s] seed=None R_d4_city                  1/1 tok=678
[    50s] seed=None R_d4_city__ctrl            1/1 tok=30
[    68s] seed=None R_d6_name                  1/1 tok=987
[    70s] seed=None R_d6_name__ctrl            1/1 tok=28
[    99s] seed=None R_d6_number                0/1 tok=1035
[   103s] seed=None R_d6_number__ctrl          1/1 tok=35
[   151s] seed=None R_d10_pet                  0/1 tok=1587
[   156s] seed=None R_d10_pet__ctrl            1/1 tok=28
[   179s] seed=None R_d5_multi                 2/3 tok=838
[   180s] seed=None R_d5_multi__ctrl           2/3 tok=47
[   183s] seed=None F_ellipsis_capital         2/2 tok=59
[   185s] seed=None F_ellipsis_capital__ctrl   1/1 tok=16
[   191s] seed=None F_translate                2/2 tok=182
[   191s] seed=None F_translate__ctrl          1/1 tok=21
[   197s] seed=None F_coref_she                1/1 tok=199
[   198s] seed=None F_coref_she__ctrl          1/1 tok=29
[   203s] seed=None F_whynot                   1/1 tok=193
[   206s] seed=None F_whynot__ctrl             1/1 tok=21
[   207s] seed=None F_shorter                  1/1 tok=74
[   207s] seed=None F_shorter__ctrl            1/1 tok=21
[   209s] seed=None I_one_sentence             3/3 tok=171
[   210s] seed=None I_one_sentence__ctrl       1/1 tok=19
[   220s] seed=None I_end_question             0/3 tok=534
[   220s] seed=None I_end_question__ctrl       1/1 tok=31
[   224s] seed=None I_caps                     3/3 tok=260
[   226s] seed=None I_caps__ctrl               1/1 tok=20
[   229s] seed=None I_persona                  5/5 tok=226
[   230s] seed=None I_persona__ctrl            2/2 tok=40
[   240s] seed=None K_day                      1/1 tok=518
[   241s] seed=None K_day__ctrl                1/1 tok=41
[   245s] seed=None K_time                     0/1 tok=259
[   247s] seed=None K_time__ctrl               1/1 tok=43
[   256s] seed=None K_color                    0/1 tok=431
[   257s] seed=None K_color__ctrl              0/1 tok=40
[   258s] seed=None O_second_item              0/1 tok=63
[   258s] seed=None O_last_item                0/1 tok=57
[   259s] seed=None O_add10                    2/2 tok=58
[   260s] seed=None O_add10__ctrl              1/1 tok=21
[   267s] seed=None RI_identity                2/2 tok=290
[   270s] seed=None RI_binding                 1/1 tok=239
[   272s] seed=None RI_binding__ctrl           1/1 tok=26
[   281s] seed=None T_party                    1/1 tok=577
[   282s] seed=None T_party__ctrl              1/1 tok=41
[   293s] seed=None T_dragon                   2/2 tok=583
[   295s] seed=None T_dragon__ctrl             2/2 tok=41
[   315s] seed=None L_tell_more                0/0 tok=1082
[   331s] seed=None L_chitchat                 0/1 tok=878
done LiquidAI/LFM2-350M in 331s -> /Users/brohm/Documents/Projects/maxgpt-nano/research/probe/transcripts/LiquidAI__LFM2-350M__greedy.jsonl
