Loading weights:   0%|          | 0/148 [00:00<?, ?it/s]Loading weights:   1%|          | 1/148 [00:00<00:20,  7.34it/s]Loading weights: 100%|██████████| 148/148 [00:00<00:00, 774.44it/s]
loaded LiquidAI/LFM2.5-350M params=354.5M device=mps eos=[7] in 1.1s
[     9s] seed=None R_d2_name                  0/1 tok=490
[     9s] seed=None R_d2_name__ctrl            1/1 tok=40
[    17s] seed=None R_d2_number                0/1 tok=472
[    18s] seed=None R_d2_number__ctrl          1/1 tok=29
[    28s] seed=None R_d4_pet                   1/1 tok=675
[    28s] seed=None R_d4_pet__ctrl             1/1 tok=30
[    40s] seed=None R_d4_city                  0/1 tok=757
[    40s] seed=None R_d4_city__ctrl            1/1 tok=30
[    55s] seed=None R_d6_name                  0/1 tok=968
[    56s] seed=None R_d6_name__ctrl            1/1 tok=28
[    73s] seed=None R_d6_number                1/1 tok=1035
[    74s] seed=None R_d6_number__ctrl          1/1 tok=35
[    98s] seed=None R_d10_pet                  1/1 tok=1510
[    98s] seed=None R_d10_pet__ctrl            1/1 tok=28
[   109s] seed=None R_d5_multi                 3/3 tok=710
[   110s] seed=None R_d5_multi__ctrl           2/3 tok=47
[   111s] seed=None F_ellipsis_capital         2/2 tok=38
[   111s] seed=None F_ellipsis_capital__ctrl   1/1 tok=16
[   111s] seed=None F_translate                2/2 tok=48
[   112s] seed=None F_translate__ctrl          1/1 tok=21
[   115s] seed=None F_coref_she                1/1 tok=199
[   115s] seed=None F_coref_she__ctrl          1/1 tok=29
[   119s] seed=None F_whynot                   1/1 tok=164
[   121s] seed=None F_whynot__ctrl             1/1 tok=21
[   122s] seed=None F_shorter                  1/1 tok=79
[   122s] seed=None F_shorter__ctrl            1/1 tok=21
[   124s] seed=None I_one_sentence             3/3 tok=133
[   124s] seed=None I_one_sentence__ctrl       1/1 tok=19
[   125s] seed=None I_end_question             3/3 tok=113
[   126s] seed=None I_end_question__ctrl       1/1 tok=31
[   128s] seed=None I_caps                     3/3 tok=191
[   128s] seed=None I_caps__ctrl               1/1 tok=20
[   133s] seed=None I_persona                  5/5 tok=343
[   134s] seed=None I_persona__ctrl            1/2 tok=40
[   140s] seed=None K_day                      0/1 tok=359
[   140s] seed=None K_day__ctrl                1/1 tok=41
[   143s] seed=None K_time                     0/1 tok=229
[   143s] seed=None K_time__ctrl               1/1 tok=43
[   153s] seed=None K_color                    0/1 tok=519
[   154s] seed=None K_color__ctrl              1/1 tok=40
[   154s] seed=None O_second_item              0/1 tok=63
[   155s] seed=None O_last_item                1/1 tok=60
[   155s] seed=None O_add10                    2/2 tok=45
[   156s] seed=None O_add10__ctrl              1/1 tok=21
[   162s] seed=None RI_identity                2/2 tok=276
[   166s] seed=None RI_binding                 0/1 tok=257
[   166s] seed=None RI_binding__ctrl           1/1 tok=26
[   172s] seed=None T_party                    1/1 tok=390
[   173s] seed=None T_party__ctrl              1/1 tok=41
[   183s] seed=None T_dragon                   2/2 tok=583
[   184s] seed=None T_dragon__ctrl             1/2 tok=41
[   205s] seed=None L_tell_more                0/0 tok=1082
[   210s] seed=None L_chitchat                 0/1 tok=359
done LiquidAI/LFM2.5-350M in 210s -> /Users/brohm/Documents/Projects/maxgpt-nano/research/probe/transcripts/LiquidAI__LFM2.5-350M__greedy.jsonl
