Loading weights:   0%|          | 0/148 [00:00<?, ?it/s]Loading weights:   1%|          | 1/148 [00:00<00:16,  8.93it/s]Loading weights: 100%|██████████| 148/148 [00:00<00:00, 834.72it/s]
loaded LiquidAI/LFM2-350M params=354.5M device=mps eos=[7] in 1.2s
[transformers] Ignoring clean_up_tokenization_spaces=True for BPE tokenizer TokenizersBackend. The clean_up_tokenization post-processing step is designed for WordPiece tokenizers and is destructive for BPE (it strips spaces before punctuation). Set clean_up_tokenization_spaces=False to suppress this warning, or set clean_up_tokenization_spaces_for_bpe_even_though_it_will_corrupt_output=True to force cleanup anyway.
[    10s] seed=0 R_d2_name                  1/1 tok=491
[    13s] seed=0 R_d2_name__ctrl            1/1 tok=40
[    24s] seed=0 R_d2_number                1/1 tok=472
[    27s] seed=0 R_d2_number__ctrl          1/1 tok=29
[    43s] seed=0 R_d4_pet                   0/1 tok=753
[    44s] seed=0 R_d4_pet__ctrl             1/1 tok=30
[    57s] seed=0 R_d4_city                  0/1 tok=673
[    59s] seed=0 R_d4_city__ctrl            1/1 tok=30
[    79s] seed=0 R_d6_name                  1/1 tok=999
[    80s] seed=0 R_d6_name__ctrl            0/1 tok=28
[   102s] seed=0 R_d6_number                1/1 tok=1034
[   105s] seed=0 R_d6_number__ctrl          1/1 tok=35
[   138s] seed=0 R_d10_pet                  0/1 tok=1547
[   140s] seed=0 R_d10_pet__ctrl            0/1 tok=28
[   156s] seed=0 R_d5_multi                 3/3 tok=853
[   158s] seed=0 R_d5_multi__ctrl           2/3 tok=47
[   161s] seed=0 F_ellipsis_capital         2/2 tok=97
[   162s] seed=0 F_ellipsis_capital__ctrl   1/1 tok=16
[   163s] seed=0 F_translate                2/2 tok=50
[   166s] seed=0 F_translate__ctrl          1/1 tok=21
[   171s] seed=0 F_coref_she                1/1 tok=199
[   175s] seed=0 F_coref_she__ctrl          1/1 tok=29
[   181s] seed=0 F_whynot                   1/1 tok=193
[   184s] seed=0 F_whynot__ctrl             1/1 tok=21
[   186s] seed=0 F_shorter                  1/1 tok=81
[   186s] seed=0 F_shorter__ctrl            1/1 tok=21
[   190s] seed=0 I_one_sentence             1/3 tok=234
[   192s] seed=0 I_one_sentence__ctrl       0/1 tok=19
[   205s] seed=0 I_end_question             0/3 tok=550
[   205s] seed=0 I_end_question__ctrl       1/1 tok=31
[   214s] seed=0 I_caps                     3/3 tok=334
[   216s] seed=0 I_caps__ctrl               1/1 tok=20
[   222s] seed=0 I_persona                  5/5 tok=360
[   223s] seed=0 I_persona__ctrl            1/2 tok=40
[   235s] seed=0 K_day                      0/1 tok=518
[   236s] seed=0 K_day__ctrl                1/1 tok=41
[   242s] seed=0 K_time                     0/1 tok=259
[   243s] seed=0 K_time__ctrl               1/1 tok=43
[   253s] seed=0 K_color                    1/1 tok=409
[   255s] seed=0 K_color__ctrl              0/1 tok=40
[   255s] seed=0 O_second_item              0/1 tok=63
[   256s] seed=0 O_last_item                0/1 tok=57
[   258s] seed=0 O_add10                    1/2 tok=70
[   259s] seed=0 O_add10__ctrl              1/1 tok=21
[   268s] seed=0 RI_identity                0/2 tok=308
[   276s] seed=0 RI_binding                 1/1 tok=275
[   278s] seed=0 RI_binding__ctrl           1/1 tok=26
[   289s] seed=0 T_party                    1/1 tok=570
[   290s] seed=0 T_party__ctrl              1/1 tok=41
[   303s] seed=0 T_dragon                   1/2 tok=583
[   306s] seed=0 T_dragon__ctrl             1/2 tok=41
[   331s] seed=0 L_tell_more                0/0 tok=1082
[   349s] seed=0 L_chitchat                 0/1 tok=793
[   358s] seed=1 R_d2_name                  1/1 tok=490
[   361s] seed=1 R_d2_name__ctrl            1/1 tok=40
[   373s] seed=1 R_d2_number                1/1 tok=472
[   376s] seed=1 R_d2_number__ctrl          0/1 tok=29
[   392s] seed=1 R_d4_pet                   1/1 tok=754
[   393s] seed=1 R_d4_pet__ctrl             1/1 tok=30
[   409s] seed=1 R_d4_city                  0/1 tok=680
[   412s] seed=1 R_d4_city__ctrl            1/1 tok=30
[   431s] seed=1 R_d6_name                  0/1 tok=944
[   432s] seed=1 R_d6_name__ctrl            0/1 tok=28
[   454s] seed=1 R_d6_number                0/1 tok=1035
[   457s] seed=1 R_d6_number__ctrl          1/1 tok=35
[   490s] seed=1 R_d10_pet                  0/1 tok=1570
[   492s] seed=1 R_d10_pet__ctrl            0/1 tok=28
[   508s] seed=1 R_d5_multi                 3/3 tok=840
[   509s] seed=1 R_d5_multi__ctrl           2/3 tok=47
[   510s] seed=1 F_ellipsis_capital         2/2 tok=58
[   511s] seed=1 F_ellipsis_capital__ctrl   1/1 tok=16
[   517s] seed=1 F_translate                2/2 tok=192
[   520s] seed=1 F_translate__ctrl          1/1 tok=21
[   527s] seed=1 F_coref_she                1/1 tok=199
[   530s] seed=1 F_coref_she__ctrl          1/1 tok=29
[   536s] seed=1 F_whynot                   1/1 tok=193
[   540s] seed=1 F_whynot__ctrl             1/1 tok=21
[   542s] seed=1 F_shorter                  1/1 tok=85
[   542s] seed=1 F_shorter__ctrl            1/1 tok=21
[   545s] seed=1 I_one_sentence             3/3 tok=190
[   546s] seed=1 I_one_sentence__ctrl       0/1 tok=19
[   559s] seed=1 I_end_question             2/3 tok=559
[   560s] seed=1 I_end_question__ctrl       1/1 tok=31
[   564s] seed=1 I_caps                     2/3 tok=237
[   567s] seed=1 I_caps__ctrl               1/1 tok=20
[   572s] seed=1 I_persona                  5/5 tok=282
[   572s] seed=1 I_persona__ctrl            1/2 tok=40
[   584s] seed=1 K_day                      0/1 tok=470
[   585s] seed=1 K_day__ctrl                1/1 tok=41
[   592s] seed=1 K_time                     0/1 tok=269
[   595s] seed=1 K_time__ctrl               0/1 tok=43
[   607s] seed=1 K_color                    1/1 tok=519
[   609s] seed=1 K_color__ctrl              1/1 tok=40
[   610s] seed=1 O_second_item              0/1 tok=63
[   611s] seed=1 O_last_item                0/1 tok=57
[   612s] seed=1 O_add10                    2/2 tok=53
[   613s] seed=1 O_add10__ctrl              1/1 tok=21
[   621s] seed=1 RI_identity                0/2 tok=304
[   629s] seed=1 RI_binding                 1/1 tok=336
[   631s] seed=1 RI_binding__ctrl           1/1 tok=26
[   642s] seed=1 T_party                    1/1 tok=576
[   643s] seed=1 T_party__ctrl              1/1 tok=41
[   656s] seed=1 T_dragon                   2/2 tok=583
[   659s] seed=1 T_dragon__ctrl             1/2 tok=41
[   684s] seed=1 L_tell_more                0/0 tok=1082
[   702s] seed=1 L_chitchat                 0/1 tok=834
done LiquidAI/LFM2-350M in 702s -> /Users/brohm/Documents/Projects/maxgpt-nano/research/probe/transcripts/LiquidAI__LFM2-350M__sampled.jsonl
