Loading weights:   0%|          | 0/148 [00:00<?, ?it/s]Loading weights:   1%|          | 1/148 [00:00<00:18,  7.76it/s]Loading weights: 100%|██████████| 148/148 [00:00<00:00, 786.33it/s]
loaded LiquidAI/LFM2.5-350M params=354.5M device=mps eos=[7] in 1.4s
[    10s] seed=0 R_d2_name                  1/1 tok=446
[    10s] seed=0 R_d2_name__ctrl            0/1 tok=40
[    20s] seed=0 R_d2_number                0/1 tok=472
[    20s] seed=0 R_d2_number__ctrl          1/1 tok=29
[    34s] seed=0 R_d4_pet                   1/1 tok=719
[    35s] seed=0 R_d4_pet__ctrl             1/1 tok=30
[    49s] seed=0 R_d4_city                  1/1 tok=756
[    49s] seed=0 R_d4_city__ctrl            1/1 tok=30
[    69s] seed=0 R_d6_name                  0/1 tok=996
[    69s] seed=0 R_d6_name__ctrl            0/1 tok=28
[    90s] seed=0 R_d6_number                1/1 tok=1033
[    90s] seed=0 R_d6_number__ctrl          0/1 tok=35
[   116s] seed=0 R_d10_pet                  0/1 tok=1351
[   116s] seed=0 R_d10_pet__ctrl            1/1 tok=28
[   131s] seed=0 R_d5_multi                 3/3 tok=809
[   133s] seed=0 R_d5_multi__ctrl           2/3 tok=47
[   135s] seed=0 F_ellipsis_capital         2/2 tok=80
[   136s] seed=0 F_ellipsis_capital__ctrl   1/1 tok=16
[   140s] seed=0 F_translate                2/2 tok=119
[   140s] seed=0 F_translate__ctrl          1/1 tok=21
[   145s] seed=0 F_coref_she                1/1 tok=199
[   145s] seed=0 F_coref_she__ctrl          1/1 tok=29
[   151s] seed=0 F_whynot                   1/1 tok=171
[   153s] seed=0 F_whynot__ctrl             1/1 tok=21
[   154s] seed=0 F_shorter                  1/1 tok=74
[   154s] seed=0 F_shorter__ctrl            1/1 tok=21
[   158s] seed=0 I_one_sentence             3/3 tok=145
[   158s] seed=0 I_one_sentence__ctrl       1/1 tok=19
[   160s] seed=0 I_end_question             3/3 tok=130
[   161s] seed=0 I_end_question__ctrl       1/1 tok=31
[   163s] seed=0 I_caps                     3/3 tok=181
[   163s] seed=0 I_caps__ctrl               1/1 tok=20
[   169s] seed=0 I_persona                  5/5 tok=339
[   170s] seed=0 I_persona__ctrl            1/2 tok=40
[   175s] seed=0 K_day                      1/1 tok=337
[   175s] seed=0 K_day__ctrl                1/1 tok=41
[   179s] seed=0 K_time                     0/1 tok=233
[   180s] seed=0 K_time__ctrl               1/1 tok=43
[   188s] seed=0 K_color                    0/1 tok=461
[   189s] seed=0 K_color__ctrl              1/1 tok=40
[   190s] seed=0 O_second_item              0/1 tok=63
[   190s] seed=0 O_last_item                1/1 tok=60
[   191s] seed=0 O_add10                    1/2 tok=45
[   191s] seed=0 O_add10__ctrl              1/1 tok=21
[   198s] seed=0 RI_identity                0/2 tok=283
[   202s] seed=0 RI_binding                 1/1 tok=258
[   202s] seed=0 RI_binding__ctrl           1/1 tok=26
[   208s] seed=0 T_party                    1/1 tok=395
[   209s] seed=0 T_party__ctrl              1/1 tok=41
[   219s] seed=0 T_dragon                   1/2 tok=524
[   222s] seed=0 T_dragon__ctrl             2/2 tok=41
[   247s] seed=0 L_tell_more                0/0 tok=1082
[   265s] seed=0 L_chitchat                 0/1 tok=901
[   274s] seed=1 R_d2_name                  0/1 tok=492
[   275s] seed=1 R_d2_name__ctrl            0/1 tok=40
[   284s] seed=1 R_d2_number                0/1 tok=459
[   285s] seed=1 R_d2_number__ctrl          1/1 tok=29
[   298s] seed=1 R_d4_pet                   1/1 tok=728
[   299s] seed=1 R_d4_pet__ctrl             1/1 tok=30
[   312s] seed=1 R_d4_city                  0/1 tok=706
[   312s] seed=1 R_d4_city__ctrl            1/1 tok=30
[   331s] seed=1 R_d6_name                  0/1 tok=998
[   332s] seed=1 R_d6_name__ctrl            0/1 tok=28
[   351s] seed=1 R_d6_number                1/1 tok=1035
[   352s] seed=1 R_d6_number__ctrl          0/1 tok=35
[   380s] seed=1 R_d10_pet                  1/1 tok=1483
[   380s] seed=1 R_d10_pet__ctrl            1/1 tok=28
[   395s] seed=1 R_d5_multi                 3/3 tok=805
[   396s] seed=1 R_d5_multi__ctrl           2/3 tok=47
[   399s] seed=1 F_ellipsis_capital         2/2 tok=91
[   400s] seed=1 F_ellipsis_capital__ctrl   1/1 tok=16
[   401s] seed=1 F_translate                2/2 tok=58
[   403s] seed=1 F_translate__ctrl          1/1 tok=21
[   407s] seed=1 F_coref_she                1/1 tok=199
[   407s] seed=1 F_coref_she__ctrl          1/1 tok=29
[   414s] seed=1 F_whynot                   1/1 tok=193
[   417s] seed=1 F_whynot__ctrl             1/1 tok=21
[   418s] seed=1 F_shorter                  1/1 tok=78
[   418s] seed=1 F_shorter__ctrl            1/1 tok=21
[   421s] seed=1 I_one_sentence             3/3 tok=145
[   422s] seed=1 I_one_sentence__ctrl       1/1 tok=19
[   431s] seed=1 I_end_question             3/3 tok=411
[   433s] seed=1 I_end_question__ctrl       0/1 tok=31
[   436s] seed=1 I_caps                     3/3 tok=197
[   436s] seed=1 I_caps__ctrl               1/1 tok=20
[   442s] seed=1 I_persona                  5/5 tok=351
[   443s] seed=1 I_persona__ctrl            1/2 tok=40
[   448s] seed=1 K_day                      1/1 tok=304
[   450s] seed=1 K_day__ctrl                1/1 tok=41
[   459s] seed=1 K_time                     0/1 tok=361
[   459s] seed=1 K_time__ctrl               1/1 tok=43
[   468s] seed=1 K_color                    0/1 tok=410
[   470s] seed=1 K_color__ctrl              1/1 tok=40
[   470s] seed=1 O_second_item              0/1 tok=63
[   470s] seed=1 O_last_item                1/1 tok=60
[   471s] seed=1 O_add10                    1/2 tok=45
[   472s] seed=1 O_add10__ctrl              1/1 tok=21
[   480s] seed=1 RI_identity                0/2 tok=252
[   485s] seed=1 RI_binding                 1/1 tok=309
[   486s] seed=1 RI_binding__ctrl           1/1 tok=26
[   495s] seed=1 T_party                    1/1 tok=531
[   496s] seed=1 T_party__ctrl              1/1 tok=41
[   504s] seed=1 T_dragon                   2/2 tok=413
[   508s] seed=1 T_dragon__ctrl             2/2 tok=41
[   533s] seed=1 L_tell_more                0/0 tok=1082
[   544s] seed=1 L_chitchat                 0/1 tok=557
done LiquidAI/LFM2.5-350M in 544s -> /Users/brohm/Documents/Projects/maxgpt-nano/research/probe/transcripts/LiquidAI__LFM2.5-350M__sampled.jsonl
