Loading weights:   0%|          | 0/386 [00:00<?, ?it/s]Loading weights: 100%|██████████| 386/386 [00:00<00:00, 12273.06it/s]
loaded tiiuae/Falcon-H1-Tiny-90M-Instruct params=91.1M device=mps eos=[228, 11] in 1.1s
/Users/brohm/Documents/Projects/video-editor/.venv/lib/python3.12/site-packages/torch/nn/functional.py:5823: UserWarning: MPS: The constant padding of more than 3 dimensions is not currently supported natively. It uses View Ops default implementation to run. This may have performance implications. (Triggered internally at /Users/runner/work/pytorch/pytorch/aten/src/ATen/native/mps/operations/Pad.mm:567.)
  return torch._C._nn.pad(input, pad, mode, value)
[transformers] Ignoring clean_up_tokenization_spaces=True for BPE tokenizer TokenizersBackend. The clean_up_tokenization post-processing step is designed for WordPiece tokenizers and is destructive for BPE (it strips spaces before punctuation). Set clean_up_tokenization_spaces=False to suppress this warning, or set clean_up_tokenization_spaces_for_bpe_even_though_it_will_corrupt_output=True to force cleanup anyway.
[    17s] seed=None R_d2_name                  1/1 tok=500
[    20s] seed=None R_d2_name__ctrl            0/1 tok=42
[    36s] seed=None R_d2_number                0/1 tok=483
[    40s] seed=None R_d2_number__ctrl          0/1 tok=34
[    67s] seed=None R_d4_pet                   1/1 tok=766
[    69s] seed=None R_d4_pet__ctrl             1/1 tok=33
[    98s] seed=None R_d4_city                  0/1 tok=774
[   100s] seed=None R_d4_city__ctrl            1/1 tok=33
[   141s] seed=None R_d6_name                  0/1 tok=1038
[   144s] seed=None R_d6_name__ctrl            1/1 tok=33
[   187s] seed=None R_d6_number                0/1 tok=1055
[   190s] seed=None R_d6_number__ctrl          1/1 tok=39
[   265s] seed=None R_d10_pet                  0/1 tok=1537
[   268s] seed=None R_d10_pet__ctrl            1/1 tok=31
[   292s] seed=None R_d5_multi                 3/3 tok=806
[   294s] seed=None R_d5_multi__ctrl           0/3 tok=53
[   297s] seed=None F_ellipsis_capital         2/2 tok=74
[   298s] seed=None F_ellipsis_capital__ctrl   1/1 tok=17
[   303s] seed=None F_translate                1/2 tok=193
[   304s] seed=None F_translate__ctrl          0/1 tok=23
[   309s] seed=None F_coref_she                0/1 tok=206
[   312s] seed=None F_coref_she__ctrl          1/1 tok=34
[   317s] seed=None F_whynot                   0/1 tok=197
[   319s] seed=None F_whynot__ctrl             0/1 tok=23
[   321s] seed=None F_shorter                  1/1 tok=70
[   322s] seed=None F_shorter__ctrl            1/1 tok=22
[   327s] seed=None I_one_sentence             1/3 tok=162
[   328s] seed=None I_one_sentence__ctrl       1/1 tok=20
[   342s] seed=None I_end_question             0/3 tok=571
[   343s] seed=None I_end_question__ctrl       1/1 tok=32
[   352s] seed=None I_caps                     1/3 tok=312
[   352s] seed=None I_caps__ctrl               0/1 tok=21
[   364s] seed=None I_persona                  2/5 tok=584
[   365s] seed=None I_persona__ctrl            1/2 tok=44
[   382s] seed=None K_day                      0/1 tok=516
[   384s] seed=None K_day__ctrl                1/1 tok=46
[   403s] seed=None K_time                     1/1 tok=529
[   406s] seed=None K_time__ctrl               1/1 tok=44
[   417s] seed=None K_color                    0/1 tok=341
[   419s] seed=None K_color__ctrl              0/1 tok=42
[   421s] seed=None O_second_item              1/1 tok=65
[   422s] seed=None O_last_item                0/1 tok=66
[   425s] seed=None O_add10                    2/2 tok=115
[   427s] seed=None O_add10__ctrl              1/1 tok=24
[   436s] seed=None RI_identity                0/2 tok=387
[   446s] seed=None RI_binding                 1/1 tok=344
[   448s] seed=None RI_binding__ctrl           0/1 tok=31
[   461s] seed=None T_party                    1/1 tok=585
[   462s] seed=None T_party__ctrl              1/1 tok=45
[   476s] seed=None T_dragon                   1/2 tok=594
[   478s] seed=None T_dragon__ctrl             2/2 tok=46
[   508s] seed=None L_tell_more                0/0 tok=1095
[   538s] seed=None L_chitchat                 1/1 tok=1137
done tiiuae/Falcon-H1-Tiny-90M-Instruct in 538s -> /Users/brohm/Documents/Projects/maxgpt-nano/research/probe/transcripts/tiiuae__Falcon-H1-Tiny-90M-Instruct__greedy.jsonl
