20:56:57 waiting to start: lid closed on battery power
21:12:30 waiting to start: lid closed on battery power
21:31:23 waiting to start: lid closed on battery power
21:41:36 waiting to start: lid closed on battery power
21:46:36 waiting to start: lid closed on battery power
22:03:41 waiting to start: lid closed on battery power
22:07:38 start free=83% swap=1742MB cmd=/Users/brohm/Documents/Projects/video-editor/.venv/bin/python -B e004_ft_test.py HuggingFaceTB/SmolLM2-135M-Instruct --bs 4 --accum 4 --max-len 768 --grad-ckpt --seed 0 --steps 0 --sets eval,cont,know --chat --tag base
22:08:09 t=   32s active=   32s free=75% swap=1742MB rss=973MB
22:08:40 t=   62s active=   62s free=76% swap=1742MB rss=1064MB
22:09:10 t=   92s active=   92s free=75% swap=1742MB rss=892MB
22:09:41 t=  123s active=  123s free=72% swap=1742MB rss=892MB
22:10:11 t=  153s active=  153s free=72% swap=1742MB rss=893MB
22:10:42 t=  184s active=  184s free=77% swap=1742MB rss=923MB
22:11:12 t=  214s active=  214s free=77% swap=1742MB rss=924MB
22:11:43 t=  245s active=  245s free=76% swap=1742MB rss=925MB
22:12:13 t=  275s active=  275s free=76% swap=1742MB rss=926MB
22:12:44 t=  306s active=  306s free=76% swap=1742MB rss=926MB
22:13:14 t=  336s active=  336s free=76% swap=1742MB rss=927MB
22:13:45 t=  367s active=  367s free=76% swap=1742MB rss=927MB
22:14:15 t=  397s active=  397s free=71% swap=1742MB rss=927MB
22:14:46 t=  428s active=  428s free=71% swap=1742MB rss=927MB
22:15:16 t=  459s active=  459s free=80% swap=1742MB rss=936MB
22:15:47 t=  489s active=  489s free=71% swap=1742MB rss=936MB
22:16:17 t=  520s active=  520s free=71% swap=1742MB rss=936MB
22:16:48 t=  550s active=  550s free=80% swap=1742MB rss=937MB
22:17:19 t=  581s active=  581s free=80% swap=1742MB rss=938MB
22:17:49 t=  611s active=  611s free=80% swap=1742MB rss=938MB
22:18:20 t=  642s active=  642s free=79% swap=1742MB rss=938MB
22:18:50 t=  673s active=  673s free=80% swap=1742MB rss=938MB
22:19:21 t=  703s active=  703s free=80% swap=1742MB rss=940MB
22:19:51 t=  734s active=  734s free=80% swap=1742MB rss=940MB
22:20:22 t=  764s active=  764s free=80% swap=1742MB rss=941MB
22:20:53 t=  795s active=  795s free=80% swap=1742MB rss=941MB
22:21:23 t=  825s active=  825s free=80% swap=1742MB rss=941MB
22:21:54 t=  856s active=  856s free=80% swap=1742MB rss=941MB
22:22:24 t=  887s active=  887s free=80% swap=1742MB rss=942MB
22:22:55 t=  917s active=  917s free=80% swap=1742MB rss=942MB
22:23:26 t=  948s active=  948s free=79% swap=1742MB rss=942MB
22:23:56 t=  978s active=  978s free=80% swap=1742MB rss=942MB
22:24:27 t= 1009s active= 1009s free=80% swap=1742MB rss=942MB
22:24:57 t= 1040s active= 1040s free=73% swap=1742MB rss=942MB
22:25:28 t= 1070s active= 1070s free=80% swap=1742MB rss=942MB
22:25:58 t= 1101s active= 1101s free=80% swap=1742MB rss=942MB
22:26:29 t= 1131s active= 1131s free=80% swap=1742MB rss=943MB
22:27:00 t= 1162s active= 1162s free=80% swap=1742MB rss=943MB
22:27:30 t= 1192s active= 1192s free=80% swap=1742MB rss=943MB
22:28:01 t= 1223s active= 1223s free=74% swap=1742MB rss=955MB
22:28:31 t= 1254s active= 1254s free=75% swap=1742MB rss=780MB
22:29:02 t= 1284s active= 1284s free=79% swap=1742MB rss=780MB
22:29:32 t= 1315s active= 1315s free=74% swap=1742MB rss=715MB
22:30:03 t= 1345s active= 1345s free=67% swap=1742MB rss=724MB
22:30:34 t= 1376s active= 1376s free=67% swap=1742MB rss=723MB
22:31:04 t= 1406s active= 1406s free=67% swap=1742MB rss=724MB
22:31:35 t= 1437s active= 1437s free=64% swap=1742MB rss=725MB
22:32:05 t= 1468s active= 1468s free=63% swap=1742MB rss=725MB
22:32:36 t= 1498s active= 1498s free=69% swap=1742MB rss=728MB
22:33:07 t= 1529s active= 1529s free=68% swap=1742MB rss=728MB
22:33:37 t= 1559s active= 1559s free=69% swap=1742MB rss=729MB
22:33:39 end exit=0 killed=None active=1561s paused=0s pauses=0 min_free=54% max_swap=1742MB peak_rss=1094MB
