Loading weights:   0%|          | 0/272 [00:00<?, ?it/s]Loading weights: 100%|██████████| 272/272 [00:00<00:00, 7670.00it/s]
loaded ../weights/HuggingFaceTB__SmolLM2-135M-Instruct__s4 params=134.5M device=mps eos=[2] in 0.6s
[     7s] seed=None R_d2_name                  0/1 tok=515
[     9s] seed=None R_d2_name__ctrl            1/1 tok=61
[    15s] seed=None R_d2_number                0/1 tok=496
[    17s] seed=None R_d2_number__ctrl          1/1 tok=52
[    26s] seed=None R_d4_pet                   1/1 tok=779
[    28s] seed=None R_d4_pet__ctrl             1/1 tok=51
[    37s] seed=None R_d4_city                  1/1 tok=780
[    38s] seed=None R_d4_city__ctrl            1/1 tok=49
[    51s] seed=None R_d6_name                  1/1 tok=1060
[    53s] seed=None R_d6_name__ctrl            1/1 tok=49
[    65s] seed=None R_d6_number                0/1 tok=976
[    67s] seed=None R_d6_number__ctrl          1/1 tok=57
[    86s] seed=None R_d10_pet                  1/1 tok=1515
[    88s] seed=None R_d10_pet__ctrl            1/1 tok=49
[    98s] seed=None R_d5_multi                 2/3 tok=932
[   100s] seed=None R_d5_multi__ctrl           2/3 tok=68
[   103s] seed=None F_ellipsis_capital         1/2 tok=213
[   105s] seed=None F_ellipsis_capital__ctrl   1/1 tok=37
[   108s] seed=None F_translate                0/2 tok=216
[   110s] seed=None F_translate__ctrl          1/1 tok=41
[   113s] seed=None F_coref_she                1/1 tok=220
[   115s] seed=None F_coref_she__ctrl          0/1 tok=50
[   118s] seed=None F_whynot                   0/1 tok=215
[   120s] seed=None F_whynot__ctrl             0/1 tok=42
[   123s] seed=None F_shorter                  1/1 tok=216
[   125s] seed=None F_shorter__ctrl            0/1 tok=42
[   132s] seed=None I_one_sentence             0/3 tok=570
[   134s] seed=None I_one_sentence__ctrl       0/1 tok=40
[   141s] seed=None I_end_question             0/3 tok=581
[   142s] seed=None I_end_question__ctrl       0/1 tok=52
[   149s] seed=None I_caps                     0/3 tok=576
[   151s] seed=None I_caps__ctrl               0/1 tok=42
[   158s] seed=None I_persona                  0/5 tok=569
[   160s] seed=None I_persona__ctrl            1/2 tok=38
[   166s] seed=None K_day                      1/1 tok=539
[   168s] seed=None K_day__ctrl                1/1 tok=62
[   175s] seed=None K_time                     1/1 tok=546
[   177s] seed=None K_time__ctrl               1/1 tok=64
[   183s] seed=None K_color                    1/1 tok=542
[   185s] seed=None K_color__ctrl              1/1 tok=60
[   188s] seed=None O_second_item              0/1 tok=188
[   191s] seed=None O_last_item                0/1 tok=184
[   194s] seed=None O_add10                    0/2 tok=218
[   196s] seed=None O_add10__ctrl              0/1 tok=44
[   201s] seed=None RI_identity                1/2 tok=403
[   206s] seed=None RI_binding                 1/1 tok=357
[   208s] seed=None RI_binding__ctrl           1/1 tok=47
[   215s] seed=None T_party                    0/1 tok=601
[   216s] seed=None T_party__ctrl              0/1 tok=62
[   223s] seed=None T_dragon                   1/2 tok=602
[   225s] seed=None T_dragon__ctrl             2/2 tok=62
[   239s] seed=None L_tell_more                0/0 tok=1107
[   253s] seed=None L_chitchat                 0/1 tok=1140
done ../weights/HuggingFaceTB__SmolLM2-135M-Instruct__s4 in 253s -> ../transcripts/HuggingFaceTB__SmolLM2-135M-Instruct__s4__greedy.jsonl
