Loading weights:   0%|          | 0/272 [00:00<?, ?it/s]Loading weights: 100%|██████████| 272/272 [00:00<00:00, 8387.31it/s]
loaded ../weights/HuggingFaceTB__SmolLM2-135M-Instruct__s1 params=134.5M device=mps eos=[2] in 0.7s
[     7s] seed=None R_d2_name                  1/1 tok=513
[     9s] seed=None R_d2_name__ctrl            1/1 tok=61
[    15s] seed=None R_d2_number                0/1 tok=498
[    17s] seed=None R_d2_number__ctrl          1/1 tok=52
[    26s] seed=None R_d4_pet                   0/1 tok=778
[    28s] seed=None R_d4_pet__ctrl             1/1 tok=51
[    37s] seed=None R_d4_city                  1/1 tok=778
[    39s] seed=None R_d4_city__ctrl            1/1 tok=49
[    52s] seed=None R_d6_name                  1/1 tok=1057
[    54s] seed=None R_d6_name__ctrl            1/1 tok=49
[    66s] seed=None R_d6_number                0/1 tok=1051
[    68s] seed=None R_d6_number__ctrl          0/1 tok=57
[    87s] seed=None R_d10_pet                  1/1 tok=1606
[    89s] seed=None R_d10_pet__ctrl            1/1 tok=49
[    99s] seed=None R_d5_multi                 0/3 tok=935
[   101s] seed=None R_d5_multi__ctrl           2/3 tok=68
[   104s] seed=None F_ellipsis_capital         1/2 tok=213
[   106s] seed=None F_ellipsis_capital__ctrl   0/1 tok=37
[   109s] seed=None F_translate                1/2 tok=216
[   111s] seed=None F_translate__ctrl          0/1 tok=41
[   114s] seed=None F_coref_she                0/1 tok=221
[   116s] seed=None F_coref_she__ctrl          0/1 tok=50
[   119s] seed=None F_whynot                   0/1 tok=215
[   121s] seed=None F_whynot__ctrl             1/1 tok=42
[   125s] seed=None F_shorter                  1/1 tok=216
[   126s] seed=None F_shorter__ctrl            0/1 tok=42
[   133s] seed=None I_one_sentence             0/3 tok=570
[   133s] seed=None I_one_sentence__ctrl       1/1 tok=40
[   140s] seed=None I_end_question             0/3 tok=581
[   142s] seed=None I_end_question__ctrl       0/1 tok=52
[   149s] seed=None I_caps                     0/3 tok=578
[   151s] seed=None I_caps__ctrl               0/1 tok=42
[   158s] seed=None I_persona                  0/5 tok=571
[   159s] seed=None I_persona__ctrl            1/2 tok=38
[   166s] seed=None K_day                      1/1 tok=539
[   168s] seed=None K_day__ctrl                1/1 tok=62
[   175s] seed=None K_time                     1/1 tok=542
[   176s] seed=None K_time__ctrl               1/1 tok=64
[   183s] seed=None K_color                    1/1 tok=541
[   185s] seed=None K_color__ctrl              1/1 tok=60
[   188s] seed=None O_second_item              0/1 tok=188
[   191s] seed=None O_last_item                0/1 tok=183
[   194s] seed=None O_add10                    0/2 tok=218
[   196s] seed=None O_add10__ctrl              0/1 tok=44
[   201s] seed=None RI_identity                1/2 tok=401
[   206s] seed=None RI_binding                 1/1 tok=359
[   207s] seed=None RI_binding__ctrl           1/1 tok=47
[   214s] seed=None T_party                    0/1 tok=601
[   216s] seed=None T_party__ctrl              0/1 tok=62
[   223s] seed=None T_dragon                   1/2 tok=605
[   225s] seed=None T_dragon__ctrl             2/2 tok=62
[   239s] seed=None L_tell_more                0/0 tok=1100
[   253s] seed=None L_chitchat                 0/1 tok=1139
done ../weights/HuggingFaceTB__SmolLM2-135M-Instruct__s1 in 253s -> ../transcripts/HuggingFaceTB__SmolLM2-135M-Instruct__s1__greedy.jsonl
