Loading weights:   0%|          | 0/272 [00:00<?, ?it/s]Loading weights: 100%|██████████| 272/272 [00:00<00:00, 8253.64it/s]
loaded ../weights/HuggingFaceTB__SmolLM2-135M-Instruct__s3 params=134.5M device=mps eos=[2] in 0.6s
[     7s] seed=None R_d2_name                  0/1 tok=511
[     9s] seed=None R_d2_name__ctrl            1/1 tok=61
[    15s] seed=None R_d2_number                0/1 tok=498
[    17s] seed=None R_d2_number__ctrl          0/1 tok=52
[    26s] seed=None R_d4_pet                   1/1 tok=777
[    28s] seed=None R_d4_pet__ctrl             1/1 tok=51
[    37s] seed=None R_d4_city                  0/1 tok=778
[    38s] seed=None R_d4_city__ctrl            1/1 tok=49
[    52s] seed=None R_d6_name                  1/1 tok=1061
[    53s] seed=None R_d6_name__ctrl            1/1 tok=49
[    66s] seed=None R_d6_number                0/1 tok=1063
[    67s] seed=None R_d6_number__ctrl          0/1 tok=57
[    87s] seed=None R_d10_pet                  1/1 tok=1612
[    88s] seed=None R_d10_pet__ctrl            1/1 tok=49
[    99s] seed=None R_d5_multi                 1/3 tok=939
[   101s] seed=None R_d5_multi__ctrl           3/3 tok=68
[   104s] seed=None F_ellipsis_capital         0/2 tok=212
[   106s] seed=None F_ellipsis_capital__ctrl   1/1 tok=37
[   109s] seed=None F_translate                0/2 tok=216
[   111s] seed=None F_translate__ctrl          1/1 tok=41
[   114s] seed=None F_coref_she                0/1 tok=219
[   116s] seed=None F_coref_she__ctrl          0/1 tok=50
[   119s] seed=None F_whynot                   0/1 tok=215
[   121s] seed=None F_whynot__ctrl             0/1 tok=42
[   124s] seed=None F_shorter                  1/1 tok=216
[   126s] seed=None F_shorter__ctrl            0/1 tok=42
[   133s] seed=None I_one_sentence             0/3 tok=570
[   134s] seed=None I_one_sentence__ctrl       0/1 tok=40
[   142s] seed=None I_end_question             0/3 tok=581
[   143s] seed=None I_end_question__ctrl       0/1 tok=52
[   150s] seed=None I_caps                     0/3 tok=578
[   152s] seed=None I_caps__ctrl               0/1 tok=42
[   159s] seed=None I_persona                  1/5 tok=569
[   161s] seed=None I_persona__ctrl            1/2 tok=38
[   167s] seed=None K_day                      1/1 tok=540
[   169s] seed=None K_day__ctrl                1/1 tok=62
[   176s] seed=None K_time                     1/1 tok=546
[   177s] seed=None K_time__ctrl               1/1 tok=64
[   184s] seed=None K_color                    1/1 tok=542
[   186s] seed=None K_color__ctrl              1/1 tok=60
[   189s] seed=None O_second_item              0/1 tok=190
[   192s] seed=None O_last_item                0/1 tok=184
[   195s] seed=None O_add10                    0/2 tok=218
[   197s] seed=None O_add10__ctrl              0/1 tok=44
[   202s] seed=None RI_identity                0/2 tok=402
[   207s] seed=None RI_binding                 0/1 tok=359
[   209s] seed=None RI_binding__ctrl           1/1 tok=47
[   216s] seed=None T_party                    0/1 tok=598
[   217s] seed=None T_party__ctrl              0/1 tok=62
[   224s] seed=None T_dragon                   1/2 tok=605
[   226s] seed=None T_dragon__ctrl             1/2 tok=62
[   240s] seed=None L_tell_more                0/0 tok=1108
[   254s] seed=None L_chitchat                 0/1 tok=1145
done ../weights/HuggingFaceTB__SmolLM2-135M-Instruct__s3 in 254s -> ../transcripts/HuggingFaceTB__SmolLM2-135M-Instruct__s3__greedy.jsonl
