Loading weights:   0%|          | 0/272 [00:00<?, ?it/s]Loading weights: 100%|██████████| 272/272 [00:00<00:00, 9101.25it/s]
loaded ../weights/HuggingFaceTB__SmolLM2-135M-Instruct__s5 params=134.5M device=mps eos=[2] in 0.6s
[     7s] seed=None R_d2_name                  0/1 tok=515
[     9s] seed=None R_d2_name__ctrl            0/1 tok=61
[    15s] seed=None R_d2_number                0/1 tok=481
[    17s] seed=None R_d2_number__ctrl          1/1 tok=52
[    26s] seed=None R_d4_pet                   1/1 tok=777
[    28s] seed=None R_d4_pet__ctrl             1/1 tok=51
[    37s] seed=None R_d4_city                  0/1 tok=779
[    38s] seed=None R_d4_city__ctrl            1/1 tok=49
[    51s] seed=None R_d6_name                  0/1 tok=1058
[    53s] seed=None R_d6_name__ctrl            1/1 tok=49
[    65s] seed=None R_d6_number                0/1 tok=960
[    67s] seed=None R_d6_number__ctrl          0/1 tok=57
[    86s] seed=None R_d10_pet                  1/1 tok=1619
[    88s] seed=None R_d10_pet__ctrl            1/1 tok=49
[    98s] seed=None R_d5_multi                 2/3 tok=938
[   100s] seed=None R_d5_multi__ctrl           3/3 tok=68
[   103s] seed=None F_ellipsis_capital         0/2 tok=213
[   105s] seed=None F_ellipsis_capital__ctrl   1/1 tok=37
[   108s] seed=None F_translate                0/2 tok=216
[   110s] seed=None F_translate__ctrl          0/1 tok=41
[   113s] seed=None F_coref_she                0/1 tok=221
[   115s] seed=None F_coref_she__ctrl          0/1 tok=50
[   119s] seed=None F_whynot                   0/1 tok=215
[   120s] seed=None F_whynot__ctrl             0/1 tok=42
[   124s] seed=None F_shorter                  1/1 tok=216
[   125s] seed=None F_shorter__ctrl            0/1 tok=42
[   132s] seed=None I_one_sentence             0/3 tok=566
[   134s] seed=None I_one_sentence__ctrl       0/1 tok=40
[   141s] seed=None I_end_question             0/3 tok=579
[   143s] seed=None I_end_question__ctrl       0/1 tok=52
[   150s] seed=None I_caps                     0/3 tok=578
[   151s] seed=None I_caps__ctrl               0/1 tok=42
[   158s] seed=None I_persona                  1/5 tok=572
[   160s] seed=None I_persona__ctrl            1/2 tok=38
[   167s] seed=None K_day                      1/1 tok=538
[   168s] seed=None K_day__ctrl                0/1 tok=62
[   175s] seed=None K_time                     1/1 tok=546
[   177s] seed=None K_time__ctrl               1/1 tok=64
[   184s] seed=None K_color                    1/1 tok=539
[   185s] seed=None K_color__ctrl              1/1 tok=60
[   188s] seed=None O_second_item              0/1 tok=190
[   191s] seed=None O_last_item                0/1 tok=184
[   195s] seed=None O_add10                    0/2 tok=218
[   196s] seed=None O_add10__ctrl              0/1 tok=44
[   201s] seed=None RI_identity                0/2 tok=403
[   206s] seed=None RI_binding                 0/1 tok=355
[   208s] seed=None RI_binding__ctrl           1/1 tok=47
[   215s] seed=None T_party                    0/1 tok=600
[   217s] seed=None T_party__ctrl              0/1 tok=62
[   224s] seed=None T_dragon                   1/2 tok=606
[   225s] seed=None T_dragon__ctrl             1/2 tok=62
[   240s] seed=None L_tell_more                0/0 tok=1108
[   255s] seed=None L_chitchat                 0/1 tok=1145
done ../weights/HuggingFaceTB__SmolLM2-135M-Instruct__s5 in 255s -> ../transcripts/HuggingFaceTB__SmolLM2-135M-Instruct__s5__greedy.jsonl
