Loading weights:   0%|          | 0/272 [00:00<?, ?it/s]Loading weights: 100%|██████████| 272/272 [00:00<00:00, 10388.75it/s]
loaded ../weights/HuggingFaceTB__SmolLM2-135M-Instruct__s2 params=134.5M device=mps eos=[2] in 0.7s
[     7s] seed=None R_d2_name                  1/1 tok=513
[     9s] seed=None R_d2_name__ctrl            1/1 tok=61
[    15s] seed=None R_d2_number                0/1 tok=494
[    17s] seed=None R_d2_number__ctrl          1/1 tok=52
[    26s] seed=None R_d4_pet                   1/1 tok=780
[    28s] seed=None R_d4_pet__ctrl             1/1 tok=51
[    37s] seed=None R_d4_city                  1/1 tok=774
[    38s] seed=None R_d4_city__ctrl            1/1 tok=49
[    51s] seed=None R_d6_name                  0/1 tok=1058
[    53s] seed=None R_d6_name__ctrl            1/1 tok=49
[    65s] seed=None R_d6_number                0/1 tok=1025
[    67s] seed=None R_d6_number__ctrl          1/1 tok=57
[    86s] seed=None R_d10_pet                  1/1 tok=1614
[    87s] seed=None R_d10_pet__ctrl            1/1 tok=49
[    98s] seed=None R_d5_multi                 0/3 tok=933
[   100s] seed=None R_d5_multi__ctrl           1/3 tok=68
[   103s] seed=None F_ellipsis_capital         0/2 tok=212
[   105s] seed=None F_ellipsis_capital__ctrl   1/1 tok=37
[   108s] seed=None F_translate                0/2 tok=216
[   110s] seed=None F_translate__ctrl          0/1 tok=41
[   113s] seed=None F_coref_she                0/1 tok=221
[   115s] seed=None F_coref_she__ctrl          0/1 tok=50
[   118s] seed=None F_whynot                   0/1 tok=215
[   120s] seed=None F_whynot__ctrl             0/1 tok=42
[   123s] seed=None F_shorter                  1/1 tok=216
[   125s] seed=None F_shorter__ctrl            0/1 tok=42
[   132s] seed=None I_one_sentence             0/3 tok=568
[   132s] seed=None I_one_sentence__ctrl       1/1 tok=40
[   139s] seed=None I_end_question             0/3 tok=581
[   141s] seed=None I_end_question__ctrl       0/1 tok=52
[   148s] seed=None I_caps                     0/3 tok=578
[   149s] seed=None I_caps__ctrl               0/1 tok=42
[   156s] seed=None I_persona                  0/5 tok=572
[   158s] seed=None I_persona__ctrl            1/2 tok=38
[   165s] seed=None K_day                      1/1 tok=539
[   166s] seed=None K_day__ctrl                1/1 tok=62
[   173s] seed=None K_time                     0/1 tok=542
[   175s] seed=None K_time__ctrl               1/1 tok=64
[   182s] seed=None K_color                    1/1 tok=539
[   183s] seed=None K_color__ctrl              1/1 tok=60
[   186s] seed=None O_second_item              0/1 tok=190
[   189s] seed=None O_last_item                0/1 tok=184
[   193s] seed=None O_add10                    0/2 tok=218
[   194s] seed=None O_add10__ctrl              0/1 tok=44
[   199s] seed=None RI_identity                1/2 tok=401
[   204s] seed=None RI_binding                 0/1 tok=357
[   206s] seed=None RI_binding__ctrl           1/1 tok=47
[   213s] seed=None T_party                    0/1 tok=601
[   215s] seed=None T_party__ctrl              0/1 tok=62
[   222s] seed=None T_dragon                   1/2 tok=606
[   223s] seed=None T_dragon__ctrl             2/2 tok=62
[   238s] seed=None L_tell_more                0/0 tok=1108
[   252s] seed=None L_chitchat                 0/1 tok=1141
done ../weights/HuggingFaceTB__SmolLM2-135M-Instruct__s2 in 252s -> ../transcripts/HuggingFaceTB__SmolLM2-135M-Instruct__s2__greedy.jsonl
