03:14:58 start free=79% swap=3106MB cmd=/Users/brohm/Documents/Projects/video-editor/.venv/bin/python -B e004_ft_test.py HuggingFaceTB/SmolLM2-135M-Instruct --bs 4 --accum 4 --max-len 768 --grad-ckpt --seed 3 --lr 1.5e-04 --sets eval,cont,know --chat --save 1 --tag s3
03:15:29 t=   32s active=   32s free=70% swap=3106MB rss=941MB
03:16:00 t=   62s active=   62s free=65% swap=3106MB rss=1102MB
03:16:30 t=   93s active=   93s free=61% swap=3106MB rss=1346MB
03:17:01 t=  123s active=  123s free=60% swap=3106MB rss=1555MB
03:17:32 t=  154s active=  154s free=57% swap=3106MB rss=1721MB
03:18:02 t=  185s active=  185s free=57% swap=3106MB rss=1904MB
03:18:33 t=  215s active=  215s free=57% swap=3106MB rss=2033MB
03:19:03 t=  246s active=  246s free=61% swap=3106MB rss=2215MB
03:19:34 t=  276s active=  276s free=57% swap=3106MB rss=2337MB
03:20:05 t=  307s active=  307s free=57% swap=3106MB rss=2450MB
03:20:35 t=  338s active=  338s free=62% swap=3106MB rss=2546MB
03:21:06 t=  368s active=  368s free=71% swap=3106MB rss=2410MB
03:21:36 t=  399s active=  399s free=71% swap=3106MB rss=2410MB
03:22:07 t=  429s active=  429s free=58% swap=3106MB rss=2413MB
03:22:38 t=  460s active=  460s free=58% swap=3098MB rss=2413MB
03:23:08 t=  491s active=  491s free=58% swap=3098MB rss=2414MB
03:23:39 t=  521s active=  521s free=58% swap=3098MB rss=2414MB
03:24:09 t=  552s active=  552s free=58% swap=3098MB rss=2414MB
03:24:40 t=  582s active=  582s free=58% swap=3098MB rss=2414MB
03:25:11 t=  613s active=  613s free=58% swap=3090MB rss=2415MB
03:25:41 t=  644s active=  644s free=58% swap=3090MB rss=2415MB
03:26:12 t=  674s active=  674s free=58% swap=3090MB rss=2415MB
03:26:42 t=  705s active=  705s free=58% swap=3090MB rss=2415MB
03:27:13 t=  735s active=  735s free=67% swap=3090MB rss=2415MB
03:27:44 t=  766s active=  766s free=71% swap=3090MB rss=2415MB
03:28:14 t=  797s active=  797s free=58% swap=3090MB rss=2415MB
03:28:45 t=  827s active=  827s free=58% swap=3090MB rss=2415MB
03:29:15 t=  858s active=  858s free=58% swap=3090MB rss=2415MB
03:29:46 t=  888s active=  888s free=58% swap=3090MB rss=2415MB
03:30:17 t=  919s active=  919s free=58% swap=3090MB rss=2416MB
03:30:47 t=  949s active=  949s free=58% swap=3090MB rss=2416MB
03:31:18 t=  980s active=  980s free=63% swap=3090MB rss=2416MB
03:31:48 t= 1011s active= 1011s free=58% swap=3090MB rss=2416MB
03:32:19 t= 1041s active= 1041s free=58% swap=3090MB rss=2416MB
03:32:50 t= 1072s active= 1072s free=58% swap=3090MB rss=2416MB
03:33:20 t= 1102s active= 1102s free=68% swap=3090MB rss=2416MB
03:33:51 t= 1133s active= 1133s free=72% swap=3090MB rss=2416MB
03:34:21 t= 1164s active= 1164s free=59% swap=3090MB rss=2416MB
03:34:52 t= 1194s active= 1194s free=59% swap=3090MB rss=2416MB
03:35:23 t= 1225s active= 1225s free=59% swap=3090MB rss=2416MB
03:35:53 t= 1255s active= 1255s free=59% swap=3090MB rss=2416MB
03:36:24 t= 1286s active= 1286s free=63% swap=3090MB rss=2416MB
03:36:54 t= 1317s active= 1317s free=59% swap=3090MB rss=2416MB
03:37:25 t= 1347s active= 1347s free=59% swap=3090MB rss=2417MB
03:37:55 t= 1378s active= 1378s free=63% swap=3090MB rss=2417MB
03:38:26 t= 1408s active= 1408s free=59% swap=3090MB rss=2417MB
03:38:57 t= 1439s active= 1439s free=72% swap=3090MB rss=2417MB
03:39:27 t= 1470s active= 1470s free=68% swap=3090MB rss=2417MB
03:39:58 t= 1500s active= 1500s free=59% swap=3090MB rss=2417MB
03:40:28 t= 1531s active= 1531s free=59% swap=3090MB rss=2418MB
03:40:59 t= 1561s active= 1561s free=59% swap=3090MB rss=2418MB
03:41:30 t= 1592s active= 1592s free=59% swap=3090MB rss=2418MB
03:42:00 t= 1623s active= 1623s free=59% swap=3090MB rss=2418MB
03:42:31 t= 1653s active= 1653s free=59% swap=3090MB rss=2418MB
03:43:02 t= 1684s active= 1684s free=58% swap=3090MB rss=2418MB
03:43:32 t= 1714s active= 1714s free=59% swap=3090MB rss=2418MB
03:44:03 t= 1745s active= 1745s free=59% swap=3090MB rss=2418MB
03:44:33 t= 1776s active= 1776s free=59% swap=3090MB rss=2418MB
03:45:04 t= 1806s active= 1806s free=73% swap=3090MB rss=2450MB
03:45:34 t= 1837s active= 1837s free=73% swap=3090MB rss=2450MB
03:46:05 t= 1867s active= 1867s free=63% swap=3090MB rss=2450MB
03:46:36 t= 1898s active= 1898s free=59% swap=3090MB rss=2450MB
03:47:06 t= 1928s active= 1928s free=59% swap=3090MB rss=2450MB
03:47:37 t= 1959s active= 1959s free=59% swap=3090MB rss=2458MB
03:48:07 t= 1990s active= 1990s free=59% swap=3090MB rss=2458MB
03:48:38 t= 2020s active= 2020s free=59% swap=3090MB rss=2458MB
03:49:09 t= 2051s active= 2051s free=59% swap=3090MB rss=2458MB
03:49:39 t= 2081s active= 2081s free=59% swap=3090MB rss=2458MB
03:50:10 t= 2112s active= 2112s free=59% swap=3082MB rss=2458MB
03:50:40 t= 2143s active= 2143s free=59% swap=3082MB rss=2458MB
03:51:11 t= 2173s active= 2173s free=73% swap=3082MB rss=2458MB
03:51:41 t= 2204s active= 2204s free=73% swap=3082MB rss=2454MB
03:52:12 t= 2234s active= 2234s free=62% swap=3082MB rss=2454MB
03:52:43 t= 2265s active= 2265s free=58% swap=3082MB rss=2454MB
03:53:13 t= 2296s active= 2296s free=58% swap=3082MB rss=2455MB
03:53:44 t= 2326s active= 2326s free=58% swap=3082MB rss=2455MB
03:54:14 t= 2357s active= 2357s free=58% swap=3082MB rss=2455MB
03:54:45 t= 2387s active= 2387s free=58% swap=3082MB rss=2455MB
03:55:16 t= 2418s active= 2418s free=62% swap=3082MB rss=2455MB
03:55:46 t= 2449s active= 2449s free=58% swap=3082MB rss=2455MB
03:56:17 t= 2479s active= 2479s free=58% swap=3082MB rss=2455MB
03:56:48 t= 2510s active= 2510s free=73% swap=3082MB rss=2455MB
03:57:18 t= 2540s active= 2540s free=69% swap=3082MB rss=2455MB
03:57:49 t= 2571s active= 2571s free=60% swap=3082MB rss=2455MB
03:58:19 t= 2602s active= 2602s free=60% swap=3082MB rss=2455MB
03:58:50 t= 2632s active= 2632s free=60% swap=3082MB rss=2455MB
03:59:20 t= 2663s active= 2663s free=60% swap=3082MB rss=2455MB
03:59:51 t= 2693s active= 2693s free=60% swap=3082MB rss=2455MB
04:00:22 t= 2724s active= 2724s free=60% swap=3082MB rss=2455MB
04:00:52 t= 2755s active= 2755s free=60% swap=3082MB rss=2455MB
04:01:23 t= 2785s active= 2785s free=60% swap=3082MB rss=2455MB
04:01:53 t= 2816s active= 2816s free=60% swap=3082MB rss=2455MB
04:02:24 t= 2846s active= 2846s free=60% swap=3082MB rss=2455MB
04:02:55 t= 2877s active= 2877s free=69% swap=3082MB rss=2495MB
04:03:25 t= 2907s active= 2907s free=69% swap=3082MB rss=2495MB
04:03:56 t= 2938s active= 2938s free=74% swap=3082MB rss=2506MB
04:04:26 t= 2969s active= 2969s free=73% swap=3082MB rss=2507MB
04:04:57 t= 2999s active= 2999s free=73% swap=3082MB rss=2507MB
04:05:27 t= 3030s active= 3030s free=73% swap=3082MB rss=2508MB
04:05:58 t= 3060s active= 3060s free=69% swap=3082MB rss=2508MB
04:06:29 t= 3091s active= 3091s free=78% swap=3082MB rss=2508MB
04:06:59 t= 3122s active= 3122s free=73% swap=3082MB rss=2509MB
04:07:30 t= 3152s active= 3152s free=73% swap=3082MB rss=2510MB
04:08:00 t= 3183s active= 3183s free=73% swap=3082MB rss=2510MB
04:08:31 t= 3213s active= 3213s free=73% swap=3074MB rss=2511MB
04:09:02 t= 3244s active= 3244s free=73% swap=3074MB rss=2511MB
04:09:32 t= 3274s active= 3274s free=74% swap=3074MB rss=2512MB
04:10:03 t= 3305s active= 3305s free=69% swap=3074MB rss=2512MB
04:10:33 t= 3336s active= 3336s free=69% swap=3074MB rss=2512MB
04:11:04 t= 3366s active= 3366s free=78% swap=3074MB rss=2512MB
04:11:35 t= 3397s active= 3397s free=73% swap=3074MB rss=2513MB
04:12:05 t= 3427s active= 3427s free=69% swap=3074MB rss=2513MB
04:12:36 t= 3458s active= 3458s free=78% swap=3074MB rss=2513MB
04:13:06 t= 3489s active= 3489s free=77% swap=3074MB rss=2514MB
04:13:37 t= 3519s active= 3519s free=77% swap=3074MB rss=2514MB
04:14:08 t= 3550s active= 3550s free=77% swap=3074MB rss=2514MB
04:14:38 t= 3580s active= 3580s free=77% swap=3074MB rss=2515MB
04:15:09 t= 3611s active= 3611s free=78% swap=3074MB rss=2515MB
04:15:39 t= 3642s active= 3642s free=78% swap=3074MB rss=2516MB
04:16:10 t= 3672s active= 3672s free=78% swap=3074MB rss=2516MB
04:16:40 t= 3703s active= 3703s free=77% swap=3074MB rss=2516MB
04:17:11 t= 3733s active= 3733s free=77% swap=3066MB rss=2516MB
04:17:42 t= 3764s active= 3764s free=78% swap=3066MB rss=2516MB
04:18:12 t= 3794s active= 3794s free=78% swap=3066MB rss=2516MB
04:18:43 t= 3825s active= 3825s free=78% swap=3066MB rss=2517MB
04:19:13 t= 3856s active= 3856s free=77% swap=3066MB rss=2517MB
04:19:44 t= 3886s active= 3886s free=77% swap=3066MB rss=2517MB
04:20:14 t= 3917s active= 3917s free=77% swap=3066MB rss=2517MB
04:20:45 t= 3947s active= 3947s free=78% swap=3058MB rss=2517MB
04:21:16 t= 3978s active= 3978s free=77% swap=3058MB rss=2517MB
04:21:46 t= 4009s active= 4009s free=78% swap=3058MB rss=2517MB
04:22:17 t= 4039s active= 4039s free=78% swap=3058MB rss=2517MB
04:22:47 t= 4070s active= 4070s free=78% swap=3058MB rss=2517MB
04:23:18 t= 4100s active= 4100s free=78% swap=3058MB rss=2518MB
04:23:49 t= 4131s active= 4131s free=78% swap=3058MB rss=2518MB
04:24:19 t= 4161s active= 4161s free=71% swap=3058MB rss=2529MB
04:24:50 t= 4192s active= 4192s free=73% swap=3058MB rss=2529MB
04:25:20 t= 4223s active= 4223s free=72% swap=3058MB rss=2529MB
04:25:51 t= 4253s active= 4253s free=65% swap=3058MB rss=2211MB
04:26:21 t= 4284s active= 4284s free=72% swap=3058MB rss=2159MB
04:26:52 t= 4314s active= 4314s free=68% swap=3058MB rss=2159MB
04:27:23 t= 4345s active= 4345s free=59% swap=3058MB rss=498MB
04:27:53 t= 4376s active= 4376s free=70% swap=3290MB rss=502MB
04:28:24 t= 4406s active= 4406s free=71% swap=3290MB rss=502MB
04:28:54 t= 4437s active= 4437s free=76% swap=3282MB rss=509MB
04:29:25 t= 4467s active= 4467s free=71% swap=3282MB rss=510MB
04:29:56 t= 4498s active= 4498s free=72% swap=3282MB rss=510MB
04:30:26 t= 4529s active= 4529s free=63% swap=3282MB rss=510MB
04:30:57 t= 4559s active= 4559s free=63% swap=3274MB rss=511MB
04:31:27 t= 4590s active= 4590s free=69% swap=3266MB rss=511MB
04:31:58 t= 4620s active= 4620s free=71% swap=3266MB rss=512MB
04:32:29 t= 4651s active= 4651s free=69% swap=3266MB rss=520MB
04:32:59 t= 4682s active= 4682s free=73% swap=3266MB rss=520MB
04:33:02 end exit=0 killed=None active=4685s paused=0s pauses=0 min_free=36% max_swap=3290MB peak_rss=2618MB
