04:33:03 start free=79% swap=3266MB cmd=/Users/brohm/Documents/Projects/video-editor/.venv/bin/python -B e004_ft_test.py HuggingFaceTB/SmolLM2-135M-Instruct --bs 4 --accum 4 --max-len 768 --grad-ckpt --seed 4 --lr 1.5e-04 --sets eval,cont,know --chat --save 1 --tag s4
04:33:34 t=   32s active=   32s free=70% swap=3266MB rss=944MB
04:34:05 t=   62s active=   62s free=66% swap=3266MB rss=1116MB
04:34:36 t=   93s active=   93s free=57% swap=3266MB rss=1355MB
04:35:06 t=  123s active=  123s free=57% swap=3266MB rss=1560MB
04:35:37 t=  154s active=  154s free=57% swap=3266MB rss=1700MB
04:36:07 t=  185s active=  185s free=57% swap=3266MB rss=1854MB
04:36:38 t=  215s active=  215s free=57% swap=3266MB rss=2004MB
04:37:09 t=  246s active=  246s free=57% swap=3266MB rss=2134MB
04:37:39 t=  276s active=  276s free=57% swap=3266MB rss=2278MB
04:38:10 t=  307s active=  307s free=57% swap=3266MB rss=2421MB
04:38:40 t=  338s active=  338s free=57% swap=3266MB rss=2532MB
04:39:11 t=  368s active=  368s free=71% swap=3266MB rss=2364MB
04:39:42 t=  399s active=  399s free=71% swap=3266MB rss=2364MB
04:40:12 t=  429s active=  429s free=62% swap=3266MB rss=2367MB
04:40:43 t=  460s active=  460s free=62% swap=3266MB rss=2368MB
04:41:13 t=  491s active=  491s free=58% swap=3266MB rss=2368MB
04:41:44 t=  521s active=  521s free=58% swap=3266MB rss=2368MB
04:42:15 t=  552s active=  552s free=58% swap=3266MB rss=2368MB
04:42:45 t=  582s active=  582s free=58% swap=3266MB rss=2369MB
04:43:16 t=  613s active=  613s free=58% swap=3266MB rss=2369MB
04:43:46 t=  644s active=  644s free=58% swap=3266MB rss=2369MB
04:44:17 t=  674s active=  674s free=58% swap=3266MB rss=2369MB
04:44:48 t=  705s active=  705s free=62% swap=3266MB rss=2492MB
04:45:18 t=  735s active=  735s free=71% swap=3266MB rss=2539MB
04:45:49 t=  766s active=  766s free=71% swap=3266MB rss=2539MB
04:46:19 t=  797s active=  797s free=62% swap=3266MB rss=2539MB
04:46:50 t=  827s active=  827s free=58% swap=3266MB rss=2539MB
04:47:21 t=  858s active=  858s free=58% swap=3266MB rss=2539MB
04:47:51 t=  888s active=  888s free=58% swap=3266MB rss=2540MB
04:48:22 t=  919s active=  919s free=58% swap=3266MB rss=2540MB
04:48:52 t=  950s active=  950s free=59% swap=3266MB rss=2540MB
04:49:23 t=  980s active=  980s free=59% swap=3266MB rss=2540MB
04:49:53 t= 1011s active= 1011s free=59% swap=3266MB rss=2540MB
04:50:24 t= 1041s active= 1041s free=59% swap=3258MB rss=2540MB
04:50:55 t= 1072s active= 1072s free=59% swap=3258MB rss=2540MB
04:51:25 t= 1102s active= 1102s free=72% swap=3258MB rss=2540MB
04:51:56 t= 1133s active= 1133s free=72% swap=3258MB rss=2540MB
04:52:26 t= 1164s active= 1164s free=63% swap=3258MB rss=2540MB
04:52:57 t= 1194s active= 1194s free=59% swap=3258MB rss=2540MB
04:53:28 t= 1225s active= 1225s free=63% swap=3258MB rss=2540MB
04:53:58 t= 1255s active= 1255s free=59% swap=3258MB rss=2540MB
04:54:29 t= 1286s active= 1286s free=59% swap=3258MB rss=2540MB
04:54:59 t= 1317s active= 1317s free=59% swap=3250MB rss=2540MB
04:55:30 t= 1347s active= 1347s free=59% swap=3250MB rss=2539MB
04:56:01 t= 1378s active= 1378s free=59% swap=3250MB rss=2539MB
04:56:31 t= 1408s active= 1408s free=59% swap=3250MB rss=2539MB
04:57:02 t= 1439s active= 1439s free=59% swap=3242MB rss=2540MB
04:57:32 t= 1470s active= 1470s free=73% swap=3242MB rss=2540MB
04:58:03 t= 1500s active= 1500s free=73% swap=3242MB rss=2540MB
04:58:34 t= 1531s active= 1531s free=59% swap=3242MB rss=2540MB
04:59:04 t= 1561s active= 1561s free=59% swap=3242MB rss=2540MB
04:59:35 t= 1592s active= 1592s free=59% swap=3242MB rss=2541MB
05:00:05 t= 1623s active= 1623s free=59% swap=3242MB rss=2541MB
05:00:36 t= 1653s active= 1653s free=55% swap=3242MB rss=2541MB
05:01:07 t= 1684s active= 1684s free=59% swap=3242MB rss=2541MB
05:01:37 t= 1714s active= 1714s free=59% swap=3242MB rss=2541MB
05:02:08 t= 1745s active= 1745s free=60% swap=3242MB rss=2541MB
05:02:38 t= 1776s active= 1776s free=64% swap=3242MB rss=2541MB
05:03:09 t= 1806s active= 1806s free=60% swap=3242MB rss=2541MB
05:03:40 t= 1837s active= 1837s free=73% swap=3242MB rss=2541MB
05:04:10 t= 1867s active= 1867s free=68% swap=3242MB rss=2541MB
05:04:41 t= 1898s active= 1898s free=65% swap=3242MB rss=2541MB
05:05:11 t= 1929s active= 1929s free=65% swap=3242MB rss=2541MB
05:05:42 t= 1959s active= 1959s free=65% swap=3242MB rss=2548MB
05:06:13 t= 1990s active= 1990s free=65% swap=3242MB rss=2549MB
05:06:43 t= 2020s active= 2020s free=64% swap=3242MB rss=2549MB
05:07:14 t= 2051s active= 2051s free=65% swap=3242MB rss=2549MB
05:07:44 t= 2082s active= 2082s free=65% swap=3242MB rss=2549MB
05:08:15 t= 2112s active= 2112s free=60% swap=3242MB rss=2549MB
05:08:46 t= 2143s active= 2143s free=60% swap=3242MB rss=2549MB
05:09:16 t= 2174s active= 2174s free=74% swap=3242MB rss=2549MB
05:09:47 t= 2204s active= 2204s free=74% swap=3242MB rss=2545MB
05:10:17 t= 2235s active= 2235s free=64% swap=3242MB rss=2545MB
05:10:48 t= 2265s active= 2265s free=60% swap=3242MB rss=2545MB
05:11:19 t= 2296s active= 2296s free=65% swap=3242MB rss=2545MB
05:11:49 t= 2326s active= 2326s free=60% swap=3242MB rss=2545MB
05:12:20 t= 2357s active= 2357s free=64% swap=3242MB rss=2545MB
05:12:50 t= 2388s active= 2388s free=64% swap=3242MB rss=2545MB
05:13:21 t= 2418s active= 2418s free=60% swap=3242MB rss=2545MB
05:13:52 t= 2449s active= 2449s free=60% swap=3242MB rss=2546MB
05:14:22 t= 2479s active= 2479s free=60% swap=3242MB rss=2546MB
05:14:53 t= 2510s active= 2510s free=60% swap=3242MB rss=2546MB
05:15:23 t= 2541s active= 2541s free=74% swap=3242MB rss=2545MB
05:15:54 t= 2571s active= 2571s free=74% swap=3242MB rss=2545MB
05:16:25 t= 2602s active= 2602s free=65% swap=3242MB rss=2546MB
05:16:55 t= 2632s active= 2632s free=64% swap=3242MB rss=2546MB
05:17:26 t= 2663s active= 2663s free=65% swap=3242MB rss=2546MB
05:17:56 t= 2694s active= 2694s free=65% swap=3242MB rss=2546MB
05:18:27 t= 2724s active= 2724s free=65% swap=3234MB rss=2546MB
05:18:57 t= 2755s active= 2755s free=60% swap=3234MB rss=2546MB
05:19:28 t= 2785s active= 2785s free=65% swap=3234MB rss=2546MB
05:19:59 t= 2816s active= 2816s free=65% swap=3218MB rss=2539MB
05:20:29 t= 2846s active= 2846s free=65% swap=3218MB rss=2539MB
05:21:00 t= 2877s active= 2877s free=64% swap=3218MB rss=2539MB
05:21:30 t= 2908s active= 2908s free=74% swap=3218MB rss=2539MB
05:22:01 t= 2938s active= 2938s free=74% swap=3218MB rss=2550MB
05:22:32 t= 2969s active= 2969s free=74% swap=3218MB rss=2552MB
05:23:02 t= 2999s active= 2999s free=74% swap=3218MB rss=2552MB
05:23:33 t= 3030s active= 3030s free=74% swap=3218MB rss=2552MB
05:24:03 t= 3061s active= 3061s free=69% swap=3218MB rss=2553MB
05:24:34 t= 3091s active= 3091s free=73% swap=3218MB rss=2553MB
05:25:05 t= 3122s active= 3122s free=74% swap=3218MB rss=2553MB
05:25:35 t= 3152s active= 3152s free=74% swap=3218MB rss=2554MB
05:26:06 t= 3183s active= 3183s free=78% swap=3218MB rss=2555MB
05:26:36 t= 3214s active= 3214s free=74% swap=3218MB rss=2556MB
05:27:07 t= 3244s active= 3244s free=74% swap=3218MB rss=2556MB
05:27:38 t= 3275s active= 3275s free=74% swap=3218MB rss=2556MB
05:28:08 t= 3305s active= 3305s free=74% swap=3218MB rss=2557MB
05:28:39 t= 3336s active= 3336s free=70% swap=3218MB rss=2557MB
05:29:09 t= 3367s active= 3367s free=70% swap=3218MB rss=2557MB
05:29:40 t= 3397s active= 3397s free=78% swap=3218MB rss=2557MB
05:30:10 t= 3428s active= 3428s free=69% swap=3218MB rss=2558MB
05:30:41 t= 3458s active= 3458s free=69% swap=3218MB rss=2558MB
05:31:12 t= 3489s active= 3489s free=78% swap=3218MB rss=2559MB
05:31:42 t= 3519s active= 3519s free=78% swap=3218MB rss=2559MB
05:32:13 t= 3550s active= 3550s free=78% swap=3218MB rss=2559MB
05:32:43 t= 3581s active= 3581s free=78% swap=3218MB rss=2560MB
05:33:14 t= 3611s active= 3611s free=78% swap=3218MB rss=2560MB
05:33:45 t= 3642s active= 3642s free=78% swap=3210MB rss=2560MB
05:34:15 t= 3672s active= 3672s free=78% swap=3210MB rss=2561MB
05:34:46 t= 3703s active= 3703s free=78% swap=3210MB rss=2561MB
05:35:16 t= 3734s active= 3734s free=78% swap=3210MB rss=2561MB
05:35:47 t= 3764s active= 3764s free=78% swap=3210MB rss=2561MB
05:36:17 t= 3795s active= 3795s free=78% swap=3210MB rss=2561MB
05:36:48 t= 3825s active= 3825s free=78% swap=3210MB rss=2561MB
05:37:19 t= 3856s active= 3856s free=79% swap=3210MB rss=2562MB
05:37:49 t= 3886s active= 3886s free=78% swap=3210MB rss=2562MB
05:38:20 t= 3917s active= 3917s free=78% swap=3210MB rss=2562MB
05:38:50 t= 3948s active= 3948s free=78% swap=3210MB rss=2562MB
05:39:21 t= 3978s active= 3978s free=78% swap=3210MB rss=2562MB
05:39:52 t= 4009s active= 4009s free=78% swap=3210MB rss=2562MB
05:40:22 t= 4039s active= 4039s free=78% swap=3210MB rss=2562MB
05:40:53 t= 4070s active= 4070s free=78% swap=3210MB rss=2562MB
05:41:23 t= 4101s active= 4101s free=79% swap=3210MB rss=2562MB
05:41:54 t= 4131s active= 4131s free=79% swap=3210MB rss=2563MB
05:42:25 t= 4162s active= 4162s free=72% swap=3210MB rss=2574MB
05:42:55 t= 4192s active= 4192s free=73% swap=3210MB rss=2574MB
05:43:26 t= 4223s active= 4223s free=76% swap=3210MB rss=2574MB
05:43:56 t= 4253s active= 4253s free=76% swap=3210MB rss=2557MB
05:44:27 t= 4284s active= 4284s free=72% swap=3210MB rss=1869MB
05:44:57 t= 4315s active= 4315s free=74% swap=3210MB rss=1869MB
05:45:28 t= 4345s active= 4345s free=53% swap=3210MB rss=1156MB
05:45:59 t= 4376s active= 4376s free=61% swap=3210MB rss=1158MB
05:46:29 t= 4407s active= 4407s free=72% swap=3210MB rss=1159MB
05:47:00 t= 4437s active= 4437s free=68% swap=3210MB rss=1165MB
05:47:30 t= 4468s active= 4468s free=73% swap=3210MB rss=1165MB
05:48:01 t= 4498s active= 4498s free=66% swap=3210MB rss=1166MB
05:48:32 t= 4529s active= 4529s free=61% swap=3210MB rss=1167MB
05:49:02 t= 4559s active= 4559s free=70% swap=3210MB rss=389MB
05:49:33 t= 4590s active= 4590s free=68% swap=3210MB rss=389MB
05:50:03 t= 4621s active= 4621s free=72% swap=3210MB rss=405MB
05:50:34 t= 4651s active= 4651s free=71% swap=3210MB rss=405MB
05:50:57 end exit=0 killed=None active=4675s paused=0s pauses=0 min_free=30% max_swap=3266MB peak_rss=2574MB
