Loading weights:   0%|          | 0/272 [00:00<?, ?it/s]Loading weights: 100%|██████████| 272/272 [00:00<00:00, 3069.32it/s]
loaded HuggingFaceTB/SmolLM2-135M-Instruct params=134,515,008 (config 134,515,008, body 106,203,456) sanity_nll=1.9598 2.3s mps_alloc=0.50G driver=1.06G peak_driver=1.06G
loss self-check hf=2.94226 answer_only=2.94226
probe step 0 {'step': 0, 'H1': 0.0, 'H2': 0.0, 'H3': 0.0625, 'H4': 0.125, 'H5': 0.125, 'H6': 0.1875, 'H7': 0.1875, 'C_noupd': 0.3125, 'C_twoslot': 0.1875} mps_alloc=0.50G driver=2.06G peak_driver=2.06G
step 0 loss 2.9278 gnorm 9.43 lr 1.50e-05 6s mps_alloc=1.78G driver=4.17G peak_driver=4.17G
step 10 loss 1.4905 gnorm 5.46 lr 8.98e-05 65s mps_alloc=1.78G driver=4.17G peak_driver=4.17G
step 20 loss 0.6917 gnorm 4.53 lr 1.49e-04 125s mps_alloc=1.78G driver=5.17G peak_driver=5.17G
step 30 loss 0.6602 gnorm 3.14 lr 1.48e-04 183s mps_alloc=1.78G driver=5.17G peak_driver=5.17G
step 40 loss 0.6330 gnorm 3.68 lr 1.46e-04 245s mps_alloc=1.78G driver=5.17G peak_driver=5.17G
probe step 50 {'step': 50, 'H1': 0.4375, 'H2': 0.375, 'H3': 0.75, 'H4': 0.625, 'H5': 0.125, 'H6': 0.375, 'H7': 0.75, 'C_noupd': 0.5, 'C_twoslot': 0.5625}
step 50 loss 0.5856 gnorm 3.78 lr 1.44e-04 362s mps_alloc=1.78G driver=5.17G peak_driver=5.17G
step 60 loss 0.6440 gnorm 3.88 lr 1.42e-04 422s mps_alloc=1.78G driver=5.17G peak_driver=5.17G
step 70 loss 0.5570 gnorm 4.97 lr 1.39e-04 483s mps_alloc=1.78G driver=5.17G peak_driver=5.17G
step 80 loss 0.4899 gnorm 3.35 lr 1.35e-04 546s mps_alloc=1.78G driver=5.17G peak_driver=5.17G
step 90 loss 0.4459 gnorm 2.62 lr 1.32e-04 609s mps_alloc=1.78G driver=5.17G peak_driver=5.17G
probe step 100 {'step': 100, 'H1': 0.6875, 'H2': 0.5, 'H3': 0.6875, 'H4': 0.8125, 'H5': 0.4375, 'H6': 0.75, 'H7': 0.75, 'C_noupd': 0.75, 'C_twoslot': 0.875}
step 100 loss 0.4427 gnorm 2.66 lr 1.28e-04 724s mps_alloc=1.78G driver=4.23G peak_driver=6.17G
step 110 loss 0.4231 gnorm 2.70 lr 1.23e-04 787s mps_alloc=1.78G driver=5.23G peak_driver=6.17G
step 120 loss 0.4289 gnorm 2.30 lr 1.19e-04 850s mps_alloc=1.78G driver=5.23G peak_driver=6.17G
step 130 loss 0.5349 gnorm 3.74 lr 1.14e-04 905s mps_alloc=1.78G driver=5.23G peak_driver=6.17G
step 140 loss 0.4800 gnorm 2.50 lr 1.09e-04 964s mps_alloc=1.78G driver=5.23G peak_driver=6.17G
probe step 150 {'step': 150, 'H1': 0.6875, 'H2': 0.625, 'H3': 0.75, 'H4': 0.8125, 'H5': 0.75, 'H6': 0.8125, 'H7': 0.875, 'C_noupd': 0.8125, 'C_twoslot': 0.875}
step 150 loss 0.3832 gnorm 2.78 lr 1.03e-04 1080s mps_alloc=1.78G driver=5.17G peak_driver=6.17G
step 160 loss 0.4182 gnorm 2.11 lr 9.76e-05 1138s mps_alloc=1.78G driver=5.17G peak_driver=6.17G
step 170 loss 0.3921 gnorm 2.11 lr 9.19e-05 1202s mps_alloc=1.78G driver=5.17G peak_driver=6.17G
step 180 loss 0.4349 gnorm 3.53 lr 8.62e-05 1262s mps_alloc=1.78G driver=5.17G peak_driver=6.17G
step 190 loss 0.4001 gnorm 2.21 lr 8.03e-05 1324s mps_alloc=1.78G driver=5.17G peak_driver=6.17G
probe step 200 {'step': 200, 'H1': 0.75, 'H2': 0.6875, 'H3': 0.75, 'H4': 0.8125, 'H5': 0.6875, 'H6': 0.875, 'H7': 0.875, 'C_noupd': 0.875, 'C_twoslot': 0.9375}
step 200 loss 0.4473 gnorm 2.61 lr 7.44e-05 1442s mps_alloc=1.78G driver=5.17G peak_driver=6.17G
step 210 loss 0.4069 gnorm 2.44 lr 6.85e-05 1502s mps_alloc=1.78G driver=5.17G peak_driver=6.17G
step 220 loss 0.3423 gnorm 2.13 lr 6.27e-05 1565s mps_alloc=1.78G driver=5.17G peak_driver=6.17G
step 230 loss 0.5360 gnorm 2.97 lr 5.69e-05 1624s mps_alloc=1.78G driver=5.17G peak_driver=6.17G
step 240 loss 0.3726 gnorm 2.69 lr 5.13e-05 1682s mps_alloc=1.78G driver=5.17G peak_driver=6.17G
probe step 250 {'step': 250, 'H1': 0.75, 'H2': 0.625, 'H3': 0.875, 'H4': 0.8125, 'H5': 0.6875, 'H6': 0.875, 'H7': 0.875, 'C_noupd': 0.9375, 'C_twoslot': 0.875}
step 250 loss 0.3922 gnorm 2.48 lr 4.58e-05 1799s mps_alloc=1.78G driver=4.20G peak_driver=6.17G
step 260 loss 0.3505 gnorm 1.92 lr 4.04e-05 1861s mps_alloc=1.78G driver=5.20G peak_driver=6.17G
step 270 loss 0.3750 gnorm 2.20 lr 3.53e-05 1919s mps_alloc=1.78G driver=5.20G peak_driver=6.17G
step 280 loss 0.4512 gnorm 2.72 lr 3.04e-05 1981s mps_alloc=1.78G driver=5.20G peak_driver=6.17G
step 290 loss 0.3987 gnorm 2.65 lr 2.58e-05 2040s mps_alloc=1.78G driver=5.20G peak_driver=6.17G
probe step 300 {'step': 300, 'H1': 0.875, 'H2': 0.6875, 'H3': 0.9375, 'H4': 0.8125, 'H5': 0.75, 'H6': 0.9375, 'H7': 0.875, 'C_noupd': 0.875, 'C_twoslot': 0.8125}
step 300 loss 0.3798 gnorm 1.99 lr 2.16e-05 2154s mps_alloc=1.78G driver=4.51G peak_driver=6.17G
step 310 loss 0.4118 gnorm 2.15 lr 1.76e-05 2214s mps_alloc=1.78G driver=5.51G peak_driver=6.17G
step 320 loss 0.3996 gnorm 1.89 lr 1.40e-05 2275s mps_alloc=1.78G driver=5.51G peak_driver=6.17G
step 330 loss 0.3844 gnorm 1.96 lr 1.07e-05 2335s mps_alloc=1.78G driver=5.51G peak_driver=6.17G
step 340 loss 0.3422 gnorm 1.85 lr 7.91e-06 2393s mps_alloc=1.78G driver=5.51G peak_driver=6.17G
probe step 350 {'step': 350, 'H1': 0.875, 'H2': 0.6875, 'H3': 0.875, 'H4': 0.8125, 'H5': 0.75, 'H6': 0.9375, 'H7': 0.875, 'C_noupd': 0.9375, 'C_twoslot': 0.9375}
step 350 loss 0.3731 gnorm 3.03 lr 5.49e-06 2508s mps_alloc=1.78G driver=5.17G peak_driver=6.17G
step 360 loss 0.4033 gnorm 1.66 lr 3.49e-06 2565s mps_alloc=1.78G driver=5.17G peak_driver=6.17G
step 370 loss 0.3484 gnorm 1.99 lr 1.94e-06 2628s mps_alloc=1.78G driver=5.17G peak_driver=6.17G
step 380 loss 0.3845 gnorm 1.79 lr 8.34e-07 2690s mps_alloc=1.78G driver=5.17G peak_driver=6.17G
step 390 loss 0.3545 gnorm 2.33 lr 1.87e-07 2749s mps_alloc=1.78G driver=5.17G peak_driver=6.17G
step 399 loss 0.4207 gnorm 2.31 lr 0.00e+00 2800s mps_alloc=1.78G driver=5.17G peak_driver=6.17G
probe step 400 {'step': 400, 'H1': 0.875, 'H2': 0.625, 'H3': 0.875, 'H4': 0.8125, 'H5': 0.75, 'H6': 0.9375, 'H7': 0.875, 'C_noupd': 0.9375, 'C_twoslot': 0.9375}
scored e004/plain: 640 items in 247s mps_alloc=0.50G driver=2.22G peak_driver=6.17G
scored e004/chat: 640 items in 290s mps_alloc=0.50G driver=2.14G peak_driver=6.17G
scored new/plain: 1728 items in 159s mps_alloc=0.50G driver=1.25G peak_driver=6.17G
scored extra/plain: 192 items in 13s mps_alloc=0.50G driver=1.27G peak_driver=6.17G
scored old/plain: 1116 items in 83s mps_alloc=0.50G driver=1.26G peak_driver=6.17G
scored uprobe/plain: 576 items in 62s mps_alloc=0.50G driver=1.30G peak_driver=6.17G
scored cross/plain: 384 items in 71s mps_alloc=0.50G driver=1.18G peak_driver=6.17G
scored new/chat: 1728 items in 186s mps_alloc=0.50G driver=1.22G peak_driver=6.17G
scored extra/chat: 192 items in 16s mps_alloc=0.50G driver=1.27G peak_driver=6.17G
scored cross/chat: 384 items in 83s mps_alloc=0.50G driver=2.22G peak_driver=6.17G
scored khard/plain: 80 items in 2s mps_alloc=0.50G driver=1.09G peak_driver=6.17G
scored kbig/plain: 441 items in 8s mps_alloc=0.50G driver=1.05G peak_driver=6.17G
generated e004/plain: strict 555/640 in 102s mps_alloc=0.50G driver=2.92G peak_driver=6.17G
generated e004/chat: strict 29/640 in 388s mps_alloc=0.50G driver=8.39G peak_driver=8.39G
generated cont/plain: strict 384/416 in 56s mps_alloc=0.50G driver=1.42G peak_driver=8.39G
Writing model shards:   0%|          | 0/1 [00:00<?, ?it/s]Writing model shards: 100%|██████████| 1/1 [00:00<00:00,  3.47it/s]Writing model shards: 100%|██████████| 1/1 [00:00<00:00,  3.47it/s]
DONE HuggingFaceTB/SmolLM2-135M-Instruct s3 total 4683s peak_driver=8.385G lock_in_step=None loss_finite=True
