00:37:16 start free=75% swap=1686MB cmd=/Users/brohm/Documents/Projects/video-editor/.venv/bin/python -B e004_ft_test.py HuggingFaceTB/SmolLM2-135M-Instruct --bs 4 --accum 4 --max-len 768 --grad-ckpt --seed 1 --lr 1.5e-04 --sets eval,cont,know --chat --save 1 --tag s1
00:37:48 t=   32s active=   32s free=66% swap=1686MB rss=944MB
00:38:19 t=   62s active=   62s free=62% swap=1686MB rss=1103MB
00:38:49 t=   93s active=   93s free=62% swap=1686MB rss=1344MB
00:39:20 t=  123s active=  123s free=62% swap=1686MB rss=1537MB
00:39:50 t=  154s active=  154s free=57% swap=1686MB rss=1698MB
00:40:21 t=  185s active=  185s free=53% swap=1686MB rss=1854MB
00:40:52 t=  215s active=  215s free=53% swap=1686MB rss=1964MB
00:41:22 t=  246s active=  246s free=62% swap=1686MB rss=2090MB
00:41:53 t=  276s active=  276s free=58% swap=1686MB rss=2209MB
00:42:23 t=  307s active=  307s free=58% swap=1686MB rss=2360MB
00:42:54 t=  338s active=  338s free=58% swap=1686MB rss=2484MB
00:43:25 t=  368s active=  368s free=58% swap=1686MB rss=2613MB
00:43:55 t=  399s active=  399s free=67% swap=1686MB rss=2395MB
00:44:26 t=  429s active=  429s free=62% swap=1686MB rss=2397MB
00:44:57 t=  460s active=  460s free=58% swap=1686MB rss=2397MB
00:45:27 t=  491s active=  491s free=58% swap=1686MB rss=2395MB
00:45:58 t=  521s active=  521s free=57% swap=1686MB rss=2395MB
00:46:28 t=  552s active=  552s free=57% swap=1686MB rss=2396MB
00:46:59 t=  583s active=  583s free=58% swap=1686MB rss=2396MB
00:47:30 t=  613s active=  613s free=62% swap=1686MB rss=2397MB
00:48:00 t=  644s active=  644s free=57% swap=1686MB rss=2398MB
00:48:31 t=  674s active=  674s free=58% swap=1686MB rss=2398MB
00:49:02 t=  705s active=  705s free=58% swap=1686MB rss=2398MB
00:49:32 t=  736s active=  736s free=71% swap=1686MB rss=2398MB
00:50:03 t=  766s active=  766s free=67% swap=1686MB rss=2399MB
00:50:33 t=  797s active=  797s free=62% swap=1686MB rss=2399MB
00:51:04 t=  828s active=  828s free=62% swap=1678MB rss=2173MB
00:51:35 t=  858s active=  858s free=57% swap=1678MB rss=2190MB
00:52:05 t=  889s active=  889s free=57% swap=1678MB rss=2255MB
00:52:36 t=  920s active=  920s free=57% swap=1678MB rss=2314MB
00:53:07 t=  950s active=  950s free=58% swap=1678MB rss=2358MB
00:53:37 t=  981s active=  981s free=62% swap=1678MB rss=2371MB
00:54:08 t= 1011s active= 1011s free=58% swap=1678MB rss=2349MB
00:54:39 t= 1042s active= 1042s free=58% swap=1678MB rss=2384MB
00:55:09 t= 1073s active= 1073s free=58% swap=1678MB rss=2387MB
00:55:40 t= 1103s active= 1103s free=71% swap=1678MB rss=2417MB
00:56:10 t= 1134s active= 1134s free=67% swap=1678MB rss=2417MB
00:56:41 t= 1165s active= 1165s free=53% swap=1678MB rss=2277MB
00:57:12 t= 1195s active= 1195s free=53% swap=1678MB rss=2296MB
00:57:43 t= 1226s active= 1226s free=58% swap=1678MB rss=2336MB
00:58:13 t= 1257s active= 1257s free=53% swap=1678MB rss=2360MB
00:58:44 t= 1287s active= 1287s free=58% swap=1678MB rss=2383MB
00:59:14 t= 1318s active= 1318s free=58% swap=1678MB rss=2349MB
00:59:45 t= 1349s active= 1349s free=58% swap=1678MB rss=2384MB
01:00:16 t= 1379s active= 1379s free=54% swap=1678MB rss=2413MB
01:00:46 t= 1410s active= 1410s free=58% swap=1678MB rss=2417MB
01:01:17 t= 1440s active= 1440s free=58% swap=1678MB rss=2418MB
01:01:47 t= 1471s active= 1471s free=71% swap=1678MB rss=2434MB
01:02:18 t= 1502s active= 1502s free=72% swap=1678MB rss=2434MB
01:02:49 t= 1532s active= 1532s free=54% swap=1678MB rss=2435MB
01:03:19 t= 1563s active= 1563s free=58% swap=1678MB rss=2434MB
01:03:50 t= 1593s active= 1593s free=54% swap=1678MB rss=2434MB
01:04:20 t= 1624s active= 1624s free=58% swap=1678MB rss=2403MB
01:04:51 t= 1655s active= 1655s free=52% swap=1670MB rss=1958MB
01:05:22 t= 1685s active= 1685s free=53% swap=1670MB rss=2028MB
01:05:52 t= 1716s active= 1716s free=53% swap=1670MB rss=2082MB
01:06:23 t= 1747s active= 1747s free=54% swap=1670MB rss=2117MB
01:06:54 t= 1777s active= 1777s free=58% swap=1670MB rss=1864MB
01:07:25 t= 1808s active= 1808s free=53% swap=1670MB rss=1453MB
01:07:56 t= 1840s active= 1840s free=68% swap=1670MB rss=2261MB
01:08:27 t= 1871s active= 1871s free=68% swap=1670MB rss=2261MB
01:08:58 t= 1902s active= 1902s free=54% swap=1670MB rss=2254MB
01:09:29 t= 1933s active= 1933s free=55% swap=1670MB rss=2199MB
01:10:00 t= 1964s active= 1964s free=55% swap=1670MB rss=2208MB
01:10:31 t= 1994s active= 1994s free=60% swap=1670MB rss=2225MB
01:11:01 t= 2025s active= 2025s free=60% swap=1670MB rss=2232MB
01:11:32 t= 2055s active= 2055s free=60% swap=1670MB rss=2241MB
01:12:03 t= 2086s active= 2086s free=56% swap=1670MB rss=2261MB
01:12:33 t= 2117s active= 2117s free=56% swap=1670MB rss=2274MB
01:13:04 t= 2147s active= 2147s free=60% swap=1670MB rss=2281MB
01:13:34 t= 2178s active= 2178s free=56% swap=1670MB rss=2284MB
01:14:05 t= 2208s active= 2208s free=69% swap=1670MB rss=2287MB
01:14:36 t= 2239s active= 2239s free=65% swap=1670MB rss=2284MB
01:15:06 t= 2270s active= 2270s free=56% swap=1670MB rss=2285MB
01:15:37 t= 2300s active= 2300s free=56% swap=1670MB rss=2285MB
01:16:07 t= 2331s active= 2331s free=56% swap=1670MB rss=2285MB
01:16:38 t= 2362s active= 2362s free=56% swap=1670MB rss=2285MB
01:17:09 t= 2392s active= 2392s free=56% swap=1670MB rss=2285MB
01:17:39 t= 2423s active= 2423s free=56% swap=1670MB rss=2257MB
01:18:11 t= 2454s active= 2454s free=54% swap=1670MB rss=2115MB
01:18:42 t= 2485s active= 2485s free=55% swap=1670MB rss=2097MB
01:19:13 t= 2516s active= 2516s free=50% swap=1670MB rss=1938MB
01:19:44 t= 2547s active= 2547s free=50% swap=1670MB rss=1970MB
01:20:15 t= 2578s active= 2578s free=68% swap=1670MB rss=2134MB
01:20:45 t= 2609s active= 2609s free=64% swap=1670MB rss=2134MB
01:21:16 t= 2640s active= 2640s free=55% swap=1670MB rss=2266MB
01:21:47 t= 2670s active= 2670s free=55% swap=1670MB rss=2268MB
01:22:17 t= 2701s active= 2701s free=55% swap=1670MB rss=2271MB
01:22:48 t= 2731s active= 2731s free=56% swap=1670MB rss=2272MB
01:23:18 t= 2762s active= 2762s free=55% swap=1670MB rss=2273MB
01:23:49 t= 2793s active= 2793s free=51% swap=1670MB rss=2274MB
01:24:20 t= 2823s active= 2823s free=55% swap=1670MB rss=2275MB
01:24:50 t= 2854s active= 2854s free=55% swap=1670MB rss=2276MB
01:25:21 t= 2884s active= 2884s free=55% swap=1670MB rss=2276MB
01:25:51 t= 2915s active= 2915s free=55% swap=1670MB rss=2278MB
01:26:22 t= 2946s active= 2946s free=66% swap=1670MB rss=2277MB
01:26:53 t= 2976s active= 2976s free=66% swap=1670MB rss=2290MB
01:27:23 t= 3007s active= 3007s free=66% swap=1670MB rss=2292MB
01:27:54 t= 3037s active= 3037s free=66% swap=1670MB rss=2292MB
01:28:25 t= 3068s active= 3068s free=66% swap=1670MB rss=2293MB
01:28:55 t= 3099s active= 3099s free=62% swap=1670MB rss=2293MB
01:29:26 t= 3129s active= 3129s free=62% swap=1670MB rss=2293MB
01:29:56 t= 3160s active= 3160s free=66% swap=1670MB rss=2294MB
01:30:27 t= 3191s active= 3191s free=66% swap=1670MB rss=2295MB
01:30:58 t= 3221s active= 3221s free=66% swap=1670MB rss=2297MB
01:31:28 t= 3252s active= 3252s free=66% swap=1670MB rss=2299MB
01:31:59 t= 3282s active= 3282s free=67% swap=1670MB rss=2300MB
01:32:30 t= 3313s active= 3313s free=67% swap=1670MB rss=2300MB
01:33:01 t= 3344s active= 3344s free=66% swap=1670MB rss=2300MB
01:33:32 t= 3375s active= 3375s free=62% swap=1670MB rss=2300MB
01:34:03 t= 3406s active= 3406s free=62% swap=1670MB rss=2287MB
01:34:34 t= 3437s active= 3437s free=71% swap=1670MB rss=2266MB
01:35:05 t= 3469s active= 3469s free=62% swap=1670MB rss=2266MB
01:35:36 t= 3500s active= 3500s free=62% swap=1670MB rss=2266MB
01:36:07 t= 3530s active= 3530s free=71% swap=1662MB rss=2267MB
01:36:37 t= 3561s active= 3561s free=71% swap=1662MB rss=2267MB
01:37:08 t= 3591s active= 3591s free=71% swap=1662MB rss=2267MB
01:37:39 t= 3622s active= 3622s free=71% swap=1662MB rss=2268MB
01:38:09 t= 3653s active= 3653s free=71% swap=1662MB rss=2268MB
01:38:40 t= 3683s active= 3683s free=71% swap=1662MB rss=2268MB
01:39:10 t= 3714s active= 3714s free=71% swap=1662MB rss=2269MB
01:39:41 t= 3744s active= 3744s free=71% swap=1662MB rss=2269MB
01:40:12 t= 3775s active= 3775s free=71% swap=1662MB rss=2270MB
01:40:42 t= 3806s active= 3806s free=71% swap=1662MB rss=2270MB
01:41:13 t= 3837s active= 3837s free=72% swap=1662MB rss=2270MB
01:41:44 t= 3867s active= 3867s free=72% swap=1662MB rss=2270MB
01:42:14 t= 3898s active= 3898s free=72% swap=1662MB rss=2270MB
01:42:45 t= 3929s active= 3929s free=71% swap=1662MB rss=2270MB
01:43:17 t= 3960s active= 3960s free=71% swap=1662MB rss=2271MB
01:43:48 t= 3991s active= 3991s free=71% swap=1662MB rss=2271MB
01:44:19 t= 4022s active= 4022s free=72% swap=1662MB rss=2271MB
01:44:50 t= 4054s active= 4054s free=71% swap=1662MB rss=2271MB
01:45:21 t= 4085s active= 4085s free=71% swap=1662MB rss=2271MB
01:45:52 t= 4115s active= 4115s free=72% swap=1662MB rss=2271MB
01:46:22 t= 4146s active= 4146s free=71% swap=1662MB rss=2271MB
01:46:53 t= 4176s active= 4176s free=72% swap=1662MB rss=2271MB
01:47:23 t= 4207s active= 4207s free=72% swap=1662MB rss=2271MB
01:47:54 t= 4237s active= 4237s free=72% swap=1662MB rss=2272MB
01:48:25 t= 4268s active= 4268s free=65% swap=1662MB rss=2291MB
01:48:55 t= 4299s active= 4299s free=67% swap=1662MB rss=2286MB
01:49:26 t= 4329s active= 4329s free=66% swap=1662MB rss=2287MB
01:49:56 t= 4360s active= 4360s free=41% swap=1662MB rss=1677MB
01:50:27 t= 4390s active= 4390s free=62% swap=1662MB rss=1616MB
01:50:58 t= 4421s active= 4421s free=57% swap=1662MB rss=1600MB
01:51:28 t= 4452s active= 4452s free=57% swap=2278MB rss=361MB
01:51:59 t= 4482s active= 4482s free=54% swap=2278MB rss=298MB
01:52:29 t= 4513s active= 4513s free=64% swap=2278MB rss=300MB
01:53:00 t= 4543s active= 4543s free=63% swap=2278MB rss=317MB
01:53:31 t= 4574s active= 4574s free=69% swap=2278MB rss=318MB
01:54:01 t= 4605s active= 4605s free=62% swap=2278MB rss=318MB
01:54:32 t= 4635s active= 4635s free=56% swap=2278MB rss=319MB
01:55:02 t= 4666s active= 4666s free=56% swap=2278MB rss=309MB
01:55:33 t= 4696s active= 4696s free=65% swap=2454MB rss=309MB
01:56:03 t= 4727s active= 4727s free=53% swap=2454MB rss=310MB
01:56:34 t= 4758s active= 4758s free=69% swap=2454MB rss=325MB
01:57:05 t= 4788s active= 4788s free=64% swap=2454MB rss=326MB
01:57:19 end exit=0 killed=None active=4802s paused=0s pauses=0 min_free=34% max_swap=2454MB peak_rss=2613MB
