01:57:19 start free=76% swap=2454MB cmd=/Users/brohm/Documents/Projects/video-editor/.venv/bin/python -B e004_ft_test.py HuggingFaceTB/SmolLM2-135M-Instruct --bs 4 --accum 4 --max-len 768 --grad-ckpt --seed 2 --lr 1.5e-04 --sets eval,cont,know --chat --save 1 --tag s2
01:57:51 t=   32s active=   32s free=68% swap=2454MB rss=942MB
01:58:22 t=   62s active=   62s free=68% swap=2454MB rss=1084MB
01:58:52 t=   93s active=   93s free=58% swap=2454MB rss=1299MB
01:59:23 t=  124s active=  124s free=59% swap=2454MB rss=1498MB
01:59:54 t=  154s active=  154s free=55% swap=2454MB rss=1707MB
02:00:24 t=  185s active=  185s free=55% swap=2454MB rss=1902MB
02:00:55 t=  215s active=  215s free=55% swap=2454MB rss=2072MB
02:01:25 t=  246s active=  246s free=55% swap=2454MB rss=2228MB
02:01:56 t=  277s active=  277s free=55% swap=2454MB rss=2397MB
02:02:27 t=  308s active=  308s free=55% swap=2454MB rss=2535MB
02:02:59 t=  339s active=  339s free=55% swap=2454MB rss=2665MB
02:03:30 t=  371s active=  371s free=69% swap=2454MB rss=2516MB
02:04:02 t=  402s active=  402s free=69% swap=2454MB rss=2516MB
02:04:33 t=  434s active=  434s free=60% swap=2454MB rss=2518MB
02:05:04 t=  465s active=  465s free=56% swap=2454MB rss=2519MB
02:05:35 t=  496s active=  496s free=56% swap=2454MB rss=2520MB
02:06:06 t=  526s active=  526s free=56% swap=2454MB rss=2520MB
02:06:36 t=  557s active=  557s free=56% swap=2454MB rss=2520MB
02:07:07 t=  588s active=  588s free=56% swap=2454MB rss=2520MB
02:07:38 t=  618s active=  618s free=56% swap=2454MB rss=2520MB
02:08:08 t=  649s active=  649s free=52% swap=2454MB rss=2520MB
02:08:39 t=  680s active=  680s free=52% swap=2454MB rss=2520MB
02:09:10 t=  710s active=  710s free=52% swap=2454MB rss=2520MB
02:09:40 t=  741s active=  741s free=56% swap=2454MB rss=2521MB
02:10:11 t=  772s active=  772s free=66% swap=2454MB rss=2521MB
02:10:42 t=  802s active=  802s free=61% swap=2454MB rss=2521MB
02:11:12 t=  833s active=  833s free=57% swap=2454MB rss=2521MB
02:11:43 t=  864s active=  864s free=57% swap=2454MB rss=2521MB
02:12:14 t=  894s active=  894s free=57% swap=2454MB rss=2521MB
02:12:44 t=  925s active=  925s free=57% swap=2454MB rss=2521MB
02:13:15 t=  956s active=  956s free=57% swap=2454MB rss=2521MB
02:13:46 t=  986s active=  986s free=57% swap=2454MB rss=2521MB
02:14:16 t= 1017s active= 1017s free=57% swap=2454MB rss=2522MB
02:14:47 t= 1047s active= 1047s free=57% swap=2454MB rss=2522MB
02:15:17 t= 1078s active= 1078s free=57% swap=2454MB rss=2522MB
02:15:48 t= 1109s active= 1109s free=57% swap=2454MB rss=2522MB
02:16:19 t= 1139s active= 1139s free=66% swap=2454MB rss=2522MB
02:16:49 t= 1170s active= 1170s free=70% swap=2454MB rss=2522MB
02:17:20 t= 1200s active= 1200s free=57% swap=2454MB rss=2522MB
02:17:51 t= 1231s active= 1231s free=57% swap=2454MB rss=2522MB
02:18:21 t= 1262s active= 1262s free=57% swap=2454MB rss=2522MB
02:18:52 t= 1292s active= 1292s free=57% swap=2454MB rss=2522MB
02:19:22 t= 1323s active= 1323s free=57% swap=2454MB rss=2522MB
02:19:53 t= 1354s active= 1354s free=57% swap=2454MB rss=2522MB
02:20:24 t= 1384s active= 1384s free=57% swap=2454MB rss=2523MB
02:20:54 t= 1415s active= 1415s free=57% swap=2454MB rss=2523MB
02:21:25 t= 1445s active= 1445s free=57% swap=2454MB rss=2523MB
02:21:55 t= 1476s active= 1476s free=70% swap=2454MB rss=2523MB
02:22:26 t= 1507s active= 1506s free=66% swap=2454MB rss=2523MB
02:22:57 t= 1537s active= 1537s free=62% swap=2454MB rss=2523MB
02:23:27 t= 1568s active= 1568s free=57% swap=2454MB rss=2523MB
02:23:58 t= 1599s active= 1599s free=57% swap=2454MB rss=2523MB
02:24:29 t= 1629s active= 1629s free=57% swap=2454MB rss=2523MB
02:24:59 t= 1660s active= 1660s free=57% swap=2454MB rss=2523MB
02:25:30 t= 1690s active= 1690s free=57% swap=2454MB rss=2524MB
02:26:00 t= 1721s active= 1721s free=57% swap=2454MB rss=2524MB
02:26:31 t= 1752s active= 1752s free=57% swap=2454MB rss=2524MB
02:27:02 t= 1782s active= 1782s free=57% swap=2454MB rss=2524MB
02:27:32 t= 1813s active= 1813s free=56% swap=2454MB rss=2524MB
02:28:03 t= 1843s active= 1843s free=66% swap=2454MB rss=2524MB
02:28:33 t= 1874s active= 1874s free=71% swap=2454MB rss=2524MB
02:29:04 t= 1905s active= 1905s free=57% swap=2446MB rss=2524MB
02:29:35 t= 1935s active= 1935s free=58% swap=2446MB rss=2524MB
02:30:05 t= 1966s active= 1966s free=58% swap=2446MB rss=2524MB
02:30:36 t= 1996s active= 1996s free=57% swap=2446MB rss=2531MB
02:31:07 t= 2027s active= 2027s free=58% swap=2446MB rss=2531MB
02:31:37 t= 2058s active= 2058s free=58% swap=2446MB rss=2532MB
02:32:08 t= 2088s active= 2088s free=58% swap=2446MB rss=2532MB
02:32:38 t= 2119s active= 2119s free=58% swap=2446MB rss=2532MB
02:33:09 t= 2150s active= 2150s free=57% swap=2446MB rss=2532MB
02:33:40 t= 2180s active= 2180s free=57% swap=2446MB rss=2532MB
02:34:10 t= 2211s active= 2211s free=67% swap=2446MB rss=2532MB
02:34:41 t= 2241s active= 2241s free=62% swap=2446MB rss=2528MB
02:35:11 t= 2272s active= 2272s free=62% swap=2446MB rss=2528MB
02:35:42 t= 2302s active= 2302s free=58% swap=2446MB rss=2528MB
02:36:12 t= 2333s active= 2333s free=58% swap=2446MB rss=2528MB
02:36:43 t= 2364s active= 2364s free=58% swap=2446MB rss=2528MB
02:37:14 t= 2394s active= 2394s free=58% swap=2446MB rss=2528MB
02:37:44 t= 2425s active= 2425s free=58% swap=2446MB rss=2528MB
02:38:15 t= 2456s active= 2456s free=58% swap=2446MB rss=2528MB
02:38:46 t= 2486s active= 2486s free=58% swap=2446MB rss=2528MB
02:39:16 t= 2517s active= 2517s free=58% swap=2446MB rss=2528MB
02:39:47 t= 2547s active= 2547s free=66% swap=2446MB rss=2529MB
02:40:17 t= 2578s active= 2578s free=67% swap=2446MB rss=2528MB
02:40:48 t= 2609s active= 2609s free=58% swap=2446MB rss=2528MB
02:41:19 t= 2639s active= 2639s free=58% swap=2446MB rss=2528MB
02:41:49 t= 2670s active= 2670s free=58% swap=2446MB rss=2528MB
02:42:20 t= 2700s active= 2700s free=58% swap=2446MB rss=2528MB
02:42:50 t= 2731s active= 2731s free=58% swap=2446MB rss=2528MB
02:43:21 t= 2762s active= 2762s free=58% swap=2430MB rss=2528MB
02:43:51 t= 2792s active= 2792s free=58% swap=2430MB rss=2529MB
02:44:22 t= 2823s active= 2823s free=58% swap=2430MB rss=2529MB
02:44:53 t= 2853s active= 2853s free=58% swap=2430MB rss=2529MB
02:45:23 t= 2884s active= 2884s free=58% swap=2430MB rss=2529MB
02:45:54 t= 2914s active= 2914s free=71% swap=2430MB rss=2529MB
02:46:24 t= 2945s active= 2945s free=67% swap=2430MB rss=2529MB
02:46:55 t= 2976s active= 2976s free=72% swap=2430MB rss=2541MB
02:47:26 t= 3006s active= 3006s free=71% swap=2430MB rss=2542MB
02:47:56 t= 3037s active= 3037s free=71% swap=2430MB rss=2542MB
02:48:27 t= 3067s active= 3067s free=71% swap=2430MB rss=2542MB
02:48:57 t= 3098s active= 3098s free=67% swap=2430MB rss=2542MB
02:49:28 t= 3129s active= 3129s free=67% swap=2430MB rss=2543MB
02:49:59 t= 3159s active= 3159s free=72% swap=2430MB rss=2543MB
02:50:29 t= 3190s active= 3190s free=72% swap=2430MB rss=2544MB
02:51:00 t= 3220s active= 3220s free=71% swap=2430MB rss=2545MB
02:51:30 t= 3251s active= 3251s free=71% swap=2430MB rss=2546MB
02:52:01 t= 3282s active= 3282s free=71% swap=2430MB rss=2546MB
02:52:32 t= 3312s active= 3312s free=71% swap=2430MB rss=2546MB
02:53:02 t= 3343s active= 3343s free=71% swap=2430MB rss=2547MB
02:53:33 t= 3373s active= 3373s free=67% swap=2430MB rss=2547MB
02:54:03 t= 3404s active= 3404s free=67% swap=2430MB rss=2547MB
02:54:34 t= 3434s active= 3434s free=71% swap=2430MB rss=2547MB
02:55:04 t= 3465s active= 3465s free=67% swap=2430MB rss=2548MB
02:55:35 t= 3496s active= 3496s free=71% swap=2430MB rss=2548MB
02:56:06 t= 3526s active= 3526s free=76% swap=2430MB rss=2549MB
02:56:36 t= 3557s active= 3557s free=75% swap=2430MB rss=2549MB
02:57:07 t= 3587s active= 3587s free=76% swap=2430MB rss=2549MB
02:57:37 t= 3618s active= 3618s free=75% swap=2430MB rss=2549MB
02:58:08 t= 3649s active= 3649s free=76% swap=2422MB rss=2550MB
02:58:39 t= 3679s active= 3679s free=76% swap=2422MB rss=2550MB
02:59:09 t= 3710s active= 3710s free=76% swap=2422MB rss=2550MB
02:59:40 t= 3740s active= 3740s free=76% swap=2422MB rss=2551MB
03:00:10 t= 3771s active= 3771s free=76% swap=2422MB rss=2551MB
03:00:41 t= 3801s active= 3801s free=76% swap=2422MB rss=2551MB
03:01:11 t= 3832s active= 3832s free=76% swap=2422MB rss=2551MB
03:01:42 t= 3863s active= 3863s free=76% swap=2422MB rss=2551MB
03:02:13 t= 3893s active= 3893s free=76% swap=2422MB rss=2551MB
03:02:43 t= 3924s active= 3924s free=75% swap=2422MB rss=2552MB
03:03:14 t= 3954s active= 3954s free=76% swap=2422MB rss=2552MB
03:03:44 t= 3985s active= 3985s free=76% swap=2422MB rss=2552MB
03:04:15 t= 4016s active= 4016s free=75% swap=2422MB rss=2552MB
03:04:45 t= 4046s active= 4046s free=76% swap=2422MB rss=2552MB
03:05:16 t= 4077s active= 4077s free=76% swap=2422MB rss=2552MB
03:05:47 t= 4107s active= 4107s free=76% swap=2422MB rss=2552MB
03:06:17 t= 4138s active= 4138s free=76% swap=2422MB rss=2552MB
03:06:48 t= 4168s active= 4168s free=72% swap=2422MB rss=2552MB
03:07:18 t= 4199s active= 4199s free=75% swap=2422MB rss=2566MB
03:07:49 t= 4230s active= 4230s free=71% swap=2422MB rss=2566MB
03:08:20 t= 4260s active= 4260s free=70% swap=2422MB rss=2566MB
03:08:50 t= 4291s active= 4291s free=69% swap=2422MB rss=2566MB
03:09:21 t= 4321s active= 4321s free=71% swap=2422MB rss=1785MB
03:09:51 t= 4352s active= 4352s free=69% swap=2422MB rss=1785MB
03:10:22 t= 4383s active= 4383s free=67% swap=2422MB rss=1164MB
03:10:53 t= 4413s active= 4413s free=68% swap=3106MB rss=1167MB
03:11:23 t= 4444s active= 4444s free=68% swap=3106MB rss=1171MB
03:11:54 t= 4474s active= 4474s free=68% swap=3106MB rss=1172MB
03:12:24 t= 4505s active= 4505s free=70% swap=3106MB rss=1173MB
03:12:55 t= 4536s active= 4536s free=61% swap=3106MB rss=1173MB
03:13:26 t= 4566s active= 4566s free=56% swap=3106MB rss=1175MB
03:13:56 t= 4597s active= 4597s free=73% swap=3106MB rss=1177MB
03:14:27 t= 4627s active= 4627s free=73% swap=3106MB rss=1177MB
03:14:57 t= 4658s active= 4658s free=79% swap=3106MB rss=0MB
03:14:57 end exit=0 killed=None active=4658s paused=0s pauses=0 min_free=31% max_swap=3106MB peak_rss=2734MB
