05:50:58 start free=79% swap=3210MB cmd=/Users/brohm/Documents/Projects/video-editor/.venv/bin/python -B e004_ft_test.py HuggingFaceTB/SmolLM2-135M-Instruct --bs 4 --accum 4 --max-len 768 --grad-ckpt --seed 5 --lr 1.5e-04 --sets eval,cont,know --chat --save 1 --tag s5
05:51:29 t=   32s active=   32s free=70% swap=3210MB rss=943MB
05:52:00 t=   62s active=   62s free=66% swap=3210MB rss=1105MB
05:52:31 t=   93s active=   93s free=61% swap=3210MB rss=1344MB
05:53:01 t=  123s active=  123s free=57% swap=3210MB rss=1543MB
05:53:32 t=  154s active=  154s free=57% swap=3210MB rss=1696MB
05:54:02 t=  185s active=  185s free=57% swap=3210MB rss=1866MB
05:54:33 t=  215s active=  215s free=57% swap=3210MB rss=2002MB
05:55:04 t=  246s active=  246s free=57% swap=3210MB rss=2124MB
05:55:34 t=  276s active=  276s free=57% swap=3210MB rss=2294MB
05:56:05 t=  307s active=  307s free=57% swap=3210MB rss=2446MB
05:56:35 t=  338s active=  338s free=57% swap=3210MB rss=2567MB
05:57:06 t=  368s active=  368s free=70% swap=3210MB rss=2436MB
05:57:37 t=  399s active=  399s free=66% swap=3210MB rss=2436MB
05:58:07 t=  429s active=  429s free=57% swap=3202MB rss=2438MB
05:58:38 t=  460s active=  460s free=58% swap=3202MB rss=2439MB
05:59:08 t=  491s active=  491s free=58% swap=3202MB rss=2439MB
05:59:39 t=  521s active=  521s free=58% swap=3202MB rss=2440MB
06:00:10 t=  552s active=  552s free=57% swap=3202MB rss=2440MB
06:00:40 t=  582s active=  582s free=58% swap=3202MB rss=2440MB
06:01:11 t=  613s active=  613s free=58% swap=3202MB rss=2440MB
06:01:41 t=  644s active=  644s free=58% swap=3202MB rss=2440MB
06:02:12 t=  674s active=  674s free=58% swap=3202MB rss=2440MB
06:02:43 t=  705s active=  705s free=58% swap=3202MB rss=2440MB
06:03:13 t=  735s active=  735s free=71% swap=3202MB rss=2441MB
06:03:44 t=  766s active=  766s free=67% swap=3202MB rss=2441MB
06:04:14 t=  797s active=  797s free=58% swap=3202MB rss=2441MB
06:04:45 t=  827s active=  827s free=62% swap=3202MB rss=2441MB
06:05:16 t=  858s active=  858s free=58% swap=3202MB rss=2441MB
06:05:46 t=  888s active=  888s free=58% swap=3202MB rss=2441MB
06:06:17 t=  919s active=  919s free=58% swap=3202MB rss=2441MB
06:06:47 t=  950s active=  950s free=58% swap=3202MB rss=2441MB
06:07:18 t=  980s active=  980s free=58% swap=3202MB rss=2441MB
06:07:49 t= 1011s active= 1011s free=58% swap=3202MB rss=2441MB
06:08:19 t= 1041s active= 1041s free=54% swap=3202MB rss=2441MB
06:08:50 t= 1072s active= 1072s free=72% swap=3202MB rss=2500MB
06:09:20 t= 1103s active= 1103s free=67% swap=3202MB rss=2500MB
06:09:51 t= 1133s active= 1133s free=63% swap=3202MB rss=2501MB
06:10:22 t= 1164s active= 1164s free=63% swap=3194MB rss=2501MB
06:10:52 t= 1194s active= 1194s free=58% swap=3194MB rss=2501MB
06:11:23 t= 1225s active= 1225s free=58% swap=3194MB rss=2501MB
06:11:53 t= 1256s active= 1256s free=58% swap=3194MB rss=2501MB
06:12:24 t= 1286s active= 1286s free=58% swap=3194MB rss=2501MB
06:12:55 t= 1317s active= 1317s free=58% swap=3194MB rss=2501MB
06:13:25 t= 1347s active= 1347s free=58% swap=3194MB rss=2501MB
06:13:56 t= 1378s active= 1378s free=58% swap=3194MB rss=2501MB
06:14:27 t= 1409s active= 1409s free=58% swap=3194MB rss=2501MB
06:14:57 t= 1439s active= 1439s free=72% swap=3194MB rss=2501MB
06:15:28 t= 1470s active= 1470s free=72% swap=3194MB rss=2501MB
06:15:58 t= 1500s active= 1500s free=63% swap=3194MB rss=2501MB
06:16:29 t= 1531s active= 1531s free=58% swap=3194MB rss=2502MB
06:16:59 t= 1562s active= 1562s free=58% swap=3194MB rss=2502MB
06:17:30 t= 1592s active= 1592s free=59% swap=3194MB rss=2502MB
06:18:01 t= 1623s active= 1623s free=58% swap=3194MB rss=2502MB
06:18:31 t= 1653s active= 1653s free=58% swap=3194MB rss=2502MB
06:19:02 t= 1684s active= 1684s free=58% swap=3194MB rss=2502MB
06:19:32 t= 1715s active= 1715s free=59% swap=3194MB rss=2502MB
06:20:03 t= 1745s active= 1745s free=58% swap=3194MB rss=2502MB
06:20:34 t= 1776s active= 1776s free=59% swap=3194MB rss=2502MB
06:21:04 t= 1806s active= 1806s free=68% swap=3194MB rss=2502MB
06:21:35 t= 1837s active= 1837s free=72% swap=3194MB rss=2502MB
06:22:05 t= 1868s active= 1868s free=59% swap=3194MB rss=2502MB
06:22:36 t= 1898s active= 1898s free=58% swap=3194MB rss=2502MB
06:23:07 t= 1929s active= 1929s free=59% swap=3194MB rss=2509MB
06:23:37 t= 1959s active= 1959s free=59% swap=3194MB rss=2509MB
06:24:08 t= 1990s active= 1990s free=59% swap=3194MB rss=2509MB
06:24:38 t= 2020s active= 2020s free=59% swap=3194MB rss=2509MB
06:25:09 t= 2051s active= 2051s free=59% swap=3194MB rss=2509MB
06:25:40 t= 2082s active= 2082s free=59% swap=3194MB rss=2510MB
06:26:10 t= 2112s active= 2112s free=59% swap=3194MB rss=2510MB
06:26:41 t= 2143s active= 2143s free=72% swap=3194MB rss=2509MB
06:27:11 t= 2173s active= 2173s free=68% swap=3194MB rss=2509MB
06:27:42 t= 2204s active= 2204s free=63% swap=3194MB rss=2506MB
06:28:12 t= 2235s active= 2235s free=59% swap=3194MB rss=2506MB
06:28:43 t= 2265s active= 2265s free=58% swap=3194MB rss=2506MB
06:29:14 t= 2296s active= 2296s free=59% swap=3194MB rss=2506MB
06:29:44 t= 2326s active= 2326s free=59% swap=3194MB rss=2506MB
06:30:15 t= 2357s active= 2357s free=58% swap=3194MB rss=2506MB
06:30:45 t= 2388s active= 2388s free=59% swap=3194MB rss=2506MB
06:31:16 t= 2418s active= 2418s free=59% swap=3194MB rss=2506MB
06:31:47 t= 2449s active= 2449s free=59% swap=3194MB rss=2506MB
06:32:17 t= 2479s active= 2479s free=59% swap=3194MB rss=2506MB
06:32:48 t= 2510s active= 2510s free=73% swap=3194MB rss=2506MB
06:33:18 t= 2541s active= 2541s free=68% swap=3122MB rss=1776MB
06:33:49 t= 2571s active= 2571s free=65% swap=3122MB rss=1913MB
06:34:20 t= 2602s active= 2602s free=60% swap=3122MB rss=2004MB
06:34:50 t= 2632s active= 2632s free=60% swap=3106MB rss=2086MB
06:35:21 t= 2663s active= 2663s free=60% swap=3106MB rss=2147MB
06:35:51 t= 2694s active= 2694s free=60% swap=3106MB rss=2202MB
06:36:22 t= 2724s active= 2724s free=60% swap=3106MB rss=2255MB
06:36:53 t= 2755s active= 2755s free=60% swap=3106MB rss=2307MB
06:37:23 t= 2785s active= 2785s free=60% swap=3106MB rss=2353MB
06:37:54 t= 2816s active= 2816s free=60% swap=3106MB rss=2372MB
06:38:24 t= 2847s active= 2847s free=60% swap=3106MB rss=2374MB
06:38:55 t= 2877s active= 2877s free=70% swap=3106MB rss=2375MB
06:39:26 t= 2908s active= 2908s free=74% swap=3106MB rss=2375MB
06:39:56 t= 2938s active= 2938s free=74% swap=3106MB rss=2388MB
06:40:27 t= 2969s active= 2969s free=74% swap=3106MB rss=2388MB
06:40:57 t= 3000s active= 3000s free=74% swap=3106MB rss=2389MB
06:41:28 t= 3030s active= 3030s free=70% swap=3106MB rss=2389MB
06:41:59 t= 3061s active= 3061s free=70% swap=3106MB rss=2389MB
06:42:29 t= 3091s active= 3091s free=74% swap=3106MB rss=2390MB
06:43:00 t= 3122s active= 3122s free=74% swap=3106MB rss=2390MB
06:43:30 t= 3152s active= 3152s free=74% swap=3106MB rss=2391MB
06:44:01 t= 3183s active= 3183s free=74% swap=3106MB rss=2393MB
06:44:31 t= 3214s active= 3214s free=74% swap=3106MB rss=2393MB
06:45:02 t= 3244s active= 3244s free=74% swap=3106MB rss=2394MB
06:45:33 t= 3275s active= 3275s free=74% swap=3106MB rss=2394MB
06:46:03 t= 3305s active= 3305s free=70% swap=3106MB rss=2394MB
06:46:34 t= 3336s active= 3336s free=70% swap=3106MB rss=2394MB
06:47:04 t= 3366s active= 3366s free=78% swap=3106MB rss=2395MB
06:47:35 t= 3397s active= 3397s free=70% swap=3106MB rss=2395MB
06:48:05 t= 3428s active= 3428s free=74% swap=3106MB rss=2395MB
06:48:36 t= 3458s active= 3458s free=78% swap=3106MB rss=2396MB
06:49:07 t= 3489s active= 3489s free=78% swap=3106MB rss=2396MB
06:49:37 t= 3519s active= 3519s free=78% swap=3106MB rss=2396MB
06:50:08 t= 3550s active= 3550s free=78% swap=3106MB rss=2397MB
06:50:38 t= 3580s active= 3580s free=78% swap=3106MB rss=2397MB
06:51:09 t= 3611s active= 3611s free=78% swap=3106MB rss=2397MB
06:51:39 t= 3642s active= 3642s free=78% swap=3106MB rss=2398MB
06:52:10 t= 3672s active= 3672s free=78% swap=3106MB rss=2398MB
06:52:41 t= 3703s active= 3703s free=78% swap=3106MB rss=2398MB
06:53:11 t= 3733s active= 3733s free=78% swap=3106MB rss=2399MB
06:53:42 t= 3764s active= 3764s free=78% swap=3106MB rss=2399MB
06:54:12 t= 3794s active= 3794s free=79% swap=3106MB rss=2399MB
06:54:43 t= 3825s active= 3825s free=79% swap=3106MB rss=2399MB
06:55:13 t= 3856s active= 3856s free=77% swap=3106MB rss=2399MB
06:55:44 t= 3886s active= 3886s free=78% swap=3106MB rss=2399MB
06:56:15 t= 3917s active= 3917s free=78% swap=3106MB rss=2399MB
06:56:45 t= 3947s active= 3947s free=78% swap=3106MB rss=2399MB
06:57:16 t= 3978s active= 3978s free=78% swap=3106MB rss=2400MB
06:57:46 t= 4008s active= 4008s free=78% swap=3106MB rss=2400MB
06:58:17 t= 4039s active= 4039s free=78% swap=3106MB rss=2400MB
06:58:47 t= 4070s active= 4070s free=79% swap=3106MB rss=2400MB
06:59:18 t= 4100s active= 4100s free=79% swap=3106MB rss=2400MB
06:59:49 t= 4131s active= 4131s free=79% swap=3106MB rss=2400MB
07:00:19 t= 4161s active= 4161s free=78% swap=3106MB rss=2418MB
07:00:50 t= 4192s active= 4192s free=74% swap=3106MB rss=2418MB
07:01:20 t= 4222s active= 4222s free=77% swap=3106MB rss=2401MB
07:01:51 t= 4253s active= 4253s free=72% swap=3106MB rss=2398MB
07:02:22 t= 4284s active= 4284s free=59% swap=3106MB rss=1190MB
07:02:52 t= 4314s active= 4314s free=34% swap=3106MB rss=1192MB
07:03:23 t= 4345s active= 4345s free=71% swap=3274MB rss=1195MB
07:03:53 t= 4376s active= 4376s free=67% swap=3274MB rss=1196MB
07:04:24 t= 4406s active= 4406s free=64% swap=3274MB rss=1197MB
07:04:55 t= 4437s active= 4437s free=31% swap=3274MB rss=580MB
07:05:25 t= 4467s active= 4467s free=65% swap=3274MB rss=380MB
07:05:56 t= 4498s active= 4498s free=65% swap=3266MB rss=397MB
07:06:26 t= 4529s active= 4529s free=69% swap=3266MB rss=397MB
07:06:27 end exit=0 killed=None active=4530s paused=0s pauses=0 min_free=31% max_swap=3274MB peak_rss=2644MB
