Loading weights:   0%|          | 0/272 [00:00<?, ?it/s]Loading weights: 100%|██████████| 272/272 [00:00<00:00, 3289.23it/s]
loaded HuggingFaceTB/SmolLM2-135M-Instruct params=134,515,008 (config 134,515,008, body 106,203,456) sanity_nll=1.9598 2.7s mps_alloc=0.50G driver=1.06G peak_driver=1.06G
loss self-check hf=3.39285 answer_only=3.39285
probe step 0 {'step': 0, 'H1': 0.0, 'H2': 0.0, 'H3': 0.0625, 'H4': 0.125, 'H5': 0.125, 'H6': 0.1875, 'H7': 0.1875, 'C_noupd': 0.3125, 'C_twoslot': 0.1875} mps_alloc=0.50G driver=2.06G peak_driver=2.06G
step 0 loss 2.5187 gnorm 9.00 lr 1.50e-05 7s mps_alloc=1.89G driver=4.20G peak_driver=4.20G
step 10 loss 1.4065 gnorm 5.50 lr 8.98e-05 69s mps_alloc=1.89G driver=5.20G peak_driver=5.20G
step 20 loss 0.8339 gnorm 4.82 lr 1.49e-04 128s mps_alloc=1.89G driver=5.20G peak_driver=5.20G
step 30 loss 0.6398 gnorm 3.33 lr 1.48e-04 187s mps_alloc=1.89G driver=5.20G peak_driver=5.20G
step 40 loss 0.6238 gnorm 3.58 lr 1.46e-04 247s mps_alloc=1.89G driver=5.21G peak_driver=5.21G
probe step 50 {'step': 50, 'H1': 0.125, 'H2': 0.25, 'H3': 0.25, 'H4': 0.4375, 'H5': 0.1875, 'H6': 0.5, 'H7': 0.125, 'C_noupd': 0.75, 'C_twoslot': 0.625}
step 50 loss 0.5233 gnorm 3.39 lr 1.44e-04 375s mps_alloc=1.89G driver=5.17G peak_driver=5.21G
step 60 loss 0.4519 gnorm 3.03 lr 1.42e-04 436s mps_alloc=1.89G driver=5.17G peak_driver=5.21G
step 70 loss 0.5425 gnorm 3.48 lr 1.39e-04 497s mps_alloc=1.89G driver=5.17G peak_driver=5.21G
step 80 loss 0.4038 gnorm 2.97 lr 1.35e-04 558s mps_alloc=1.89G driver=6.17G peak_driver=6.17G
step 90 loss 0.4540 gnorm 2.80 lr 1.32e-04 624s mps_alloc=1.89G driver=6.17G peak_driver=6.17G
probe step 100 {'step': 100, 'H1': 0.8125, 'H2': 0.5625, 'H3': 0.8125, 'H4': 0.75, 'H5': 0.5625, 'H6': 0.75, 'H7': 0.875, 'C_noupd': 0.5, 'C_twoslot': 0.75}
step 100 loss 0.4153 gnorm 2.45 lr 1.28e-04 746s mps_alloc=1.89G driver=5.16G peak_driver=6.17G
step 110 loss 0.5055 gnorm 2.73 lr 1.23e-04 807s mps_alloc=1.89G driver=5.16G peak_driver=6.17G
step 120 loss 0.4655 gnorm 2.49 lr 1.19e-04 873s mps_alloc=1.89G driver=5.16G peak_driver=6.17G
step 130 loss 0.5205 gnorm 2.54 lr 1.14e-04 936s mps_alloc=1.89G driver=5.16G peak_driver=6.17G
step 140 loss 0.4923 gnorm 2.69 lr 1.09e-04 999s mps_alloc=1.89G driver=5.16G peak_driver=6.17G
probe step 150 {'step': 150, 'H1': 0.875, 'H2': 0.6875, 'H3': 0.6875, 'H4': 0.8125, 'H5': 0.5, 'H6': 0.875, 'H7': 1.0, 'C_noupd': 0.75, 'C_twoslot': 0.875}
step 150 loss 0.4648 gnorm 2.70 lr 1.03e-04 1117s mps_alloc=1.89G driver=4.17G peak_driver=6.17G
step 160 loss 0.3959 gnorm 1.63 lr 9.76e-05 1178s mps_alloc=1.89G driver=5.17G peak_driver=6.17G
step 170 loss 0.5147 gnorm 2.80 lr 9.19e-05 1236s mps_alloc=1.89G driver=5.17G peak_driver=6.17G
step 180 loss 0.4333 gnorm 2.74 lr 8.62e-05 1297s mps_alloc=1.89G driver=5.17G peak_driver=6.17G
step 190 loss 0.4140 gnorm 2.38 lr 8.03e-05 1355s mps_alloc=1.89G driver=5.17G peak_driver=6.17G
probe step 200 {'step': 200, 'H1': 0.8125, 'H2': 0.6875, 'H3': 0.625, 'H4': 0.75, 'H5': 0.75, 'H6': 0.8125, 'H7': 0.9375, 'C_noupd': 0.8125, 'C_twoslot': 0.875}
step 200 loss 0.5154 gnorm 2.69 lr 7.44e-05 1472s mps_alloc=1.89G driver=4.16G peak_driver=6.17G
step 210 loss 0.3771 gnorm 2.00 lr 6.85e-05 1534s mps_alloc=1.89G driver=5.16G peak_driver=6.17G
step 220 loss 0.4109 gnorm 2.18 lr 6.27e-05 1593s mps_alloc=1.89G driver=5.16G peak_driver=6.17G
step 230 loss 0.4823 gnorm 2.92 lr 5.69e-05 1655s mps_alloc=1.89G driver=5.16G peak_driver=6.17G
step 240 loss 0.4298 gnorm 2.06 lr 5.13e-05 1715s mps_alloc=1.89G driver=5.16G peak_driver=6.17G
probe step 250 {'step': 250, 'H1': 0.875, 'H2': 0.5, 'H3': 0.6875, 'H4': 0.8125, 'H5': 0.6875, 'H6': 0.75, 'H7': 0.9375, 'C_noupd': 0.875, 'C_twoslot': 0.9375}
step 250 loss 0.3684 gnorm 1.80 lr 4.58e-05 1832s mps_alloc=1.89G driver=5.17G peak_driver=6.17G
step 260 loss 0.3888 gnorm 1.60 lr 4.04e-05 1894s mps_alloc=1.89G driver=5.17G peak_driver=6.17G
step 270 loss 0.4272 gnorm 2.73 lr 3.53e-05 1953s mps_alloc=1.89G driver=5.17G peak_driver=6.17G
step 280 loss 0.3467 gnorm 2.29 lr 3.04e-05 2009s mps_alloc=1.89G driver=5.17G peak_driver=6.17G
step 290 loss 0.3364 gnorm 1.83 lr 2.58e-05 2069s mps_alloc=1.89G driver=5.17G peak_driver=6.17G
probe step 300 {'step': 300, 'H1': 0.875, 'H2': 0.75, 'H3': 0.6875, 'H4': 0.875, 'H5': 0.6875, 'H6': 0.9375, 'H7': 0.9375, 'C_noupd': 0.8125, 'C_twoslot': 1.0}
step 300 loss 0.3768 gnorm 2.53 lr 2.16e-05 2187s mps_alloc=1.89G driver=4.17G peak_driver=6.17G
step 310 loss 0.3488 gnorm 2.16 lr 1.76e-05 2250s mps_alloc=1.89G driver=5.17G peak_driver=6.17G
step 320 loss 0.3653 gnorm 2.19 lr 1.40e-05 2312s mps_alloc=1.89G driver=5.17G peak_driver=6.17G
step 330 loss 0.3822 gnorm 1.80 lr 1.07e-05 2371s mps_alloc=1.89G driver=5.17G peak_driver=6.17G
step 340 loss 0.3656 gnorm 1.79 lr 7.91e-06 2431s mps_alloc=1.89G driver=5.17G peak_driver=6.17G
probe step 350 {'step': 350, 'H1': 0.875, 'H2': 0.75, 'H3': 0.6875, 'H4': 0.8125, 'H5': 0.6875, 'H6': 0.9375, 'H7': 0.9375, 'C_noupd': 0.8125, 'C_twoslot': 0.9375}
step 350 loss 0.4056 gnorm 1.85 lr 5.49e-06 2549s mps_alloc=1.89G driver=5.17G peak_driver=6.17G
step 360 loss 0.3539 gnorm 1.72 lr 3.49e-06 2609s mps_alloc=1.89G driver=5.17G peak_driver=6.17G
step 370 loss 0.3788 gnorm 1.63 lr 1.94e-06 2672s mps_alloc=1.89G driver=5.17G peak_driver=6.17G
step 380 loss 0.3544 gnorm 1.91 lr 8.34e-07 2731s mps_alloc=1.89G driver=5.17G peak_driver=6.17G
step 390 loss 0.4244 gnorm 2.33 lr 1.87e-07 2794s mps_alloc=1.89G driver=5.17G peak_driver=6.17G
step 399 loss 0.3775 gnorm 2.06 lr 0.00e+00 2848s mps_alloc=1.89G driver=5.17G peak_driver=6.17G
probe step 400 {'step': 400, 'H1': 0.875, 'H2': 0.8125, 'H3': 0.6875, 'H4': 0.8125, 'H5': 0.6875, 'H6': 0.9375, 'H7': 0.9375, 'C_noupd': 0.8125, 'C_twoslot': 0.9375}
scored e004/plain: 640 items in 247s mps_alloc=0.50G driver=2.22G peak_driver=6.17G
scored e004/chat: 640 items in 290s mps_alloc=0.50G driver=2.14G peak_driver=6.17G
scored new/plain: 1728 items in 159s mps_alloc=0.50G driver=1.25G peak_driver=6.17G
scored extra/plain: 192 items in 13s mps_alloc=0.50G driver=1.27G peak_driver=6.17G
scored old/plain: 1116 items in 83s mps_alloc=0.50G driver=1.26G peak_driver=6.17G
scored uprobe/plain: 576 items in 63s mps_alloc=0.50G driver=1.30G peak_driver=6.17G
scored cross/plain: 384 items in 71s mps_alloc=0.50G driver=1.18G peak_driver=6.17G
scored new/chat: 1728 items in 186s mps_alloc=0.50G driver=1.22G peak_driver=6.17G
scored extra/chat: 192 items in 16s mps_alloc=0.50G driver=1.27G peak_driver=6.17G
scored cross/chat: 384 items in 83s mps_alloc=0.50G driver=2.22G peak_driver=6.17G
scored khard/plain: 80 items in 2s mps_alloc=0.50G driver=1.09G peak_driver=6.17G
scored kbig/plain: 441 items in 8s mps_alloc=0.50G driver=1.05G peak_driver=6.17G
generated e004/plain: strict 549/640 in 102s mps_alloc=0.50G driver=3.03G peak_driver=6.17G
generated e004/chat: strict 174/640 in 308s mps_alloc=0.50G driver=4.54G peak_driver=6.17G
generated cont/plain: strict 387/416 in 60s mps_alloc=0.50G driver=1.43G peak_driver=6.17G
Writing model shards:   0%|          | 0/1 [00:00<?, ?it/s]Writing model shards: 100%|██████████| 1/1 [00:00<00:00,  3.25it/s]Writing model shards: 100%|██████████| 1/1 [00:00<00:00,  3.25it/s]
DONE HuggingFaceTB/SmolLM2-135M-Instruct s2 total 4656s peak_driver=6.173G lock_in_step=None loss_finite=True
