Loading weights:   0%|          | 0/272 [00:00<?, ?it/s]Loading weights: 100%|██████████| 272/272 [00:00<00:00, 3627.21it/s]
loaded HuggingFaceTB/SmolLM2-135M-Instruct params=134,515,008 (config 134,515,008, body 106,203,456) sanity_nll=1.9598 2.3s mps_alloc=0.50G driver=1.06G peak_driver=1.06G
loss self-check hf=2.06030 answer_only=2.06030
probe step 0 {'step': 0, 'H1': 0.0, 'H2': 0.0, 'H3': 0.0625, 'H4': 0.125, 'H5': 0.125, 'H6': 0.1875, 'H7': 0.1875, 'C_noupd': 0.3125, 'C_twoslot': 0.1875} mps_alloc=0.50G driver=2.06G peak_driver=2.06G
step 0 loss 2.8473 gnorm 9.09 lr 1.50e-05 6s mps_alloc=1.69G driver=4.16G peak_driver=4.16G
step 10 loss 1.6265 gnorm 5.77 lr 8.98e-05 67s mps_alloc=1.69G driver=5.17G peak_driver=5.17G
step 20 loss 0.9042 gnorm 5.39 lr 1.49e-04 131s mps_alloc=1.69G driver=5.17G peak_driver=5.17G
step 30 loss 0.6210 gnorm 3.47 lr 1.48e-04 193s mps_alloc=1.69G driver=5.17G peak_driver=5.17G
step 40 loss 0.7453 gnorm 4.55 lr 1.46e-04 254s mps_alloc=1.69G driver=5.17G peak_driver=5.17G
probe step 50 {'step': 50, 'H1': 0.4375, 'H2': 0.375, 'H3': 0.125, 'H4': 0.5625, 'H5': 0.5625, 'H6': 0.625, 'H7': 0.625, 'C_noupd': 0.375, 'C_twoslot': 0.375}
step 50 loss 0.5190 gnorm 3.01 lr 1.44e-04 373s mps_alloc=1.69G driver=5.17G peak_driver=5.17G
step 60 loss 0.5082 gnorm 2.96 lr 1.42e-04 433s mps_alloc=1.69G driver=5.17G peak_driver=5.17G
step 70 loss 0.6306 gnorm 3.55 lr 1.39e-04 494s mps_alloc=1.69G driver=5.17G peak_driver=5.17G
step 80 loss 0.4649 gnorm 2.91 lr 1.35e-04 557s mps_alloc=1.69G driver=5.17G peak_driver=5.17G
step 90 loss 0.5963 gnorm 3.15 lr 1.32e-04 619s mps_alloc=1.69G driver=5.17G peak_driver=5.17G
probe step 100 {'step': 100, 'H1': 0.6875, 'H2': 0.5, 'H3': 0.6875, 'H4': 0.875, 'H5': 0.625, 'H6': 0.5625, 'H7': 0.8125, 'C_noupd': 0.8125, 'C_twoslot': 0.6875}
step 100 loss 0.3951 gnorm 2.01 lr 1.28e-04 738s mps_alloc=1.69G driver=4.17G peak_driver=5.17G
step 110 loss 0.4966 gnorm 2.54 lr 1.23e-04 802s mps_alloc=1.69G driver=5.17G peak_driver=5.17G
step 120 loss 0.4886 gnorm 3.65 lr 1.19e-04 863s mps_alloc=1.69G driver=5.17G peak_driver=5.17G
step 130 loss 0.3936 gnorm 2.49 lr 1.14e-04 924s mps_alloc=1.69G driver=5.17G peak_driver=5.17G
step 140 loss 0.4714 gnorm 3.11 lr 1.09e-04 985s mps_alloc=1.69G driver=5.17G peak_driver=5.17G
probe step 150 {'step': 150, 'H1': 0.6875, 'H2': 0.5, 'H3': 0.75, 'H4': 0.8125, 'H5': 0.4375, 'H6': 0.875, 'H7': 0.9375, 'C_noupd': 0.875, 'C_twoslot': 0.875}
step 150 loss 0.4218 gnorm 2.78 lr 1.03e-04 1105s mps_alloc=1.69G driver=5.17G peak_driver=5.17G
step 160 loss 0.4424 gnorm 2.09 lr 9.76e-05 1168s mps_alloc=1.69G driver=5.17G peak_driver=5.17G
step 170 loss 0.3911 gnorm 2.89 lr 9.19e-05 1226s mps_alloc=1.69G driver=5.17G peak_driver=5.17G
step 180 loss 0.4526 gnorm 2.63 lr 8.62e-05 1286s mps_alloc=1.69G driver=5.17G peak_driver=5.17G
step 190 loss 0.3923 gnorm 2.22 lr 8.03e-05 1346s mps_alloc=1.69G driver=5.17G peak_driver=5.17G
probe step 200 {'step': 200, 'H1': 0.75, 'H2': 0.5625, 'H3': 0.8125, 'H4': 0.75, 'H5': 0.6875, 'H6': 0.8125, 'H7': 0.9375, 'C_noupd': 0.8125, 'C_twoslot': 0.875}
step 200 loss 0.3478 gnorm 2.18 lr 7.44e-05 1461s mps_alloc=1.69G driver=4.17G peak_driver=5.17G
step 210 loss 0.4042 gnorm 2.06 lr 6.85e-05 1523s mps_alloc=1.69G driver=5.17G peak_driver=5.17G
step 220 loss 0.3740 gnorm 2.39 lr 6.27e-05 1581s mps_alloc=1.69G driver=5.17G peak_driver=5.17G
step 230 loss 0.3822 gnorm 2.39 lr 5.69e-05 1644s mps_alloc=1.69G driver=5.17G peak_driver=5.17G
step 240 loss 0.4086 gnorm 2.11 lr 5.13e-05 1702s mps_alloc=1.69G driver=5.17G peak_driver=5.17G
probe step 250 {'step': 250, 'H1': 0.75, 'H2': 0.6875, 'H3': 0.8125, 'H4': 0.75, 'H5': 0.625, 'H6': 1.0, 'H7': 0.9375, 'C_noupd': 0.8125, 'C_twoslot': 0.875}
step 250 loss 0.3635 gnorm 1.78 lr 4.58e-05 1829s mps_alloc=1.69G driver=4.17G peak_driver=5.17G
step 260 loss 0.4319 gnorm 2.15 lr 4.04e-05 1890s mps_alloc=1.69G driver=5.17G peak_driver=5.17G
step 270 loss 0.3088 gnorm 1.81 lr 3.53e-05 1951s mps_alloc=1.69G driver=5.17G peak_driver=5.17G
step 280 loss 0.5427 gnorm 2.79 lr 3.04e-05 2012s mps_alloc=1.69G driver=5.17G peak_driver=5.17G
step 290 loss 0.3355 gnorm 1.86 lr 2.58e-05 2079s mps_alloc=1.69G driver=5.17G peak_driver=5.17G
probe step 300 {'step': 300, 'H1': 0.75, 'H2': 0.625, 'H3': 0.8125, 'H4': 0.75, 'H5': 0.6875, 'H6': 1.0, 'H7': 0.9375, 'C_noupd': 0.8125, 'C_twoslot': 0.875}
step 300 loss 0.4574 gnorm 3.38 lr 2.16e-05 2194s mps_alloc=1.69G driver=5.17G peak_driver=5.17G
step 310 loss 0.3532 gnorm 1.54 lr 1.76e-05 2258s mps_alloc=1.69G driver=5.17G peak_driver=5.17G
step 320 loss 0.3783 gnorm 1.86 lr 1.40e-05 2316s mps_alloc=1.69G driver=5.17G peak_driver=5.17G
step 330 loss 0.3575 gnorm 2.16 lr 1.07e-05 2379s mps_alloc=1.69G driver=5.17G peak_driver=5.17G
step 340 loss 0.4278 gnorm 2.19 lr 7.91e-06 2443s mps_alloc=1.69G driver=5.17G peak_driver=5.17G
probe step 350 {'step': 350, 'H1': 0.75, 'H2': 0.6875, 'H3': 0.8125, 'H4': 0.75, 'H5': 0.6875, 'H6': 1.0, 'H7': 0.9375, 'C_noupd': 0.8125, 'C_twoslot': 0.875}
step 350 loss 0.3587 gnorm 1.75 lr 5.49e-06 2564s mps_alloc=1.69G driver=5.23G peak_driver=5.23G
step 360 loss 0.3258 gnorm 1.69 lr 3.49e-06 2627s mps_alloc=1.69G driver=5.23G peak_driver=5.23G
step 370 loss 0.3400 gnorm 1.96 lr 1.94e-06 2687s mps_alloc=1.69G driver=5.23G peak_driver=5.23G
step 380 loss 0.3623 gnorm 2.33 lr 8.34e-07 2746s mps_alloc=1.69G driver=5.23G peak_driver=5.23G
step 390 loss 0.4020 gnorm 1.64 lr 1.87e-07 2804s mps_alloc=1.69G driver=5.23G peak_driver=5.23G
step 399 loss 0.3819 gnorm 2.18 lr 0.00e+00 2858s mps_alloc=1.69G driver=5.23G peak_driver=5.23G
probe step 400 {'step': 400, 'H1': 0.75, 'H2': 0.6875, 'H3': 0.8125, 'H4': 0.75, 'H5': 0.6875, 'H6': 1.0, 'H7': 0.9375, 'C_noupd': 0.8125, 'C_twoslot': 0.875}
scored e004/plain: 640 items in 249s mps_alloc=0.50G driver=2.22G peak_driver=5.23G
scored e004/chat: 640 items in 305s mps_alloc=0.50G driver=2.14G peak_driver=5.23G
scored new/plain: 1728 items in 162s mps_alloc=0.50G driver=1.25G peak_driver=5.23G
scored extra/plain: 192 items in 13s mps_alloc=0.50G driver=1.27G peak_driver=5.23G
scored old/plain: 1116 items in 86s mps_alloc=0.50G driver=1.26G peak_driver=5.23G
scored uprobe/plain: 576 items in 65s mps_alloc=0.50G driver=1.30G peak_driver=5.23G
scored cross/plain: 384 items in 73s mps_alloc=0.50G driver=1.18G peak_driver=5.23G
scored new/chat: 1728 items in 206s mps_alloc=0.50G driver=1.22G peak_driver=5.23G
scored extra/chat: 192 items in 16s mps_alloc=0.50G driver=1.27G peak_driver=5.23G
scored cross/chat: 384 items in 83s mps_alloc=0.50G driver=2.22G peak_driver=5.23G
scored khard/plain: 80 items in 2s mps_alloc=0.50G driver=1.09G peak_driver=5.23G
scored kbig/plain: 441 items in 8s mps_alloc=0.50G driver=1.05G peak_driver=5.23G
generated e004/plain: strict 536/640 in 103s mps_alloc=0.50G driver=2.91G peak_driver=5.23G
generated e004/chat: strict 14/640 in 395s mps_alloc=0.50G driver=8.38G peak_driver=8.38G
generated cont/plain: strict 380/416 in 61s mps_alloc=0.50G driver=1.46G peak_driver=8.38G
Writing model shards:   0%|          | 0/1 [00:00<?, ?it/s]Writing model shards: 100%|██████████| 1/1 [00:00<00:00,  3.38it/s]Writing model shards: 100%|██████████| 1/1 [00:00<00:00,  3.38it/s]
DONE HuggingFaceTB/SmolLM2-135M-Instruct s1 total 4800s peak_driver=8.383G lock_in_step=None loss_finite=True
