22:53:15 start free=76% swap=1710MB cmd=/Users/brohm/Documents/Projects/video-editor/.venv/bin/python -B e004_ft_test.py HuggingFaceTB/SmolLM2-135M-Instruct --bs 4 --accum 4 --max-len 768 --grad-ckpt --seed 0 --sets dev --save 0 --lr 5e-05 --tag lr5e-05_s0
22:53:47 t=   32s active=   32s free=67% swap=1710MB rss=944MB
22:54:18 t=   62s active=   62s free=63% swap=1710MB rss=1100MB
22:54:48 t=   93s active=   93s free=58% swap=1710MB rss=1342MB
22:55:19 t=  123s active=  123s free=58% swap=1710MB rss=1523MB
22:55:49 t=  154s active=  154s free=59% swap=1710MB rss=1691MB
22:56:20 t=  184s active=  184s free=59% swap=1710MB rss=1843MB
22:56:50 t=  215s active=  215s free=59% swap=1702MB rss=2003MB
22:57:21 t=  246s active=  246s free=54% swap=1702MB rss=2126MB
22:57:52 t=  276s active=  276s free=59% swap=1702MB rss=2245MB
22:58:22 t=  307s active=  307s free=59% swap=1702MB rss=2356MB
22:58:53 t=  337s active=  337s free=59% swap=1702MB rss=2499MB
22:59:23 t=  368s active=  368s free=57% swap=1702MB rss=2062MB
22:59:54 t=  398s active=  398s free=64% swap=1702MB rss=2322MB
23:00:24 t=  429s active=  429s free=64% swap=1702MB rss=2322MB
23:00:55 t=  459s active=  459s free=60% swap=1702MB rss=2326MB
23:01:25 t=  490s active=  490s free=60% swap=1702MB rss=2326MB
23:01:56 t=  520s active=  520s free=55% swap=1702MB rss=2305MB
23:02:26 t=  551s active=  551s free=60% swap=1702MB rss=2233MB
23:02:57 t=  581s active=  581s free=55% swap=1702MB rss=2266MB
23:03:27 t=  612s active=  612s free=55% swap=1702MB rss=2287MB
23:03:58 t=  643s active=  643s free=59% swap=1702MB rss=2156MB
23:04:28 t=  673s active=  673s free=55% swap=1702MB rss=2216MB
23:04:59 t=  704s active=  704s free=53% swap=1702MB rss=2233MB
23:05:30 t=  734s active=  734s free=59% swap=1702MB rss=2237MB
23:06:00 t=  765s active=  765s free=64% swap=1702MB rss=2318MB
23:06:31 t=  795s active=  795s free=64% swap=1702MB rss=2318MB
23:07:01 t=  826s active=  826s free=52% swap=1702MB rss=2183MB
23:07:32 t=  857s active=  857s free=53% swap=1702MB rss=2227MB
23:08:03 t=  887s active=  887s free=53% swap=1702MB rss=2255MB
23:08:33 t=  918s active=  918s free=53% swap=1702MB rss=2287MB
23:09:04 t=  948s active=  948s free=53% swap=1702MB rss=2299MB
23:09:34 t=  979s active=  979s free=53% swap=1702MB rss=2307MB
23:10:05 t= 1010s active= 1010s free=54% swap=1702MB rss=2313MB
23:10:36 t= 1040s active= 1040s free=54% swap=1702MB rss=2317MB
23:11:06 t= 1071s active= 1071s free=54% swap=1702MB rss=2319MB
23:11:37 t= 1101s active= 1101s free=53% swap=1702MB rss=2190MB
23:12:07 t= 1132s active= 1132s free=61% swap=1702MB rss=2314MB
23:12:38 t= 1163s active= 1163s free=62% swap=1702MB rss=2314MB
23:13:08 t= 1193s active= 1193s free=51% swap=1702MB rss=2314MB
23:13:39 t= 1224s active= 1224s free=58% swap=1694MB rss=2314MB
23:14:10 t= 1254s active= 1254s free=58% swap=1694MB rss=2315MB
23:14:40 t= 1285s active= 1285s free=58% swap=1694MB rss=2315MB
23:15:11 t= 1315s active= 1315s free=58% swap=1694MB rss=2315MB
23:15:41 t= 1346s active= 1346s free=57% swap=1694MB rss=2315MB
23:16:12 t= 1377s active= 1377s free=57% swap=1694MB rss=2235MB
23:16:43 t= 1407s active= 1407s free=58% swap=1694MB rss=2214MB
23:17:13 t= 1438s active= 1438s free=58% swap=1694MB rss=2255MB
23:17:44 t= 1468s active= 1468s free=51% swap=1694MB rss=2270MB
23:18:14 t= 1499s active= 1499s free=58% swap=1694MB rss=2273MB
23:18:45 t= 1530s active= 1530s free=56% swap=1694MB rss=2280MB
23:19:16 t= 1560s active= 1560s free=63% swap=1694MB rss=2280MB
23:19:46 t= 1591s active= 1591s free=54% swap=1694MB rss=2280MB
23:20:17 t= 1622s active= 1622s free=51% swap=1694MB rss=1877MB
23:20:48 t= 1652s active= 1652s free=54% swap=1694MB rss=1928MB
23:21:18 t= 1683s active= 1683s free=53% swap=1694MB rss=1845MB
23:21:49 t= 1713s active= 1713s free=53% swap=1694MB rss=1916MB
23:22:19 t= 1744s active= 1744s free=45% swap=1694MB rss=1977MB
23:22:50 t= 1775s active= 1775s free=52% swap=1694MB rss=2042MB
23:23:21 t= 1805s active= 1805s free=45% swap=1694MB rss=2100MB
23:23:51 t= 1836s active= 1836s free=45% swap=1694MB rss=2064MB
23:24:22 t= 1867s active= 1867s free=52% swap=1694MB rss=2039MB
23:24:52 t= 1897s active= 1897s free=56% swap=1694MB rss=2274MB
23:25:23 t= 1928s active= 1928s free=59% swap=1694MB rss=2274MB
23:25:54 t= 1958s active= 1958s free=53% swap=1694MB rss=2275MB
23:26:24 t= 1989s active= 1989s free=53% swap=1694MB rss=2271MB
23:26:55 t= 2020s active= 2020s free=52% swap=1694MB rss=2206MB
23:27:26 t= 2050s active= 2050s free=45% swap=1694MB rss=1973MB
23:27:56 t= 2081s active= 2081s free=51% swap=1694MB rss=2031MB
23:28:27 t= 2111s active= 2111s free=51% swap=1694MB rss=2085MB
23:28:57 t= 2142s active= 2142s free=51% swap=1694MB rss=2130MB
23:29:28 t= 2173s active= 2173s free=51% swap=1694MB rss=2156MB
23:29:59 t= 2203s active= 2203s free=52% swap=1694MB rss=2194MB
23:30:29 t= 2234s active= 2234s free=52% swap=1694MB rss=2218MB
23:31:00 t= 2264s active= 2264s free=66% swap=1694MB rss=2288MB
23:31:31 t= 2295s active= 2295s free=60% swap=1694MB rss=2286MB
23:32:01 t= 2326s active= 2326s free=57% swap=1694MB rss=2286MB
23:32:32 t= 2356s active= 2356s free=57% swap=1694MB rss=2286MB
23:33:02 t= 2387s active= 2387s free=52% swap=1694MB rss=2287MB
23:33:33 t= 2418s active= 2418s free=53% swap=1694MB rss=2287MB
23:34:04 t= 2448s active= 2448s free=52% swap=1694MB rss=2198MB
23:34:34 t= 2479s active= 2479s free=52% swap=1694MB rss=2220MB
23:35:05 t= 2510s active= 2510s free=53% swap=1694MB rss=2245MB
23:35:36 t= 2541s active= 2541s free=53% swap=1694MB rss=2259MB
23:36:07 t= 2571s active= 2571s free=52% swap=1694MB rss=2266MB
23:36:37 t= 2602s active= 2602s free=56% swap=1694MB rss=2265MB
23:37:08 t= 2633s active= 2633s free=61% swap=1694MB rss=2270MB
23:37:39 t= 2663s active= 2663s free=61% swap=1694MB rss=2270MB
23:38:09 t= 2694s active= 2694s free=56% swap=1694MB rss=2271MB
23:38:40 t= 2725s active= 2725s free=56% swap=1694MB rss=2271MB
23:39:11 t= 2755s active= 2755s free=56% swap=1694MB rss=2209MB
23:39:41 t= 2786s active= 2786s free=56% swap=1694MB rss=2215MB
23:40:12 t= 2817s active= 2817s free=56% swap=1694MB rss=2222MB
23:40:43 t= 2847s active= 2847s free=56% swap=1694MB rss=2227MB
23:41:14 t= 2878s active= 2878s free=55% swap=1694MB rss=2230MB
23:41:44 t= 2909s active= 2909s free=55% swap=1694MB rss=2232MB
23:42:15 t= 2940s active= 2940s free=56% swap=1694MB rss=2233MB
23:42:46 t= 2970s active= 2970s free=65% swap=1694MB rss=2271MB
23:43:16 t= 3001s active= 3001s free=61% swap=1694MB rss=2271MB
23:43:47 t= 3032s active= 3032s free=65% swap=1694MB rss=2273MB
23:44:18 t= 3062s active= 3062s free=65% swap=1694MB rss=2274MB
23:44:48 t= 3093s active= 3093s free=61% swap=1694MB rss=2274MB
23:45:19 t= 3123s active= 3123s free=66% swap=1694MB rss=2275MB
23:45:44 end exit=0 killed=None active=3149s paused=0s pauses=0 min_free=44% max_swap=1710MB peak_rss=2499MB
