23:45:45 start free=75% swap=1694MB cmd=/Users/brohm/Documents/Projects/video-editor/.venv/bin/python -B e004_ft_test.py HuggingFaceTB/SmolLM2-135M-Instruct --bs 4 --accum 4 --max-len 768 --grad-ckpt --seed 0 --sets dev --save 0 --lr 1.5e-04 --tag lr1.5e-04_s0
23:46:16 t=   32s active=   32s free=66% swap=1694MB rss=945MB
23:46:47 t=   62s active=   62s free=61% swap=1694MB rss=1103MB
23:47:17 t=   93s active=   93s free=56% swap=1694MB rss=1345MB
23:47:48 t=  123s active=  123s free=56% swap=1694MB rss=1525MB
23:48:19 t=  154s active=  154s free=56% swap=1694MB rss=1693MB
23:48:49 t=  185s active=  185s free=57% swap=1694MB rss=1847MB
23:49:20 t=  215s active=  215s free=56% swap=1694MB rss=2005MB
23:49:50 t=  246s active=  246s free=56% swap=1694MB rss=2128MB
23:50:21 t=  276s active=  276s free=56% swap=1694MB rss=2246MB
23:50:52 t=  307s active=  307s free=57% swap=1694MB rss=2408MB
23:51:22 t=  338s active=  338s free=56% swap=1694MB rss=2561MB
23:51:53 t=  368s active=  368s free=66% swap=1694MB rss=2433MB
23:52:23 t=  399s active=  399s free=66% swap=1694MB rss=2433MB
23:52:54 t=  429s active=  429s free=56% swap=1694MB rss=2435MB
23:53:25 t=  460s active=  460s free=56% swap=1694MB rss=2436MB
23:53:55 t=  491s active=  491s free=52% swap=1694MB rss=2437MB
23:54:26 t=  521s active=  521s free=52% swap=1694MB rss=2437MB
23:54:57 t=  552s active=  552s free=57% swap=1694MB rss=2396MB
23:55:27 t=  583s active=  583s free=52% swap=1694MB rss=2401MB
23:55:58 t=  613s active=  613s free=52% swap=1694MB rss=2410MB
23:56:29 t=  644s active=  644s free=57% swap=1694MB rss=2422MB
23:56:59 t=  675s active=  675s free=53% swap=1694MB rss=2431MB
23:57:30 t=  705s active=  705s free=53% swap=1694MB rss=2434MB
23:58:01 t=  736s active=  736s free=66% swap=1694MB rss=2482MB
23:58:32 t=  767s active=  767s free=66% swap=1694MB rss=2482MB
23:59:02 t=  798s active=  798s free=53% swap=1694MB rss=2362MB
23:59:33 t=  828s active=  828s free=53% swap=1694MB rss=2302MB
00:00:04 t=  859s active=  859s free=54% swap=1694MB rss=2196MB
00:00:34 t=  890s active=  890s free=58% swap=1694MB rss=2229MB
00:01:05 t=  920s active=  920s free=54% swap=1694MB rss=2276MB
00:01:36 t=  951s active=  951s free=53% swap=1694MB rss=2361MB
00:02:06 t=  982s active=  982s free=57% swap=1694MB rss=2200MB
00:02:37 t= 1012s active= 1012s free=57% swap=1694MB rss=2193MB
00:03:08 t= 1043s active= 1043s free=57% swap=1694MB rss=2201MB
00:03:38 t= 1074s active= 1074s free=57% swap=1694MB rss=2204MB
00:04:09 t= 1104s active= 1104s free=67% swap=1694MB rss=2278MB
00:04:40 t= 1135s active= 1135s free=67% swap=1694MB rss=2278MB
00:05:10 t= 1166s active= 1166s free=58% swap=1694MB rss=2279MB
00:05:41 t= 1196s active= 1196s free=58% swap=1694MB rss=2279MB
00:06:12 t= 1227s active= 1227s free=58% swap=1694MB rss=2281MB
00:06:42 t= 1258s active= 1258s free=57% swap=1694MB rss=2266MB
00:07:13 t= 1288s active= 1288s free=57% swap=1694MB rss=2271MB
00:07:43 t= 1319s active= 1319s free=58% swap=1694MB rss=2275MB
00:08:14 t= 1349s active= 1349s free=58% swap=1694MB rss=2279MB
00:08:45 t= 1380s active= 1380s free=58% swap=1694MB rss=2283MB
00:09:15 t= 1411s active= 1411s free=58% swap=1694MB rss=2283MB
00:09:46 t= 1441s active= 1441s free=57% swap=1694MB rss=2276MB
00:10:16 t= 1472s active= 1472s free=62% swap=1694MB rss=2284MB
00:10:47 t= 1503s active= 1503s free=57% swap=1694MB rss=2284MB
00:11:18 t= 1533s active= 1533s free=57% swap=1694MB rss=2284MB
00:11:48 t= 1564s active= 1564s free=53% swap=1694MB rss=2284MB
00:12:19 t= 1594s active= 1594s free=53% swap=1694MB rss=2284MB
00:12:50 t= 1625s active= 1625s free=53% swap=1694MB rss=2284MB
00:13:20 t= 1656s active= 1656s free=53% swap=1694MB rss=2283MB
00:13:51 t= 1686s active= 1686s free=53% swap=1694MB rss=2284MB
00:14:21 t= 1717s active= 1717s free=54% swap=1694MB rss=2284MB
00:14:52 t= 1747s active= 1747s free=54% swap=1694MB rss=2284MB
00:15:23 t= 1778s active= 1778s free=54% swap=1686MB rss=2284MB
00:15:53 t= 1809s active= 1809s free=54% swap=1686MB rss=2285MB
00:16:24 t= 1839s active= 1839s free=63% swap=1686MB rss=2285MB
00:16:54 t= 1870s active= 1870s free=58% swap=1686MB rss=2285MB
00:17:25 t= 1900s active= 1900s free=54% swap=1686MB rss=2285MB
00:17:56 t= 1931s active= 1931s free=54% swap=1686MB rss=2285MB
00:18:26 t= 1962s active= 1962s free=54% swap=1686MB rss=2294MB
00:18:57 t= 1992s active= 1992s free=54% swap=1686MB rss=2294MB
00:19:27 t= 2023s active= 2023s free=54% swap=1686MB rss=2293MB
00:19:58 t= 2054s active= 2054s free=53% swap=1686MB rss=2294MB
00:20:30 t= 2086s active= 2086s free=53% swap=1686MB rss=2293MB
00:21:01 t= 2117s active= 2117s free=57% swap=1686MB rss=2293MB
00:21:33 t= 2149s active= 2149s free=53% swap=1686MB rss=2288MB
00:22:04 t= 2180s active= 2180s free=67% swap=1686MB rss=2291MB
00:22:35 t= 2210s active= 2210s free=63% swap=1686MB rss=2291MB
00:23:06 t= 2241s active= 2241s free=58% swap=1686MB rss=2288MB
00:23:38 t= 2273s active= 2273s free=58% swap=1686MB rss=2288MB
00:24:09 t= 2305s active= 2305s free=58% swap=1686MB rss=2288MB
00:24:41 t= 2337s active= 2337s free=53% swap=1686MB rss=2074MB
00:25:12 t= 2368s active= 2368s free=53% swap=1686MB rss=2112MB
00:25:43 t= 2398s active= 2398s free=53% swap=1686MB rss=2149MB
00:26:14 t= 2429s active= 2429s free=51% swap=1686MB rss=1715MB
00:26:46 t= 2461s active= 2461s free=51% swap=1686MB rss=1800MB
00:27:17 t= 2492s active= 2492s free=51% swap=1686MB rss=1850MB
00:27:49 t= 2525s active= 2525s free=51% swap=1686MB rss=1905MB
00:28:20 t= 2556s active= 2556s free=65% swap=1686MB rss=2236MB
00:28:51 t= 2586s active= 2586s free=61% swap=1686MB rss=2236MB
00:29:22 t= 2617s active= 2617s free=57% swap=1686MB rss=2237MB
00:29:52 t= 2648s active= 2648s free=57% swap=1686MB rss=2237MB
00:30:23 t= 2678s active= 2678s free=57% swap=1686MB rss=2237MB
00:30:53 t= 2709s active= 2709s free=57% swap=1686MB rss=2236MB
00:31:24 t= 2739s active= 2739s free=57% swap=1686MB rss=2237MB
00:31:55 t= 2770s active= 2770s free=57% swap=1686MB rss=2238MB
00:32:25 t= 2801s active= 2801s free=52% swap=1686MB rss=2239MB
00:32:56 t= 2831s active= 2831s free=52% swap=1686MB rss=2241MB
00:33:26 t= 2862s active= 2862s free=53% swap=1686MB rss=2243MB
00:33:57 t= 2893s active= 2893s free=53% swap=1686MB rss=2245MB
00:34:28 t= 2923s active= 2923s free=66% swap=1686MB rss=2250MB
00:34:58 t= 2954s active= 2954s free=66% swap=1686MB rss=2250MB
00:35:29 t= 2984s active= 2984s free=66% swap=1686MB rss=2253MB
00:36:00 t= 3015s active= 3015s free=66% swap=1686MB rss=2253MB
00:36:30 t= 3046s active= 3046s free=66% swap=1686MB rss=2254MB
00:37:01 t= 3076s active= 3076s free=66% swap=1686MB rss=2254MB
00:37:16 end exit=0 killed=None active=3091s paused=0s pauses=0 min_free=51% max_swap=1694MB peak_rss=2641MB
