Loading weights:   0%|          | 0/76 [00:00<?, ?it/s]Loading weights: 100%|██████████| 76/76 [00:00<00:00, 7569.69it/s]
loaded EleutherAI/pythia-14m params=14,067,712 (config 14,067,712, body 1,189,888) sanity_nll=3.8286 2.2s mps_alloc=0.05G driver=1.02G peak_driver=1.02G
loss self-check hf=3.87197 answer_only=3.87197
probe step 0 {'step': 0, 'H1': 0.0625, 'H2': 0.0, 'H3': 0.125, 'H4': 0.0625, 'H5': 0.125, 'H6': 0.1875, 'H7': 0.3125, 'C_noupd': 0.125, 'C_twoslot': 0.1875} mps_alloc=0.05G driver=1.11G peak_driver=1.11G
step 0 loss 4.0507 gnorm 91.17 lr 1.00e-04 0s mps_alloc=0.19G driver=1.17G peak_driver=1.17G
step 10 loss 1.8306 gnorm 31.00 lr 5.99e-04 4s mps_alloc=0.19G driver=1.14G peak_driver=1.20G
step 20 loss 1.2539 gnorm 19.39 lr 9.93e-04 7s mps_alloc=0.19G driver=1.15G peak_driver=1.20G
step 30 loss 1.3959 gnorm 13.61 lr 9.85e-04 10s mps_alloc=0.19G driver=1.16G peak_driver=1.20G
step 40 loss 1.1343 gnorm 9.68 lr 9.74e-04 13s mps_alloc=0.19G driver=1.16G peak_driver=1.20G
probe step 50 {'step': 50, 'H1': 0.25, 'H2': 0.125, 'H3': 0.375, 'H4': 0.25, 'H5': 0.1875, 'H6': 0.125, 'H7': 0.25, 'C_noupd': 0.375, 'C_twoslot': 0.25}
step 50 loss 0.8746 gnorm 6.99 lr 9.60e-04 20s mps_alloc=0.19G driver=1.12G peak_driver=1.20G
step 60 loss 1.4425 gnorm 12.99 lr 9.44e-04 23s mps_alloc=0.19G driver=1.14G peak_driver=1.20G
step 70 loss 1.1023 gnorm 8.71 lr 9.24e-04 27s mps_alloc=0.19G driver=1.16G peak_driver=1.20G
step 80 loss 1.2728 gnorm 8.85 lr 9.02e-04 30s mps_alloc=0.19G driver=1.16G peak_driver=1.20G
step 90 loss 1.0231 gnorm 7.01 lr 8.78e-04 33s mps_alloc=0.19G driver=1.16G peak_driver=1.20G
probe step 100 {'step': 100, 'H1': 0.3125, 'H2': 0.125, 'H3': 0.3125, 'H4': 0.125, 'H5': 0.0625, 'H6': 0.25, 'H7': 0.3125, 'C_noupd': 0.3125, 'C_twoslot': 0.25}
step 100 loss 1.1944 gnorm 6.72 lr 8.51e-04 40s mps_alloc=0.19G driver=1.13G peak_driver=1.20G
step 110 loss 1.1317 gnorm 4.79 lr 8.22e-04 44s mps_alloc=0.19G driver=1.15G peak_driver=1.20G
step 120 loss 0.9134 gnorm 7.57 lr 7.91e-04 47s mps_alloc=0.19G driver=1.17G peak_driver=1.20G
step 130 loss 1.1272 gnorm 7.24 lr 7.58e-04 51s mps_alloc=0.19G driver=1.17G peak_driver=1.20G
step 140 loss 0.9346 gnorm 5.79 lr 7.23e-04 54s mps_alloc=0.19G driver=1.18G peak_driver=1.20G
probe step 150 {'step': 150, 'H1': 0.375, 'H2': 0.1875, 'H3': 0.0625, 'H4': 0.1875, 'H5': 0.125, 'H6': 0.1875, 'H7': 0.3125, 'C_noupd': 0.125, 'C_twoslot': 0.5}
step 150 loss 0.9587 gnorm 5.09 lr 6.88e-04 64s mps_alloc=0.19G driver=1.11G peak_driver=1.20G
step 160 loss 0.9273 gnorm 6.56 lr 6.51e-04 68s mps_alloc=0.19G driver=1.14G peak_driver=1.20G
step 170 loss 0.8630 gnorm 4.29 lr 6.13e-04 72s mps_alloc=0.19G driver=1.16G peak_driver=1.20G
step 180 loss 0.9770 gnorm 4.80 lr 5.74e-04 76s mps_alloc=0.19G driver=1.17G peak_driver=1.20G
step 190 loss 0.8465 gnorm 4.65 lr 5.35e-04 79s mps_alloc=0.19G driver=1.17G peak_driver=1.20G
probe step 200 {'step': 200, 'H1': 0.25, 'H2': 0.1875, 'H3': 0.125, 'H4': 0.125, 'H5': 0.0625, 'H6': 0.3125, 'H7': 0.3125, 'C_noupd': 0.125, 'C_twoslot': 0.0625}
step 200 loss 0.7319 gnorm 4.12 lr 4.96e-04 89s mps_alloc=0.19G driver=1.12G peak_driver=1.20G
step 210 loss 0.9074 gnorm 5.53 lr 4.57e-04 93s mps_alloc=0.19G driver=1.14G peak_driver=1.20G
step 220 loss 0.8976 gnorm 3.87 lr 4.18e-04 98s mps_alloc=0.19G driver=1.15G peak_driver=1.20G
step 230 loss 0.8605 gnorm 4.92 lr 3.79e-04 102s mps_alloc=0.19G driver=1.15G peak_driver=1.20G
step 240 loss 0.8482 gnorm 5.04 lr 3.42e-04 105s mps_alloc=0.19G driver=1.18G peak_driver=1.20G
probe step 250 {'step': 250, 'H1': 0.25, 'H2': 0.25, 'H3': 0.1875, 'H4': 0.25, 'H5': 0.0625, 'H6': 0.125, 'H7': 0.3125, 'C_noupd': 0.1875, 'C_twoslot': 0.1875}
step 250 loss 0.7783 gnorm 3.66 lr 3.05e-04 112s mps_alloc=0.19G driver=1.11G peak_driver=1.20G
step 260 loss 0.8321 gnorm 3.99 lr 2.70e-04 115s mps_alloc=0.19G driver=1.13G peak_driver=1.20G
step 270 loss 0.7533 gnorm 4.22 lr 2.35e-04 120s mps_alloc=0.19G driver=1.15G peak_driver=1.20G
step 280 loss 0.7293 gnorm 3.54 lr 2.03e-04 124s mps_alloc=0.19G driver=1.15G peak_driver=1.20G
step 290 loss 0.7145 gnorm 3.90 lr 1.72e-04 129s mps_alloc=0.19G driver=1.16G peak_driver=1.20G
probe step 300 {'step': 300, 'H1': 0.4375, 'H2': 0.25, 'H3': 0.0625, 'H4': 0.125, 'H5': 0.125, 'H6': 0.1875, 'H7': 0.125, 'C_noupd': 0.1875, 'C_twoslot': 0.3125}
step 300 loss 0.8051 gnorm 4.85 lr 1.44e-04 138s mps_alloc=0.19G driver=1.10G peak_driver=1.20G
step 310 loss 0.7791 gnorm 5.08 lr 1.17e-04 143s mps_alloc=0.19G driver=1.13G peak_driver=1.20G
step 320 loss 0.7652 gnorm 4.30 lr 9.32e-05 148s mps_alloc=0.19G driver=1.13G peak_driver=1.20G
step 330 loss 0.7442 gnorm 4.25 lr 7.16e-05 152s mps_alloc=0.19G driver=1.14G peak_driver=1.20G
step 340 loss 0.6876 gnorm 4.32 lr 5.27e-05 157s mps_alloc=0.19G driver=2.15G peak_driver=2.15G
probe step 350 {'step': 350, 'H1': 0.3125, 'H2': 0.125, 'H3': 0.0625, 'H4': 0.1875, 'H5': 0.125, 'H6': 0.1875, 'H7': 0.25, 'C_noupd': 0.0625, 'C_twoslot': 0.3125}
step 350 loss 0.7306 gnorm 4.39 lr 3.66e-05 167s mps_alloc=0.19G driver=1.10G peak_driver=2.18G
step 360 loss 0.6904 gnorm 4.18 lr 2.33e-05 173s mps_alloc=0.19G driver=1.14G peak_driver=2.18G
step 370 loss 0.7603 gnorm 4.28 lr 1.29e-05 178s mps_alloc=0.19G driver=1.15G peak_driver=2.18G
step 380 loss 0.6871 gnorm 4.02 lr 5.56e-06 183s mps_alloc=0.19G driver=1.15G peak_driver=2.18G
step 390 loss 0.7016 gnorm 3.66 lr 1.25e-06 188s mps_alloc=0.19G driver=1.17G peak_driver=2.18G
step 399 loss 0.7456 gnorm 3.73 lr 0.00e+00 192s mps_alloc=0.19G driver=1.17G peak_driver=2.18G
probe step 400 {'step': 400, 'H1': 0.3125, 'H2': 0.1875, 'H3': 0.0625, 'H4': 0.25, 'H5': 0.125, 'H6': 0.1875, 'H7': 0.25, 'C_noupd': 0.0625, 'C_twoslot': 0.3125}
scored dev/plain: 320 items in 12s mps_alloc=0.05G driver=1.05G peak_driver=2.18G
DONE EleutherAI/pythia-14m lr1e-03_s0 total 216s peak_driver=2.178G lock_in_step=None loss_finite=True
