08:45:41 start free=76% swap=3588MB cmd=/Users/brohm/Documents/Projects/video-editor/.venv/bin/python -B e004_ft_test.py roneneldan/TinyStories-3M --bs 4 --accum 4 --max-len 768 --grad-ckpt --seed 0 --sets dev --save 0 --lr 3e-04 --tag lr3e-04_s0
08:46:12 t=   32s active=   32s free=43% swap=3588MB rss=1246MB
08:46:43 t=   62s active=   62s free=44% swap=3588MB rss=2218MB
08:47:14 t=   93s active=   93s free=55% swap=3588MB rss=1503MB
08:47:44 t=  124s active=  124s free=53% swap=3588MB rss=2088MB
08:48:15 t=  154s active=  154s free=19% swap=3588MB rss=930MB
08:48:46 t=  185s active=  185s free=47% swap=3580MB rss=1557MB
08:49:16 t=  216s active=  216s free=51% swap=3580MB rss=2316MB
08:49:47 t=  246s active=  246s free=52% swap=3580MB rss=1964MB
08:50:18 t=  277s active=  277s free=49% swap=3580MB rss=2470MB
08:50:48 t=  308s active=  308s free=57% swap=3580MB rss=1611MB
08:51:19 t=  338s active=  338s free=58% swap=3580MB rss=2167MB
08:51:50 t=  369s active=  369s free=48% swap=3580MB rss=1604MB
08:52:20 t=  399s active=  399s free=51% swap=3580MB rss=1921MB
08:52:51 t=  430s active=  430s free=37% swap=3580MB rss=2266MB
08:53:22 t=  461s active=  461s free=40% swap=3580MB rss=1720MB
08:53:52 t=  491s active=  491s free=63% swap=3580MB rss=2277MB
08:54:23 t=  522s active=  522s free=53% swap=3580MB rss=1946MB
08:54:38 PAUSE (SIGSTOP): lid closed on battery power, active=537s
08:57:27 t=  706s active=  537s free=75% swap=3516MB rss=2118MB PAUSED
08:57:58 t=  737s active=  537s free=76% swap=3500MB rss=2117MB PAUSED
08:58:31 t=  770s active=  537s free=74% swap=3500MB rss=2117MB PAUSED
08:59:42 t=  841s active=  537s free=74% swap=3500MB rss=2117MB PAUSED
09:00:14 t=  873s active=  537s free=75% swap=3484MB rss=2117MB PAUSED
09:17:48 t= 1927s active=  537s free=75% swap=3484MB rss=2117MB PAUSED
09:26:51 t= 2470s active=  537s free=75% swap=3484MB rss=2117MB PAUSED
09:27:22 t= 2501s active=  537s free=73% swap=3267MB rss=2112MB PAUSED
09:27:54 t= 2533s active=  537s free=73% swap=3243MB rss=2112MB PAUSED
09:28:09 RESUME (SIGCONT): paused so far 265s
09:28:25 t= 2564s active=  554s free=49% swap=3171MB rss=2077MB
09:28:56 t= 2595s active=  584s free=52% swap=3163MB rss=1529MB
09:29:26 t= 2626s active=  615s free=64% swap=3163MB rss=620MB
09:29:47 end exit=0 killed=None active=635s paused=265s pauses=1 min_free=19% max_swap=3588MB peak_rss=2489MB
