Loading weights:   0%|          | 0/108 [00:00<?, ?it/s]Loading weights: 100%|██████████| 108/108 [00:00<00:00, 69454.90it/s]
[transformers] [1mGPTNeoForCausalLM LOAD REPORT[0m from: roneneldan/TinyStories-1M
Key                                                               | Status     |  | 
------------------------------------------------------------------+------------+--+-
transformer.h.{0, 1, 2, 3, 4, 5, 6, 7}.attn.attention.masked_bias | UNEXPECTED |  | 
transformer.h.{0, 1, 2, 3, 4, 5, 6, 7}.attn.attention.bias        | UNEXPECTED |  | 

Notes:
- UNEXPECTED:	can be ignored when loading from different task/architecture; not ok if you expect identical arch.
loaded roneneldan/TinyStories-1M params=3,745,984 (config 3,745,984, body 398,464) sanity_nll=0.9209 2.4s mps_alloc=0.05G driver=1.02G peak_driver=1.02G
loss self-check hf=7.34706 answer_only=7.34706
probe step 0 {'step': 0, 'H1': 0.1875, 'H2': 0.1875, 'H3': 0.1875, 'H4': 0.1875, 'H5': 0.1875, 'H6': 0.375, 'H7': 0.0625, 'C_noupd': 0.0625, 'C_twoslot': 0.1875} mps_alloc=0.05G driver=10.62G peak_driver=10.62G
step 0 loss 6.1531 gnorm 234.41 lr 1.00e-04 1s mps_alloc=0.09G driver=10.65G peak_driver=10.65G
step 10 loss 4.0358 gnorm 57.78 lr 5.99e-04 9s mps_alloc=0.09G driver=10.67G peak_driver=10.67G
step 20 loss 2.5468 gnorm 25.66 lr 9.93e-04 18s mps_alloc=0.09G driver=10.67G peak_driver=10.67G
step 30 loss 3.1396 gnorm 22.56 lr 9.85e-04 27s mps_alloc=0.09G driver=10.68G peak_driver=10.68G
step 40 loss 2.6120 gnorm 10.22 lr 9.74e-04 35s mps_alloc=0.09G driver=10.68G peak_driver=10.68G
probe step 50 {'step': 50, 'H1': 0.0625, 'H2': 0.0625, 'H3': 0.3125, 'H4': 0.1875, 'H5': 0.25, 'H6': 0.1875, 'H7': 0.25, 'C_noupd': 0.4375, 'C_twoslot': 0.25}
step 50 loss 1.8022 gnorm 7.94 lr 9.60e-04 66s mps_alloc=0.09G driver=10.78G peak_driver=10.78G
step 60 loss 1.9187 gnorm 6.90 lr 9.44e-04 74s mps_alloc=0.09G driver=10.79G peak_driver=10.79G
step 70 loss 1.6963 gnorm 7.02 lr 9.24e-04 82s mps_alloc=0.09G driver=10.79G peak_driver=10.79G
step 80 loss 1.5898 gnorm 5.06 lr 9.02e-04 91s mps_alloc=0.09G driver=10.79G peak_driver=10.79G
step 90 loss 1.5084 gnorm 5.44 lr 8.78e-04 99s mps_alloc=0.09G driver=10.79G peak_driver=10.79G
probe step 100 {'step': 100, 'H1': 0.125, 'H2': 0.1875, 'H3': 0.1875, 'H4': 0.0625, 'H5': 0.1875, 'H6': 0.4375, 'H7': 0.4375, 'C_noupd': 0.3125, 'C_twoslot': 0.4375}
step 100 loss 1.5289 gnorm 4.49 lr 8.51e-04 129s mps_alloc=0.09G driver=11.22G peak_driver=11.22G
step 110 loss 1.3413 gnorm 3.38 lr 8.22e-04 137s mps_alloc=0.09G driver=11.23G peak_driver=11.23G
step 120 loss 1.1709 gnorm 2.98 lr 7.91e-04 145s mps_alloc=0.09G driver=11.24G peak_driver=11.24G
step 130 loss 1.4441 gnorm 4.23 lr 7.58e-04 153s mps_alloc=0.09G driver=10.69G peak_driver=11.24G
step 140 loss 1.3251 gnorm 3.96 lr 7.23e-04 161s mps_alloc=0.09G driver=10.14G peak_driver=11.24G
probe step 150 {'step': 150, 'H1': 0.1875, 'H2': 0.1875, 'H3': 0.1875, 'H4': 0.1875, 'H5': 0.0625, 'H6': 0.25, 'H7': 0.1875, 'C_noupd': 0.1875, 'C_twoslot': 0.3125}
step 150 loss 1.2802 gnorm 3.61 lr 6.88e-04 194s mps_alloc=0.09G driver=10.78G peak_driver=11.24G
step 160 loss 1.3526 gnorm 6.02 lr 6.51e-04 204s mps_alloc=0.09G driver=10.79G peak_driver=11.24G
step 170 loss 1.2069 gnorm 3.35 lr 6.13e-04 212s mps_alloc=0.09G driver=10.80G peak_driver=11.24G
step 180 loss 1.1438 gnorm 3.04 lr 5.74e-04 220s mps_alloc=0.09G driver=10.80G peak_driver=11.24G
step 190 loss 1.0823 gnorm 3.44 lr 5.35e-04 228s mps_alloc=0.09G driver=10.80G peak_driver=11.24G
probe step 200 {'step': 200, 'H1': 0.1875, 'H2': 0.3125, 'H3': 0.25, 'H4': 0.1875, 'H5': 0.25, 'H6': 0.1875, 'H7': 0.25, 'C_noupd': 0.1875, 'C_twoslot': 0.4375}
step 200 loss 0.9685 gnorm 3.32 lr 4.96e-04 259s mps_alloc=0.09G driver=11.22G peak_driver=11.24G
step 210 loss 1.2424 gnorm 4.37 lr 4.57e-04 269s mps_alloc=0.09G driver=11.23G peak_driver=11.24G
step 220 loss 1.1979 gnorm 3.49 lr 4.18e-04 278s mps_alloc=0.09G driver=11.23G peak_driver=11.24G
step 230 loss 1.0980 gnorm 3.07 lr 3.79e-04 287s mps_alloc=0.09G driver=11.23G peak_driver=11.24G
step 240 loss 1.0166 gnorm 2.80 lr 3.42e-04 295s mps_alloc=0.09G driver=11.23G peak_driver=11.24G
probe step 250 {'step': 250, 'H1': 0.1875, 'H2': 0.3125, 'H3': 0.1875, 'H4': 0.375, 'H5': 0.125, 'H6': 0.1875, 'H7': 0.125, 'C_noupd': 0.375, 'C_twoslot': 0.375}
step 250 loss 1.0427 gnorm 2.90 lr 3.05e-04 326s mps_alloc=0.09G driver=10.77G peak_driver=11.24G
step 260 loss 0.9363 gnorm 2.85 lr 2.70e-04 335s mps_alloc=0.09G driver=10.78G peak_driver=11.24G
step 270 loss 0.9172 gnorm 2.40 lr 2.35e-04 344s mps_alloc=0.09G driver=10.78G peak_driver=11.24G
step 280 loss 1.0825 gnorm 3.98 lr 2.03e-04 355s mps_alloc=0.09G driver=10.78G peak_driver=11.24G
step 290 loss 0.9011 gnorm 2.88 lr 1.72e-04 365s mps_alloc=0.09G driver=10.78G peak_driver=11.24G
probe step 300 {'step': 300, 'H1': 0.1875, 'H2': 0.3125, 'H3': 0.1875, 'H4': 0.1875, 'H5': 0.1875, 'H6': 0.25, 'H7': 0.0625, 'C_noupd': 0.25, 'C_twoslot': 0.4375}
step 300 loss 1.1399 gnorm 3.64 lr 1.44e-04 399s mps_alloc=0.09G driver=11.22G peak_driver=11.24G
step 310 loss 0.9557 gnorm 3.12 lr 1.17e-04 408s mps_alloc=0.09G driver=11.23G peak_driver=11.24G
step 320 loss 0.8503 gnorm 3.19 lr 9.32e-05 418s mps_alloc=0.09G driver=11.23G peak_driver=11.24G
step 330 loss 0.8951 gnorm 2.49 lr 7.16e-05 429s mps_alloc=0.09G driver=10.13G peak_driver=11.24G
step 340 loss 0.9368 gnorm 2.57 lr 5.27e-05 438s mps_alloc=0.09G driver=10.14G peak_driver=11.24G
probe step 350 {'step': 350, 'H1': 0.25, 'H2': 0.1875, 'H3': 0.125, 'H4': 0.1875, 'H5': 0.1875, 'H6': 0.1875, 'H7': 0.1875, 'C_noupd': 0.25, 'C_twoslot': 0.3125}
step 350 loss 0.9098 gnorm 2.33 lr 3.66e-05 473s mps_alloc=0.09G driver=10.77G peak_driver=11.24G
step 360 loss 0.8549 gnorm 2.21 lr 2.33e-05 485s mps_alloc=0.09G driver=10.79G peak_driver=11.24G
step 370 loss 0.8619 gnorm 2.27 lr 1.29e-05 496s mps_alloc=0.09G driver=10.79G peak_driver=11.24G
step 380 loss 0.7683 gnorm 2.45 lr 5.56e-06 505s mps_alloc=0.09G driver=10.79G peak_driver=11.24G
step 390 loss 0.7799 gnorm 2.36 lr 1.25e-06 515s mps_alloc=0.09G driver=10.79G peak_driver=11.24G
step 399 loss 0.9118 gnorm 2.22 lr 0.00e+00 524s mps_alloc=0.09G driver=10.80G peak_driver=11.24G
probe step 400 {'step': 400, 'H1': 0.25, 'H2': 0.25, 'H3': 0.1875, 'H4': 0.1875, 'H5': 0.1875, 'H6': 0.1875, 'H7': 0.125, 'C_noupd': 0.25, 'C_twoslot': 0.3125}
scored dev/plain: 320 items in 56s mps_alloc=0.05G driver=11.18G peak_driver=11.24G
DONE roneneldan/TinyStories-1M lr1e-03_s0 total 633s peak_driver=11.237G lock_in_step=None loss_finite=True
