Loading weights:   0%|          | 0/76 [00:00<?, ?it/s]Loading weights: 100%|██████████| 76/76 [00:00<00:00, 4014.55it/s]
loaded EleutherAI/pythia-31m params=30,494,720 (config 30,494,720, body 4,739,072) sanity_nll=3.5116 in 1.6s mps_alloc=0.11G driver=1.04G peak_driver=1.04G
loss self-check hf=3.42700 answer_only=3.42700
loss mutants {'no_shift': 12.305309295654297, 'prompt_labelled': 3.7477939128875732} (must all differ from 3.42700)
probe step 0 {'step': 0, 'LW': 0.0, 'TS': 0.0, 'NU': 1.0} mps_alloc=0.11G driver=1.10G peak_driver=1.10G
step 0 loss 3.2509 gnorm 186.81 lr 4.52e-06 1s mps_alloc=0.41G driver=1.17G peak_driver=1.17G
step 1 loss 2.6813 gnorm 178.82 lr 4.91e-06 2s mps_alloc=0.41G driver=1.17G peak_driver=1.17G
step 2 loss 2.8824 gnorm 131.32 lr 3.45e-06 3s mps_alloc=0.41G driver=1.17G peak_driver=1.17G
step 3 loss 2.3016 gnorm 138.10 lr 1.19e-06 4s mps_alloc=0.41G driver=1.17G peak_driver=1.17G
step 4 loss 2.6044 gnorm 132.79 lr 0.00e+00 5s mps_alloc=0.41G driver=1.17G peak_driver=1.17G
probe step 5 {'step': 5, 'LW': 0.0, 'TS': 0.0, 'NU': 1.0}
scored new/plain: 2 items in 0s mps_alloc=0.41G driver=1.13G peak_driver=1.17G
scored extra/plain: 2 items in 0s mps_alloc=0.41G driver=1.13G peak_driver=1.17G
scored old/plain: 2 items in 0s mps_alloc=0.41G driver=1.13G peak_driver=1.17G
scored uprobe/plain: 2 items in 0s mps_alloc=0.41G driver=1.13G peak_driver=1.17G
scored khard/plain: 2 items in 0s mps_alloc=0.41G driver=1.09G peak_driver=1.17G
scored kbig/plain: 2 items in 0s mps_alloc=0.41G driver=1.09G peak_driver=1.17G
scored cross/plain: 2 items in 0s mps_alloc=0.41G driver=1.09G peak_driver=1.17G
scored dev/plain: 2 items in 0s mps_alloc=0.41G driver=1.09G peak_driver=1.17G
DONE EleutherAI/pythia-31m dry total 7s peak_driver=1.174G lock_in_step=None loss_finite=True
