Loading weights:   0%|          | 0/56 [00:00<?, ?it/s]Loading weights: 100%|██████████| 56/56 [00:00<00:00, 56899.47it/s]
[transformers] [1mGPTNeoForCausalLM LOAD REPORT[0m from: roneneldan/TinyStories-33M
Key                                                   | Status     |  | 
------------------------------------------------------+------------+--+-
transformer.h.{0, 1, 2, 3}.attn.attention.bias        | UNEXPECTED |  | 
transformer.h.{0, 1, 2, 3}.attn.attention.masked_bias | UNEXPECTED |  | 

Notes:
- UNEXPECTED:	can be ignored when loading from different task/architecture; not ok if you expect identical arch.
loaded roneneldan/TinyStories-33M params=68,514,048 (config 68,514,048, body 28,343,808) sanity_nll=0.7501 in 1.8s mps_alloc=0.27G driver=1.04G peak_driver=1.04G
wpe row norms {'0-511': 0.5392, '512-767': 0.284, '768-2047': 0.2843}
loss self-check hf=6.07741 answer_only=6.07741
loss mutants {'no_shift': 10.293807983398438, 'prompt_labelled': 7.591224193572998} (must all differ from 6.07741)
probe step 0 {'step': 0, 'LW': 0.5, 'TS': 1.0, 'NU': 0.5} mps_alloc=0.27G driver=1.09G peak_driver=1.09G
step 0 loss 7.8874 gnorm 204.72 lr 4.52e-06 2s mps_alloc=0.91G driver=3.09G peak_driver=3.09G
step 1 loss 6.2855 gnorm 133.26 lr 4.91e-06 4s mps_alloc=0.91G driver=3.09G peak_driver=3.09G
step 2 loss 6.4269 gnorm 146.18 lr 3.45e-06 7s mps_alloc=0.91G driver=3.05G peak_driver=3.09G
step 3 loss 4.6165 gnorm 148.30 lr 1.19e-06 9s mps_alloc=0.91G driver=3.05G peak_driver=3.09G
step 4 loss 4.9871 gnorm 145.28 lr 0.00e+00 11s mps_alloc=0.91G driver=3.04G peak_driver=3.09G
probe step 5 {'step': 5, 'LW': 0.5, 'TS': 0.5, 'NU': 1.0}
scored new/plain: 2 items in 0s mps_alloc=0.91G driver=2.04G peak_driver=3.09G
scored extra/plain: 2 items in 0s mps_alloc=0.91G driver=2.05G peak_driver=3.09G
scored old/plain: 2 items in 0s mps_alloc=0.91G driver=2.04G peak_driver=3.09G
scored uprobe/plain: 2 items in 0s mps_alloc=0.91G driver=2.05G peak_driver=3.09G
scored khard/plain: 2 items in 0s mps_alloc=0.91G driver=2.05G peak_driver=3.09G
scored kbig/plain: 2 items in 0s mps_alloc=0.91G driver=2.05G peak_driver=3.09G
scored cross/plain: 2 items in 0s mps_alloc=0.91G driver=2.04G peak_driver=3.09G
scored dev/plain: 2 items in 0s mps_alloc=0.91G driver=2.04G peak_driver=3.09G
DONE roneneldan/TinyStories-33M dry total 15s peak_driver=3.09G lock_in_step=None loss_finite=True
