20:23:14 start free=61% swap=9510MB cmd=/Users/brohm/Documents/Projects/video-editor/.venv/bin/python -B e003_ft_test.py EleutherAI/pythia-160m --bs 4 --accum 4 --max-len 768 --grad-ckpt --sets eval --save 1 --seed 3 --lr 5e-05 --tag s3
20:23:47 t=   33s active=   33s free=33% swap=9478MB rss=462MB
20:24:19 t=   64s active=   64s free=26% swap=9470MB rss=463MB
20:24:50 t=   96s active=   96s free=44% swap=9446MB rss=559MB
20:25:21 t=  127s active=  127s free=32% swap=9446MB rss=873MB
20:25:52 t=  158s active=  158s free=28% swap=9446MB rss=644MB
20:26:24 t=  189s active=  189s free=36% swap=9422MB rss=749MB
20:26:55 t=  221s active=  221s free=54% swap=9422MB rss=2080MB
20:27:26 t=  252s active=  252s free=31% swap=9422MB rss=954MB
20:27:58 t=  283s active=  283s free=31% swap=9422MB rss=648MB
20:28:29 t=  315s active=  315s free=35% swap=9422MB rss=955MB
20:29:02 t=  347s active=  347s free=27% swap=9422MB rss=486MB
20:29:33 t=  378s active=  378s free=38% swap=9422MB rss=747MB
20:30:04 t=  409s active=  409s free=28% swap=9422MB rss=895MB
20:30:35 t=  441s active=  440s free=39% swap=9422MB rss=1836MB
20:31:06 t=  472s active=  472s free=36% swap=9406MB rss=1849MB
20:31:37 t=  503s active=  503s free=35% swap=9398MB rss=1480MB
20:32:08 t=  534s active=  534s free=25% swap=9398MB rss=528MB
20:32:39 t=  565s active=  565s free=32% swap=9398MB rss=721MB
20:33:10 t=  596s active=  596s free=49% swap=9390MB rss=1257MB
20:33:42 t=  628s active=  628s free=31% swap=9382MB rss=708MB
20:34:14 t=  660s active=  660s free=38% swap=9382MB rss=640MB
20:34:45 t=  691s active=  691s free=33% swap=9382MB rss=795MB
20:35:18 t=  723s active=  723s free=23% swap=9374MB rss=308MB
20:35:49 t=  754s active=  754s free=42% swap=9374MB rss=582MB
20:36:20 t=  786s active=  786s free=27% swap=9374MB rss=566MB
20:36:51 t=  817s active=  817s free=30% swap=9434MB rss=561MB
20:37:23 t=  848s active=  848s free=37% swap=9426MB rss=2165MB
20:37:54 t=  879s active=  879s free=35% swap=9426MB rss=2031MB
20:38:25 t=  911s active=  911s free=43% swap=9426MB rss=2059MB
20:38:56 t=  942s active=  942s free=44% swap=9426MB rss=1516MB
20:39:28 t=  973s active=  973s free=34% swap=9426MB rss=314MB
20:39:59 t= 1005s active= 1005s free=36% swap=9426MB rss=502MB
20:40:31 t= 1036s active= 1036s free=44% swap=9410MB rss=1833MB
20:41:03 t= 1068s active= 1068s free=36% swap=9410MB rss=1610MB
20:41:34 t= 1100s active= 1100s free=30% swap=9394MB rss=852MB
20:42:05 t= 1131s active= 1131s free=37% swap=9394MB rss=1010MB
20:42:37 t= 1162s active= 1162s free=27% swap=9394MB rss=725MB
20:43:08 t= 1194s active= 1194s free=34% swap=9394MB rss=884MB
20:43:39 t= 1225s active= 1225s free=41% swap=9362MB rss=1862MB
20:44:10 t= 1256s active= 1256s free=37% swap=9362MB rss=1217MB
20:44:42 t= 1288s active= 1288s free=37% swap=9346MB rss=544MB
20:45:14 t= 1319s active= 1319s free=33% swap=9346MB rss=630MB
20:45:45 t= 1350s active= 1350s free=37% swap=9346MB rss=594MB
20:46:17 t= 1382s active= 1382s free=36% swap=9314MB rss=621MB
20:46:48 t= 1414s active= 1414s free=46% swap=9314MB rss=1858MB
20:47:19 t= 1445s active= 1445s free=36% swap=9306MB rss=690MB
20:47:51 t= 1476s active= 1476s free=24% swap=9304MB rss=340MB
20:48:23 t= 1508s active= 1508s free=27% swap=10183MB rss=284MB
20:48:54 t= 1539s active= 1539s free=30% swap=10167MB rss=420MB
20:49:26 t= 1571s active= 1571s free=20% swap=10159MB rss=271MB
20:49:57 t= 1603s active= 1603s free=35% swap=10159MB rss=734MB
20:50:28 t= 1634s active= 1634s free=35% swap=10159MB rss=923MB
20:50:59 t= 1665s active= 1665s free=61% swap=10159MB rss=2131MB
20:51:30 t= 1696s active= 1696s free=62% swap=10143MB rss=2124MB
20:52:02 t= 1727s active= 1727s free=39% swap=9919MB rss=1689MB
20:52:33 t= 1759s active= 1759s free=45% swap=9479MB rss=204MB
20:53:04 t= 1790s active= 1790s free=47% swap=9231MB rss=238MB
20:53:35 t= 1821s active= 1821s free=38% swap=9223MB rss=234MB
20:54:06 t= 1852s active= 1852s free=42% swap=9223MB rss=291MB
20:54:37 t= 1883s active= 1883s free=35% swap=9223MB rss=278MB
20:55:10 t= 1915s active= 1915s free=29% swap=8413MB rss=112MB
20:55:41 t= 1946s active= 1946s free=30% swap=8338MB rss=135MB
20:56:13 t= 1978s active= 1978s free=29% swap=8330MB rss=99MB
20:56:45 t= 2011s active= 2011s free=32% swap=8496MB rss=122MB
20:56:52 end exit=0 killed=None active=2018s paused=0s pauses=0 min_free=18% max_swap=10183MB peak_rss=2285MB
