19:19:07 start free=53% swap=9472MB cmd=/Users/brohm/Documents/Projects/video-editor/.venv/bin/python -B e003_ft_test.py EleutherAI/pythia-160m --bs 4 --accum 4 --max-len 768 --grad-ckpt --sets eval --save 1 --seed 2 --lr 5e-05 --tag s2
19:19:39 t=   32s active=   32s free=26% swap=9464MB rss=336MB
19:20:12 t=   65s active=   65s free=37% swap=9464MB rss=449MB
19:20:43 t=   96s active=   96s free=40% swap=9464MB rss=725MB
19:21:15 t=  127s active=  127s free=29% swap=9456MB rss=594MB
19:21:46 t=  159s active=  159s free=43% swap=9456MB rss=856MB
19:22:17 t=  190s active=  190s free=28% swap=9456MB rss=633MB
19:22:48 t=  221s active=  221s free=38% swap=9448MB rss=762MB
19:23:20 t=  252s active=  252s free=38% swap=9448MB rss=2129MB
19:23:51 t=  284s active=  284s free=39% swap=9416MB rss=948MB
19:24:22 t=  315s active=  315s free=34% swap=9408MB rss=792MB
19:24:54 t=  347s active=  347s free=41% swap=9408MB rss=1093MB
19:25:27 t=  380s active=  379s free=32% swap=9400MB rss=1022MB
19:25:59 t=  412s active=  412s free=51% swap=9392MB rss=2268MB
19:26:31 t=  444s active=  444s free=34% swap=9392MB rss=1198MB
19:27:03 t=  476s active=  476s free=33% swap=9392MB rss=596MB
19:27:34 t=  507s active=  507s free=34% swap=9392MB rss=889MB
19:28:05 t=  538s active=  538s free=34% swap=9384MB rss=1003MB
19:28:37 t=  570s active=  570s free=34% swap=9384MB rss=1060MB
19:29:08 t=  601s active=  601s free=45% swap=9384MB rss=1972MB
19:29:39 t=  632s active=  632s free=31% swap=9384MB rss=596MB
19:30:11 t=  664s active=  664s free=33% swap=9384MB rss=338MB
19:30:42 t=  695s active=  695s free=30% swap=9376MB rss=320MB
19:31:14 t=  727s active=  727s free=22% swap=9360MB rss=274MB
19:31:46 t=  759s active=  759s free=21% swap=9673MB rss=347MB
19:32:18 t=  791s active=  790s free=23% swap=9978MB rss=309MB
19:32:28 KILL: swap_grew_833MB
19:32:33 end exit=-15 killed=swap_grew_833MB active=801s paused=0s pauses=0 min_free=21% max_swap=10313MB peak_rss=2269MB
19:51:29 start free=73% swap=9609MB cmd=/Users/brohm/Documents/Projects/video-editor/.venv/bin/python -B e003_ft_test.py EleutherAI/pythia-160m --bs 4 --accum 4 --max-len 768 --grad-ckpt --sets eval --save 1 --seed 2 --lr 5e-05 --tag s2
19:52:01 t=   32s active=   32s free=46% swap=9609MB rss=699MB
19:52:32 t=   64s active=   64s free=36% swap=9609MB rss=885MB
19:53:04 t=   95s active=   95s free=42% swap=9609MB rss=534MB
19:53:35 t=  126s active=  126s free=42% swap=9609MB rss=810MB
19:54:07 t=  158s active=  158s free=29% swap=9609MB rss=773MB
19:54:38 t=  189s active=  189s free=54% swap=9609MB rss=2035MB
19:55:10 t=  221s active=  221s free=44% swap=9609MB rss=1940MB
19:55:42 t=  253s active=  253s free=43% swap=9609MB rss=1956MB
19:56:13 t=  284s active=  284s free=44% swap=9609MB rss=1887MB
19:56:45 t=  316s active=  316s free=47% swap=9601MB rss=814MB
19:57:16 t=  347s active=  347s free=46% swap=9601MB rss=1025MB
19:57:48 t=  379s active=  379s free=50% swap=9601MB rss=1956MB
19:58:19 t=  410s active=  410s free=43% swap=9593MB rss=1703MB
19:58:50 t=  442s active=  442s free=37% swap=9585MB rss=1344MB
19:59:21 t=  473s active=  473s free=38% swap=9569MB rss=796MB
19:59:53 t=  504s active=  504s free=35% swap=9553MB rss=781MB
20:00:24 t=  535s active=  535s free=32% swap=9545MB rss=459MB
20:00:55 t=  567s active=  567s free=31% swap=9529MB rss=418MB
20:01:27 t=  598s active=  598s free=44% swap=9475MB rss=1804MB
20:01:58 t=  629s active=  629s free=35% swap=9475MB rss=489MB
20:02:29 t=  660s active=  660s free=36% swap=9435MB rss=883MB
20:03:01 t=  692s active=  692s free=32% swap=9427MB rss=740MB
20:03:32 t=  723s active=  723s free=39% swap=9419MB rss=802MB
20:04:04 t=  755s active=  755s free=33% swap=9419MB rss=841MB
20:04:35 t=  786s active=  786s free=43% swap=9403MB rss=1939MB
20:05:06 t=  817s active=  817s free=33% swap=9403MB rss=804MB
20:05:38 t=  849s active=  849s free=33% swap=9403MB rss=941MB
20:06:10 t=  881s active=  881s free=32% swap=9403MB rss=653MB
20:06:42 t=  913s active=  913s free=34% swap=9403MB rss=951MB
20:07:13 t=  944s active=  944s free=54% swap=9403MB rss=1915MB
20:07:45 t=  976s active=  976s free=38% swap=9395MB rss=1864MB
20:08:16 t= 1007s active= 1007s free=37% swap=9395MB rss=1724MB
20:08:47 t= 1039s active= 1039s free=28% swap=9395MB rss=725MB
20:09:19 t= 1070s active= 1070s free=29% swap=9379MB rss=746MB
20:09:51 t= 1102s active= 1102s free=35% swap=9379MB rss=881MB
20:10:22 t= 1133s active= 1133s free=43% swap=9379MB rss=2122MB
20:10:54 t= 1165s active= 1165s free=35% swap=9371MB rss=1810MB
20:11:25 t= 1197s active= 1197s free=38% swap=9371MB rss=795MB
20:11:57 t= 1228s active= 1228s free=34% swap=9371MB rss=598MB
20:12:28 t= 1259s active= 1259s free=32% swap=9371MB rss=750MB
20:13:00 t= 1291s active= 1291s free=28% swap=9371MB rss=419MB
20:13:32 t= 1323s active= 1323s free=49% swap=9622MB rss=1963MB
20:14:04 t= 1355s active= 1355s free=43% swap=9622MB rss=1910MB
20:14:35 t= 1386s active= 1386s free=43% swap=9622MB rss=1936MB
20:15:07 t= 1418s active= 1418s free=33% swap=9622MB rss=468MB
20:15:39 t= 1450s active= 1450s free=46% swap=9622MB rss=730MB
20:16:10 t= 1481s active= 1481s free=29% swap=9622MB rss=917MB
20:16:41 t= 1512s active= 1512s free=32% swap=9622MB rss=1031MB
20:17:13 t= 1544s active= 1544s free=49% swap=9614MB rss=2184MB
20:17:44 t= 1575s active= 1575s free=56% swap=9598MB rss=2185MB
20:18:15 t= 1606s active= 1606s free=57% swap=9598MB rss=2176MB
20:18:46 t= 1637s active= 1637s free=55% swap=9598MB rss=2017MB
20:19:17 t= 1669s active= 1669s free=39% swap=9598MB rss=777MB
20:19:49 t= 1700s active= 1700s free=51% swap=9574MB rss=734MB
20:20:20 t= 1731s active= 1731s free=59% swap=9566MB rss=740MB
20:20:51 t= 1763s active= 1763s free=43% swap=9558MB rss=227MB
20:21:23 t= 1794s active= 1794s free=43% swap=9526MB rss=261MB
20:21:54 t= 1826s active= 1826s free=49% swap=9510MB rss=256MB
20:22:26 t= 1857s active= 1857s free=51% swap=9510MB rss=259MB
20:22:57 t= 1888s active= 1888s free=45% swap=9510MB rss=260MB
20:23:13 end exit=0 killed=None active=1904s paused=0s pauses=0 min_free=16% max_swap=9750MB peak_rss=2185MB
