18:46:21 start free=60% swap=9632MB cmd=/Users/brohm/Documents/Projects/video-editor/.venv/bin/python -B e003_ft_test.py EleutherAI/pythia-160m --bs 4 --accum 4 --max-len 768 --grad-ckpt --sets eval --save 1 --seed 1 --lr 5e-05 --tag s1
18:46:54 t=   32s active=   32s free=40% swap=9632MB rss=1351MB
18:47:25 t=   64s active=   64s free=32% swap=9632MB rss=463MB
18:47:57 t=   95s active=   95s free=36% swap=9632MB rss=724MB
18:48:29 t=  127s active=  127s free=31% swap=9378MB rss=405MB
18:49:00 t=  159s active=  159s free=28% swap=9306MB rss=769MB
18:49:31 t=  190s active=  190s free=38% swap=9282MB rss=1062MB
18:50:03 t=  221s active=  221s free=31% swap=9282MB rss=898MB
18:50:34 t=  253s active=  253s free=36% swap=9282MB rss=1924MB
18:51:06 t=  284s active=  284s free=40% swap=9282MB rss=1706MB
18:51:37 t=  316s active=  316s free=26% swap=9282MB rss=726MB
18:52:09 t=  347s active=  347s free=29% swap=9274MB rss=593MB
18:52:40 t=  378s active=  378s free=21% swap=8954MB rss=547MB
18:53:11 t=  410s active=  410s free=34% swap=9389MB rss=841MB
18:53:43 t=  441s active=  441s free=38% swap=9365MB rss=1915MB
18:54:14 t=  472s active=  472s free=40% swap=9365MB rss=583MB
18:54:45 t=  503s active=  503s free=31% swap=9277MB rss=540MB
18:55:17 t=  535s active=  535s free=27% swap=9277MB rss=394MB
18:55:49 t=  568s active=  568s free=19% swap=9696MB rss=262MB
18:56:21 t=  599s active=  599s free=32% swap=9640MB rss=451MB
18:56:52 t=  631s active=  631s free=43% swap=9632MB rss=1882MB
18:57:24 t=  662s active=  662s free=35% swap=9616MB rss=501MB
18:57:56 t=  694s active=  694s free=35% swap=9616MB rss=454MB
18:58:27 t=  726s active=  726s free=30% swap=9616MB rss=735MB
18:58:58 t=  757s active=  757s free=33% swap=9616MB rss=772MB
18:59:30 t=  788s active=  788s free=34% swap=9616MB rss=773MB
19:00:01 t=  820s active=  820s free=50% swap=9616MB rss=1994MB
19:00:33 t=  851s active=  851s free=41% swap=9608MB rss=695MB
19:01:04 t=  882s active=  882s free=33% swap=9608MB rss=660MB
19:01:36 t=  914s active=  914s free=34% swap=9608MB rss=489MB
19:02:07 t=  945s active=  945s free=26% swap=9592MB rss=397MB
19:02:39 t=  977s active=  977s free=31% swap=9312MB rss=553MB
19:03:10 t= 1008s active= 1008s free=40% swap=9312MB rss=1880MB
19:03:41 t= 1040s active= 1040s free=33% swap=9312MB rss=1386MB
19:04:13 t= 1072s active= 1072s free=23% swap=9466MB rss=192MB
19:04:44 t= 1103s active= 1103s free=38% swap=9466MB rss=537MB
19:05:17 t= 1135s active= 1135s free=30% swap=9466MB rss=335MB
19:05:48 t= 1166s active= 1166s free=23% swap=9466MB rss=358MB
19:06:20 t= 1198s active= 1198s free=35% swap=9466MB rss=493MB
19:06:51 t= 1229s active= 1229s free=42% swap=9466MB rss=1969MB
19:07:23 t= 1261s active= 1261s free=35% swap=9458MB rss=537MB
19:07:54 t= 1293s active= 1293s free=38% swap=9458MB rss=981MB
19:08:25 t= 1324s active= 1324s free=34% swap=9458MB rss=574MB
19:08:57 t= 1355s active= 1355s free=43% swap=9450MB rss=924MB
19:09:28 t= 1386s active= 1386s free=31% swap=9450MB rss=427MB
19:09:59 t= 1417s active= 1417s free=32% swap=9450MB rss=1705MB
19:10:30 t= 1449s active= 1448s free=32% swap=9442MB rss=609MB
19:11:01 t= 1480s active= 1480s free=39% swap=9442MB rss=775MB
19:11:32 t= 1511s active= 1511s free=39% swap=9442MB rss=1057MB
19:12:04 t= 1543s active= 1543s free=24% swap=9434MB rss=288MB
19:12:36 t= 1575s active= 1575s free=31% swap=9434MB rss=373MB
19:13:08 t= 1606s active= 1606s free=42% swap=9568MB rss=1858MB
19:13:40 t= 1638s active= 1638s free=56% swap=9528MB rss=1303MB
19:14:11 t= 1669s active= 1669s free=55% swap=9528MB rss=792MB
19:14:42 t= 1701s active= 1701s free=44% swap=9528MB rss=276MB
19:15:13 t= 1732s active= 1732s free=39% swap=9528MB rss=218MB
19:15:45 t= 1763s active= 1763s free=45% swap=9488MB rss=252MB
19:16:15 t= 1794s active= 1794s free=44% swap=9480MB rss=259MB
19:16:47 t= 1825s active= 1825s free=45% swap=9480MB rss=289MB
19:17:18 t= 1857s active= 1857s free=42% swap=9480MB rss=196MB
19:17:49 t= 1888s active= 1888s free=36% swap=9480MB rss=196MB
19:18:21 t= 1919s active= 1919s free=44% swap=9480MB rss=214MB
19:18:52 t= 1951s active= 1950s free=37% swap=9472MB rss=170MB
19:19:05 end exit=0 killed=None active=1964s paused=0s pauses=0 min_free=17% max_swap=9712MB peak_rss=2016MB
