Loading weights:   0%|          | 0/148 [00:00<?, ?it/s]Loading weights:   1%|          | 1/148 [00:00<00:15,  9.40it/s]Loading weights: 100%|██████████| 148/148 [00:00<00:00, 1352.86it/s]
loaded EleutherAI/pythia-160m params=162,322,944 (config 162,322,944, body 85,056,000) sanity_nll=2.7598 in 4.8s mps_alloc=0.60G driver=1.05G peak_driver=1.05G
loss self-check hf=1.73331 answer_only=1.73347
probe step 0 {'step': 0, 'LW': 0.3125, 'TS': 0.125, 'NU': 0.7812} mps_alloc=0.60G driver=1.03G peak_driver=1.05G
step 0 loss 1.8463 gnorm 306.82 lr 5.00e-06 5s mps_alloc=1.92G driver=4.08G peak_driver=4.08G
step 10 loss 1.0573 gnorm 285.39 lr 2.99e-05 55s mps_alloc=1.92G driver=5.09G peak_driver=5.09G
step 20 loss 0.7249 gnorm 93.30 lr 4.97e-05 95s mps_alloc=1.92G driver=6.10G peak_driver=6.10G
step 30 loss 0.5240 gnorm 124.63 lr 4.93e-05 129s mps_alloc=1.92G driver=6.11G peak_driver=6.11G
step 40 loss 0.6295 gnorm 193.75 lr 4.87e-05 163s mps_alloc=1.92G driver=6.11G peak_driver=6.11G
probe step 50 {'step': 50, 'LW': 0.9062, 'TS': 0.3438, 'NU': 0.125}
step 50 loss 0.5901 gnorm 81.09 lr 4.80e-05 208s mps_alloc=1.92G driver=4.09G peak_driver=6.11G
step 60 loss 0.9123 gnorm 96.88 lr 4.72e-05 243s mps_alloc=1.92G driver=5.09G peak_driver=6.11G
step 70 loss 0.4610 gnorm 52.14 lr 4.62e-05 287s mps_alloc=1.92G driver=5.10G peak_driver=6.11G
step 80 loss 0.8195 gnorm 111.55 lr 4.51e-05 333s mps_alloc=1.92G driver=5.10G peak_driver=6.11G
step 90 loss 0.8571 gnorm 52.10 lr 4.39e-05 365s mps_alloc=1.92G driver=5.10G peak_driver=6.11G
probe step 100 {'step': 100, 'LW': 0.9688, 'TS': 0.5625, 'NU': 0.0938}
step 100 loss 0.6902 gnorm 181.03 lr 4.25e-05 412s mps_alloc=1.92G driver=4.09G peak_driver=6.11G
step 110 loss 1.0716 gnorm 61.46 lr 4.11e-05 443s mps_alloc=1.92G driver=5.10G peak_driver=6.11G
step 120 loss 0.7544 gnorm 39.46 lr 3.95e-05 474s mps_alloc=1.92G driver=5.10G peak_driver=6.11G
step 130 loss 0.7407 gnorm 42.28 lr 3.79e-05 508s mps_alloc=1.92G driver=6.10G peak_driver=6.11G
step 140 loss 0.3029 gnorm 445.01 lr 3.62e-05 541s mps_alloc=1.92G driver=6.11G peak_driver=6.11G
probe step 150 {'step': 150, 'LW': 1.0, 'TS': 0.7188, 'NU': 0.375}
step 150 loss 0.3497 gnorm 88.28 lr 3.44e-05 600s mps_alloc=1.92G driver=5.09G peak_driver=6.11G
step 160 loss 0.4940 gnorm 44.10 lr 3.25e-05 649s mps_alloc=1.92G driver=5.11G peak_driver=6.11G
step 170 loss 0.3288 gnorm 40.49 lr 3.06e-05 699s mps_alloc=1.92G driver=5.11G peak_driver=6.11G
step 180 loss 0.5912 gnorm 30.38 lr 2.87e-05 737s mps_alloc=1.92G driver=5.11G peak_driver=6.11G
step 190 loss 0.4471 gnorm 43.36 lr 2.68e-05 771s mps_alloc=1.92G driver=5.11G peak_driver=6.11G
probe step 200 {'step': 200, 'LW': 0.875, 'TS': 0.75, 'NU': 0.75}
step 200 loss 0.3998 gnorm 65.46 lr 2.48e-05 815s mps_alloc=1.92G driver=4.09G peak_driver=6.11G
step 210 loss 0.0730 gnorm 10.55 lr 2.28e-05 849s mps_alloc=1.92G driver=5.10G peak_driver=6.11G
step 220 loss 0.0591 gnorm 9.54 lr 2.09e-05 881s mps_alloc=1.92G driver=5.10G peak_driver=6.11G
step 230 loss 0.1922 gnorm 27.58 lr 1.90e-05 912s mps_alloc=1.92G driver=5.11G peak_driver=6.11G
step 240 loss 0.2001 gnorm 27.24 lr 1.71e-05 955s mps_alloc=1.92G driver=5.11G peak_driver=6.11G
probe step 250 {'step': 250, 'LW': 1.0, 'TS': 0.75, 'NU': 0.5312}
step 250 loss 0.1328 gnorm 24.84 lr 1.53e-05 1019s mps_alloc=1.92G driver=4.09G peak_driver=6.11G
step 260 loss 0.2092 gnorm 22.83 lr 1.35e-05 1060s mps_alloc=1.92G driver=5.10G peak_driver=6.11G
step 270 loss 0.2513 gnorm 25.06 lr 1.18e-05 1093s mps_alloc=1.92G driver=5.11G peak_driver=6.11G
step 280 loss 0.2086 gnorm 73.00 lr 1.01e-05 1125s mps_alloc=1.92G driver=6.11G peak_driver=6.11G
step 290 loss 0.1383 gnorm 20.93 lr 8.61e-06 1157s mps_alloc=1.92G driver=6.12G peak_driver=6.12G
probe step 300 {'step': 300, 'LW': 1.0, 'TS': 0.8125, 'NU': 0.5312}
step 300 loss 0.3332 gnorm 37.07 lr 7.18e-06 1202s mps_alloc=1.92G driver=4.08G peak_driver=6.12G
step 310 loss 0.0068 gnorm 2.03 lr 5.86e-06 1235s mps_alloc=1.92G driver=5.09G peak_driver=6.12G
step 320 loss 0.1902 gnorm 73.73 lr 4.66e-06 1281s mps_alloc=1.92G driver=5.10G peak_driver=6.12G
step 330 loss 0.0480 gnorm 10.06 lr 3.58e-06 1323s mps_alloc=1.92G driver=5.10G peak_driver=6.12G
step 340 loss 0.2131 gnorm 98.82 lr 2.64e-06 1358s mps_alloc=1.92G driver=5.11G peak_driver=6.12G
probe step 350 {'step': 350, 'LW': 1.0, 'TS': 0.75, 'NU': 0.5312}
step 350 loss 0.0111 gnorm 8.27 lr 1.83e-06 1406s mps_alloc=1.92G driver=4.08G peak_driver=6.12G
step 360 loss 0.3283 gnorm 61.60 lr 1.16e-06 1438s mps_alloc=1.92G driver=6.10G peak_driver=6.12G
step 370 loss 0.1396 gnorm 20.11 lr 6.46e-07 1483s mps_alloc=1.92G driver=6.11G peak_driver=6.12G
step 380 loss 0.1713 gnorm 59.87 lr 2.78e-07 1528s mps_alloc=1.92G driver=6.11G peak_driver=6.12G
step 390 loss 0.1175 gnorm 17.62 lr 6.24e-08 1577s mps_alloc=1.92G driver=6.11G peak_driver=6.12G
step 399 loss 0.2021 gnorm 17.56 lr 0.00e+00 1617s mps_alloc=1.92G driver=6.11G peak_driver=6.12G
probe step 400 {'step': 400, 'LW': 1.0, 'TS': 0.7812, 'NU': 0.5312}
scored new/plain: 1728 items in 137s mps_alloc=1.92G driver=4.04G peak_driver=6.12G
scored extra/plain: 192 items in 11s mps_alloc=1.92G driver=4.04G peak_driver=6.12G
scored old/plain: 1116 items in 75s mps_alloc=1.92G driver=4.04G peak_driver=6.12G
scored uprobe/plain: 576 items in 55s mps_alloc=1.92G driver=4.04G peak_driver=6.12G
scored khard/plain: 80 items in 4s mps_alloc=1.92G driver=4.04G peak_driver=6.12G
scored kbig/plain: 441 items in 18s mps_alloc=1.92G driver=4.04G peak_driver=6.12G
scored cross/plain: 384 items in 62s mps_alloc=1.92G driver=4.04G peak_driver=6.12G
Writing model shards:   0%|          | 0/1 [00:00<?, ?it/s]Writing model shards: 100%|██████████| 1/1 [00:00<00:00,  3.10it/s]Writing model shards: 100%|██████████| 1/1 [00:00<00:00,  3.10it/s]
DONE EleutherAI/pythia-160m s3 total 2012s peak_driver=6.121G lock_in_step=None loss_finite=True
