Loading weights:   0%|          | 0/76 [00:00<?, ?it/s]Loading weights: 100%|██████████| 76/76 [00:00<00:00, 7316.88it/s]
loaded EleutherAI/pythia-14m params=14,067,712 (config 14,067,712, body 1,189,888) sanity_nll=3.8286 in 2.2s mps_alloc=0.05G driver=1.02G peak_driver=1.02G
loss self-check hf=4.37592 answer_only=4.37592
probe step 0 {'step': 0, 'LW': 0.4375, 'TS': 0.4062, 'NU': 1.0} mps_alloc=0.05G driver=1.14G peak_driver=1.14G
step 0 loss 3.3206 gnorm 219.67 lr 1.00e-03 0s mps_alloc=0.17G driver=1.17G peak_driver=1.17G
step 10 loss 7.5575 gnorm 56.29 lr 5.99e-03 4s mps_alloc=0.17G driver=1.20G peak_driver=1.20G
step 20 loss 5.6164 gnorm 37.38 lr 9.93e-03 7s mps_alloc=0.17G driver=1.13G peak_driver=1.20G
step 30 loss 4.8412 gnorm 21.62 lr 9.85e-03 10s mps_alloc=0.17G driver=1.14G peak_driver=1.20G
step 40 loss 3.6318 gnorm 22.36 lr 9.74e-03 14s mps_alloc=0.17G driver=1.15G peak_driver=1.20G
probe step 50 {'step': 50, 'LW': 0.4375, 'TS': 0.3438, 'NU': 0.5625}
step 50 loss 2.8694 gnorm 14.57 lr 9.60e-03 19s mps_alloc=0.17G driver=1.10G peak_driver=1.20G
step 60 loss 2.6359 gnorm 12.01 lr 9.44e-03 22s mps_alloc=0.17G driver=1.17G peak_driver=1.20G
step 70 loss 2.8499 gnorm 10.26 lr 9.24e-03 25s mps_alloc=0.17G driver=1.20G peak_driver=1.20G
step 80 loss 1.9969 gnorm 9.18 lr 9.02e-03 28s mps_alloc=0.17G driver=1.22G peak_driver=1.22G
step 90 loss 2.0597 gnorm 10.30 lr 8.78e-03 31s mps_alloc=0.17G driver=1.22G peak_driver=1.22G
probe step 100 {'step': 100, 'LW': 0.5, 'TS': 0.3438, 'NU': 0.5}
step 100 loss 2.5761 gnorm 8.25 lr 8.51e-03 36s mps_alloc=0.17G driver=1.12G peak_driver=1.23G
step 110 loss 1.4045 gnorm 6.79 lr 8.22e-03 39s mps_alloc=0.17G driver=1.14G peak_driver=1.23G
step 120 loss 3.0600 gnorm 7.69 lr 7.91e-03 43s mps_alloc=0.17G driver=1.14G peak_driver=1.23G
step 130 loss 2.0819 gnorm 8.63 lr 7.58e-03 46s mps_alloc=0.17G driver=1.14G peak_driver=1.23G
step 140 loss 2.1165 gnorm 5.78 lr 7.23e-03 49s mps_alloc=0.17G driver=1.15G peak_driver=1.23G
probe step 150 {'step': 150, 'LW': 0.4375, 'TS': 0.375, 'NU': 0.5625}
step 150 loss 2.0360 gnorm 5.62 lr 6.88e-03 54s mps_alloc=0.17G driver=1.11G peak_driver=1.23G
step 160 loss 2.4211 gnorm 26.86 lr 6.51e-03 57s mps_alloc=0.17G driver=1.15G peak_driver=1.23G
step 170 loss 1.4285 gnorm 4.22 lr 6.13e-03 61s mps_alloc=0.17G driver=1.16G peak_driver=1.23G
step 180 loss 1.8651 gnorm 5.00 lr 5.74e-03 63s mps_alloc=0.17G driver=1.17G peak_driver=1.23G
step 190 loss 1.3113 gnorm 3.64 lr 5.35e-03 67s mps_alloc=0.17G driver=1.17G peak_driver=1.23G
probe step 200 {'step': 200, 'LW': 0.375, 'TS': 0.3125, 'NU': 0.625}
step 200 loss 1.3389 gnorm 3.04 lr 4.96e-03 72s mps_alloc=0.17G driver=1.10G peak_driver=1.23G
step 210 loss 1.2972 gnorm 3.59 lr 4.57e-03 76s mps_alloc=0.17G driver=1.17G peak_driver=1.23G
step 220 loss 1.4695 gnorm 3.23 lr 4.18e-03 79s mps_alloc=0.17G driver=1.17G peak_driver=1.23G
step 230 loss 1.4656 gnorm 3.34 lr 3.79e-03 82s mps_alloc=0.17G driver=1.18G peak_driver=1.23G
step 240 loss 1.3536 gnorm 2.71 lr 3.42e-03 85s mps_alloc=0.17G driver=1.18G peak_driver=1.23G
probe step 250 {'step': 250, 'LW': 0.3438, 'TS': 0.25, 'NU': 0.6562}
step 250 loss 1.3360 gnorm 2.58 lr 3.05e-03 90s mps_alloc=0.17G driver=1.10G peak_driver=1.23G
step 260 loss 1.6177 gnorm 3.30 lr 2.70e-03 93s mps_alloc=0.17G driver=1.15G peak_driver=1.23G
step 270 loss 1.1514 gnorm 2.66 lr 2.35e-03 97s mps_alloc=0.17G driver=1.15G peak_driver=1.23G
step 280 loss 1.3021 gnorm 2.67 lr 2.03e-03 100s mps_alloc=0.17G driver=1.15G peak_driver=1.23G
step 290 loss 1.2075 gnorm 2.78 lr 1.72e-03 103s mps_alloc=0.17G driver=1.15G peak_driver=1.23G
probe step 300 {'step': 300, 'LW': 0.375, 'TS': 0.2812, 'NU': 0.625}
step 300 loss 1.2585 gnorm 2.74 lr 1.44e-03 108s mps_alloc=0.17G driver=1.10G peak_driver=1.23G
step 310 loss 1.0876 gnorm 3.05 lr 1.17e-03 111s mps_alloc=0.17G driver=1.14G peak_driver=1.23G
step 320 loss 1.0737 gnorm 2.28 lr 9.32e-04 114s mps_alloc=0.17G driver=1.14G peak_driver=1.23G
step 330 loss 1.0714 gnorm 2.21 lr 7.16e-04 117s mps_alloc=0.17G driver=1.14G peak_driver=1.23G
step 340 loss 1.2905 gnorm 2.25 lr 5.27e-04 120s mps_alloc=0.17G driver=1.15G peak_driver=1.23G
probe step 350 {'step': 350, 'LW': 0.2812, 'TS': 0.1562, 'NU': 0.7188}
step 350 loss 1.2082 gnorm 2.29 lr 3.66e-04 126s mps_alloc=0.17G driver=1.12G peak_driver=1.23G
step 360 loss 1.1015 gnorm 2.12 lr 2.33e-04 129s mps_alloc=0.17G driver=1.15G peak_driver=1.23G
step 370 loss 1.0552 gnorm 2.28 lr 1.29e-04 132s mps_alloc=0.17G driver=1.16G peak_driver=1.23G
step 380 loss 1.0312 gnorm 2.39 lr 5.56e-05 135s mps_alloc=0.17G driver=1.16G peak_driver=1.23G
step 390 loss 1.1340 gnorm 2.74 lr 1.25e-05 139s mps_alloc=0.17G driver=1.16G peak_driver=1.23G
step 399 loss 1.0159 gnorm 2.09 lr 0.00e+00 143s mps_alloc=0.17G driver=1.16G peak_driver=1.23G
probe step 400 {'step': 400, 'LW': 0.4375, 'TS': 0.25, 'NU': 0.5625}
scored new/plain: 1728 items in 20s mps_alloc=0.17G driver=1.10G peak_driver=1.23G
scored extra/plain: 192 items in 2s mps_alloc=0.17G driver=1.10G peak_driver=1.23G
scored old/plain: 1116 items in 12s mps_alloc=0.17G driver=1.10G peak_driver=1.23G
scored uprobe/plain: 576 items in 7s mps_alloc=0.17G driver=1.10G peak_driver=1.23G
scored khard/plain: 80 items in 1s mps_alloc=0.17G driver=1.10G peak_driver=1.23G
scored kbig/plain: 441 items in 3s mps_alloc=0.17G driver=1.10G peak_driver=1.23G
scored cross/plain: 384 items in 8s mps_alloc=0.17G driver=1.10G peak_driver=1.23G
Writing model shards:   0%|          | 0/1 [00:00<?, ?it/s]Writing model shards: 100%|██████████| 1/1 [00:00<00:00, 19.48it/s]
DONE EleutherAI/pythia-14m s2 total 202s peak_driver=1.226G lock_in_step=None loss_finite=True
