06:25:53 start free=63% swap=9324MB cmd=/Users/brohm/Documents/Projects/video-editor/.venv/bin/python -B e003_ft_test.py roneneldan/TinyStories-33M --bs 4 --accum 4 --max-len 768 --grad-ckpt --sets eval --save 1 --seed 2 --lr 5e-05 --tag s2
06:26:25 t=   32s active=   32s free=31% swap=9260MB rss=988MB
06:26:56 t=   63s active=   63s free=38% swap=9288MB rss=656MB
06:27:27 t=   95s active=   95s free=34% swap=9288MB rss=968MB
06:27:59 t=  126s active=  126s free=40% swap=9256MB rss=1852MB
06:28:30 t=  157s active=  157s free=35% swap=9256MB rss=1115MB
06:29:00 t=  188s active=  188s free=36% swap=9256MB rss=1060MB
06:29:31 t=  219s active=  219s free=21% swap=9256MB rss=630MB
06:30:02 t=  250s active=  250s free=35% swap=9256MB rss=607MB
06:30:33 t=  280s active=  280s free=44% swap=9256MB rss=1922MB
06:31:04 t=  311s active=  311s free=33% swap=9256MB rss=1188MB
06:31:35 t=  342s active=  342s free=27% swap=9744MB rss=561MB
06:32:06 t=  373s active=  373s free=31% swap=9736MB rss=1850MB
06:32:38 t=  405s active=  405s free=30% swap=9704MB rss=565MB
06:32:48 KILL: swap_grew_1321MB
06:32:53 end exit=-15 killed=swap_grew_1321MB active=415s paused=0s pauses=0 min_free=16% max_swap=10645MB peak_rss=1927MB
10:30:26 start free=38% swap=6088MB cmd=/Users/brohm/Documents/Projects/video-editor/.venv/bin/python -B e003_ft_test.py roneneldan/TinyStories-33M --bs 4 --accum 4 --max-len 768 --grad-ckpt --sets eval --save 1 --seed 2 --lr 5e-05 --tag s2
10:30:59 t=   33s active=   32s free=45% swap=7804MB rss=865MB
10:31:31 t=   65s active=   65s free=39% swap=7772MB rss=969MB
10:31:52 KILL: swap_grew_1660MB
10:31:57 end exit=-15 killed=swap_grew_1660MB active=86s paused=0s pauses=0 min_free=30% max_swap=7820MB peak_rss=969MB
10:48:32 start free=62% swap=7092MB cmd=/Users/brohm/Documents/Projects/video-editor/.venv/bin/python -B e003_ft_test.py roneneldan/TinyStories-33M --bs 4 --accum 4 --max-len 768 --grad-ckpt --sets eval --save 1 --seed 2 --lr 5e-05 --tag s2
10:49:04 t=   33s active=   33s free=34% swap=8663MB rss=468MB
10:49:04 KILL: swap_grew_1571MB
10:49:09 end exit=-15 killed=swap_grew_1571MB active=33s paused=0s pauses=0 min_free=27% max_swap=8671MB peak_rss=475MB
11:34:05 start free=40% swap=7975MB cmd=/Users/brohm/Documents/Projects/video-editor/.venv/bin/python -B e003_ft_test.py roneneldan/TinyStories-33M --bs 4 --accum 4 --max-len 768 --grad-ckpt --sets eval --save 1 --seed 2 --lr 5e-05 --tag s2
11:34:27 KILL: swap_grew_1082MB
11:34:32 end exit=-15 killed=swap_grew_1082MB active=22s paused=0s pauses=0 min_free=32% max_swap=9057MB peak_rss=534MB
11:55:04 start free=37% swap=9921MB cmd=/Users/brohm/Documents/Projects/video-editor/.venv/bin/python -B e003_ft_test.py roneneldan/TinyStories-33M --bs 4 --accum 4 --max-len 768 --grad-ckpt --sets eval --save 1 --seed 2 --lr 5e-05 --tag s2
11:55:27 KILL: swap_grew_1707MB
11:55:32 end exit=-15 killed=swap_grew_1707MB active=23s paused=0s pauses=0 min_free=25% max_swap=11628MB peak_rss=378MB
13:18:48 start free=57% swap=8507MB cmd=/Users/brohm/Documents/Projects/video-editor/.venv/bin/python -B e003_ft_test.py roneneldan/TinyStories-33M --bs 4 --accum 4 --max-len 768 --grad-ckpt --sets eval --save 1 --seed 2 --lr 5e-05 --tag s2
13:19:22 t=   33s active=   33s free=28% swap=8507MB rss=349MB
13:19:53 t=   65s active=   65s free=28% swap=8507MB rss=436MB
13:20:25 t=   97s active=   97s free=29% swap=8489MB rss=426MB
13:20:47 KILL: swap_grew_944MB
13:20:52 end exit=-15 killed=swap_grew_944MB active=118s paused=0s pauses=0 min_free=21% max_swap=9451MB peak_rss=712MB
13:38:31 start free=69% swap=9123MB cmd=/Users/brohm/Documents/Projects/video-editor/.venv/bin/python -B e003_ft_test.py roneneldan/TinyStories-33M --bs 4 --accum 4 --max-len 768 --grad-ckpt --sets eval --save 1 --seed 2 --lr 5e-05 --tag s2
13:39:03 t=   33s active=   33s free=36% swap=9529MB rss=858MB
13:39:35 t=   64s active=   64s free=33% swap=9529MB rss=999MB
13:40:06 t=   95s active=   95s free=45% swap=9529MB rss=1994MB
13:40:37 t=  126s active=  126s free=31% swap=9529MB rss=511MB
13:41:08 t=  158s active=  158s free=31% swap=9529MB rss=551MB
13:41:40 t=  189s active=  189s free=31% swap=9473MB rss=477MB
13:42:12 t=  221s active=  221s free=31% swap=9449MB rss=492MB
13:42:44 t=  253s active=  253s free=35% swap=9449MB rss=1878MB
13:43:15 t=  284s active=  284s free=28% swap=9449MB rss=363MB
13:43:46 t=  315s active=  315s free=27% swap=10245MB rss=437MB
13:43:51 KILL: swap_grew_1114MB
13:43:56 end exit=-15 killed=swap_grew_1114MB active=321s paused=0s pauses=0 min_free=21% max_swap=10245MB peak_rss=2037MB
13:56:53 start free=68% swap=9853MB cmd=/Users/brohm/Documents/Projects/video-editor/.venv/bin/python -B e003_ft_test.py roneneldan/TinyStories-33M --bs 4 --accum 4 --max-len 768 --grad-ckpt --sets eval --save 1 --seed 2 --lr 5e-05 --tag s2
13:57:25 t=   32s active=   32s free=39% swap=9853MB rss=824MB
13:57:57 t=   64s active=   64s free=35% swap=9853MB rss=968MB
13:58:28 t=   95s active=   95s free=44% swap=9990MB rss=1973MB
13:58:59 t=  126s active=  126s free=38% swap=9982MB rss=980MB
13:59:31 t=  158s active=  158s free=40% swap=9974MB rss=1151MB
14:00:02 t=  189s active=  189s free=34% swap=9966MB rss=889MB
14:00:33 t=  220s active=  220s free=40% swap=9958MB rss=2039MB
14:01:05 t=  252s active=  252s free=40% swap=9950MB rss=765MB
14:01:36 t=  283s active=  283s free=34% swap=9950MB rss=694MB
14:02:08 t=  315s active=  315s free=46% swap=9950MB rss=2001MB
14:02:39 t=  346s active=  346s free=34% swap=9950MB rss=456MB
14:03:10 t=  377s active=  377s free=35% swap=9934MB rss=632MB
14:03:41 t=  408s active=  408s free=31% swap=9854MB rss=538MB
14:04:13 t=  440s active=  440s free=30% swap=9854MB rss=521MB
14:04:44 t=  471s active=  471s free=52% swap=9854MB rss=1894MB
14:05:16 t=  503s active=  503s free=29% swap=9854MB rss=298MB
14:05:47 t=  534s active=  534s free=35% swap=9814MB rss=640MB
14:06:19 t=  565s active=  565s free=44% swap=9790MB rss=1876MB
14:06:50 t=  597s active=  597s free=36% swap=9782MB rss=1747MB
14:07:21 t=  628s active=  628s free=27% swap=9826MB rss=524MB
14:07:52 t=  659s active=  659s free=28% swap=9802MB rss=480MB
14:08:23 t=  690s active=  690s free=37% swap=10024MB rss=1774MB
14:08:54 t=  721s active=  721s free=22% swap=10132MB rss=292MB
14:09:26 t=  753s active=  753s free=30% swap=10132MB rss=435MB
14:09:57 t=  784s active=  784s free=29% swap=10132MB rss=548MB
14:10:29 t=  816s active=  816s free=27% swap=10108MB rss=286MB
14:11:01 t=  847s active=  847s free=30% swap=10108MB rss=332MB
14:11:33 t=  879s active=  879s free=28% swap=10311MB rss=246MB
14:12:04 t=  911s active=  911s free=30% swap=10311MB rss=472MB
14:12:35 t=  942s active=  942s free=49% swap=10295MB rss=1919MB
14:13:07 t=  974s active=  974s free=49% swap=10287MB rss=1928MB
14:13:38 t= 1005s active= 1005s free=50% swap=10279MB rss=673MB
14:14:09 t= 1036s active= 1036s free=48% swap=10279MB rss=554MB
14:14:40 t= 1067s active= 1067s free=51% swap=10271MB rss=532MB
14:15:11 t= 1098s active= 1098s free=52% swap=10263MB rss=463MB
14:15:43 t= 1130s active= 1130s free=46% swap=10247MB rss=397MB
14:16:15 t= 1162s active= 1162s free=47% swap=10247MB rss=518MB
14:16:47 t= 1194s active= 1194s free=53% swap=10231MB rss=497MB
14:17:18 t= 1225s active= 1225s free=49% swap=10231MB rss=531MB
14:17:49 t= 1256s active= 1256s free=54% swap=10231MB rss=540MB
14:18:21 t= 1288s active= 1288s free=51% swap=10231MB rss=546MB
14:18:47 end exit=0 killed=None active=1314s paused=0s pauses=0 min_free=19% max_swap=10311MB peak_rss=2039MB
