08:31:48 start free=69% swap=5094MB cmd=/Users/brohm/Documents/Projects/video-editor/.venv/bin/python -B e003_ft_test.py roneneldan/TinyStories-33M --bs 4 --accum 4 --max-len 768 --grad-ckpt --sets eval --save 1 --seed 1 --lr 5e-05 --tag s1
08:32:19 t=   32s active=   32s free=52% swap=5094MB rss=1494MB
08:32:50 t=   62s active=   62s free=52% swap=5094MB rss=2165MB
08:33:20 t=   93s active=   93s free=52% swap=5094MB rss=2357MB
08:33:51 t=  123s active=  123s free=46% swap=5038MB rss=2052MB
08:34:22 t=  154s active=  154s free=53% swap=4974MB rss=2013MB
08:34:52 t=  185s active=  185s free=43% swap=4926MB rss=2103MB
08:35:23 t=  215s active=  215s free=36% swap=4878MB rss=1556MB
08:35:53 t=  246s active=  246s free=42% swap=4870MB rss=2008MB
08:36:24 t=  276s active=  276s free=51% swap=4870MB rss=2012MB
08:36:54 t=  307s active=  307s free=60% swap=4870MB rss=2089MB
08:37:25 t=  337s active=  337s free=45% swap=4870MB rss=1229MB
08:37:56 t=  368s active=  368s free=42% swap=4870MB rss=1634MB
08:38:26 t=  399s active=  399s free=43% swap=4870MB rss=1939MB
08:38:57 t=  429s active=  429s free=37% swap=4862MB rss=1933MB
08:39:27 t=  460s active=  460s free=46% swap=4862MB rss=1994MB
08:39:58 t=  490s active=  490s free=46% swap=4862MB rss=2028MB
08:40:29 t=  521s active=  521s free=41% swap=4862MB rss=1133MB
08:40:59 t=  552s active=  552s free=45% swap=4862MB rss=2058MB
08:41:30 t=  582s active=  582s free=45% swap=4854MB rss=2062MB
08:42:00 t=  613s active=  613s free=37% swap=4846MB rss=821MB
08:42:31 t=  644s active=  644s free=56% swap=4846MB rss=2017MB
08:43:02 t=  674s active=  674s free=57% swap=4846MB rss=2018MB
08:43:32 t=  705s active=  705s free=46% swap=4838MB rss=1122MB
08:44:03 t=  735s active=  735s free=48% swap=4838MB rss=1202MB
08:44:33 t=  766s active=  766s free=49% swap=4838MB rss=1204MB
08:45:04 t=  797s active=  797s free=49% swap=4838MB rss=1215MB
08:45:35 t=  828s active=  828s free=30% swap=5528MB rss=251MB
08:45:51 KILL: swap_grew_1088MB
08:45:56 end exit=-15 killed=swap_grew_1088MB active=843s paused=0s pauses=0 min_free=27% max_swap=6182MB peak_rss=2357MB
09:59:11 start free=56% swap=10017MB cmd=/Users/brohm/Documents/Projects/video-editor/.venv/bin/python -B e003_ft_test.py roneneldan/TinyStories-33M --bs 4 --accum 4 --max-len 768 --grad-ckpt --sets eval --save 1 --seed 1 --lr 5e-05 --tag s1
09:59:43 t=   32s active=   32s free=26% swap=10200MB rss=527MB
10:00:13 t=   63s active=   63s free=33% swap=10479MB rss=737MB
10:00:45 t=   94s active=   94s free=28% swap=11080MB rss=475MB
10:00:45 KILL: swap_grew_1063MB
10:00:50 end exit=-15 killed=swap_grew_1063MB active=94s paused=0s pauses=0 min_free=25% max_swap=11096MB peak_rss=737MB
10:11:56 start free=45% swap=7304MB cmd=/Users/brohm/Documents/Projects/video-editor/.venv/bin/python -B e003_ft_test.py roneneldan/TinyStories-33M --bs 4 --accum 4 --max-len 768 --grad-ckpt --sets eval --save 1 --seed 1 --lr 5e-05 --tag s1
10:12:18 KILL: swap_grew_2140MB
10:12:23 end exit=-15 killed=swap_grew_2140MB active=22s paused=0s pauses=0 min_free=26% max_swap=9444MB peak_rss=738MB
10:36:32 start free=49% swap=13884MB cmd=/Users/brohm/Documents/Projects/video-editor/.venv/bin/python -B e003_ft_test.py roneneldan/TinyStories-33M --bs 4 --accum 4 --max-len 768 --grad-ckpt --sets eval --save 1 --seed 1 --lr 5e-05 --tag s1
10:36:49 KILL: swap_grew_1702MB
10:36:54 end exit=-15 killed=swap_grew_1702MB active=17s paused=0s pauses=0 min_free=23% max_swap=16043MB peak_rss=424MB
10:46:15 start free=46% swap=7497MB cmd=/Users/brohm/Documents/Projects/video-editor/.venv/bin/python -B e003_ft_test.py roneneldan/TinyStories-33M --bs 4 --accum 4 --max-len 768 --grad-ckpt --sets eval --save 1 --seed 1 --lr 5e-05 --tag s1
10:46:42 KILL: swap_grew_1100MB
10:46:47 end exit=-15 killed=swap_grew_1100MB active=27s paused=0s pauses=0 min_free=26% max_swap=8597MB peak_rss=666MB
10:55:35 start free=56% swap=7973MB cmd=/Users/brohm/Documents/Projects/video-editor/.venv/bin/python -B e003_ft_test.py roneneldan/TinyStories-33M --bs 4 --accum 4 --max-len 768 --grad-ckpt --sets eval --save 1 --seed 1 --lr 5e-05 --tag s1
10:56:07 t=   32s active=   32s free=28% swap=8282MB rss=535MB
10:56:22 KILL: swap_grew_2149MB
10:56:27 end exit=-15 killed=swap_grew_2149MB active=47s paused=0s pauses=0 min_free=25% max_swap=10122MB peak_rss=692MB
11:53:55 start free=59% swap=8123MB cmd=/Users/brohm/Documents/Projects/video-editor/.venv/bin/python -B e003_ft_test.py roneneldan/TinyStories-33M --bs 4 --accum 4 --max-len 768 --grad-ckpt --sets eval --save 1 --seed 1 --lr 5e-05 --tag s1
11:54:27 t=   32s active=   32s free=25% swap=9609MB rss=362MB
11:54:27 KILL: swap_grew_1486MB
11:54:32 end exit=-15 killed=swap_grew_1486MB active=32s paused=0s pauses=0 min_free=23% max_swap=9609MB peak_rss=636MB
13:11:57 start free=62% swap=8642MB cmd=/Users/brohm/Documents/Projects/video-editor/.venv/bin/python -B e003_ft_test.py roneneldan/TinyStories-33M --bs 4 --accum 4 --max-len 768 --grad-ckpt --sets eval --save 1 --seed 1 --lr 5e-05 --tag s1
13:12:29 t=   32s active=   32s free=38% swap=9018MB rss=1033MB
13:13:00 t=   63s active=   63s free=33% swap=8930MB rss=972MB
13:13:31 t=   94s active=   94s free=31% swap=9918MB rss=528MB
13:13:31 KILL: swap_grew_1276MB
13:13:36 end exit=-15 killed=swap_grew_1276MB active=94s paused=0s pauses=0 min_free=24% max_swap=9918MB peak_rss=1249MB
14:36:32 start free=62% swap=9850MB cmd=/Users/brohm/Documents/Projects/video-editor/.venv/bin/python -B e003_ft_test.py roneneldan/TinyStories-33M --bs 4 --accum 4 --max-len 768 --grad-ckpt --sets eval --save 1 --seed 1 --lr 5e-05 --tag s1
14:37:04 t=   32s active=   32s free=24% swap=9892MB rss=443MB
14:37:36 t=   64s active=   64s free=31% swap=10556MB rss=493MB
14:38:08 t=   96s active=   96s free=32% swap=10516MB rss=444MB
14:38:39 t=  127s active=  127s free=37% swap=10460MB rss=1720MB
14:39:10 t=  158s active=  158s free=26% swap=10460MB rss=219MB
14:39:42 t=  189s active=  189s free=26% swap=10452MB rss=549MB
14:40:13 t=  221s active=  221s free=45% swap=10420MB rss=1841MB
14:40:44 t=  252s active=  252s free=35% swap=10236MB rss=453MB
14:41:16 t=  284s active=  284s free=31% swap=10220MB rss=427MB
14:41:47 t=  315s active=  315s free=46% swap=10220MB rss=1834MB
14:42:19 t=  347s active=  347s free=41% swap=10212MB rss=1771MB
14:42:50 t=  378s active=  378s free=41% swap=10124MB rss=1249MB
14:43:21 t=  409s active=  409s free=49% swap=10108MB rss=1393MB
14:43:53 t=  441s active=  441s free=25% swap=10100MB rss=356MB
14:44:19 KILL: swap_grew_1253MB
14:44:24 end exit=-15 killed=swap_grew_1253MB active=467s paused=0s pauses=0 min_free=20% max_swap=11103MB peak_rss=1876MB
15:05:05 start free=56% swap=10323MB cmd=/Users/brohm/Documents/Projects/video-editor/.venv/bin/python -B e003_ft_test.py roneneldan/TinyStories-33M --bs 4 --accum 4 --max-len 768 --grad-ckpt --sets eval --save 1 --seed 1 --lr 5e-05 --tag s1
15:05:38 t=   33s active=   33s free=27% swap=10315MB rss=455MB
15:06:09 t=   64s active=   64s free=22% swap=10530MB rss=456MB
15:06:40 t=   95s active=   95s free=26% swap=10735MB rss=588MB
15:07:11 t=  126s active=  126s free=31% swap=10803MB rss=1761MB
15:07:42 t=  157s active=  157s free=25% swap=10803MB rss=370MB
15:08:08 KILL: swap_grew_1089MB
15:08:13 end exit=-15 killed=swap_grew_1089MB active=183s paused=0s pauses=0 min_free=21% max_swap=11413MB peak_rss=1949MB
16:51:50 start free=54% swap=7699MB cmd=/Users/brohm/Documents/Projects/video-editor/.venv/bin/python -B e003_ft_test.py roneneldan/TinyStories-33M --bs 4 --accum 4 --max-len 768 --grad-ckpt --sets eval --save 1 --seed 1 --lr 5e-05 --tag s1
16:52:22 t=   32s active=   32s free=37% swap=7683MB rss=653MB
16:52:53 t=   63s active=   63s free=26% swap=7733MB rss=562MB
16:53:24 t=   95s active=   95s free=43% swap=8414MB rss=959MB
16:53:56 t=  126s active=  126s free=45% swap=8406MB rss=1683MB
16:54:27 t=  157s active=  157s free=31% swap=8382MB rss=957MB
16:54:58 t=  188s active=  188s free=28% swap=7793MB rss=570MB
16:55:29 t=  219s active=  219s free=29% swap=7737MB rss=570MB
16:55:46 KILL: swap_grew_1676MB
16:55:51 end exit=-15 killed=swap_grew_1676MB active=236s paused=0s pauses=0 min_free=18% max_swap=9375MB peak_rss=2011MB
18:12:03 start free=45% swap=10378MB cmd=/Users/brohm/Documents/Projects/video-editor/.venv/bin/python -B e003_ft_test.py roneneldan/TinyStories-33M --bs 4 --accum 4 --max-len 768 --grad-ckpt --sets eval --save 1 --seed 1 --lr 5e-05 --tag s1
18:12:35 t=   32s active=   32s free=26% swap=11417MB rss=541MB
18:12:35 KILL: swap_grew_1039MB
18:12:40 end exit=-15 killed=swap_grew_1039MB active=32s paused=0s pauses=0 min_free=24% max_swap=11441MB peak_rss=693MB
20:34:44 waiting for memory: free 32%
20:35:14 waiting for memory: free 32%
20:35:44 start free=35% swap=9994MB cmd=/Users/brohm/Documents/Projects/video-editor/.venv/bin/python -B e003_ft_test.py roneneldan/TinyStories-33M --bs 4 --accum 4 --max-len 768 --grad-ckpt --sets eval --save 1 --seed 1 --lr 5e-05 --tag s1
20:36:01 KILL: swap_grew_2389MB
20:36:06 end exit=-15 killed=swap_grew_2389MB active=17s paused=0s pauses=0 min_free=25% max_swap=12384MB peak_rss=483MB
23:35:42 start free=63% swap=8803MB cmd=/Users/brohm/Documents/Projects/video-editor/.venv/bin/python -B e003_ft_test.py roneneldan/TinyStories-33M --bs 4 --accum 4 --max-len 768 --grad-ckpt --sets eval --save 1 --seed 1 --lr 5e-05 --tag s1
23:36:14 t=   32s active=   32s free=41% swap=8795MB rss=823MB
23:36:46 t=   63s active=   63s free=32% swap=8833MB rss=669MB
23:37:17 t=   94s active=   94s free=32% swap=8937MB rss=755MB
23:37:49 t=  127s active=  127s free=30% swap=8937MB rss=1662MB
23:38:23 t=  161s active=  161s free=44% swap=8825MB rss=1192MB
23:38:57 t=  194s active=  194s free=30% swap=8745MB rss=862MB
23:39:29 t=  227s active=  227s free=33% swap=8737MB rss=1019MB
23:40:03 t=  261s active=  261s free=49% swap=8737MB rss=2027MB
23:40:39 t=  296s active=  296s free=39% swap=8721MB rss=1865MB
23:41:11 t=  329s active=  329s free=28% swap=8721MB rss=593MB
23:41:45 t=  362s active=  362s free=30% swap=8914MB rss=292MB
23:42:17 t=  395s active=  395s free=30% swap=8982MB rss=397MB
23:42:51 t=  428s active=  428s free=50% swap=9378MB rss=1842MB
23:43:24 t=  461s active=  461s free=37% swap=9338MB rss=1185MB
23:43:58 t=  495s active=  495s free=33% swap=9338MB rss=953MB
23:44:32 t=  529s active=  529s free=36% swap=9338MB rss=1021MB
23:45:04 t=  561s active=  561s free=36% swap=9330MB rss=1340MB
23:45:36 t=  594s active=  594s free=38% swap=9282MB rss=1493MB
23:46:09 t=  626s active=  626s free=32% swap=9342MB rss=1282MB
23:46:42 t=  660s active=  660s free=28% swap=9473MB rss=739MB
23:47:09 KILL: swap_grew_1517MB
23:47:15 end exit=-15 killed=swap_grew_1517MB active=687s paused=0s pauses=0 min_free=23% max_swap=10320MB peak_rss=2027MB
00:22:21 start free=51% swap=8243MB cmd=/Users/brohm/Documents/Projects/video-editor/.venv/bin/python -B e003_ft_test.py roneneldan/TinyStories-33M --bs 4 --accum 4 --max-len 768 --grad-ckpt --sets eval --save 1 --seed 1 --lr 5e-05 --tag s1
00:22:53 t=   32s active=   32s free=20% swap=9191MB rss=309MB
00:22:59 KILL: swap_grew_2200MB
00:23:04 end exit=-15 killed=swap_grew_2200MB active=37s paused=0s pauses=0 min_free=19% max_swap=10442MB peak_rss=453MB
05:49:16 start free=62% swap=10180MB cmd=/Users/brohm/Documents/Projects/video-editor/.venv/bin/python -B e003_ft_test.py roneneldan/TinyStories-33M --bs 4 --accum 4 --max-len 768 --grad-ckpt --sets eval --save 1 --seed 1 --lr 5e-05 --tag s1
05:49:48 t=   32s active=   32s free=32% swap=10180MB rss=545MB
05:50:20 t=   64s active=   64s free=35% swap=10180MB rss=838MB
05:50:51 t=   95s active=   95s free=31% swap=10216MB rss=675MB
05:51:22 t=  127s active=  127s free=28% swap=10389MB rss=791MB
05:51:53 t=  158s active=  157s free=46% swap=10389MB rss=2019MB
05:52:24 t=  189s active=  189s free=43% swap=10389MB rss=2230MB
05:52:55 t=  220s active=  220s free=42% swap=10389MB rss=2099MB
05:53:26 t=  251s active=  251s free=31% swap=10389MB rss=1133MB
05:53:57 t=  282s active=  282s free=20% swap=10797MB rss=529MB
05:54:08 KILL: swap_grew_973MB
05:54:13 end exit=-15 killed=swap_grew_973MB active=292s paused=0s pauses=0 min_free=20% max_swap=11153MB peak_rss=2233MB
06:04:47 start free=76% swap=10641MB cmd=/Users/brohm/Documents/Projects/video-editor/.venv/bin/python -B e003_ft_test.py roneneldan/TinyStories-33M --bs 4 --accum 4 --max-len 768 --grad-ckpt --sets eval --save 1 --seed 1 --lr 5e-05 --tag s1
06:05:19 t=   32s active=   32s free=29% swap=8181MB rss=559MB
06:05:54 t=   67s active=   67s free=32% swap=8173MB rss=806MB
06:06:28 t=  101s active=  101s free=35% swap=8173MB rss=1432MB
06:06:59 t=  132s active=  132s free=43% swap=8165MB rss=1951MB
06:07:30 t=  163s active=  163s free=37% swap=8165MB rss=1493MB
06:08:01 t=  195s active=  195s free=22% swap=8552MB rss=369MB
06:08:33 t=  226s active=  226s free=30% swap=9120MB rss=1836MB
06:09:04 t=  257s active=  257s free=44% swap=9112MB rss=1807MB
06:09:35 t=  288s active=  288s free=27% swap=9112MB rss=532MB
06:10:07 t=  320s active=  320s free=26% swap=9112MB rss=665MB
06:10:38 t=  351s active=  351s free=41% swap=9088MB rss=1845MB
06:11:09 t=  382s active=  382s free=35% swap=9088MB rss=1831MB
06:11:40 t=  414s active=  414s free=38% swap=9088MB rss=1848MB
06:12:11 t=  445s active=  445s free=47% swap=9072MB rss=1945MB
06:12:43 t=  476s active=  476s free=44% swap=9072MB rss=1835MB
06:13:14 t=  507s active=  507s free=37% swap=9072MB rss=937MB
06:13:45 t=  538s active=  538s free=33% swap=8992MB rss=1594MB
06:14:16 t=  569s active=  569s free=23% swap=9290MB rss=415MB
06:14:48 t=  601s active=  601s free=26% swap=9282MB rss=597MB
06:15:19 t=  632s active=  632s free=33% swap=9274MB rss=807MB
06:15:50 t=  663s active=  663s free=54% swap=9258MB rss=1856MB
06:16:21 t=  694s active=  694s free=32% swap=9250MB rss=1731MB
06:16:52 t=  726s active=  726s free=30% swap=9242MB rss=885MB
06:17:24 t=  757s active=  757s free=25% swap=9585MB rss=703MB
06:17:55 t=  788s active=  788s free=42% swap=9569MB rss=1888MB
06:18:26 t=  819s active=  819s free=43% swap=9561MB rss=1899MB
06:18:57 t=  850s active=  850s free=30% swap=9521MB rss=510MB
06:19:28 t=  882s active=  882s free=40% swap=9521MB rss=1952MB
06:19:59 t=  913s active=  913s free=41% swap=9505MB rss=1958MB
06:20:31 t=  944s active=  944s free=42% swap=9473MB rss=1958MB
06:21:02 t=  975s active=  975s free=52% swap=9473MB rss=1902MB
06:21:33 t= 1006s active= 1006s free=53% swap=9465MB rss=1904MB
06:22:04 t= 1038s active= 1038s free=54% swap=9441MB rss=1866MB
06:22:35 t= 1069s active= 1069s free=42% swap=9433MB rss=719MB
06:23:06 t= 1100s active= 1100s free=30% swap=9452MB rss=414MB
06:23:37 t= 1131s active= 1131s free=37% swap=9436MB rss=487MB
06:24:09 t= 1162s active= 1162s free=44% swap=9428MB rss=445MB
06:24:40 t= 1193s active= 1193s free=48% swap=9332MB rss=446MB
06:25:11 t= 1224s active= 1224s free=43% swap=9332MB rss=426MB
06:25:42 t= 1255s active= 1255s free=53% swap=9324MB rss=430MB
06:25:52 end exit=0 killed=None active=1266s paused=0s pauses=0 min_free=21% max_swap=10641MB peak_rss=2025MB
