14:18:48 start free=70% swap=10191MB cmd=/Users/brohm/Documents/Projects/video-editor/.venv/bin/python -B e003_ft_test.py roneneldan/TinyStories-33M --bs 4 --accum 4 --max-len 768 --grad-ckpt --sets eval --save 1 --seed 3 --lr 5e-05 --tag s3
14:19:20 t=   33s active=   33s free=40% swap=10191MB rss=625MB
14:19:52 t=   64s active=   64s free=37% swap=10183MB rss=1090MB
14:20:24 t=   96s active=   96s free=48% swap=10183MB rss=2042MB
14:20:55 t=  127s active=  127s free=35% swap=10167MB rss=1000MB
14:21:27 t=  159s active=  159s free=36% swap=10159MB rss=1100MB
14:21:58 t=  190s active=  190s free=35% swap=10159MB rss=1303MB
14:22:30 t=  222s active=  222s free=41% swap=10151MB rss=1900MB
14:23:02 t=  254s active=  254s free=36% swap=10127MB rss=630MB
14:23:33 t=  285s active=  285s free=31% swap=10127MB rss=500MB
14:24:05 t=  317s active=  317s free=26% swap=10127MB rss=335MB
14:24:37 t=  349s active=  349s free=27% swap=10586MB rss=523MB
14:25:08 t=  380s active=  380s free=46% swap=10586MB rss=1837MB
14:25:39 t=  411s active=  411s free=43% swap=10562MB rss=1852MB
14:26:10 t=  442s active=  442s free=52% swap=10554MB rss=1905MB
14:26:41 t=  473s active=  473s free=38% swap=10554MB rss=1822MB
14:27:12 t=  504s active=  504s free=33% swap=10530MB rss=960MB
14:27:43 t=  535s active=  535s free=40% swap=10530MB rss=1894MB
14:28:14 t=  566s active=  566s free=37% swap=10482MB rss=1891MB
14:28:46 t=  598s active=  598s free=35% swap=10458MB rss=544MB
14:29:17 t=  629s active=  629s free=38% swap=10458MB rss=1700MB
14:29:49 t=  661s active=  661s free=30% swap=10450MB rss=453MB
14:30:20 t=  692s active=  692s free=37% swap=10426MB rss=659MB
14:30:51 t=  724s active=  724s free=43% swap=10274MB rss=800MB
14:31:23 t=  755s active=  755s free=53% swap=10258MB rss=1698MB
14:31:54 t=  786s active=  786s free=43% swap=10258MB rss=1853MB
14:32:25 t=  817s active=  817s free=36% swap=10234MB rss=1456MB
14:32:56 t=  849s active=  849s free=34% swap=10202MB rss=1292MB
14:33:27 t=  880s active=  880s free=48% swap=10194MB rss=1942MB
14:33:58 t=  911s active=  911s free=49% swap=10170MB rss=1923MB
14:34:29 t=  941s active=  941s free=46% swap=10002MB rss=1857MB
14:35:01 t=  973s active=  973s free=48% swap=9962MB rss=557MB
14:35:32 t= 1004s active= 1004s free=42% swap=9962MB rss=463MB
14:36:03 t= 1035s active= 1035s free=38% swap=9858MB rss=402MB
14:36:34 t= 1066s active= 1066s free=43% swap=9858MB rss=532MB
14:37:06 t= 1098s active= 1098s free=42% swap=9858MB rss=488MB
14:37:37 t= 1129s active= 1129s free=47% swap=9850MB rss=428MB
14:38:09 t= 1161s active= 1161s free=38% swap=9842MB rss=407MB
14:38:40 t= 1193s active= 1193s free=40% swap=9842MB rss=403MB
14:39:12 t= 1224s active= 1224s free=39% swap=9834MB rss=395MB
14:39:43 t= 1255s active= 1255s free=49% swap=9834MB rss=403MB
14:39:54 end exit=0 killed=None active=1266s paused=0s pauses=0 min_free=18% max_swap=10586MB peak_rss=2087MB
