15:06:36 start free=56% swap=12143MB cmd=/Users/brohm/Documents/Projects/video-editor/.venv/bin/python -B e003_ft_test.py EleutherAI/pythia-160m --bs 4 --accum 4 --max-len 768 --grad-ckpt --seed 0 --sets dev --save 0 --lr 3e-04 --tag lr3e-04_s0
15:07:09 t=   33s active=   33s free=32% swap=12111MB rss=495MB
15:07:40 t=   64s active=   64s free=25% swap=11943MB rss=507MB
15:08:11 t=   95s active=   95s free=28% swap=11783MB rss=798MB
15:08:43 t=  127s active=  127s free=19% swap=11125MB rss=409MB
15:09:14 t=  158s active=  158s free=24% swap=11206MB rss=572MB
15:09:46 t=  190s active=  190s free=17% swap=11475MB rss=381MB
15:10:17 t=  221s active=  221s free=39% swap=11450MB rss=1960MB
15:10:48 t=  253s active=  253s free=30% swap=11338MB rss=474MB
15:11:20 t=  284s active=  284s free=22% swap=11290MB rss=411MB
15:11:51 t=  315s active=  315s free=27% swap=11162MB rss=378MB
15:12:22 t=  346s active=  346s free=24% swap=11082MB rss=519MB
15:12:54 t=  378s active=  378s free=20% swap=11315MB rss=252MB
15:13:26 t=  410s active=  410s free=26% swap=12005MB rss=403MB
15:13:57 t=  441s active=  441s free=38% swap=11949MB rss=1850MB
15:14:28 t=  472s active=  472s free=25% swap=11917MB rss=796MB
15:15:00 t=  504s active=  504s free=30% swap=11893MB rss=517MB
15:15:31 t=  535s active=  535s free=25% swap=11765MB rss=459MB
15:16:03 t=  567s active=  567s free=29% swap=11749MB rss=525MB
15:16:34 t=  598s active=  598s free=30% swap=11725MB rss=449MB
15:17:06 t=  630s active=  630s free=22% swap=11832MB rss=358MB
15:17:38 t=  662s active=  662s free=26% swap=11728MB rss=425MB
15:18:09 t=  693s active=  693s free=25% swap=11728MB rss=386MB
15:18:41 t=  725s active=  725s free=22% swap=11680MB rss=316MB
15:19:13 t=  757s active=  757s free=27% swap=11722MB rss=365MB
15:19:44 t=  788s active=  788s free=26% swap=11714MB rss=481MB
15:20:16 t=  820s active=  820s free=17% swap=11922MB rss=288MB
15:20:48 t=  852s active=  852s free=39% swap=11866MB rss=1859MB
15:21:20 t=  883s active=  883s free=35% swap=11586MB rss=248MB
15:21:52 t=  916s active=  916s free=16% swap=11918MB rss=192MB
15:22:23 t=  947s active=  947s free=26% swap=12197MB rss=336MB
15:22:55 t=  979s active=  979s free=21% swap=12810MB rss=432MB
15:23:26 t= 1010s active= 1010s free=20% swap=13136MB rss=291MB
15:23:26 KILL: swap_grew_993MB
15:23:31 end exit=-15 killed=swap_grew_993MB active=1010s paused=0s pauses=0 min_free=16% max_swap=13160MB peak_rss=2065MB
15:51:15 start free=56% swap=11112MB cmd=/Users/brohm/Documents/Projects/video-editor/.venv/bin/python -B e003_ft_test.py EleutherAI/pythia-160m --bs 4 --accum 4 --max-len 768 --grad-ckpt --seed 0 --sets dev --save 0 --lr 3e-04 --tag lr3e-04_s0
15:51:48 t=   33s active=   33s free=23% swap=11753MB rss=420MB
15:52:09 KILL: swap_grew_859MB
15:52:14 end exit=-15 killed=swap_grew_859MB active=54s paused=0s pauses=0 min_free=19% max_swap=11988MB peak_rss=521MB
16:21:28 start free=58% swap=11515MB cmd=/Users/brohm/Documents/Projects/video-editor/.venv/bin/python -B e003_ft_test.py EleutherAI/pythia-160m --bs 4 --accum 4 --max-len 768 --grad-ckpt --seed 0 --sets dev --save 0 --lr 3e-04 --tag lr3e-04_s0
16:22:01 t=   33s active=   33s free=23% swap=11507MB rss=376MB
16:22:33 t=   65s active=   65s free=16% swap=12436MB rss=273MB
16:22:33 KILL: swap_grew_921MB
16:22:38 end exit=-15 killed=swap_grew_921MB active=65s paused=0s pauses=0 min_free=16% max_swap=12436MB peak_rss=552MB
16:52:52 start free=45% swap=12044MB cmd=/Users/brohm/Documents/Projects/video-editor/.venv/bin/python -B e003_ft_test.py EleutherAI/pythia-160m --bs 4 --accum 4 --max-len 768 --grad-ckpt --seed 0 --sets dev --save 0 --lr 3e-04 --tag lr3e-04_s0
16:53:25 t=   33s active=   33s free=22% swap=12771MB rss=367MB
16:53:46 KILL: swap_grew_1254MB
16:53:51 end exit=-15 killed=swap_grew_1254MB active=53s paused=0s pauses=0 min_free=20% max_swap=13298MB peak_rss=556MB
17:21:20 start free=65% swap=9980MB cmd=/Users/brohm/Documents/Projects/video-editor/.venv/bin/python -B e003_ft_test.py EleutherAI/pythia-160m --bs 4 --accum 4 --max-len 768 --grad-ckpt --seed 0 --sets dev --save 0 --lr 3e-04 --tag lr3e-04_s0
17:21:54 t=   34s active=   34s free=33% swap=9980MB rss=497MB
17:22:26 t=   65s active=   65s free=41% swap=9980MB rss=549MB
17:22:57 t=   97s active=   97s free=32% swap=9980MB rss=705MB
17:23:28 t=  128s active=  128s free=30% swap=9980MB rss=763MB
17:23:59 t=  159s active=  159s free=27% swap=9980MB rss=641MB
17:24:31 t=  190s active=  190s free=25% swap=9964MB rss=536MB
17:25:02 t=  221s active=  221s free=30% swap=9985MB rss=1830MB
17:25:33 t=  253s active=  253s free=31% swap=9961MB rss=1021MB
17:26:04 t=  284s active=  284s free=30% swap=9953MB rss=762MB
17:26:35 t=  315s active=  315s free=31% swap=9953MB rss=644MB
17:27:06 t=  346s active=  346s free=28% swap=10136MB rss=697MB
17:27:37 t=  377s active=  377s free=38% swap=10136MB rss=1927MB
17:28:08 t=  408s active=  408s free=21% swap=10234MB rss=225MB
17:28:40 t=  439s active=  439s free=34% swap=10430MB rss=351MB
17:29:11 t=  471s active=  471s free=33% swap=10492MB rss=268MB
17:29:42 t=  502s active=  502s free=29% swap=10476MB rss=406MB
17:30:14 t=  534s active=  534s free=28% swap=10468MB rss=266MB
17:30:45 t=  565s active=  565s free=36% swap=10452MB rss=368MB
17:31:07 KILL: swap_grew_950MB
17:31:12 end exit=-15 killed=swap_grew_950MB active=586s paused=0s pauses=0 min_free=19% max_swap=10930MB peak_rss=2010MB
17:51:11 start free=70% swap=10210MB cmd=/Users/brohm/Documents/Projects/video-editor/.venv/bin/python -B e003_ft_test.py EleutherAI/pythia-160m --bs 4 --accum 4 --max-len 768 --grad-ckpt --seed 0 --sets dev --save 0 --lr 3e-04 --tag lr3e-04_s0
17:51:44 t=   32s active=   32s free=31% swap=10210MB rss=453MB
17:52:16 t=   64s active=   64s free=31% swap=10202MB rss=593MB
17:52:47 t=   95s active=   95s free=31% swap=10194MB rss=775MB
17:53:18 t=  126s active=  126s free=29% swap=10194MB rss=1004MB
17:53:49 t=  157s active=  157s free=29% swap=10194MB rss=776MB
17:54:20 t=  188s active=  188s free=40% swap=10194MB rss=2028MB
17:54:51 t=  220s active=  220s free=30% swap=10194MB rss=1125MB
17:55:22 t=  251s active=  251s free=32% swap=10194MB rss=646MB
17:55:54 t=  282s active=  282s free=29% swap=10186MB rss=617MB
17:56:25 t=  313s active=  313s free=32% swap=10186MB rss=660MB
17:56:56 t=  344s active=  344s free=39% swap=10186MB rss=755MB
17:57:27 t=  376s active=  376s free=25% swap=10186MB rss=719MB
17:57:58 t=  407s active=  407s free=38% swap=10154MB rss=1995MB
17:58:29 t=  438s active=  438s free=33% swap=10154MB rss=1268MB
17:59:00 t=  469s active=  469s free=32% swap=10138MB rss=696MB
17:59:32 t=  500s active=  500s free=33% swap=10130MB rss=725MB
18:00:03 t=  531s active=  531s free=36% swap=10130MB rss=872MB
18:00:34 t=  562s active=  562s free=32% swap=10130MB rss=1055MB
18:01:05 t=  593s active=  593s free=39% swap=10130MB rss=2020MB
18:01:36 t=  624s active=  624s free=32% swap=10122MB rss=1019MB
18:02:07 t=  656s active=  656s free=35% swap=10122MB rss=842MB
18:02:38 t=  687s active=  687s free=30% swap=10114MB rss=594MB
18:03:10 t=  719s active=  718s free=30% swap=10114MB rss=684MB
18:03:41 t=  750s active=  750s free=28% swap=10106MB rss=635MB
18:04:12 t=  781s active=  781s free=30% swap=10106MB rss=962MB
18:04:43 t=  812s active=  812s free=30% swap=10090MB rss=658MB
18:05:15 t=  843s active=  843s free=28% swap=10090MB rss=314MB
18:05:46 t=  875s active=  875s free=36% swap=10082MB rss=379MB
18:06:18 t=  906s active=  906s free=24% swap=10082MB rss=332MB
18:06:49 t=  938s active=  937s free=25% swap=10082MB rss=353MB
18:07:20 t=  969s active=  969s free=27% swap=10074MB rss=405MB
18:07:51 t= 1000s active= 1000s free=38% swap=10074MB rss=514MB
18:08:22 t= 1031s active= 1031s free=50% swap=10074MB rss=1855MB
18:08:54 t= 1062s active= 1062s free=37% swap=10074MB rss=1715MB
18:09:25 t= 1093s active= 1093s free=33% swap=10074MB rss=1479MB
18:09:56 t= 1124s active= 1124s free=33% swap=10058MB rss=903MB
18:10:27 t= 1155s active= 1155s free=34% swap=10058MB rss=1200MB
18:10:58 t= 1186s active= 1186s free=39% swap=10050MB rss=1860MB
18:11:29 t= 1218s active= 1218s free=34% swap=10050MB rss=802MB
18:12:00 t= 1249s active= 1249s free=36% swap=10042MB rss=836MB
18:12:32 t= 1281s active= 1281s free=25% swap=10034MB rss=299MB
18:13:03 t= 1312s active= 1312s free=30% swap=10002MB rss=388MB
18:13:35 t= 1344s active= 1344s free=32% swap=10002MB rss=440MB
18:14:07 t= 1375s active= 1375s free=38% swap=10002MB rss=558MB
18:14:38 t= 1406s active= 1406s free=32% swap=10002MB rss=1689MB
18:15:09 t= 1438s active= 1438s free=35% swap=10002MB rss=771MB
18:15:40 t= 1469s active= 1469s free=29% swap=10002MB rss=406MB
18:16:11 t= 1500s active= 1500s free=41% swap=10002MB rss=683MB
18:16:42 t= 1531s active= 1531s free=29% swap=10002MB rss=858MB
18:17:13 t= 1562s active= 1562s free=55% swap=10002MB rss=1921MB
18:17:45 t= 1594s active= 1594s free=41% swap=10002MB rss=1774MB
18:18:16 t= 1625s active= 1625s free=42% swap=9994MB rss=1790MB
18:18:20 end exit=0 killed=None active=1629s paused=0s pauses=0 min_free=19% max_swap=10210MB peak_rss=2033MB
