14:40:59 start free=63% swap=9834MB cmd=/Users/brohm/Documents/Projects/video-editor/.venv/bin/python -B e003_ft_test.py EleutherAI/pythia-160m --bs 4 --accum 4 --max-len 768 --grad-ckpt --seed 0 --sets dev --save 0 --lr 5e-05 --tag lr5e-05_s0
14:41:31 t=   32s active=   32s free=31% swap=9834MB rss=648MB
14:42:02 t=   63s active=   63s free=31% swap=9834MB rss=951MB
14:42:33 t=   94s active=   94s free=30% swap=9834MB rss=941MB
14:43:04 t=  125s active=  125s free=38% swap=9610MB rss=694MB
14:43:36 t=  157s active=  157s free=36% swap=9610MB rss=638MB
14:44:07 t=  188s active=  188s free=26% swap=9755MB rss=278MB
14:44:38 t=  219s active=  219s free=40% swap=9755MB rss=637MB
14:45:09 t=  251s active=  251s free=36% swap=9699MB rss=934MB
14:45:41 t=  282s active=  282s free=30% swap=9699MB rss=625MB
14:46:12 t=  313s active=  313s free=38% swap=9691MB rss=817MB
14:46:43 t=  344s active=  344s free=27% swap=9683MB rss=871MB
14:47:15 t=  376s active=  376s free=43% swap=9675MB rss=1972MB
14:47:46 t=  407s active=  407s free=41% swap=9651MB rss=1985MB
14:48:17 t=  438s active=  438s free=34% swap=9635MB rss=547MB
14:48:49 t=  470s active=  470s free=28% swap=9627MB rss=608MB
14:49:20 t=  501s active=  501s free=31% swap=9619MB rss=685MB
14:49:51 t=  532s active=  532s free=27% swap=9611MB rss=601MB
14:50:22 t=  564s active=  564s free=44% swap=9611MB rss=893MB
14:50:54 t=  595s active=  595s free=41% swap=9555MB rss=1996MB
14:51:25 t=  626s active=  626s free=34% swap=9555MB rss=1486MB
14:51:56 t=  657s active=  657s free=31% swap=9555MB rss=930MB
14:52:27 t=  688s active=  688s free=37% swap=9555MB rss=768MB
14:52:58 t=  719s active=  719s free=36% swap=9555MB rss=890MB
14:53:29 t=  750s active=  750s free=37% swap=9555MB rss=1122MB
14:54:00 t=  781s active=  781s free=36% swap=9555MB rss=2052MB
14:54:31 t=  812s active=  812s free=40% swap=9531MB rss=963MB
14:55:03 t=  844s active=  844s free=36% swap=9531MB rss=1125MB
14:55:34 t=  875s active=  875s free=25% swap=9531MB rss=517MB
14:56:05 t=  906s active=  906s free=32% swap=9531MB rss=546MB
14:56:36 t=  937s active=  937s free=49% swap=9531MB rss=1857MB
14:57:07 t=  968s active=  968s free=37% swap=9531MB rss=1484MB
14:57:38 t= 1000s active= 1000s free=38% swap=9531MB rss=1563MB
14:58:10 t= 1031s active= 1031s free=32% swap=9255MB rss=872MB
14:58:41 t= 1062s active= 1062s free=48% swap=9183MB rss=1002MB
14:59:13 t= 1094s active= 1094s free=48% swap=9183MB rss=1089MB
14:59:44 t= 1125s active= 1125s free=34% swap=9159MB rss=1350MB
15:00:16 t= 1157s active= 1157s free=43% swap=9151MB rss=640MB
15:00:48 t= 1189s active= 1189s free=39% swap=9143MB rss=1011MB
15:01:19 t= 1220s active= 1220s free=37% swap=9135MB rss=954MB
15:01:51 t= 1252s active= 1252s free=37% swap=9135MB rss=731MB
15:02:22 t= 1283s active= 1283s free=34% swap=9127MB rss=783MB
15:02:54 t= 1315s active= 1315s free=27% swap=9127MB rss=548MB
15:03:25 t= 1346s active= 1346s free=40% swap=9127MB rss=629MB
15:03:56 t= 1377s active= 1377s free=32% swap=9127MB rss=774MB
15:04:28 t= 1409s active= 1409s free=33% swap=9127MB rss=838MB
15:04:59 t= 1440s active= 1440s free=26% swap=9127MB rss=621MB
15:05:32 t= 1473s active= 1473s free=56% swap=12295MB rss=999MB
15:06:03 t= 1504s active= 1504s free=40% swap=12247MB rss=1909MB
15:06:35 t= 1536s active= 1536s free=56% swap=12175MB rss=0MB
15:06:35 end exit=0 killed=None active=1536s paused=0s pauses=0 min_free=19% max_swap=12295MB peak_rss=2052MB
