18:18:22 start free=59% swap=9994MB cmd=/Users/brohm/Documents/Projects/video-editor/.venv/bin/python -B e003_ft_test.py EleutherAI/pythia-160m --bs 4 --accum 4 --max-len 768 --grad-ckpt --seed 0 --sets dev --save 0 --lr 1e-03 --tag lr1e-03_s0
18:18:54 t=   32s active=   32s free=32% swap=9994MB rss=555MB
18:19:25 t=   63s active=   63s free=36% swap=9994MB rss=921MB
18:19:56 t=   95s active=   95s free=35% swap=9986MB rss=638MB
18:20:28 t=  126s active=  126s free=29% swap=9986MB rss=692MB
18:20:59 t=  158s active=  158s free=35% swap=9986MB rss=828MB
18:21:31 t=  189s active=  189s free=29% swap=9962MB rss=674MB
18:22:02 t=  221s active=  221s free=30% swap=9962MB rss=704MB
18:22:34 t=  252s active=  252s free=45% swap=9962MB rss=2029MB
18:23:05 t=  283s active=  283s free=34% swap=9962MB rss=1897MB
18:23:36 t=  314s active=  314s free=30% swap=9962MB rss=678MB
18:24:07 t=  346s active=  346s free=25% swap=9962MB rss=313MB
18:24:39 t=  377s active=  377s free=23% swap=10276MB rss=299MB
18:25:10 t=  409s active=  409s free=30% swap=10276MB rss=569MB
18:25:42 t=  440s active=  440s free=34% swap=10276MB rss=797MB
18:26:14 t=  472s active=  472s free=42% swap=10276MB rss=2066MB
18:26:46 t=  504s active=  504s free=39% swap=10276MB rss=2066MB
18:27:17 t=  536s active=  536s free=42% swap=10276MB rss=2052MB
18:27:48 t=  567s active=  567s free=36% swap=10276MB rss=1733MB
18:28:19 t=  598s active=  598s free=27% swap=10268MB rss=587MB
18:28:51 t=  630s active=  630s free=33% swap=10268MB rss=818MB
18:29:23 t=  661s active=  661s free=49% swap=10268MB rss=1878MB
18:29:55 t=  693s active=  693s free=33% swap=10268MB rss=880MB
18:30:26 t=  724s active=  724s free=34% swap=10260MB rss=706MB
18:30:57 t=  756s active=  756s free=34% swap=10260MB rss=769MB
18:31:29 t=  787s active=  787s free=33% swap=10260MB rss=486MB
18:32:00 t=  818s active=  818s free=34% swap=10260MB rss=569MB
18:32:31 t=  849s active=  849s free=38% swap=10260MB rss=680MB
18:33:02 t=  881s active=  881s free=44% swap=10260MB rss=1888MB
18:33:34 t=  912s active=  912s free=30% swap=10252MB rss=1782MB
18:34:06 t=  945s active=  945s free=37% swap=10244MB rss=699MB
18:34:38 t=  977s active=  977s free=35% swap=10220MB rss=656MB
18:35:10 t= 1008s active= 1008s free=38% swap=9964MB rss=769MB
18:35:41 t= 1039s active= 1039s free=29% swap=10074MB rss=314MB
18:36:12 t= 1071s active= 1071s free=47% swap=10066MB rss=1859MB
18:36:45 t= 1103s active= 1103s free=44% swap=10066MB rss=1803MB
18:37:16 t= 1134s active= 1134s free=36% swap=10066MB rss=875MB
18:37:47 t= 1165s active= 1165s free=40% swap=9890MB rss=729MB
18:38:19 t= 1197s active= 1197s free=32% swap=9874MB rss=690MB
18:38:50 t= 1228s active= 1228s free=40% swap=9706MB rss=780MB
18:39:22 t= 1260s active= 1260s free=45% swap=9698MB rss=1802MB
18:39:53 t= 1291s active= 1291s free=32% swap=9698MB rss=336MB
18:40:24 t= 1323s active= 1323s free=30% swap=9690MB rss=557MB
18:40:56 t= 1354s active= 1354s free=33% swap=9666MB rss=569MB
18:41:27 t= 1385s active= 1385s free=39% swap=9658MB rss=959MB
18:41:58 t= 1416s active= 1416s free=34% swap=9658MB rss=1132MB
18:42:29 t= 1447s active= 1447s free=37% swap=9650MB rss=945MB
18:43:00 t= 1478s active= 1478s free=31% swap=9642MB rss=1306MB
18:43:31 t= 1509s active= 1509s free=34% swap=9618MB rss=1114MB
18:44:02 t= 1541s active= 1541s free=32% swap=9618MB rss=730MB
18:44:34 t= 1572s active= 1572s free=26% swap=9618MB rss=369MB
18:45:05 t= 1604s active= 1604s free=25% swap=9632MB rss=324MB
18:45:36 t= 1635s active= 1635s free=41% swap=9632MB rss=1944MB
18:46:08 t= 1666s active= 1666s free=42% swap=9632MB rss=1816MB
18:46:20 end exit=0 killed=None active=1679s paused=0s pauses=0 min_free=21% max_swap=10276MB peak_rss=2073MB
