Loading weights:   0%|          | 0/76 [00:00<?, ?it/s]Loading weights: 100%|██████████| 76/76 [00:00<00:00, 8355.41it/s]
loaded EleutherAI/pythia-14m params=14,067,712 (config 14,067,712, body 1,189,888) sanity_nll=3.8286 in 2.8s mps_alloc=0.05G driver=1.02G peak_driver=1.02G
loss self-check hf=3.91808 answer_only=3.91808
probe step 0 {'step': 0, 'LW': 0.4375, 'TS': 0.4062, 'NU': 1.0} mps_alloc=0.05G driver=1.11G peak_driver=1.11G
step 0 loss 3.2782 gnorm 216.09 lr 5.00e-06 1s mps_alloc=0.18G driver=1.14G peak_driver=1.14G
step 10 loss 1.1251 gnorm 59.19 lr 2.99e-05 6s mps_alloc=0.18G driver=1.15G peak_driver=1.20G
step 20 loss 0.7431 gnorm 60.28 lr 4.97e-05 10s mps_alloc=0.18G driver=1.17G peak_driver=1.20G
step 30 loss 1.4063 gnorm 62.20 lr 4.93e-05 14s mps_alloc=0.18G driver=1.17G peak_driver=1.20G
step 40 loss 0.5397 gnorm 37.60 lr 4.87e-05 19s mps_alloc=0.18G driver=1.18G peak_driver=1.20G
probe step 50 {'step': 50, 'LW': 0.5312, 'TS': 0.2812, 'NU': 0.5625}
step 50 loss 0.6328 gnorm 40.10 lr 4.80e-05 25s mps_alloc=0.18G driver=1.12G peak_driver=1.20G
step 60 loss 1.1172 gnorm 33.40 lr 4.72e-05 30s mps_alloc=0.18G driver=1.12G peak_driver=1.20G
step 70 loss 0.5276 gnorm 22.77 lr 4.62e-05 35s mps_alloc=0.18G driver=1.12G peak_driver=1.20G
step 80 loss 0.3506 gnorm 19.82 lr 4.51e-05 39s mps_alloc=0.18G driver=1.14G peak_driver=1.20G
step 90 loss 0.5136 gnorm 24.61 lr 4.39e-05 43s mps_alloc=0.18G driver=1.15G peak_driver=1.20G
probe step 100 {'step': 100, 'LW': 0.375, 'TS': 0.4062, 'NU': 0.5938}
step 100 loss 0.8564 gnorm 37.98 lr 4.25e-05 49s mps_alloc=0.18G driver=1.13G peak_driver=1.20G
step 110 loss 0.4702 gnorm 27.14 lr 4.11e-05 54s mps_alloc=0.18G driver=1.15G peak_driver=1.20G
step 120 loss 0.8205 gnorm 39.31 lr 3.95e-05 59s mps_alloc=0.18G driver=1.16G peak_driver=1.20G
step 130 loss 0.4707 gnorm 28.60 lr 3.79e-05 63s mps_alloc=0.18G driver=1.17G peak_driver=1.20G
step 140 loss 0.4001 gnorm 30.88 lr 3.62e-05 67s mps_alloc=0.18G driver=1.17G peak_driver=1.20G
probe step 150 {'step': 150, 'LW': 0.8438, 'TS': 0.375, 'NU': 0.3438}
step 150 loss 0.7054 gnorm 39.71 lr 3.44e-05 74s mps_alloc=0.18G driver=1.11G peak_driver=1.20G
step 160 loss 0.3041 gnorm 26.38 lr 3.25e-05 79s mps_alloc=0.18G driver=1.13G peak_driver=1.20G
step 170 loss 0.3488 gnorm 19.44 lr 3.06e-05 83s mps_alloc=0.18G driver=1.13G peak_driver=1.20G
step 180 loss 0.6706 gnorm 23.21 lr 2.87e-05 88s mps_alloc=0.18G driver=1.14G peak_driver=1.20G
step 190 loss 0.2652 gnorm 17.20 lr 2.68e-05 92s mps_alloc=0.18G driver=1.14G peak_driver=1.20G
probe step 200 {'step': 200, 'LW': 0.875, 'TS': 0.4375, 'NU': 0.3125}
step 200 loss 0.3325 gnorm 21.84 lr 2.48e-05 98s mps_alloc=0.18G driver=1.13G peak_driver=1.20G
step 210 loss 0.3307 gnorm 20.77 lr 2.28e-05 102s mps_alloc=0.18G driver=1.18G peak_driver=1.20G
step 220 loss 0.2317 gnorm 15.70 lr 2.09e-05 106s mps_alloc=0.18G driver=1.18G peak_driver=1.20G
step 230 loss 0.6025 gnorm 29.65 lr 1.90e-05 110s mps_alloc=0.18G driver=1.18G peak_driver=1.20G
step 240 loss 0.0787 gnorm 12.94 lr 1.71e-05 114s mps_alloc=0.18G driver=1.18G peak_driver=1.20G
probe step 250 {'step': 250, 'LW': 0.9375, 'TS': 0.3438, 'NU': 0.375}
step 250 loss 0.3253 gnorm 23.09 lr 1.53e-05 120s mps_alloc=0.18G driver=1.11G peak_driver=1.20G
step 260 loss 0.3054 gnorm 20.98 lr 1.35e-05 124s mps_alloc=0.18G driver=1.15G peak_driver=1.20G
step 270 loss 0.2152 gnorm 17.94 lr 1.18e-05 129s mps_alloc=0.18G driver=1.16G peak_driver=1.20G
step 280 loss 0.2897 gnorm 18.50 lr 1.01e-05 132s mps_alloc=0.18G driver=1.20G peak_driver=1.20G
step 290 loss 0.3708 gnorm 22.65 lr 8.61e-06 136s mps_alloc=0.18G driver=1.20G peak_driver=1.20G
probe step 300 {'step': 300, 'LW': 1.0, 'TS': 0.4062, 'NU': 0.1562}
step 300 loss 0.2260 gnorm 20.43 lr 7.18e-06 143s mps_alloc=0.18G driver=1.12G peak_driver=1.22G
step 310 loss 0.3569 gnorm 26.07 lr 5.86e-06 147s mps_alloc=0.18G driver=1.15G peak_driver=1.22G
step 320 loss 0.0940 gnorm 10.30 lr 4.66e-06 151s mps_alloc=0.18G driver=1.20G peak_driver=1.22G
step 330 loss 0.3894 gnorm 21.96 lr 3.58e-06 156s mps_alloc=0.18G driver=1.20G peak_driver=1.22G
step 340 loss 0.4932 gnorm 26.26 lr 2.64e-06 159s mps_alloc=0.18G driver=1.20G peak_driver=1.22G
probe step 350 {'step': 350, 'LW': 1.0, 'TS': 0.3438, 'NU': 0.2812}
step 350 loss 0.1249 gnorm 10.38 lr 1.83e-06 166s mps_alloc=0.18G driver=1.13G peak_driver=1.22G
step 360 loss 0.1783 gnorm 17.33 lr 1.16e-06 170s mps_alloc=0.18G driver=1.16G peak_driver=1.22G
step 370 loss 0.5509 gnorm 25.38 lr 6.46e-07 174s mps_alloc=0.18G driver=1.16G peak_driver=1.22G
step 380 loss 0.2270 gnorm 24.29 lr 2.78e-07 178s mps_alloc=0.18G driver=1.17G peak_driver=1.22G
step 390 loss 0.2683 gnorm 16.28 lr 6.24e-08 182s mps_alloc=0.18G driver=1.17G peak_driver=1.22G
step 399 loss 0.3667 gnorm 23.10 lr 0.00e+00 186s mps_alloc=0.18G driver=1.17G peak_driver=1.22G
probe step 400 {'step': 400, 'LW': 1.0, 'TS': 0.375, 'NU': 0.2188}
scored dev/plain: 320 items in 5s mps_alloc=0.18G driver=1.09G peak_driver=1.22G
DONE EleutherAI/pythia-14m lr5e-05_s0 total 197s peak_driver=1.218G lock_in_step=None loss_finite=True
