Loading weights:   0%|          | 0/108 [00:00<?, ?it/s]Loading weights: 100%|██████████| 108/108 [00:00<00:00, 67873.06it/s]
[transformers] [1mGPTNeoForCausalLM LOAD REPORT[0m from: roneneldan/TinyStories-3M
Key                                                               | Status     |  | 
------------------------------------------------------------------+------------+--+-
transformer.h.{0, 1, 2, 3, 4, 5, 6, 7}.attn.attention.masked_bias | UNEXPECTED |  | 
transformer.h.{0, 1, 2, 3, 4, 5, 6, 7}.attn.attention.bias        | UNEXPECTED |  | 

Notes:
- UNEXPECTED:	can be ignored when loading from different task/architecture; not ok if you expect identical arch.
loaded roneneldan/TinyStories-3M params=8,278,400 (config 8,278,400, body 1,583,360) sanity_nll=0.844 in 2.3s mps_alloc=0.06G driver=1.03G peak_driver=1.03G
loss self-check hf=6.36491 answer_only=6.36491
probe step 0 {'step': 0, 'LW': 0.375, 'TS': 0.25, 'NU': 0.625} mps_alloc=0.06G driver=2.11G peak_driver=2.11G
step 0 loss 6.6794 gnorm 238.13 lr 1.00e-03 1s mps_alloc=0.18G driver=2.12G peak_driver=2.14G
step 10 loss 8.5382 gnorm 59.18 lr 5.99e-03 9s mps_alloc=0.18G driver=2.18G peak_driver=2.18G
step 20 loss 2.8940 gnorm 7.33 lr 9.93e-03 18s mps_alloc=0.18G driver=3.19G peak_driver=3.19G
step 30 loss 3.9387 gnorm 9.81 lr 9.85e-03 26s mps_alloc=0.18G driver=3.19G peak_driver=3.19G
step 40 loss 3.1123 gnorm 5.72 lr 9.74e-03 34s mps_alloc=0.18G driver=3.19G peak_driver=3.19G
probe step 50 {'step': 50, 'LW': 0.4062, 'TS': 0.3125, 'NU': 0.625}
step 50 loss 4.4666 gnorm 13.44 lr 9.60e-03 47s mps_alloc=0.18G driver=2.14G peak_driver=3.21G
step 60 loss 3.0224 gnorm 4.82 lr 9.44e-03 55s mps_alloc=0.18G driver=3.16G peak_driver=3.21G
step 70 loss 3.0072 gnorm 5.30 lr 9.24e-03 64s mps_alloc=0.18G driver=3.16G peak_driver=3.21G
step 80 loss 3.3544 gnorm 6.48 lr 9.02e-03 72s mps_alloc=0.18G driver=3.17G peak_driver=3.21G
step 90 loss 2.3416 gnorm 4.47 lr 8.78e-03 80s mps_alloc=0.18G driver=3.17G peak_driver=3.21G
probe step 100 {'step': 100, 'LW': 0.625, 'TS': 0.375, 'NU': 0.4688}
step 100 loss 2.3301 gnorm 5.55 lr 8.51e-03 93s mps_alloc=0.18G driver=2.15G peak_driver=4.17G
step 110 loss 2.1823 gnorm 3.34 lr 8.22e-03 101s mps_alloc=0.18G driver=3.17G peak_driver=4.17G
step 120 loss 3.1420 gnorm 4.24 lr 7.91e-03 109s mps_alloc=0.18G driver=3.17G peak_driver=4.17G
step 130 loss 2.3977 gnorm 3.78 lr 7.58e-03 117s mps_alloc=0.18G driver=3.17G peak_driver=4.17G
step 140 loss 1.7259 gnorm 3.77 lr 7.23e-03 125s mps_alloc=0.18G driver=3.18G peak_driver=4.17G
probe step 150 {'step': 150, 'LW': 0.6562, 'TS': 0.4062, 'NU': 0.375}
step 150 loss 1.4601 gnorm 3.14 lr 6.88e-03 138s mps_alloc=0.18G driver=2.14G peak_driver=4.17G
step 160 loss 1.5966 gnorm 2.63 lr 6.51e-03 146s mps_alloc=0.18G driver=3.15G peak_driver=4.17G
step 170 loss 2.2487 gnorm 3.43 lr 6.13e-03 154s mps_alloc=0.18G driver=3.15G peak_driver=4.17G
step 180 loss 1.3819 gnorm 2.46 lr 5.74e-03 163s mps_alloc=0.18G driver=3.15G peak_driver=4.17G
step 190 loss 1.5977 gnorm 2.86 lr 5.35e-03 171s mps_alloc=0.18G driver=3.15G peak_driver=4.17G
probe step 200 {'step': 200, 'LW': 0.5625, 'TS': 0.3438, 'NU': 0.4375}
step 200 loss 1.9214 gnorm 2.84 lr 4.96e-03 184s mps_alloc=0.18G driver=2.15G peak_driver=4.17G
step 210 loss 1.6971 gnorm 2.55 lr 4.57e-03 192s mps_alloc=0.18G driver=3.18G peak_driver=4.17G
step 220 loss 1.7590 gnorm 2.66 lr 4.18e-03 200s mps_alloc=0.18G driver=3.20G peak_driver=4.17G
step 230 loss 1.5761 gnorm 2.58 lr 3.79e-03 208s mps_alloc=0.18G driver=3.21G peak_driver=4.17G
step 240 loss 1.4745 gnorm 2.93 lr 3.42e-03 215s mps_alloc=0.18G driver=4.21G peak_driver=4.21G
probe step 250 {'step': 250, 'LW': 0.5, 'TS': 0.4688, 'NU': 0.5312}
step 250 loss 1.6075 gnorm 2.30 lr 3.05e-03 229s mps_alloc=0.18G driver=2.13G peak_driver=4.21G
step 260 loss 1.6238 gnorm 3.62 lr 2.70e-03 236s mps_alloc=0.18G driver=2.20G peak_driver=4.21G
step 270 loss 1.3505 gnorm 2.68 lr 2.35e-03 244s mps_alloc=0.18G driver=3.22G peak_driver=4.21G
step 280 loss 1.5404 gnorm 2.35 lr 2.03e-03 252s mps_alloc=0.18G driver=3.22G peak_driver=4.21G
step 290 loss 1.5027 gnorm 2.34 lr 1.72e-03 261s mps_alloc=0.18G driver=4.24G peak_driver=4.24G
probe step 300 {'step': 300, 'LW': 0.5, 'TS': 0.4688, 'NU': 0.5312}
step 300 loss 1.3052 gnorm 2.47 lr 1.44e-03 274s mps_alloc=0.18G driver=2.13G peak_driver=4.24G
step 310 loss 1.4265 gnorm 2.63 lr 1.17e-03 283s mps_alloc=0.18G driver=3.20G peak_driver=4.24G
step 320 loss 1.7127 gnorm 4.00 lr 9.32e-04 290s mps_alloc=0.18G driver=3.20G peak_driver=4.24G
step 330 loss 1.5029 gnorm 2.38 lr 7.16e-04 298s mps_alloc=0.18G driver=3.21G peak_driver=4.24G
step 340 loss 1.4319 gnorm 2.71 lr 5.27e-04 306s mps_alloc=0.18G driver=3.21G peak_driver=4.24G
probe step 350 {'step': 350, 'LW': 0.5625, 'TS': 0.4375, 'NU': 0.4062}
step 350 loss 1.3134 gnorm 2.40 lr 3.66e-04 319s mps_alloc=0.18G driver=2.14G peak_driver=4.24G
step 360 loss 1.3907 gnorm 2.24 lr 2.33e-04 327s mps_alloc=0.18G driver=3.19G peak_driver=4.24G
step 370 loss 1.5660 gnorm 2.69 lr 1.29e-04 336s mps_alloc=0.18G driver=3.23G peak_driver=4.24G
step 380 loss 1.2682 gnorm 3.29 lr 5.56e-05 344s mps_alloc=0.18G driver=3.24G peak_driver=4.24G
step 390 loss 1.2503 gnorm 2.45 lr 1.25e-05 351s mps_alloc=0.18G driver=3.25G peak_driver=4.24G
step 399 loss 1.4240 gnorm 2.11 lr 0.00e+00 358s mps_alloc=0.18G driver=3.25G peak_driver=4.24G
probe step 400 {'step': 400, 'LW': 0.4375, 'TS': 0.4375, 'NU': 0.5312}
scored dev/plain: 320 items in 19s mps_alloc=0.18G driver=1.11G peak_driver=4.24G
DONE roneneldan/TinyStories-3M lr1e-02_s0 total 390s peak_driver=4.242G lock_in_step=None loss_finite=True
