
Loading weights:   0%|          | 0/272 [00:00<?, ?it/s]
Loading weights:  91%|█████████ | 247/272 [00:00<00:00, 2464.80it/s]
Loading weights: 100%|██████████| 272/272 [00:00<00:00, 2502.37it/s]
scored e004/plain: 640 items in 79s
scored e004/chat: 640 items in 99s
scored new/plain: 1728 items in 57s
scored extra/plain: 192 items in 5s
scored old/plain: 1116 items in 33s
scored uprobe/plain: 576 items in 20s
scored cross/plain: 384 items in 21s
scored new/chat: 1728 items in 62s
scored extra/chat: 192 items in 6s
scored cross/chat: 384 items in 25s
scored khard/plain: 80 items in 2s
scored kbig/plain: 441 items in 9s
scored big/plain: 576 items in 88s
scored big/chat: 576 items in 110s
scored h5l/plain: 192 items in 40s
scored h5l/chat: 192 items in 49s
scored al/plain: 64 items in 5s
scored al/chat: 64 items in 6s
generated e004/plain: 640 in 107s
generated e004/chat: 640 in 162s
generated cont/plain: 416 in 79s
generated big/plain: 576 in 98s
generated big/chat: 576 in 149s
generated h5l/plain: 192 in 33s
generated h5l/chat: 192 in 46s
generated al/plain: 64 in 12s
generated al/chat: 64 in 17s
DONE HuggingFaceTB/SmolLM2-135M-Instruct base total 1421s weights_sha256=5af571cbf074e6d2 lock_in_step=None loss_finite=True
