
Loading weights:   0%|          | 0/272 [00:00<?, ?it/s]
Loading weights:  60%|█████▉    | 163/272 [00:00<00:00, 1627.84it/s]
Loading weights: 100%|██████████| 272/272 [00:00<00:00, 1678.70it/s]
loss self-check [first] hf=2.56043 answer_only=2.56043
loss self-check [plain] hf=2.83533 answer_only=2.83533
loss self-check [chat] hf=2.74916 answer_only=2.74916
probe step 0 {'step': 0, 'H1': 0.0, 'H2': 0.0, 'H3': 0.0625, 'H4': 0.125, 'H5': 0.125, 'H6': 0.1875, 'H7': 0.1875, 'C_noupd': 0.3125, 'C_twoslot': 0.1875} mps_alloc=0.00G driver=0.00G peak_driver=0.00G
step 0 loss 2.9964 gnorm 10.01 lr 1.50e-05 1s mps_alloc=0.00G driver=0.00G peak_driver=0.00G
step 10 loss 1.3478 gnorm 5.46 lr 8.98e-05 12s mps_alloc=0.00G driver=0.00G peak_driver=0.00G
step 20 loss 1.0458 gnorm 5.64 lr 1.49e-04 22s mps_alloc=0.00G driver=0.00G peak_driver=0.00G
step 30 loss 0.8680 gnorm 4.60 lr 1.48e-04 33s mps_alloc=0.00G driver=0.00G peak_driver=0.00G
step 40 loss 0.7762 gnorm 3.76 lr 1.46e-04 44s mps_alloc=0.00G driver=0.00G peak_driver=0.00G
probe step 50 {'step': 50, 'H1': 0.4375, 'H2': 0.3125, 'H3': 0.375, 'H4': 0.4375, 'H5': 0.1875, 'H6': 0.5, 'H7': 0.4375, 'C_noupd': 0.1875, 'C_twoslot': 0.3125}
step 50 loss 0.6326 gnorm 3.53 lr 1.44e-04 71s mps_alloc=0.00G driver=0.00G peak_driver=0.00G
step 60 loss 0.5587 gnorm 3.83 lr 1.42e-04 82s mps_alloc=0.00G driver=0.00G peak_driver=0.00G
step 70 loss 0.4833 gnorm 3.36 lr 1.39e-04 93s mps_alloc=0.00G driver=0.00G peak_driver=0.00G
step 80 loss 0.6236 gnorm 3.70 lr 1.35e-04 103s mps_alloc=0.00G driver=0.00G peak_driver=0.00G
step 90 loss 0.4495 gnorm 2.86 lr 1.32e-04 114s mps_alloc=0.00G driver=0.00G peak_driver=0.00G
probe step 100 {'step': 100, 'H1': 1.0, 'H2': 0.8125, 'H3': 0.75, 'H4': 0.875, 'H5': 0.4375, 'H6': 0.8125, 'H7': 0.9375, 'C_noupd': 0.3125, 'C_twoslot': 0.75}
step 100 loss 0.4545 gnorm 2.60 lr 1.28e-04 142s mps_alloc=0.00G driver=0.00G peak_driver=0.00G
step 110 loss 0.5220 gnorm 2.90 lr 1.23e-04 153s mps_alloc=0.00G driver=0.00G peak_driver=0.00G
step 120 loss 0.4472 gnorm 3.06 lr 1.19e-04 163s mps_alloc=0.00G driver=0.00G peak_driver=0.00G
step 130 loss 0.4323 gnorm 3.25 lr 1.14e-04 173s mps_alloc=0.00G driver=0.00G peak_driver=0.00G
step 140 loss 0.4421 gnorm 2.33 lr 1.09e-04 184s mps_alloc=0.00G driver=0.00G peak_driver=0.00G
probe step 150 {'step': 150, 'H1': 1.0, 'H2': 0.8125, 'H3': 0.75, 'H4': 0.75, 'H5': 0.625, 'H6': 0.875, 'H7': 0.9375, 'C_noupd': 0.75, 'C_twoslot': 0.625}
step 150 loss 0.4798 gnorm 2.95 lr 1.03e-04 212s mps_alloc=0.00G driver=0.00G peak_driver=0.00G
step 160 loss 0.4550 gnorm 2.93 lr 9.76e-05 223s mps_alloc=0.00G driver=0.00G peak_driver=0.00G
step 170 loss 0.4126 gnorm 2.47 lr 9.19e-05 233s mps_alloc=0.00G driver=0.00G peak_driver=0.00G
step 180 loss 0.4482 gnorm 2.28 lr 8.62e-05 244s mps_alloc=0.00G driver=0.00G peak_driver=0.00G
step 190 loss 0.3859 gnorm 2.53 lr 8.03e-05 255s mps_alloc=0.00G driver=0.00G peak_driver=0.00G
probe step 200 {'step': 200, 'H1': 1.0, 'H2': 0.875, 'H3': 0.75, 'H4': 0.75, 'H5': 0.4375, 'H6': 0.875, 'H7': 0.875, 'C_noupd': 0.8125, 'C_twoslot': 0.8125}
step 200 loss 0.4748 gnorm 2.67 lr 7.44e-05 283s mps_alloc=0.00G driver=0.00G peak_driver=0.00G
step 210 loss 0.4687 gnorm 2.87 lr 6.85e-05 293s mps_alloc=0.00G driver=0.00G peak_driver=0.00G
step 220 loss 0.4004 gnorm 2.29 lr 6.27e-05 304s mps_alloc=0.00G driver=0.00G peak_driver=0.00G
step 230 loss 0.3818 gnorm 2.36 lr 5.69e-05 315s mps_alloc=0.00G driver=0.00G peak_driver=0.00G
step 240 loss 0.4342 gnorm 1.99 lr 5.13e-05 325s mps_alloc=0.00G driver=0.00G peak_driver=0.00G
probe step 250 {'step': 250, 'H1': 1.0, 'H2': 0.8125, 'H3': 0.875, 'H4': 0.8125, 'H5': 0.375, 'H6': 0.875, 'H7': 0.875, 'C_noupd': 0.75, 'C_twoslot': 0.6875}
step 250 loss 0.4139 gnorm 2.37 lr 4.58e-05 353s mps_alloc=0.00G driver=0.00G peak_driver=0.00G
step 260 loss 0.3778 gnorm 1.86 lr 4.04e-05 364s mps_alloc=0.00G driver=0.00G peak_driver=0.00G
step 270 loss 0.3841 gnorm 2.24 lr 3.53e-05 374s mps_alloc=0.00G driver=0.00G peak_driver=0.00G
step 280 loss 0.3740 gnorm 2.23 lr 3.04e-05 385s mps_alloc=0.00G driver=0.00G peak_driver=0.00G
step 290 loss 0.3848 gnorm 2.27 lr 2.58e-05 395s mps_alloc=0.00G driver=0.00G peak_driver=0.00G
probe step 300 {'step': 300, 'H1': 1.0, 'H2': 0.75, 'H3': 0.8125, 'H4': 0.8125, 'H5': 0.375, 'H6': 0.875, 'H7': 0.8125, 'C_noupd': 0.75, 'C_twoslot': 0.8125}
step 300 loss 0.4094 gnorm 2.45 lr 2.16e-05 423s mps_alloc=0.00G driver=0.00G peak_driver=0.00G
step 310 loss 0.3714 gnorm 2.10 lr 1.76e-05 433s mps_alloc=0.00G driver=0.00G peak_driver=0.00G
step 320 loss 0.3944 gnorm 2.34 lr 1.40e-05 444s mps_alloc=0.00G driver=0.00G peak_driver=0.00G
step 330 loss 0.3711 gnorm 2.43 lr 1.07e-05 454s mps_alloc=0.00G driver=0.00G peak_driver=0.00G
step 340 loss 0.3683 gnorm 2.66 lr 7.91e-06 464s mps_alloc=0.00G driver=0.00G peak_driver=0.00G
probe step 350 {'step': 350, 'H1': 1.0, 'H2': 0.8125, 'H3': 0.8125, 'H4': 0.75, 'H5': 0.5, 'H6': 0.9375, 'H7': 0.875, 'C_noupd': 0.75, 'C_twoslot': 0.8125}
step 350 loss 0.3754 gnorm 4.42 lr 5.49e-06 493s mps_alloc=0.00G driver=0.00G peak_driver=0.00G
step 360 loss 0.3463 gnorm 2.02 lr 3.49e-06 503s mps_alloc=0.00G driver=0.00G peak_driver=0.00G
step 370 loss 0.3765 gnorm 1.87 lr 1.94e-06 514s mps_alloc=0.00G driver=0.00G peak_driver=0.00G
step 380 loss 0.4056 gnorm 2.55 lr 8.34e-07 524s mps_alloc=0.00G driver=0.00G peak_driver=0.00G
step 390 loss 0.4095 gnorm 2.63 lr 1.87e-07 535s mps_alloc=0.00G driver=0.00G peak_driver=0.00G
step 399 loss 0.4120 gnorm 2.14 lr 0.00e+00 545s mps_alloc=0.00G driver=0.00G peak_driver=0.00G
probe step 400 {'step': 400, 'H1': 1.0, 'H2': 0.875, 'H3': 0.8125, 'H4': 0.75, 'H5': 0.5, 'H6': 0.9375, 'H7': 0.875, 'C_noupd': 0.75, 'C_twoslot': 0.8125}

Writing model shards:   0%|          | 0/1 [00:00<?, ?it/s]
Writing model shards: 100%|██████████| 1/1 [00:00<00:00,  2.94it/s]
Writing model shards: 100%|██████████| 1/1 [00:00<00:00,  2.94it/s]
scored e004/plain: 640 items in 77s
scored e004/chat: 640 items in 95s
scored new/plain: 1728 items in 52s
scored extra/plain: 192 items in 5s
scored old/plain: 1116 items in 32s
scored uprobe/plain: 576 items in 19s
scored cross/plain: 384 items in 20s
scored new/chat: 1728 items in 60s
scored extra/chat: 192 items in 6s
scored cross/chat: 384 items in 24s
scored khard/plain: 80 items in 2s
scored kbig/plain: 441 items in 9s
scored big/plain: 576 items in 84s
scored big/chat: 576 items in 105s
scored h5l/plain: 192 items in 38s
scored h5l/chat: 192 items in 47s
scored al/plain: 64 items in 5s
scored al/chat: 64 items in 6s
generated e004/plain: 640 in 84s
generated e004/chat: 640 in 91s
generated cont/plain: 416 in 54s
generated big/plain: 576 in 75s
generated big/chat: 576 in 77s
generated h5l/plain: 192 in 27s
generated h5l/chat: 192 in 26s
generated al/plain: 64 in 9s
generated al/chat: 64 in 9s
DONE HuggingFaceTB/SmolLM2-135M-Instruct C1 total 1720s weights_sha256=9efee059f19ce4f3 lock_in_step=None loss_finite=True
