
Loading weights:   0%|          | 0/272 [00:00<?, ?it/s]
Loading weights:  55%|█████▍    | 149/272 [00:00<00:00, 1483.76it/s]
Loading weights: 100%|██████████| 272/272 [00:00<00:00, 1455.77it/s]
loss self-check [first] hf=2.56052 answer_only=2.56052
loss self-check [plain] hf=2.83549 answer_only=2.83549
loss self-check [chat] hf=2.74925 answer_only=2.74925
probe step 0 {'step': 0, 'H1': 0.0, 'H2': 0.0, 'H3': 0.0625, 'H4': 0.125, 'H5': 0.125, 'H6': 0.1875, 'H7': 0.1875, 'C_noupd': 0.3125, 'C_twoslot': 0.1875} mps_alloc=0.00G driver=0.00G peak_driver=0.00G
step 0 loss 2.9966 gnorm 10.01 lr 1.50e-05 1s mps_alloc=0.00G driver=0.00G peak_driver=0.00G
step 10 loss 1.3637 gnorm 5.45 lr 8.98e-05 10s mps_alloc=0.00G driver=0.00G peak_driver=0.00G
step 20 loss 1.0424 gnorm 5.57 lr 1.49e-04 19s mps_alloc=0.00G driver=0.00G peak_driver=0.00G
step 30 loss 0.8683 gnorm 4.61 lr 1.48e-04 28s mps_alloc=0.00G driver=0.00G peak_driver=0.00G
step 40 loss 0.7765 gnorm 3.76 lr 1.46e-04 36s mps_alloc=0.00G driver=0.00G peak_driver=0.00G
probe step 50 {'step': 50, 'H1': 0.4375, 'H2': 0.3125, 'H3': 0.375, 'H4': 0.375, 'H5': 0.1875, 'H6': 0.4375, 'H7': 0.4375, 'C_noupd': 0.1875, 'C_twoslot': 0.3125}
step 50 loss 0.6324 gnorm 3.51 lr 1.44e-04 59s mps_alloc=0.00G driver=0.00G peak_driver=0.00G
step 60 loss 0.5508 gnorm 3.72 lr 1.42e-04 68s mps_alloc=0.00G driver=0.00G peak_driver=0.00G
step 70 loss 0.4862 gnorm 3.36 lr 1.39e-04 77s mps_alloc=0.00G driver=0.00G peak_driver=0.00G
step 80 loss 0.6272 gnorm 3.93 lr 1.35e-04 85s mps_alloc=0.00G driver=0.00G peak_driver=0.00G
step 90 loss 0.4451 gnorm 3.13 lr 1.32e-04 94s mps_alloc=0.00G driver=0.00G peak_driver=0.00G
probe step 100 {'step': 100, 'H1': 1.0, 'H2': 0.75, 'H3': 0.8125, 'H4': 0.875, 'H5': 0.3125, 'H6': 0.75, 'H7': 0.9375, 'C_noupd': 0.3125, 'C_twoslot': 0.625}
step 100 loss 0.4595 gnorm 2.74 lr 1.28e-04 117s mps_alloc=0.00G driver=0.00G peak_driver=0.00G
step 110 loss 0.5243 gnorm 3.00 lr 1.23e-04 126s mps_alloc=0.00G driver=0.00G peak_driver=0.00G
step 120 loss 0.4488 gnorm 3.12 lr 1.19e-04 134s mps_alloc=0.00G driver=0.00G peak_driver=0.00G
step 130 loss 0.4859 gnorm 3.23 lr 1.14e-04 143s mps_alloc=0.00G driver=0.00G peak_driver=0.00G
step 140 loss 0.4366 gnorm 2.30 lr 1.09e-04 152s mps_alloc=0.00G driver=0.00G peak_driver=0.00G
probe step 150 {'step': 150, 'H1': 0.9375, 'H2': 0.8125, 'H3': 0.8125, 'H4': 0.8125, 'H5': 0.3125, 'H6': 0.9375, 'H7': 1.0, 'C_noupd': 0.6875, 'C_twoslot': 0.6875}
step 150 loss 0.4692 gnorm 5.55 lr 1.03e-04 175s mps_alloc=0.00G driver=0.00G peak_driver=0.00G
step 160 loss 0.4649 gnorm 5.98 lr 9.76e-05 183s mps_alloc=0.00G driver=0.00G peak_driver=0.00G
step 170 loss 0.4178 gnorm 2.46 lr 9.19e-05 192s mps_alloc=0.00G driver=0.00G peak_driver=0.00G
step 180 loss 0.4377 gnorm 2.40 lr 8.62e-05 201s mps_alloc=0.00G driver=0.00G peak_driver=0.00G
step 190 loss 0.4006 gnorm 2.54 lr 8.03e-05 210s mps_alloc=0.00G driver=0.00G peak_driver=0.00G
probe step 200 {'step': 200, 'H1': 1.0, 'H2': 0.875, 'H3': 0.8125, 'H4': 0.8125, 'H5': 0.4375, 'H6': 0.875, 'H7': 0.9375, 'C_noupd': 0.75, 'C_twoslot': 0.8125}
step 200 loss 0.4823 gnorm 2.67 lr 7.44e-05 232s mps_alloc=0.00G driver=0.00G peak_driver=0.00G
step 210 loss 0.4674 gnorm 2.99 lr 6.85e-05 241s mps_alloc=0.00G driver=0.00G peak_driver=0.00G
step 220 loss 0.3963 gnorm 2.30 lr 6.27e-05 250s mps_alloc=0.00G driver=0.00G peak_driver=0.00G
step 230 loss 0.3794 gnorm 2.39 lr 5.69e-05 259s mps_alloc=0.00G driver=0.00G peak_driver=0.00G
step 240 loss 0.4221 gnorm 1.96 lr 5.13e-05 267s mps_alloc=0.00G driver=0.00G peak_driver=0.00G
probe step 250 {'step': 250, 'H1': 1.0, 'H2': 0.875, 'H3': 0.8125, 'H4': 0.8125, 'H5': 0.5, 'H6': 0.9375, 'H7': 1.0, 'C_noupd': 0.8125, 'C_twoslot': 0.875}
step 250 loss 0.4152 gnorm 2.38 lr 4.58e-05 290s mps_alloc=0.00G driver=0.00G peak_driver=0.00G
step 260 loss 0.3898 gnorm 1.88 lr 4.04e-05 298s mps_alloc=0.00G driver=0.00G peak_driver=0.00G
step 270 loss 0.3846 gnorm 2.15 lr 3.53e-05 307s mps_alloc=0.00G driver=0.00G peak_driver=0.00G
step 280 loss 0.3813 gnorm 2.20 lr 3.04e-05 315s mps_alloc=0.00G driver=0.00G peak_driver=0.00G
step 290 loss 0.3859 gnorm 2.31 lr 2.58e-05 324s mps_alloc=0.00G driver=0.00G peak_driver=0.00G
probe step 300 {'step': 300, 'H1': 1.0, 'H2': 0.8125, 'H3': 0.75, 'H4': 0.875, 'H5': 0.5, 'H6': 0.875, 'H7': 1.0, 'C_noupd': 0.75, 'C_twoslot': 0.8125}
step 300 loss 0.3920 gnorm 2.38 lr 2.16e-05 347s mps_alloc=0.00G driver=0.00G peak_driver=0.00G
step 310 loss 0.3714 gnorm 2.06 lr 1.76e-05 356s mps_alloc=0.00G driver=0.00G peak_driver=0.00G
step 320 loss 0.3868 gnorm 2.32 lr 1.40e-05 365s mps_alloc=0.00G driver=0.00G peak_driver=0.00G
step 330 loss 0.3802 gnorm 2.46 lr 1.07e-05 374s mps_alloc=0.00G driver=0.00G peak_driver=0.00G
step 340 loss 0.3682 gnorm 2.47 lr 7.91e-06 382s mps_alloc=0.00G driver=0.00G peak_driver=0.00G
probe step 350 {'step': 350, 'H1': 1.0, 'H2': 0.9375, 'H3': 0.75, 'H4': 0.8125, 'H5': 0.5, 'H6': 0.9375, 'H7': 1.0, 'C_noupd': 0.75, 'C_twoslot': 0.8125}
step 350 loss 0.3542 gnorm 2.20 lr 5.49e-06 406s mps_alloc=0.00G driver=0.00G peak_driver=0.00G
step 360 loss 0.3438 gnorm 2.01 lr 3.49e-06 414s mps_alloc=0.00G driver=0.00G peak_driver=0.00G
step 370 loss 0.3819 gnorm 1.86 lr 1.94e-06 423s mps_alloc=0.00G driver=0.00G peak_driver=0.00G
step 380 loss 0.3898 gnorm 2.50 lr 8.34e-07 432s mps_alloc=0.00G driver=0.00G peak_driver=0.00G
step 390 loss 0.4006 gnorm 2.57 lr 1.87e-07 441s mps_alloc=0.00G driver=0.00G peak_driver=0.00G
step 399 loss 0.4168 gnorm 2.17 lr 0.00e+00 449s mps_alloc=0.00G driver=0.00G peak_driver=0.00G
probe step 400 {'step': 400, 'H1': 1.0, 'H2': 0.9375, 'H3': 0.75, 'H4': 0.8125, 'H5': 0.5, 'H6': 0.9375, 'H7': 1.0, 'C_noupd': 0.75, 'C_twoslot': 0.8125}

Writing model shards:   0%|          | 0/1 [00:00<?, ?it/s]
Writing model shards: 100%|██████████| 1/1 [00:00<00:00,  2.42it/s]
Writing model shards: 100%|██████████| 1/1 [00:00<00:00,  2.42it/s]
scored e004/plain: 640 items in 62s
scored e004/chat: 640 items in 78s
scored big/plain: 576 items in 69s
scored big/chat: 576 items in 86s
scored h5l/plain: 192 items in 31s
scored h5l/chat: 192 items in 39s
generated e004/plain: 640 in 91s
generated e004/chat: 640 in 95s
generated big/plain: 576 in 79s
generated big/chat: 576 in 84s
generated h5l/plain: 192 in 28s
generated h5l/chat: 192 in 29s
DONE HuggingFaceTB/SmolLM2-135M-Instruct C1t total 1254s weights_sha256=3c892fa5ea6f534a lock_in_step=None loss_finite=True
