
Loading weights:   0%|          | 0/272 [00:00<?, ?it/s]
Loading weights:  94%|█████████▍| 255/272 [00:00<00:00, 2510.49it/s]
Loading weights: 100%|██████████| 272/272 [00:00<00:00, 2572.94it/s]
loss self-check [first] hf=2.65394 answer_only=2.65394
loss self-check [plain] hf=3.13291 answer_only=3.13291
loss self-check [chat] hf=3.27694 answer_only=3.27694
probe step 0 {'step': 0, 'H1': 0.0, 'H2': 0.0, 'H3': 0.0625, 'H4': 0.125, 'H5': 0.125, 'H6': 0.1875, 'H7': 0.1875, 'C_noupd': 0.3125, 'C_twoslot': 0.1875} mps_alloc=0.00G driver=0.00G peak_driver=0.00G
step 0 loss 2.8849 gnorm 10.26 lr 1.50e-05 2s mps_alloc=0.00G driver=0.00G peak_driver=0.00G
step 10 loss 1.4064 gnorm 5.35 lr 8.98e-05 13s mps_alloc=0.00G driver=0.00G peak_driver=0.00G
step 20 loss 1.0531 gnorm 5.27 lr 1.49e-04 23s mps_alloc=0.00G driver=0.00G peak_driver=0.00G
step 30 loss 0.6750 gnorm 4.07 lr 1.48e-04 33s mps_alloc=0.00G driver=0.00G peak_driver=0.00G
step 40 loss 0.6061 gnorm 3.09 lr 1.46e-04 45s mps_alloc=0.00G driver=0.00G peak_driver=0.00G
probe step 50 {'step': 50, 'H1': 0.4375, 'H2': 0.25, 'H3': 0.125, 'H4': 0.5, 'H5': 0.1875, 'H6': 0.375, 'H7': 0.5625, 'C_noupd': 0.125, 'C_twoslot': 0.3125}
step 50 loss 0.5994 gnorm 3.10 lr 1.44e-04 73s mps_alloc=0.00G driver=0.00G peak_driver=0.00G
step 60 loss 0.6137 gnorm 3.99 lr 1.42e-04 83s mps_alloc=0.00G driver=0.00G peak_driver=0.00G
step 70 loss 0.6269 gnorm 4.01 lr 1.39e-04 93s mps_alloc=0.00G driver=0.00G peak_driver=0.00G
step 80 loss 0.4815 gnorm 3.17 lr 1.35e-04 104s mps_alloc=0.00G driver=0.00G peak_driver=0.00G
step 90 loss 0.5958 gnorm 3.38 lr 1.32e-04 114s mps_alloc=0.00G driver=0.00G peak_driver=0.00G
probe step 100 {'step': 100, 'H1': 0.9375, 'H2': 0.9375, 'H3': 0.8125, 'H4': 0.8125, 'H5': 0.25, 'H6': 0.75, 'H7': 0.875, 'C_noupd': 0.75, 'C_twoslot': 0.75}
step 100 loss 0.5144 gnorm 2.49 lr 1.28e-04 142s mps_alloc=0.00G driver=0.00G peak_driver=0.00G
step 110 loss 0.4485 gnorm 2.91 lr 1.23e-04 153s mps_alloc=0.00G driver=0.00G peak_driver=0.00G
step 120 loss 0.4344 gnorm 2.99 lr 1.19e-04 163s mps_alloc=0.00G driver=0.00G peak_driver=0.00G
step 130 loss 0.4666 gnorm 3.21 lr 1.14e-04 174s mps_alloc=0.00G driver=0.00G peak_driver=0.00G
step 140 loss 0.5299 gnorm 3.60 lr 1.09e-04 184s mps_alloc=0.00G driver=0.00G peak_driver=0.00G
probe step 150 {'step': 150, 'H1': 0.9375, 'H2': 0.875, 'H3': 0.75, 'H4': 0.875, 'H5': 0.375, 'H6': 0.875, 'H7': 0.8125, 'C_noupd': 0.875, 'C_twoslot': 0.6875}
step 150 loss 0.4083 gnorm 2.39 lr 1.03e-04 212s mps_alloc=0.00G driver=0.00G peak_driver=0.00G
step 160 loss 0.5384 gnorm 2.93 lr 9.76e-05 223s mps_alloc=0.00G driver=0.00G peak_driver=0.00G
step 170 loss 0.5092 gnorm 3.60 lr 9.19e-05 234s mps_alloc=0.00G driver=0.00G peak_driver=0.00G
step 180 loss 0.4197 gnorm 2.60 lr 8.62e-05 245s mps_alloc=0.00G driver=0.00G peak_driver=0.00G
step 190 loss 0.3891 gnorm 2.23 lr 8.03e-05 255s mps_alloc=0.00G driver=0.00G peak_driver=0.00G
probe step 200 {'step': 200, 'H1': 1.0, 'H2': 0.8125, 'H3': 0.8125, 'H4': 0.875, 'H5': 0.5, 'H6': 0.8125, 'H7': 0.9375, 'C_noupd': 0.875, 'C_twoslot': 0.8125}
step 200 loss 0.4774 gnorm 3.09 lr 7.44e-05 283s mps_alloc=0.00G driver=0.00G peak_driver=0.00G
step 210 loss 0.4073 gnorm 6.08 lr 6.85e-05 294s mps_alloc=0.00G driver=0.00G peak_driver=0.00G
step 220 loss 0.4289 gnorm 3.02 lr 6.27e-05 305s mps_alloc=0.00G driver=0.00G peak_driver=0.00G
step 230 loss 0.4070 gnorm 2.39 lr 5.69e-05 315s mps_alloc=0.00G driver=0.00G peak_driver=0.00G
step 240 loss 0.4184 gnorm 2.82 lr 5.13e-05 326s mps_alloc=0.00G driver=0.00G peak_driver=0.00G
probe step 250 {'step': 250, 'H1': 1.0, 'H2': 0.9375, 'H3': 0.75, 'H4': 0.875, 'H5': 0.5, 'H6': 0.875, 'H7': 0.9375, 'C_noupd': 0.8125, 'C_twoslot': 0.8125}
step 250 loss 0.3889 gnorm 3.01 lr 4.58e-05 354s mps_alloc=0.00G driver=0.00G peak_driver=0.00G
step 260 loss 0.4160 gnorm 3.09 lr 4.04e-05 365s mps_alloc=0.00G driver=0.00G peak_driver=0.00G
step 270 loss 0.3753 gnorm 2.15 lr 3.53e-05 375s mps_alloc=0.00G driver=0.00G peak_driver=0.00G
step 280 loss 0.3631 gnorm 2.06 lr 3.04e-05 385s mps_alloc=0.00G driver=0.00G peak_driver=0.00G
step 290 loss 0.4330 gnorm 2.32 lr 2.58e-05 395s mps_alloc=0.00G driver=0.00G peak_driver=0.00G
probe step 300 {'step': 300, 'H1': 1.0, 'H2': 0.9375, 'H3': 0.75, 'H4': 0.875, 'H5': 0.4375, 'H6': 0.9375, 'H7': 0.9375, 'C_noupd': 0.875, 'C_twoslot': 0.8125}
step 300 loss 0.3904 gnorm 4.31 lr 2.16e-05 423s mps_alloc=0.00G driver=0.00G peak_driver=0.00G
step 310 loss 0.3632 gnorm 2.47 lr 1.76e-05 433s mps_alloc=0.00G driver=0.00G peak_driver=0.00G
step 320 loss 0.3278 gnorm 1.76 lr 1.40e-05 444s mps_alloc=0.00G driver=0.00G peak_driver=0.00G
step 330 loss 0.3907 gnorm 2.11 lr 1.07e-05 455s mps_alloc=0.00G driver=0.00G peak_driver=0.00G
step 340 loss 0.3990 gnorm 2.31 lr 7.91e-06 465s mps_alloc=0.00G driver=0.00G peak_driver=0.00G
probe step 350 {'step': 350, 'H1': 1.0, 'H2': 0.9375, 'H3': 0.6875, 'H4': 0.875, 'H5': 0.5, 'H6': 0.9375, 'H7': 0.9375, 'C_noupd': 0.875, 'C_twoslot': 0.8125}
step 350 loss 0.3615 gnorm 2.06 lr 5.49e-06 492s mps_alloc=0.00G driver=0.00G peak_driver=0.00G
step 360 loss 0.3787 gnorm 2.29 lr 3.49e-06 503s mps_alloc=0.00G driver=0.00G peak_driver=0.00G
step 370 loss 0.3412 gnorm 1.75 lr 1.94e-06 514s mps_alloc=0.00G driver=0.00G peak_driver=0.00G
step 380 loss 0.4004 gnorm 2.19 lr 8.34e-07 524s mps_alloc=0.00G driver=0.00G peak_driver=0.00G
step 390 loss 0.4034 gnorm 2.23 lr 1.87e-07 534s mps_alloc=0.00G driver=0.00G peak_driver=0.00G
step 399 loss 0.3282 gnorm 1.98 lr 0.00e+00 543s mps_alloc=0.00G driver=0.00G peak_driver=0.00G
probe step 400 {'step': 400, 'H1': 1.0, 'H2': 0.9375, 'H3': 0.6875, 'H4': 0.875, 'H5': 0.5, 'H6': 0.9375, 'H7': 0.9375, 'C_noupd': 0.875, 'C_twoslot': 0.8125}

Writing model shards:   0%|          | 0/1 [00:00<?, ?it/s]
Writing model shards: 100%|██████████| 1/1 [00:00<00:00,  2.92it/s]
Writing model shards: 100%|██████████| 1/1 [00:00<00:00,  2.92it/s]
scored e004/plain: 640 items in 76s
scored e004/chat: 640 items in 94s
scored new/plain: 1728 items in 53s
scored extra/plain: 192 items in 5s
scored old/plain: 1116 items in 30s
scored uprobe/plain: 576 items in 20s
scored cross/plain: 384 items in 20s
scored new/chat: 1728 items in 60s
scored extra/chat: 192 items in 5s
scored cross/chat: 384 items in 24s
scored khard/plain: 80 items in 2s
scored kbig/plain: 441 items in 10s
scored big/plain: 576 items in 84s
scored big/chat: 576 items in 105s
scored h5l/plain: 192 items in 38s
scored h5l/chat: 192 items in 47s
scored al/plain: 64 items in 5s
scored al/chat: 64 items in 6s
generated e004/plain: 640 in 82s
generated e004/chat: 640 in 83s
generated cont/plain: 416 in 55s
generated big/plain: 576 in 74s
generated big/chat: 576 in 80s
generated h5l/plain: 192 in 24s
generated h5l/chat: 192 in 27s
generated al/plain: 64 in 8s
generated al/chat: 64 in 8s
DONE HuggingFaceTB/SmolLM2-135M-Instruct C2 total 1707s weights_sha256=641b454dc62056da lock_in_step=None loss_finite=True
