
Loading weights:   0%|          | 0/272 [00:00<?, ?it/s]
Loading weights:  58%|█████▊    | 158/272 [00:00<00:00, 1567.03it/s]
Loading weights: 100%|██████████| 272/272 [00:00<00:00, 1655.53it/s]
loss self-check [first] hf=2.92566 answer_only=2.92566
loss self-check [plain] hf=3.46039 answer_only=3.46039
loss self-check [chat] hf=2.85944 answer_only=2.85944
probe step 0 {'step': 0, 'H1': 0.0, 'H2': 0.0, 'H3': 0.0625, 'H4': 0.125, 'H5': 0.125, 'H6': 0.1875, 'H7': 0.1875, 'C_noupd': 0.3125, 'C_twoslot': 0.1875} mps_alloc=0.00G driver=0.00G peak_driver=0.00G
step 0 loss 2.7299 gnorm 12.96 lr 1.50e-05 1s mps_alloc=0.00G driver=0.00G peak_driver=0.00G
step 10 loss 1.8730 gnorm 6.27 lr 8.98e-05 12s mps_alloc=0.00G driver=0.00G peak_driver=0.00G
step 20 loss 0.9884 gnorm 5.35 lr 1.49e-04 22s mps_alloc=0.00G driver=0.00G peak_driver=0.00G
step 30 loss 0.7068 gnorm 3.23 lr 1.48e-04 33s mps_alloc=0.00G driver=0.00G peak_driver=0.00G
step 40 loss 0.6997 gnorm 4.00 lr 1.46e-04 44s mps_alloc=0.00G driver=0.00G peak_driver=0.00G
probe step 50 {'step': 50, 'H1': 0.5625, 'H2': 0.5, 'H3': 0.4375, 'H4': 0.5625, 'H5': 0.375, 'H6': 0.5, 'H7': 0.5625, 'C_noupd': 0.25, 'C_twoslot': 0.625}
step 50 loss 0.6599 gnorm 3.83 lr 1.44e-04 71s mps_alloc=0.00G driver=0.00G peak_driver=0.00G
step 60 loss 0.6031 gnorm 3.84 lr 1.42e-04 82s mps_alloc=0.00G driver=0.00G peak_driver=0.00G
step 70 loss 0.6142 gnorm 6.59 lr 1.39e-04 93s mps_alloc=0.00G driver=0.00G peak_driver=0.00G
step 80 loss 0.5000 gnorm 3.83 lr 1.35e-04 103s mps_alloc=0.00G driver=0.00G peak_driver=0.00G
step 90 loss 0.3929 gnorm 2.50 lr 1.32e-04 114s mps_alloc=0.00G driver=0.00G peak_driver=0.00G
probe step 100 {'step': 100, 'H1': 1.0, 'H2': 0.8125, 'H3': 0.625, 'H4': 0.8125, 'H5': 0.5625, 'H6': 0.75, 'H7': 0.8125, 'C_noupd': 0.625, 'C_twoslot': 0.8125}
step 100 loss 0.5934 gnorm 5.44 lr 1.28e-04 143s mps_alloc=0.00G driver=0.00G peak_driver=0.00G
step 110 loss 0.4287 gnorm 2.75 lr 1.23e-04 153s mps_alloc=0.00G driver=0.00G peak_driver=0.00G
step 120 loss 0.5552 gnorm 2.72 lr 1.19e-04 164s mps_alloc=0.00G driver=0.00G peak_driver=0.00G
step 130 loss 0.4307 gnorm 2.34 lr 1.14e-04 174s mps_alloc=0.00G driver=0.00G peak_driver=0.00G
step 140 loss 0.4519 gnorm 3.17 lr 1.09e-04 185s mps_alloc=0.00G driver=0.00G peak_driver=0.00G
probe step 150 {'step': 150, 'H1': 1.0, 'H2': 0.875, 'H3': 0.75, 'H4': 0.8125, 'H5': 0.5625, 'H6': 0.8125, 'H7': 0.9375, 'C_noupd': 0.5625, 'C_twoslot': 0.875}
step 150 loss 0.4418 gnorm 2.86 lr 1.03e-04 212s mps_alloc=0.00G driver=0.00G peak_driver=0.00G
step 160 loss 0.3920 gnorm 2.48 lr 9.76e-05 222s mps_alloc=0.00G driver=0.00G peak_driver=0.00G
step 170 loss 0.4509 gnorm 3.17 lr 9.19e-05 233s mps_alloc=0.00G driver=0.00G peak_driver=0.00G
step 180 loss 0.3950 gnorm 3.09 lr 8.62e-05 244s mps_alloc=0.00G driver=0.00G peak_driver=0.00G
step 190 loss 0.3882 gnorm 2.22 lr 8.03e-05 255s mps_alloc=0.00G driver=0.00G peak_driver=0.00G
probe step 200 {'step': 200, 'H1': 1.0, 'H2': 0.8125, 'H3': 0.8125, 'H4': 0.8125, 'H5': 0.6875, 'H6': 1.0, 'H7': 0.9375, 'C_noupd': 0.8125, 'C_twoslot': 0.875}
step 200 loss 0.3921 gnorm 2.99 lr 7.44e-05 283s mps_alloc=0.00G driver=0.00G peak_driver=0.00G
step 210 loss 0.4210 gnorm 2.21 lr 6.85e-05 294s mps_alloc=0.00G driver=0.00G peak_driver=0.00G
step 220 loss 0.4046 gnorm 2.28 lr 6.27e-05 304s mps_alloc=0.00G driver=0.00G peak_driver=0.00G
step 230 loss 0.4233 gnorm 2.28 lr 5.69e-05 314s mps_alloc=0.00G driver=0.00G peak_driver=0.00G
step 240 loss 0.3430 gnorm 2.16 lr 5.13e-05 325s mps_alloc=0.00G driver=0.00G peak_driver=0.00G
probe step 250 {'step': 250, 'H1': 1.0, 'H2': 0.9375, 'H3': 0.875, 'H4': 0.8125, 'H5': 0.5625, 'H6': 1.0, 'H7': 0.875, 'C_noupd': 0.75, 'C_twoslot': 0.8125}
step 250 loss 0.4099 gnorm 3.81 lr 4.58e-05 354s mps_alloc=0.00G driver=0.00G peak_driver=0.00G
step 260 loss 0.3949 gnorm 5.45 lr 4.04e-05 364s mps_alloc=0.00G driver=0.00G peak_driver=0.00G
step 270 loss 0.4075 gnorm 3.13 lr 3.53e-05 374s mps_alloc=0.00G driver=0.00G peak_driver=0.00G
step 280 loss 0.4762 gnorm 2.94 lr 3.04e-05 384s mps_alloc=0.00G driver=0.00G peak_driver=0.00G
step 290 loss 0.3945 gnorm 2.56 lr 2.58e-05 395s mps_alloc=0.00G driver=0.00G peak_driver=0.00G
probe step 300 {'step': 300, 'H1': 1.0, 'H2': 1.0, 'H3': 0.9375, 'H4': 0.875, 'H5': 0.5625, 'H6': 1.0, 'H7': 0.875, 'C_noupd': 0.8125, 'C_twoslot': 0.75}
step 300 loss 0.3714 gnorm 2.24 lr 2.16e-05 423s mps_alloc=0.00G driver=0.00G peak_driver=0.00G
step 310 loss 0.3698 gnorm 1.94 lr 1.76e-05 433s mps_alloc=0.00G driver=0.00G peak_driver=0.00G
step 320 loss 0.3958 gnorm 2.71 lr 1.40e-05 444s mps_alloc=0.00G driver=0.00G peak_driver=0.00G
step 330 loss 0.4000 gnorm 2.34 lr 1.07e-05 454s mps_alloc=0.00G driver=0.00G peak_driver=0.00G
step 340 loss 0.4248 gnorm 2.61 lr 7.91e-06 465s mps_alloc=0.00G driver=0.00G peak_driver=0.00G
probe step 350 {'step': 350, 'H1': 1.0, 'H2': 0.9375, 'H3': 0.875, 'H4': 0.875, 'H5': 0.625, 'H6': 1.0, 'H7': 0.9375, 'C_noupd': 0.8125, 'C_twoslot': 0.8125}
step 350 loss 0.3438 gnorm 2.18 lr 5.49e-06 493s mps_alloc=0.00G driver=0.00G peak_driver=0.00G
step 360 loss 0.3989 gnorm 2.49 lr 3.49e-06 504s mps_alloc=0.00G driver=0.00G peak_driver=0.00G
step 370 loss 0.3763 gnorm 2.39 lr 1.94e-06 513s mps_alloc=0.00G driver=0.00G peak_driver=0.00G
step 380 loss 0.3408 gnorm 1.96 lr 8.34e-07 524s mps_alloc=0.00G driver=0.00G peak_driver=0.00G
step 390 loss 0.3794 gnorm 1.94 lr 1.87e-07 534s mps_alloc=0.00G driver=0.00G peak_driver=0.00G
step 399 loss 0.3808 gnorm 2.22 lr 0.00e+00 544s mps_alloc=0.00G driver=0.00G peak_driver=0.00G
probe step 400 {'step': 400, 'H1': 1.0, 'H2': 0.9375, 'H3': 0.875, 'H4': 0.875, 'H5': 0.625, 'H6': 1.0, 'H7': 0.9375, 'C_noupd': 0.8125, 'C_twoslot': 0.8125}

Writing model shards:   0%|          | 0/1 [00:00<?, ?it/s]
Writing model shards: 100%|██████████| 1/1 [00:00<00:00,  2.62it/s]
Writing model shards: 100%|██████████| 1/1 [00:00<00:00,  2.61it/s]
scored e004/plain: 640 items in 76s
scored e004/chat: 640 items in 95s
scored new/plain: 1728 items in 52s
scored extra/plain: 192 items in 6s
scored old/plain: 1116 items in 32s
scored uprobe/plain: 576 items in 20s
scored cross/plain: 384 items in 20s
scored new/chat: 1728 items in 60s
scored extra/chat: 192 items in 6s
scored cross/chat: 384 items in 24s
scored khard/plain: 80 items in 2s
scored kbig/plain: 441 items in 9s
scored big/plain: 576 items in 84s
scored big/chat: 576 items in 104s
scored h5l/plain: 192 items in 38s
scored h5l/chat: 192 items in 47s
scored al/plain: 64 items in 5s
scored al/chat: 64 items in 6s
generated e004/plain: 640 in 81s
generated e004/chat: 640 in 87s
generated cont/plain: 416 in 58s
generated big/plain: 576 in 72s
generated big/chat: 576 in 74s
generated h5l/plain: 192 in 26s
generated h5l/chat: 192 in 25s
generated al/plain: 64 in 8s
generated al/chat: 64 in 9s
DONE HuggingFaceTB/SmolLM2-135M-Instruct C4 total 1708s weights_sha256=500ddcd244314234 lock_in_step=None loss_finite=True
