
Loading weights:   0%|          | 0/272 [00:00<?, ?it/s]
Loading weights: 100%|██████████| 272/272 [00:00<00:00, 3513.70it/s]
loaded ../weights/HuggingFaceTB__SmolLM2-135M-Instruct__C1 params=134.5M device=cuda eos=[2] in 0.6s
[    12s] seed=None R_d2_name                  0/1 tok=513
[    15s] seed=None R_d2_name__ctrl            1/1 tok=61
[    25s] seed=None R_d2_number                0/1 tok=495
[    26s] seed=None R_d2_number__ctrl          1/1 tok=52
[    27s] seed=None R_d4_pet                   0/1 tok=205
[    31s] seed=None R_d4_pet__ctrl             1/1 tok=51
[    43s] seed=None R_d4_city                  0/1 tok=642
[    46s] seed=None R_d4_city__ctrl            1/1 tok=49
[    63s] seed=None R_d6_name                  0/1 tok=1060
[    65s] seed=None R_d6_name__ctrl            1/1 tok=49
[    81s] seed=None R_d6_number                0/1 tok=1063
[    84s] seed=None R_d6_number__ctrl          1/1 tok=57
[   107s] seed=None R_d10_pet                  1/1 tok=1619
[   107s] seed=None R_d10_pet__ctrl            1/1 tok=49
[   121s] seed=None R_d5_multi                 1/3 tok=936
[   123s] seed=None R_d5_multi__ctrl           2/3 tok=68
[   123s] seed=None F_ellipsis_capital         2/2 tok=60
[   124s] seed=None F_ellipsis_capital__ctrl   1/1 tok=37
[   124s] seed=None F_translate                1/2 tok=67
[   124s] seed=None F_translate__ctrl          0/1 tok=41
[   130s] seed=None F_coref_she                0/1 tok=221
[   132s] seed=None F_coref_she__ctrl          0/1 tok=50
[   137s] seed=None F_whynot                   0/1 tok=215
[   137s] seed=None F_whynot__ctrl             0/1 tok=42
[   142s] seed=None F_shorter                  0/1 tok=216
[   142s] seed=None F_shorter__ctrl            1/1 tok=42
[   150s] seed=None I_one_sentence             1/3 tok=413
[   150s] seed=None I_one_sentence__ctrl       1/1 tok=40
[   151s] seed=None I_end_question             0/3 tok=120
[   153s] seed=None I_end_question__ctrl       0/1 tok=52
[   163s] seed=None I_caps                     0/3 tok=575
[   163s] seed=None I_caps__ctrl               0/1 tok=42
[   173s] seed=None I_persona                  1/5 tok=570
[   175s] seed=None I_persona__ctrl            1/2 tok=38
[   182s] seed=None K_day                      0/1 tok=488
[   185s] seed=None K_day__ctrl                1/1 tok=62
[   185s] seed=None K_time                     0/1 tok=134
[   188s] seed=None K_time__ctrl               1/1 tok=64
[   189s] seed=None K_color                    1/1 tok=136
[   191s] seed=None K_color__ctrl              1/1 tok=60
[   193s] seed=None O_second_item              0/1 tok=190
[   193s] seed=None O_last_item                0/1 tok=92
[   194s] seed=None O_add10                    0/2 tok=72
[   196s] seed=None O_add10__ctrl              0/1 tok=44
[   201s] seed=None RI_identity                1/2 tok=335
[   202s] seed=None RI_binding                 0/1 tok=108
[   204s] seed=None RI_binding__ctrl           1/1 tok=47
[   214s] seed=None T_party                    0/1 tok=598
[   216s] seed=None T_party__ctrl              0/1 tok=62
[   226s] seed=None T_dragon                   0/2 tok=606
[   228s] seed=None T_dragon__ctrl             2/2 tok=62
[   246s] seed=None L_tell_more                0/0 tok=1108
[   267s] seed=None L_chitchat                 0/1 tok=1138
done ../weights/HuggingFaceTB__SmolLM2-135M-Instruct__C1 in 267s -> ~/planck/dev/e006/experiments/E006_three_objects/transcripts/HuggingFaceTB__SmolLM2-135M-Instruct__C1__greedy.jsonl.partial
chat_e006 DONE C1: 53 conversations, weights_sha256=9efee059f19ce4f3 -> transcripts/HuggingFaceTB__SmolLM2-135M-Instruct__C1__greedy.jsonl
