
Loading weights:   0%|          | 0/272 [00:00<?, ?it/s]
Loading weights: 100%|██████████| 272/272 [00:00<00:00, 3603.38it/s]
loaded ../weights/HuggingFaceTB__SmolLM2-135M-Instruct__P1 params=134.5M device=cuda eos=[2] in 0.6s
[    13s] seed=None R_d2_name                  0/1 tok=513
[    16s] seed=None R_d2_name__ctrl            1/1 tok=61
[    26s] seed=None R_d2_number                0/1 tok=498
[    29s] seed=None R_d2_number__ctrl          1/1 tok=52
[    44s] seed=None R_d4_pet                   1/1 tok=778
[    47s] seed=None R_d4_pet__ctrl             1/1 tok=51
[    59s] seed=None R_d4_city                  0/1 tok=775
[    59s] seed=None R_d4_city__ctrl            1/1 tok=49
[    75s] seed=None R_d6_name                  1/1 tok=1058
[    76s] seed=None R_d6_name__ctrl            1/1 tok=49
[    91s] seed=None R_d6_number                1/1 tok=1059
[    93s] seed=None R_d6_number__ctrl          0/1 tok=57
[    95s] seed=None R_d10_pet                  1/1 tok=321
[    95s] seed=None R_d10_pet__ctrl            1/1 tok=49
[   109s] seed=None R_d5_multi                 1/3 tok=930
[   112s] seed=None R_d5_multi__ctrl           1/3 tok=68
[   112s] seed=None F_ellipsis_capital         2/2 tok=60
[   112s] seed=None F_ellipsis_capital__ctrl   1/1 tok=37
[   113s] seed=None F_translate                1/2 tok=67
[   113s] seed=None F_translate__ctrl          0/1 tok=41
[   118s] seed=None F_coref_she                0/1 tok=219
[   121s] seed=None F_coref_she__ctrl          0/1 tok=50
[   126s] seed=None F_whynot                   0/1 tok=215
[   127s] seed=None F_whynot__ctrl             0/1 tok=42
[   127s] seed=None F_shorter                  1/1 tok=65
[   127s] seed=None F_shorter__ctrl            1/1 tok=42
[   135s] seed=None I_one_sentence             1/3 tok=414
[   135s] seed=None I_one_sentence__ctrl       1/1 tok=40
[   136s] seed=None I_end_question             0/3 tok=123
[   138s] seed=None I_end_question__ctrl       0/1 tok=52
[   148s] seed=None I_caps                     0/3 tok=575
[   148s] seed=None I_caps__ctrl               0/1 tok=42
[   157s] seed=None I_persona                  1/5 tok=572
[   158s] seed=None I_persona__ctrl            1/2 tok=38
[   165s] seed=None K_day                      1/1 tok=405
[   165s] seed=None K_day__ctrl                1/1 tok=62
[   166s] seed=None K_time                     0/1 tok=133
[   166s] seed=None K_time__ctrl               1/1 tok=64
[   167s] seed=None K_color                    1/1 tok=118
[   167s] seed=None K_color__ctrl              1/1 tok=60
[   167s] seed=None O_second_item              0/1 tok=75
[   168s] seed=None O_last_item                0/1 tok=92
[   168s] seed=None O_add10                    0/2 tok=72
[   171s] seed=None O_add10__ctrl              0/1 tok=44
[   178s] seed=None RI_identity                1/2 tok=401
[   184s] seed=None RI_binding                 1/1 tok=358
[   187s] seed=None RI_binding__ctrl           1/1 tok=47
[   188s] seed=None T_party                    0/1 tok=174
[   190s] seed=None T_party__ctrl              0/1 tok=62
[   200s] seed=None T_dragon                   1/2 tok=606
[   200s] seed=None T_dragon__ctrl             1/2 tok=62
[   217s] seed=None L_tell_more                0/0 tok=1105
[   218s] seed=None L_chitchat                 0/1 tok=177
done ../weights/HuggingFaceTB__SmolLM2-135M-Instruct__P1 in 218s -> ~/planck/dev/e006/experiments/E006_three_objects/transcripts/HuggingFaceTB__SmolLM2-135M-Instruct__P1__greedy.jsonl.partial
chat_e006 DONE P1: 53 conversations, weights_sha256=0b8530dd179ea7ca -> transcripts/HuggingFaceTB__SmolLM2-135M-Instruct__P1__greedy.jsonl
