
Loading weights:   0%|          | 0/272 [00:00<?, ?it/s]
Loading weights:  47%|████▋     | 128/272 [00:00<00:00, 1276.38it/s]
Loading weights: 100%|██████████| 272/272 [00:00<00:00, 1600.62it/s]
loaded ../../E005_alias_eot/weights/HuggingFaceTB__SmolLM2-135M-Instruct__s5 params=134.5M device=cuda eos=[2] in 1.1s
[    16s] seed=None R_d2_name                  1/1 tok=515
[    16s] seed=None R_d2_name__ctrl            1/1 tok=61
[    18s] seed=None R_d2_number                1/1 tok=134
[    18s] seed=None R_d2_number__ctrl          1/1 tok=52
[    20s] seed=None R_d4_pet                   1/1 tok=179
[    20s] seed=None R_d4_pet__ctrl             1/1 tok=51
[    22s] seed=None R_d4_city                  1/1 tok=188
[    22s] seed=None R_d4_city__ctrl            1/1 tok=49
[    24s] seed=None R_d6_name                  0/1 tok=229
[    28s] seed=None R_d6_name__ctrl            1/1 tok=49
[    55s] seed=None R_d6_number                0/1 tok=1054
[    59s] seed=None R_d6_number__ctrl          1/1 tok=57
[    61s] seed=None R_d10_pet                  1/1 tok=333
[    61s] seed=None R_d10_pet__ctrl            1/1 tok=49
[    63s] seed=None R_d5_multi                 0/3 tok=231
[    66s] seed=None R_d5_multi__ctrl           1/3 tok=68
[    67s] seed=None F_ellipsis_capital         2/2 tok=60
[    67s] seed=None F_ellipsis_capital__ctrl   1/1 tok=37
[    68s] seed=None F_translate                1/2 tok=76
[    68s] seed=None F_translate__ctrl          0/1 tok=41
[    76s] seed=None F_coref_she                0/1 tok=221
[    79s] seed=None F_coref_she__ctrl          0/1 tok=50
[    80s] seed=None F_whynot                   0/1 tok=85
[    84s] seed=None F_whynot__ctrl             0/1 tok=42
[    91s] seed=None F_shorter                  0/1 tok=216
[    91s] seed=None F_shorter__ctrl            1/1 tok=42
[   102s] seed=None I_one_sentence             1/3 tok=414
[   103s] seed=None I_one_sentence__ctrl       0/1 tok=40
[   118s] seed=None I_end_question             0/3 tok=581
[   118s] seed=None I_end_question__ctrl       0/1 tok=52
[   119s] seed=None I_caps                     0/3 tok=116
[   119s] seed=None I_caps__ctrl               0/1 tok=42
[   133s] seed=None I_persona                  0/5 tok=568
[   134s] seed=None I_persona__ctrl            0/2 tok=38
[   144s] seed=None K_day                      1/1 tok=402
[   148s] seed=None K_day__ctrl                1/1 tok=62
[   155s] seed=None K_time                     0/1 tok=427
[   156s] seed=None K_time__ctrl               1/1 tok=64
[   157s] seed=None K_color                    1/1 tok=130
[   157s] seed=None K_color__ctrl              1/1 tok=60
[   160s] seed=None O_second_item              0/1 tok=190
[   160s] seed=None O_last_item                0/1 tok=72
[   164s] seed=None O_add10                    0/2 tok=216
[   168s] seed=None O_add10__ctrl              0/1 tok=44
[   178s] seed=None RI_identity                1/2 tok=399
[   180s] seed=None RI_binding                 1/1 tok=112
[   183s] seed=None RI_binding__ctrl           1/1 tok=47
[   185s] seed=None T_party                    0/1 tok=183
[   188s] seed=None T_party__ctrl              0/1 tok=62
[   189s] seed=None T_dragon                   1/2 tok=162
[   193s] seed=None T_dragon__ctrl             1/2 tok=62
[   221s] seed=None L_tell_more                0/0 tok=1107
[   248s] seed=None L_chitchat                 0/1 tok=1146
done ../../E005_alias_eot/weights/HuggingFaceTB__SmolLM2-135M-Instruct__s5 in 248s -> ~/planck/dev/e006/experiments/E006_three_objects/transcripts/HuggingFaceTB__SmolLM2-135M-Instruct__e005w5__greedy.jsonl.partial
chat_e006 DONE e005w5: 53 conversations, weights_sha256=131c81134f227a4b -> transcripts/HuggingFaceTB__SmolLM2-135M-Instruct__e005w5__greedy.jsonl
