
Loading weights:   0%|          | 0/272 [00:00<?, ?it/s]
Loading weights: 100%|██████████| 272/272 [00:00<00:00, 3529.53it/s]
loaded ../weights/HuggingFaceTB__SmolLM2-135M-Instruct__C4 params=134.5M device=cuda eos=[2] in 0.6s
[    11s] seed=None R_d2_name                  0/1 tok=515
[    11s] seed=None R_d2_name__ctrl            1/1 tok=61
[    12s] seed=None R_d2_number                0/1 tok=118
[    12s] seed=None R_d2_number__ctrl          1/1 tok=52
[    13s] seed=None R_d4_pet                   1/1 tok=169
[    13s] seed=None R_d4_pet__ctrl             1/1 tok=51
[    14s] seed=None R_d4_city                  1/1 tok=185
[    14s] seed=None R_d4_city__ctrl            1/1 tok=49
[    17s] seed=None R_d6_name                  0/1 tok=335
[    20s] seed=None R_d6_name__ctrl            1/1 tok=49
[    21s] seed=None R_d6_number                0/1 tok=237
[    21s] seed=None R_d6_number__ctrl          1/1 tok=57
[    22s] seed=None R_d10_pet                  1/1 tok=319
[    22s] seed=None R_d10_pet__ctrl            1/1 tok=49
[    23s] seed=None R_d5_multi                 1/3 tok=211
[    26s] seed=None R_d5_multi__ctrl           1/3 tok=68
[    26s] seed=None F_ellipsis_capital         2/2 tok=60
[    26s] seed=None F_ellipsis_capital__ctrl   1/1 tok=37
[    26s] seed=None F_translate                1/2 tok=70
[    27s] seed=None F_translate__ctrl          0/1 tok=41
[    27s] seed=None F_coref_she                0/1 tok=66
[    27s] seed=None F_coref_she__ctrl          0/1 tok=50
[    27s] seed=None F_whynot                   0/1 tok=65
[    27s] seed=None F_whynot__ctrl             0/1 tok=42
[    28s] seed=None F_shorter                  0/1 tok=70
[    28s] seed=None F_shorter__ctrl            1/1 tok=42
[    28s] seed=None I_one_sentence             2/3 tok=111
[    29s] seed=None I_one_sentence__ctrl       1/1 tok=40
[    29s] seed=None I_end_question             0/3 tok=120
[    32s] seed=None I_end_question__ctrl       0/1 tok=52
[    41s] seed=None I_caps                     0/3 tok=578
[    42s] seed=None I_caps__ctrl               0/1 tok=42
[    51s] seed=None I_persona                  0/5 tok=572
[    51s] seed=None I_persona__ctrl            1/2 tok=38
[    52s] seed=None K_day                      1/1 tok=122
[    54s] seed=None K_day__ctrl                1/1 tok=62
[    55s] seed=None K_time                     1/1 tok=129
[    55s] seed=None K_time__ctrl               1/1 tok=64
[    56s] seed=None K_color                    1/1 tok=118
[    56s] seed=None K_color__ctrl              1/1 tok=60
[    56s] seed=None O_second_item              0/1 tok=75
[    56s] seed=None O_last_item                0/1 tok=72
[    57s] seed=None O_add10                    0/2 tok=64
[    57s] seed=None O_add10__ctrl              0/1 tok=44
[    57s] seed=None RI_identity                1/2 tok=97
[    58s] seed=None RI_binding                 1/1 tok=95
[    58s] seed=None RI_binding__ctrl           1/1 tok=47
[    58s] seed=None T_party                    0/1 tok=143
[    59s] seed=None T_party__ctrl              0/1 tok=62
[    59s] seed=None T_dragon                   1/2 tok=150
[    62s] seed=None T_dragon__ctrl             1/2 tok=62
[    63s] seed=None L_tell_more                0/0 tok=175
[    64s] seed=None L_chitchat                 0/1 tok=201
done ../weights/HuggingFaceTB__SmolLM2-135M-Instruct__C4 in 64s -> ~/planck/dev/e006/experiments/E006_three_objects/transcripts/HuggingFaceTB__SmolLM2-135M-Instruct__C4__greedy.jsonl.partial
chat_e006 DONE C4: 53 conversations, weights_sha256=500ddcd244314234 -> transcripts/HuggingFaceTB__SmolLM2-135M-Instruct__C4__greedy.jsonl
