
Loading weights:   0%|          | 0/272 [00:00<?, ?it/s]
Loading weights: 100%|██████████| 272/272 [00:00<00:00, 3478.87it/s]
loaded ../weights/HuggingFaceTB__SmolLM2-135M-Instruct__G5 params=134.5M device=cuda eos=[2] in 0.5s
[     8s] seed=None R_d2_name                  1/1 tok=515
[     8s] seed=None R_d2_name__ctrl            1/1 tok=61
[     9s] seed=None R_d2_number                1/1 tok=163
[     9s] seed=None R_d2_number__ctrl          1/1 tok=52
[    12s] seed=None R_d4_pet                   1/1 tok=259
[    12s] seed=None R_d4_pet__ctrl             1/1 tok=51
[    22s] seed=None R_d4_city                  1/1 tok=711
[    23s] seed=None R_d4_city__ctrl            1/1 tok=49
[    24s] seed=None R_d6_name                  1/1 tok=258
[    25s] seed=None R_d6_name__ctrl            1/1 tok=49
[    33s] seed=None R_d6_number                0/1 tok=620
[    34s] seed=None R_d6_number__ctrl          1/1 tok=57
[    36s] seed=None R_d10_pet                  1/1 tok=344
[    36s] seed=None R_d10_pet__ctrl            1/1 tok=49
[    48s] seed=None R_d5_multi                 0/3 tok=854
[    49s] seed=None R_d5_multi__ctrl           1/3 tok=68
[    54s] seed=None F_ellipsis_capital         2/2 tok=213
[    56s] seed=None F_ellipsis_capital__ctrl   1/1 tok=37
[    61s] seed=None F_translate                1/2 tok=216
[    64s] seed=None F_translate__ctrl          0/1 tok=41
[    69s] seed=None F_coref_she                0/1 tok=221
[    69s] seed=None F_coref_she__ctrl          0/1 tok=50
[    71s] seed=None F_whynot                   1/1 tok=104
[    74s] seed=None F_whynot__ctrl             1/1 tok=42
[    75s] seed=None F_shorter                  1/1 tok=124
[    76s] seed=None F_shorter__ctrl            0/1 tok=42
[    79s] seed=None I_one_sentence             0/3 tok=204
[    80s] seed=None I_one_sentence__ctrl       0/1 tok=40
[    80s] seed=None I_end_question             0/3 tok=121
[    80s] seed=None I_end_question__ctrl       0/1 tok=52
[    81s] seed=None I_caps                     0/3 tok=138
[    82s] seed=None I_caps__ctrl               0/1 tok=42
[    85s] seed=None I_persona                  1/5 tok=262
[    85s] seed=None I_persona__ctrl            1/2 tok=38
[    92s] seed=None K_day                      1/1 tok=350
[    92s] seed=None K_day__ctrl                1/1 tok=62
[    93s] seed=None K_time                     1/1 tok=133
[    93s] seed=None K_time__ctrl               1/1 tok=64
[    94s] seed=None K_color                    1/1 tok=156
[    94s] seed=None K_color__ctrl              1/1 tok=60
[    95s] seed=None O_second_item              0/1 tok=97
[    96s] seed=None O_last_item                0/1 tok=114
[    96s] seed=None O_add10                    1/2 tok=70
[    97s] seed=None O_add10__ctrl              0/1 tok=44
[   105s] seed=None RI_identity                1/2 tok=403
[   107s] seed=None RI_binding                 1/1 tok=226
[   108s] seed=None RI_binding__ctrl           1/1 tok=47
[   110s] seed=None T_party                    0/1 tok=223
[   112s] seed=None T_party__ctrl              0/1 tok=62
[   115s] seed=None T_dragon                   1/2 tok=312
[   117s] seed=None T_dragon__ctrl             2/2 tok=62
[   136s] seed=None L_tell_more                0/0 tok=1108
[   138s] seed=None L_chitchat                 0/1 tok=227
done ../weights/HuggingFaceTB__SmolLM2-135M-Instruct__G5 in 138s -> ~/planck/dev/e006/experiments/E006_three_objects/transcripts/HuggingFaceTB__SmolLM2-135M-Instruct__G5__greedy.jsonl.partial
chat_e006 DONE G5: 53 conversations, weights_sha256=f4fbd4e7441d5e60 -> transcripts/HuggingFaceTB__SmolLM2-135M-Instruct__G5__greedy.jsonl
