
Loading weights:   0%|          | 0/272 [00:00<?, ?it/s]
Loading weights: 100%|██████████| 272/272 [00:00<00:00, 2934.19it/s]
loaded HuggingFaceTB/SmolLM2-135M-Instruct params=134.5M device=cuda eos=[2] in 0.5s
[     7s] seed=None R_d2_name                  0/1 tok=427
[     8s] seed=None R_d2_name__ctrl            0/1 tok=61
[    13s] seed=None R_d2_number                0/1 tok=360
[    13s] seed=None R_d2_number__ctrl          0/1 tok=52
[    23s] seed=None R_d4_pet                   1/1 tok=747
[    24s] seed=None R_d4_pet__ctrl             1/1 tok=51
[    34s] seed=None R_d4_city                  0/1 tok=678
[    35s] seed=None R_d4_city__ctrl            0/1 tok=49
[    48s] seed=None R_d6_name                  0/1 tok=978
[    50s] seed=None R_d6_name__ctrl            0/1 tok=49
[    64s] seed=None R_d6_number                0/1 tok=1071
[    67s] seed=None R_d6_number__ctrl          1/1 tok=57
[    87s] seed=None R_d10_pet                  0/1 tok=1504
[    88s] seed=None R_d10_pet__ctrl            1/1 tok=49
[   102s] seed=None R_d5_multi                 0/3 tok=939
[   104s] seed=None R_d5_multi__ctrl           3/3 tok=68
[   104s] seed=None F_ellipsis_capital         1/2 tok=60
[   105s] seed=None F_ellipsis_capital__ctrl   1/1 tok=37
[   110s] seed=None F_translate                0/2 tok=216
[   112s] seed=None F_translate__ctrl          1/1 tok=41
[   113s] seed=None F_coref_she                0/1 tok=120
[   114s] seed=None F_coref_she__ctrl          0/1 tok=50
[   118s] seed=None F_whynot                   0/1 tok=217
[   120s] seed=None F_whynot__ctrl             1/1 tok=42
[   122s] seed=None F_shorter                  1/1 tok=128
[   122s] seed=None F_shorter__ctrl            0/1 tok=42
[   125s] seed=None I_one_sentence             1/3 tok=193
[   125s] seed=None I_one_sentence__ctrl       1/1 tok=40
[   128s] seed=None I_end_question             3/3 tok=223
[   129s] seed=None I_end_question__ctrl       0/1 tok=52
[   131s] seed=None I_caps                     0/3 tok=235
[   133s] seed=None I_caps__ctrl               0/1 tok=42
[   140s] seed=None I_persona                  1/5 tok=422
[   142s] seed=None I_persona__ctrl            0/2 tok=38
[   147s] seed=None K_day                      0/1 tok=354
[   147s] seed=None K_day__ctrl                0/1 tok=62
[   154s] seed=None K_time                     0/1 tok=390
[   154s] seed=None K_time__ctrl               0/1 tok=64
[   159s] seed=None K_color                    0/1 tok=355
[   161s] seed=None K_color__ctrl              0/1 tok=60
[   163s] seed=None O_second_item              0/1 tok=172
[   166s] seed=None O_last_item                0/1 tok=164
[   168s] seed=None O_add10                    0/2 tok=131
[   169s] seed=None O_add10__ctrl              0/1 tok=44
[   171s] seed=None RI_identity                0/2 tok=134
[   177s] seed=None RI_binding                 0/1 tok=359
[   177s] seed=None RI_binding__ctrl           0/1 tok=47
[   185s] seed=None T_party                    0/1 tok=498
[   188s] seed=None T_party__ctrl              1/1 tok=62
[   198s] seed=None T_dragon                   0/2 tok=606
[   200s] seed=None T_dragon__ctrl             2/2 tok=62
[   219s] seed=None L_tell_more                0/0 tok=1108
[   227s] seed=None L_chitchat                 0/1 tok=556
done HuggingFaceTB/SmolLM2-135M-Instruct in 227s -> ~/planck/dev/e006/experiments/E006_three_objects/transcripts/HuggingFaceTB__SmolLM2-135M-Instruct__base__greedy.jsonl.partial
chat_e006 DONE base: 53 conversations, weights_sha256=5af571cbf074e6d2 -> transcripts/HuggingFaceTB__SmolLM2-135M-Instruct__base__greedy.jsonl
