
Loading weights:   0%|          | 0/272 [00:00<?, ?it/s]
Loading weights: 100%|██████████| 272/272 [00:00<00:00, 4828.10it/s]
loaded ../../E005_alias_eot/weights/HuggingFaceTB__SmolLM2-135M-Instruct__s2 params=134.5M device=cuda eos=[2] in 0.5s
[     2s] seed=None R_d2_name                  0/1 tok=162
[     3s] seed=None R_d2_name__ctrl            1/1 tok=61
[     3s] seed=None R_d2_number                1/1 tok=117
[     4s] seed=None R_d2_number__ctrl          0/1 tok=52
[     4s] seed=None R_d4_pet                   0/1 tok=170
[     5s] seed=None R_d4_pet__ctrl             1/1 tok=51
[     6s] seed=None R_d4_city                  1/1 tok=185
[     6s] seed=None R_d4_city__ctrl            1/1 tok=49
[     7s] seed=None R_d6_name                  1/1 tok=238
[     7s] seed=None R_d6_name__ctrl            1/1 tok=49
[     9s] seed=None R_d6_number                1/1 tok=257
[     9s] seed=None R_d6_number__ctrl          1/1 tok=57
[    10s] seed=None R_d10_pet                  1/1 tok=321
[    11s] seed=None R_d10_pet__ctrl            1/1 tok=49
[    11s] seed=None R_d5_multi                 1/3 tok=220
[    14s] seed=None R_d5_multi__ctrl           1/3 tok=68
[    14s] seed=None F_ellipsis_capital         2/2 tok=60
[    15s] seed=None F_ellipsis_capital__ctrl   1/1 tok=37
[    15s] seed=None F_translate                1/2 tok=74
[    15s] seed=None F_translate__ctrl          0/1 tok=41
[    16s] seed=None F_coref_she                0/1 tok=83
[    16s] seed=None F_coref_she__ctrl          0/1 tok=50
[    22s] seed=None F_whynot                   0/1 tok=215
[    25s] seed=None F_whynot__ctrl             0/1 tok=42
[    26s] seed=None F_shorter                  1/1 tok=98
[    26s] seed=None F_shorter__ctrl            1/1 tok=42
[    36s] seed=None I_one_sentence             0/3 tok=567
[    36s] seed=None I_one_sentence__ctrl       1/1 tok=40
[    37s] seed=None I_end_question             0/3 tok=119
[    40s] seed=None I_end_question__ctrl       0/1 tok=52
[    50s] seed=None I_caps                     0/3 tok=575
[    50s] seed=None I_caps__ctrl               0/1 tok=42
[    60s] seed=None I_persona                  0/5 tok=572
[    60s] seed=None I_persona__ctrl            1/2 tok=38
[    61s] seed=None K_day                      1/1 tok=122
[    61s] seed=None K_day__ctrl                1/1 tok=62
[    62s] seed=None K_time                     1/1 tok=129
[    62s] seed=None K_time__ctrl               1/1 tok=64
[    62s] seed=None K_color                    1/1 tok=118
[    65s] seed=None K_color__ctrl              1/1 tok=60
[    65s] seed=None O_second_item              0/1 tok=75
[    65s] seed=None O_last_item                0/1 tok=78
[    66s] seed=None O_add10                    0/2 tok=64
[    66s] seed=None O_add10__ctrl              0/1 tok=44
[    67s] seed=None RI_identity                1/2 tok=117
[    67s] seed=None RI_binding                 1/1 tok=100
[    70s] seed=None RI_binding__ctrl           1/1 tok=47
[    70s] seed=None T_party                    0/1 tok=151
[    71s] seed=None T_party__ctrl              0/1 tok=62
[    72s] seed=None T_dragon                   1/2 tok=173
[    72s] seed=None T_dragon__ctrl             2/2 tok=62
[    90s] seed=None L_tell_more                0/0 tok=1108
[    91s] seed=None L_chitchat                 0/1 tok=202
done ../../E005_alias_eot/weights/HuggingFaceTB__SmolLM2-135M-Instruct__s2 in 91s -> ~/planck/dev/e006/experiments/E006_three_objects/transcripts/HuggingFaceTB__SmolLM2-135M-Instruct__e005w2__greedy.jsonl.partial
chat_e006 DONE e005w2: 53 conversations, weights_sha256=4ef6230afd4d6c97 -> transcripts/HuggingFaceTB__SmolLM2-135M-Instruct__e005w2__greedy.jsonl
