
Loading weights:   0%|          | 0/272 [00:00<?, ?it/s]
Loading weights: 100%|██████████| 272/272 [00:00<00:00, 3237.39it/s]
loaded ../weights/HuggingFaceTB__SmolLM2-135M-Instruct__G1 params=134.5M device=cuda eos=[2] in 0.6s
[     8s] seed=None R_d2_name                  1/1 tok=475
[    11s] seed=None R_d2_name__ctrl            1/1 tok=61
[    12s] seed=None R_d2_number                1/1 tok=134
[    12s] seed=None R_d2_number__ctrl          1/1 tok=52
[    14s] seed=None R_d4_pet                   1/1 tok=239
[    15s] seed=None R_d4_pet__ctrl             1/1 tok=51
[    16s] seed=None R_d4_city                  1/1 tok=200
[    16s] seed=None R_d4_city__ctrl            1/1 tok=49
[    18s] seed=None R_d6_name                  1/1 tok=248
[    18s] seed=None R_d6_name__ctrl            1/1 tok=49
[    31s] seed=None R_d6_number                1/1 tok=834
[    31s] seed=None R_d6_number__ctrl          0/1 tok=57
[    33s] seed=None R_d10_pet                  1/1 tok=334
[    33s] seed=None R_d10_pet__ctrl            1/1 tok=49
[    40s] seed=None R_d5_multi                 1/3 tok=522
[    41s] seed=None R_d5_multi__ctrl           1/3 tok=68
[    41s] seed=None F_ellipsis_capital         2/2 tok=60
[    41s] seed=None F_ellipsis_capital__ctrl   1/1 tok=37
[    47s] seed=None F_translate                0/2 tok=216
[    50s] seed=None F_translate__ctrl          0/1 tok=41
[    56s] seed=None F_coref_she                0/1 tok=221
[    57s] seed=None F_coref_she__ctrl          0/1 tok=50
[    61s] seed=None F_whynot                   1/1 tok=162
[    64s] seed=None F_whynot__ctrl             1/1 tok=42
[    66s] seed=None F_shorter                  1/1 tok=114
[    66s] seed=None F_shorter__ctrl            0/1 tok=42
[    68s] seed=None I_one_sentence             1/3 tok=144
[    69s] seed=None I_one_sentence__ctrl       0/1 tok=40
[    71s] seed=None I_end_question             0/3 tok=165
[    71s] seed=None I_end_question__ctrl       1/1 tok=52
[    76s] seed=None I_caps                     0/3 tok=278
[    79s] seed=None I_caps__ctrl               0/1 tok=42
[    88s] seed=None I_persona                  1/5 tok=572
[    88s] seed=None I_persona__ctrl            1/2 tok=38
[    89s] seed=None K_day                      1/1 tok=141
[    89s] seed=None K_day__ctrl                1/1 tok=62
[    92s] seed=None K_time                     1/1 tok=244
[    95s] seed=None K_time__ctrl               1/1 tok=64
[    97s] seed=None K_color                    1/1 tok=148
[    97s] seed=None K_color__ctrl              1/1 tok=60
[    98s] seed=None O_second_item              0/1 tok=117
[    99s] seed=None O_last_item                0/1 tok=104
[    99s] seed=None O_add10                    1/2 tok=70
[    99s] seed=None O_add10__ctrl              0/1 tok=44
[   102s] seed=None RI_identity                0/2 tok=190
[   108s] seed=None RI_binding                 0/1 tok=359
[   108s] seed=None RI_binding__ctrl           1/1 tok=47
[   110s] seed=None T_party                    0/1 tok=187
[   112s] seed=None T_party__ctrl              0/1 tok=62
[   115s] seed=None T_dragon                   1/2 tok=239
[   118s] seed=None T_dragon__ctrl             2/2 tok=62
[   141s] seed=None L_tell_more                0/0 tok=1108
[   157s] seed=None L_chitchat                 0/1 tok=1015
done ../weights/HuggingFaceTB__SmolLM2-135M-Instruct__G1 in 157s -> ~/planck/dev/e006/experiments/E006_three_objects/transcripts/HuggingFaceTB__SmolLM2-135M-Instruct__G1__greedy.jsonl.partial
chat_e006 DONE G1: 53 conversations, weights_sha256=a23aabbb3e9666aa -> transcripts/HuggingFaceTB__SmolLM2-135M-Instruct__G1__greedy.jsonl
