
Loading weights:   0%|          | 0/272 [00:00<?, ?it/s]
Loading weights: 100%|██████████| 272/272 [00:00<00:00, 3819.91it/s]
loaded ../weights/HuggingFaceTB__SmolLM2-135M-Instruct__P2 params=134.5M device=cuda eos=[2] in 0.5s
[    10s] seed=None R_d2_name                  0/1 tok=513
[    13s] seed=None R_d2_name__ctrl            1/1 tok=61
[    14s] seed=None R_d2_number                1/1 tok=116
[    16s] seed=None R_d2_number__ctrl          1/1 tok=52
[    17s] seed=None R_d4_pet                   1/1 tok=173
[    17s] seed=None R_d4_pet__ctrl             1/1 tok=51
[    25s] seed=None R_d4_city                  0/1 tok=511
[    25s] seed=None R_d4_city__ctrl            1/1 tok=49
[    27s] seed=None R_d6_name                  1/1 tok=246
[    27s] seed=None R_d6_name__ctrl            1/1 tok=49
[    41s] seed=None R_d6_number                0/1 tok=938
[    41s] seed=None R_d6_number__ctrl          1/1 tok=57
[    42s] seed=None R_d10_pet                  1/1 tok=321
[    42s] seed=None R_d10_pet__ctrl            1/1 tok=49
[    48s] seed=None R_d5_multi                 0/3 tok=594
[    51s] seed=None R_d5_multi__ctrl           1/3 tok=68
[    51s] seed=None F_ellipsis_capital         2/2 tok=60
[    51s] seed=None F_ellipsis_capital__ctrl   1/1 tok=37
[    51s] seed=None F_translate                1/2 tok=70
[    52s] seed=None F_translate__ctrl          0/1 tok=41
[    52s] seed=None F_coref_she                0/1 tok=66
[    54s] seed=None F_coref_she__ctrl          0/1 tok=50
[    55s] seed=None F_whynot                   0/1 tok=77
[    57s] seed=None F_whynot__ctrl             0/1 tok=42
[    57s] seed=None F_shorter                  1/1 tok=63
[    57s] seed=None F_shorter__ctrl            0/1 tok=42
[    67s] seed=None I_one_sentence             0/3 tok=567
[    67s] seed=None I_one_sentence__ctrl       1/1 tok=40
[    68s] seed=None I_end_question             0/3 tok=129
[    68s] seed=None I_end_question__ctrl       0/1 tok=52
[    68s] seed=None I_caps                     0/3 tok=116
[    69s] seed=None I_caps__ctrl               0/1 tok=42
[    78s] seed=None I_persona                  1/5 tok=570
[    78s] seed=None I_persona__ctrl            1/2 tok=38
[    78s] seed=None K_day                      1/1 tok=118
[    79s] seed=None K_day__ctrl                1/1 tok=62
[    79s] seed=None K_time                     0/1 tok=123
[    80s] seed=None K_time__ctrl               1/1 tok=64
[    80s] seed=None K_color                    1/1 tok=116
[    80s] seed=None K_color__ctrl              1/1 tok=60
[    80s] seed=None O_second_item              0/1 tok=75
[    81s] seed=None O_last_item                0/1 tok=72
[    81s] seed=None O_add10                    0/2 tok=64
[    81s] seed=None O_add10__ctrl              0/1 tok=44
[    88s] seed=None RI_identity                1/2 tok=401
[    88s] seed=None RI_binding                 0/1 tok=93
[    89s] seed=None RI_binding__ctrl           1/1 tok=47
[    89s] seed=None T_party                    0/1 tok=140
[    90s] seed=None T_party__ctrl              0/1 tok=62
[    99s] seed=None T_dragon                   0/2 tok=606
[   102s] seed=None T_dragon__ctrl             1/2 tok=62
[   124s] seed=None L_tell_more                0/0 tok=1108
[   142s] seed=None L_chitchat                 0/1 tok=1146
done ../weights/HuggingFaceTB__SmolLM2-135M-Instruct__P2 in 142s -> ~/planck/dev/e006/experiments/E006_three_objects/transcripts/HuggingFaceTB__SmolLM2-135M-Instruct__P2__greedy.jsonl.partial
chat_e006 DONE P2: 53 conversations, weights_sha256=764bf1aeb8159fd0 -> transcripts/HuggingFaceTB__SmolLM2-135M-Instruct__P2__greedy.jsonl
