
Loading weights:   0%|          | 0/272 [00:00<?, ?it/s]
Loading weights: 100%|██████████| 272/272 [00:00<00:00, 3791.36it/s]
loaded ../weights/HuggingFaceTB__SmolLM2-135M-Instruct__P4 params=134.5M device=cuda eos=[2] in 0.5s
[    10s] seed=None R_d2_name                  0/1 tok=513
[    12s] seed=None R_d2_name__ctrl            1/1 tok=61
[    21s] seed=None R_d2_number                1/1 tok=497
[    21s] seed=None R_d2_number__ctrl          1/1 tok=52
[    35s] seed=None R_d4_pet                   1/1 tok=778
[    35s] seed=None R_d4_pet__ctrl             1/1 tok=51
[    48s] seed=None R_d4_city                  1/1 tok=777
[    48s] seed=None R_d4_city__ctrl            1/1 tok=49
[    62s] seed=None R_d6_name                  0/1 tok=925
[    65s] seed=None R_d6_name__ctrl            1/1 tok=49
[    81s] seed=None R_d6_number                0/1 tok=1063
[    81s] seed=None R_d6_number__ctrl          1/1 tok=57
[    83s] seed=None R_d10_pet                  1/1 tok=336
[    83s] seed=None R_d10_pet__ctrl            1/1 tok=49
[    84s] seed=None R_d5_multi                 1/3 tok=249
[    87s] seed=None R_d5_multi__ctrl           1/3 tok=68
[    87s] seed=None F_ellipsis_capital         2/2 tok=60
[    87s] seed=None F_ellipsis_capital__ctrl   1/1 tok=37
[    87s] seed=None F_translate                1/2 tok=70
[    88s] seed=None F_translate__ctrl          0/1 tok=41
[    92s] seed=None F_coref_she                0/1 tok=221
[    95s] seed=None F_coref_she__ctrl          0/1 tok=50
[    95s] seed=None F_whynot                   0/1 tok=66
[    95s] seed=None F_whynot__ctrl             0/1 tok=42
[    96s] seed=None F_shorter                  1/1 tok=87
[    96s] seed=None F_shorter__ctrl            1/1 tok=42
[   104s] seed=None I_one_sentence             1/3 tok=414
[   104s] seed=None I_one_sentence__ctrl       1/1 tok=40
[   104s] seed=None I_end_question             0/3 tok=120
[   107s] seed=None I_end_question__ctrl       0/1 tok=52
[   116s] seed=None I_caps                     0/3 tok=575
[   116s] seed=None I_caps__ctrl               0/1 tok=42
[   125s] seed=None I_persona                  0/5 tok=570
[   128s] seed=None I_persona__ctrl            1/2 tok=38
[   128s] seed=None K_day                      1/1 tok=136
[   129s] seed=None K_day__ctrl                1/1 tok=62
[   129s] seed=None K_time                     0/1 tok=132
[   130s] seed=None K_time__ctrl               1/1 tok=64
[   130s] seed=None K_color                    1/1 tok=118
[   130s] seed=None K_color__ctrl              1/1 tok=60
[   130s] seed=None O_second_item              0/1 tok=75
[   131s] seed=None O_last_item                0/1 tok=73
[   131s] seed=None O_add10                    0/2 tok=74
[   134s] seed=None O_add10__ctrl              0/1 tok=44
[   135s] seed=None RI_identity                1/2 tok=120
[   135s] seed=None RI_binding                 1/1 tok=99
[   138s] seed=None RI_binding__ctrl           1/1 tok=47
[   139s] seed=None T_party                    0/1 tok=159
[   141s] seed=None T_party__ctrl              0/1 tok=62
[   152s] seed=None T_dragon                   1/2 tok=606
[   153s] seed=None T_dragon__ctrl             2/2 tok=62
[   172s] seed=None L_tell_more                0/0 tok=1108
[   191s] seed=None L_chitchat                 0/1 tok=1146
done ../weights/HuggingFaceTB__SmolLM2-135M-Instruct__P4 in 191s -> ~/planck/dev/e006/experiments/E006_three_objects/transcripts/HuggingFaceTB__SmolLM2-135M-Instruct__P4__greedy.jsonl.partial
chat_e006 DONE P4: 53 conversations, weights_sha256=2a41496d6848c384 -> transcripts/HuggingFaceTB__SmolLM2-135M-Instruct__P4__greedy.jsonl
