
Loading weights:   0%|          | 0/272 [00:00<?, ?it/s]
Loading weights: 100%|██████████| 272/272 [00:00<00:00, 3036.43it/s]
loaded ../weights/HuggingFaceTB__SmolLM2-135M-Instruct__C2 params=134.5M device=cuda eos=[2] in 0.6s
[     3s] seed=None R_d2_name                  0/1 tok=162
[     3s] seed=None R_d2_name__ctrl            1/1 tok=61
[     4s] seed=None R_d2_number                1/1 tok=117
[     4s] seed=None R_d2_number__ctrl          0/1 tok=52
[     5s] seed=None R_d4_pet                   0/1 tok=170
[     5s] seed=None R_d4_pet__ctrl             1/1 tok=51
[     7s] seed=None R_d4_city                  1/1 tok=203
[     7s] seed=None R_d4_city__ctrl            1/1 tok=49
[     8s] seed=None R_d6_name                  1/1 tok=238
[     8s] seed=None R_d6_name__ctrl            1/1 tok=49
[    10s] seed=None R_d6_number                1/1 tok=257
[    11s] seed=None R_d6_number__ctrl          1/1 tok=57
[    12s] seed=None R_d10_pet                  1/1 tok=321
[    13s] seed=None R_d10_pet__ctrl            1/1 tok=49
[    14s] seed=None R_d5_multi                 1/3 tok=220
[    16s] seed=None R_d5_multi__ctrl           1/3 tok=68
[    17s] seed=None F_ellipsis_capital         2/2 tok=60
[    17s] seed=None F_ellipsis_capital__ctrl   1/1 tok=37
[    17s] seed=None F_translate                1/2 tok=74
[    18s] seed=None F_translate__ctrl          0/1 tok=41
[    18s] seed=None F_coref_she                0/1 tok=83
[    19s] seed=None F_coref_she__ctrl          0/1 tok=50
[    25s] seed=None F_whynot                   0/1 tok=215
[    25s] seed=None F_whynot__ctrl             0/1 tok=42
[    26s] seed=None F_shorter                  1/1 tok=98
[    27s] seed=None F_shorter__ctrl            1/1 tok=42
[    39s] seed=None I_one_sentence             0/3 tok=567
[    39s] seed=None I_one_sentence__ctrl       1/1 tok=40
[    40s] seed=None I_end_question             0/3 tok=119
[    43s] seed=None I_end_question__ctrl       0/1 tok=52
[    53s] seed=None I_caps                     0/3 tok=575
[    53s] seed=None I_caps__ctrl               0/1 tok=42
[    62s] seed=None I_persona                  0/5 tok=572
[    62s] seed=None I_persona__ctrl            1/2 tok=38
[    63s] seed=None K_day                      1/1 tok=122
[    63s] seed=None K_day__ctrl                1/1 tok=62
[    64s] seed=None K_time                     1/1 tok=129
[    64s] seed=None K_time__ctrl               1/1 tok=64
[    65s] seed=None K_color                    1/1 tok=118
[    67s] seed=None K_color__ctrl              1/1 tok=60
[    67s] seed=None O_second_item              0/1 tok=75
[    67s] seed=None O_last_item                0/1 tok=78
[    68s] seed=None O_add10                    0/2 tok=64
[    68s] seed=None O_add10__ctrl              0/1 tok=44
[    69s] seed=None RI_identity                1/2 tok=117
[    69s] seed=None RI_binding                 1/1 tok=100
[    72s] seed=None RI_binding__ctrl           1/1 tok=47
[    73s] seed=None T_party                    0/1 tok=151
[    73s] seed=None T_party__ctrl              0/1 tok=62
[    74s] seed=None T_dragon                   1/2 tok=173
[    75s] seed=None T_dragon__ctrl             2/2 tok=62
[    95s] seed=None L_tell_more                0/0 tok=1108
[    96s] seed=None L_chitchat                 0/1 tok=202
done ../weights/HuggingFaceTB__SmolLM2-135M-Instruct__C2 in 96s -> ~/planck/dev/e006/experiments/E006_three_objects/transcripts/HuggingFaceTB__SmolLM2-135M-Instruct__C2__greedy.jsonl.partial
chat_e006 DONE C2: 53 conversations, weights_sha256=641b454dc62056da -> transcripts/HuggingFaceTB__SmolLM2-135M-Instruct__C2__greedy.jsonl
