
Loading weights:   0%|          | 0/272 [00:00<?, ?it/s]
Loading weights: 100%|██████████| 272/272 [00:00<00:00, 3656.36it/s]
loaded ../weights/HuggingFaceTB__SmolLM2-135M-Instruct__P3 params=134.5M device=cuda eos=[2] in 0.6s
[    10s] seed=None R_d2_name                  0/1 tok=511
[    10s] seed=None R_d2_name__ctrl            1/1 tok=61
[    10s] seed=None R_d2_number                1/1 tok=113
[    11s] seed=None R_d2_number__ctrl          1/1 tok=52
[    11s] seed=None R_d4_pet                   1/1 tok=171
[    12s] seed=None R_d4_pet__ctrl             1/1 tok=51
[    12s] seed=None R_d4_city                  1/1 tok=171
[    15s] seed=None R_d4_city__ctrl            1/1 tok=49
[    16s] seed=None R_d6_name                  0/1 tok=276
[    16s] seed=None R_d6_name__ctrl            1/1 tok=49
[    17s] seed=None R_d6_number                0/1 tok=233
[    18s] seed=None R_d6_number__ctrl          1/1 tok=57
[    19s] seed=None R_d10_pet                  0/1 tok=333
[    21s] seed=None R_d10_pet__ctrl            1/1 tok=49
[    22s] seed=None R_d5_multi                 1/3 tok=213
[    25s] seed=None R_d5_multi__ctrl           1/3 tok=68
[    25s] seed=None F_ellipsis_capital         2/2 tok=60
[    25s] seed=None F_ellipsis_capital__ctrl   1/1 tok=37
[    25s] seed=None F_translate                1/2 tok=70
[    26s] seed=None F_translate__ctrl          0/1 tok=41
[    30s] seed=None F_coref_she                0/1 tok=221
[    33s] seed=None F_coref_she__ctrl          0/1 tok=50
[    33s] seed=None F_whynot                   0/1 tok=61
[    35s] seed=None F_whynot__ctrl             0/1 tok=42
[    36s] seed=None F_shorter                  0/1 tok=66
[    36s] seed=None F_shorter__ctrl            0/1 tok=42
[    36s] seed=None I_one_sentence             3/3 tok=110
[    36s] seed=None I_one_sentence__ctrl       1/1 tok=40
[    37s] seed=None I_end_question             0/3 tok=134
[    37s] seed=None I_end_question__ctrl       0/1 tok=52
[    48s] seed=None I_caps                     0/3 tok=575
[    48s] seed=None I_caps__ctrl               0/1 tok=42
[    57s] seed=None I_persona                  1/5 tok=566
[    57s] seed=None I_persona__ctrl            1/2 tok=38
[    57s] seed=None K_day                      1/1 tok=118
[    57s] seed=None K_day__ctrl                1/1 tok=62
[    58s] seed=None K_time                     0/1 tok=133
[    59s] seed=None K_time__ctrl               1/1 tok=64
[    59s] seed=None K_color                    1/1 tok=119
[    62s] seed=None K_color__ctrl              1/1 tok=60
[    62s] seed=None O_second_item              0/1 tok=75
[    63s] seed=None O_last_item                0/1 tok=72
[    63s] seed=None O_add10                    1/2 tok=65
[    63s] seed=None O_add10__ctrl              0/1 tok=44
[    72s] seed=None RI_identity                1/2 tok=403
[    79s] seed=None RI_binding                 0/1 tok=357
[    79s] seed=None RI_binding__ctrl           1/1 tok=47
[    80s] seed=None T_party                    0/1 tok=151
[    83s] seed=None T_party__ctrl              0/1 tok=62
[    94s] seed=None T_dragon                   1/2 tok=606
[    96s] seed=None T_dragon__ctrl             0/2 tok=62
[   115s] seed=None L_tell_more                0/0 tok=1108
[   134s] seed=None L_chitchat                 0/1 tok=1142
done ../weights/HuggingFaceTB__SmolLM2-135M-Instruct__P3 in 134s -> ~/planck/dev/e006/experiments/E006_three_objects/transcripts/HuggingFaceTB__SmolLM2-135M-Instruct__P3__greedy.jsonl.partial
chat_e006 DONE P3: 53 conversations, weights_sha256=25bfda881792395d -> transcripts/HuggingFaceTB__SmolLM2-135M-Instruct__P3__greedy.jsonl
