
Loading weights:   0%|          | 0/272 [00:00<?, ?it/s]
Loading weights: 100%|██████████| 272/272 [00:00<00:00, 2861.40it/s]
loaded ../../E005_alias_eot/weights/HuggingFaceTB__SmolLM2-135M-Instruct__s3 params=134.5M device=cuda eos=[2] in 0.7s
[    15s] seed=None R_d2_name                  0/1 tok=511
[    18s] seed=None R_d2_name__ctrl            1/1 tok=61
[    19s] seed=None R_d2_number                0/1 tok=124
[    20s] seed=None R_d2_number__ctrl          1/1 tok=52
[    21s] seed=None R_d4_pet                   1/1 tok=187
[    22s] seed=None R_d4_pet__ctrl             1/1 tok=51
[    23s] seed=None R_d4_city                  1/1 tok=178
[    23s] seed=None R_d4_city__ctrl            1/1 tok=49
[    47s] seed=None R_d6_name                  0/1 tok=1052
[    50s] seed=None R_d6_name__ctrl            1/1 tok=49
[    74s] seed=None R_d6_number                0/1 tok=1055
[    78s] seed=None R_d6_number__ctrl          1/1 tok=57
[    80s] seed=None R_d10_pet                  1/1 tok=330
[    80s] seed=None R_d10_pet__ctrl            1/1 tok=49
[    82s] seed=None R_d5_multi                 1/3 tok=228
[    86s] seed=None R_d5_multi__ctrl           1/3 tok=68
[    86s] seed=None F_ellipsis_capital         2/2 tok=60
[    86s] seed=None F_ellipsis_capital__ctrl   1/1 tok=37
[    87s] seed=None F_translate                1/2 tok=71
[    87s] seed=None F_translate__ctrl          0/1 tok=41
[    94s] seed=None F_coref_she                0/1 tok=221
[    98s] seed=None F_coref_she__ctrl          0/1 tok=50
[    99s] seed=None F_whynot                   0/1 tok=86
[   102s] seed=None F_whynot__ctrl             0/1 tok=42
[   104s] seed=None F_shorter                  1/1 tok=120
[   105s] seed=None F_shorter__ctrl            1/1 tok=42
[   106s] seed=None I_one_sentence             2/3 tok=128
[   106s] seed=None I_one_sentence__ctrl       1/1 tok=40
[   110s] seed=None I_end_question             0/3 tok=121
[   111s] seed=None I_end_question__ctrl       0/1 tok=52
[   124s] seed=None I_caps                     0/3 tok=578
[   125s] seed=None I_caps__ctrl               0/1 tok=42
[   138s] seed=None I_persona                  1/5 tok=568
[   139s] seed=None I_persona__ctrl            1/2 tok=38
[   149s] seed=None K_day                      1/1 tok=393
[   153s] seed=None K_day__ctrl                1/1 tok=62
[   154s] seed=None K_time                     0/1 tok=133
[   154s] seed=None K_time__ctrl               1/1 tok=64
[   155s] seed=None K_color                    1/1 tok=133
[   159s] seed=None K_color__ctrl              1/1 tok=60
[   159s] seed=None O_second_item              0/1 tok=75
[   160s] seed=None O_last_item                0/1 tok=73
[   167s] seed=None O_add10                    0/2 tok=216
[   168s] seed=None O_add10__ctrl              0/1 tok=44
[   169s] seed=None RI_identity                1/2 tok=115
[   170s] seed=None RI_binding                 1/1 tok=100
[   170s] seed=None RI_binding__ctrl           1/1 tok=47
[   184s] seed=None T_party                    0/1 tok=597
[   188s] seed=None T_party__ctrl              0/1 tok=62
[   190s] seed=None T_dragon                   1/2 tok=184
[   193s] seed=None T_dragon__ctrl             1/2 tok=62
[   220s] seed=None L_tell_more                0/0 tok=1100
[   247s] seed=None L_chitchat                 0/1 tok=1144
done ../../E005_alias_eot/weights/HuggingFaceTB__SmolLM2-135M-Instruct__s3 in 247s -> ~/planck/dev/e006/experiments/E006_three_objects/transcripts/HuggingFaceTB__SmolLM2-135M-Instruct__e005w3__greedy.jsonl.partial
chat_e006 DONE e005w3: 53 conversations, weights_sha256=aa5f99f15d644f88 -> transcripts/HuggingFaceTB__SmolLM2-135M-Instruct__e005w3__greedy.jsonl
