
Loading weights:   0%|          | 0/272 [00:00<?, ?it/s]
Loading weights: 100%|██████████| 272/272 [00:00<00:00, 3466.56it/s]
loaded ../weights/HuggingFaceTB__SmolLM2-135M-Instruct__C5 params=134.5M device=cuda eos=[2] in 0.5s
[    10s] seed=None R_d2_name                  1/1 tok=513
[    10s] seed=None R_d2_name__ctrl            1/1 tok=61
[    11s] seed=None R_d2_number                1/1 tok=134
[    11s] seed=None R_d2_number__ctrl          1/1 tok=52
[    12s] seed=None R_d4_pet                   0/1 tok=179
[    13s] seed=None R_d4_pet__ctrl             1/1 tok=51
[    14s] seed=None R_d4_city                  1/1 tok=188
[    14s] seed=None R_d4_city__ctrl            1/1 tok=49
[    15s] seed=None R_d6_name                  0/1 tok=258
[    18s] seed=None R_d6_name__ctrl            1/1 tok=49
[    36s] seed=None R_d6_number                0/1 tok=1054
[    39s] seed=None R_d6_number__ctrl          1/1 tok=57
[    41s] seed=None R_d10_pet                  1/1 tok=333
[    41s] seed=None R_d10_pet__ctrl            1/1 tok=49
[    42s] seed=None R_d5_multi                 0/3 tok=231
[    45s] seed=None R_d5_multi__ctrl           1/3 tok=68
[    46s] seed=None F_ellipsis_capital         2/2 tok=60
[    46s] seed=None F_ellipsis_capital__ctrl   1/1 tok=37
[    47s] seed=None F_translate                1/2 tok=76
[    47s] seed=None F_translate__ctrl          0/1 tok=41
[    53s] seed=None F_coref_she                0/1 tok=221
[    55s] seed=None F_coref_she__ctrl          0/1 tok=50
[    56s] seed=None F_whynot                   0/1 tok=85
[    58s] seed=None F_whynot__ctrl             0/1 tok=42
[    63s] seed=None F_shorter                  0/1 tok=216
[    63s] seed=None F_shorter__ctrl            1/1 tok=42
[    71s] seed=None I_one_sentence             1/3 tok=414
[    71s] seed=None I_one_sentence__ctrl       0/1 tok=40
[    81s] seed=None I_end_question             0/3 tok=581
[    82s] seed=None I_end_question__ctrl       0/1 tok=52
[    82s] seed=None I_caps                     0/3 tok=116
[    82s] seed=None I_caps__ctrl               0/1 tok=42
[    93s] seed=None I_persona                  0/5 tok=572
[    93s] seed=None I_persona__ctrl            0/2 tok=38
[   101s] seed=None K_day                      1/1 tok=402
[   104s] seed=None K_day__ctrl                1/1 tok=62
[   110s] seed=None K_time                     0/1 tok=427
[   110s] seed=None K_time__ctrl               1/1 tok=64
[   111s] seed=None K_color                    1/1 tok=130
[   111s] seed=None K_color__ctrl              1/1 tok=60
[   113s] seed=None O_second_item              0/1 tok=190
[   113s] seed=None O_last_item                0/1 tok=72
[   116s] seed=None O_add10                    0/2 tok=216
[   118s] seed=None O_add10__ctrl              0/1 tok=44
[   126s] seed=None RI_identity                1/2 tok=399
[   126s] seed=None RI_binding                 1/1 tok=112
[   129s] seed=None RI_binding__ctrl           1/1 tok=47
[   130s] seed=None T_party                    0/1 tok=183
[   132s] seed=None T_party__ctrl              0/1 tok=62
[   133s] seed=None T_dragon                   1/2 tok=162
[   136s] seed=None T_dragon__ctrl             1/2 tok=62
[   154s] seed=None L_tell_more                0/0 tok=1107
[   173s] seed=None L_chitchat                 0/1 tok=1146
done ../weights/HuggingFaceTB__SmolLM2-135M-Instruct__C5 in 173s -> ~/planck/dev/e006/experiments/E006_three_objects/transcripts/HuggingFaceTB__SmolLM2-135M-Instruct__C5__greedy.jsonl.partial
chat_e006 DONE C5: 53 conversations, weights_sha256=444f2236a22ba364 -> transcripts/HuggingFaceTB__SmolLM2-135M-Instruct__C5__greedy.jsonl
