
Loading weights:   0%|          | 0/272 [00:00<?, ?it/s]
Loading weights: 100%|██████████| 272/272 [00:00<00:00, 3675.20it/s]
loaded ../weights/HuggingFaceTB__SmolLM2-135M-Instruct__C3 params=134.5M device=cuda eos=[2] in 0.6s
[    10s] seed=None R_d2_name                  0/1 tok=511
[    13s] seed=None R_d2_name__ctrl            1/1 tok=61
[    14s] seed=None R_d2_number                0/1 tok=124
[    14s] seed=None R_d2_number__ctrl          1/1 tok=52
[    15s] seed=None R_d4_pet                   1/1 tok=187
[    15s] seed=None R_d4_pet__ctrl             1/1 tok=51
[    16s] seed=None R_d4_city                  1/1 tok=178
[    16s] seed=None R_d4_city__ctrl            1/1 tok=49
[    33s] seed=None R_d6_name                  0/1 tok=1052
[    36s] seed=None R_d6_name__ctrl            1/1 tok=49
[    53s] seed=None R_d6_number                0/1 tok=1055
[    55s] seed=None R_d6_number__ctrl          1/1 tok=57
[    57s] seed=None R_d10_pet                  1/1 tok=330
[    57s] seed=None R_d10_pet__ctrl            1/1 tok=49
[    58s] seed=None R_d5_multi                 1/3 tok=228
[    61s] seed=None R_d5_multi__ctrl           1/3 tok=68
[    61s] seed=None F_ellipsis_capital         2/2 tok=60
[    61s] seed=None F_ellipsis_capital__ctrl   1/1 tok=37
[    61s] seed=None F_translate                1/2 tok=71
[    62s] seed=None F_translate__ctrl          0/1 tok=41
[    67s] seed=None F_coref_she                0/1 tok=221
[    69s] seed=None F_coref_she__ctrl          0/1 tok=50
[    70s] seed=None F_whynot                   0/1 tok=86
[    72s] seed=None F_whynot__ctrl             0/1 tok=42
[    74s] seed=None F_shorter                  1/1 tok=120
[    74s] seed=None F_shorter__ctrl            1/1 tok=42
[    75s] seed=None I_one_sentence             2/3 tok=128
[    75s] seed=None I_one_sentence__ctrl       1/1 tok=40
[    78s] seed=None I_end_question             0/3 tok=121
[    78s] seed=None I_end_question__ctrl       0/1 tok=52
[    88s] seed=None I_caps                     0/3 tok=578
[    88s] seed=None I_caps__ctrl               0/1 tok=42
[    97s] seed=None I_persona                  1/5 tok=568
[    97s] seed=None I_persona__ctrl            1/2 tok=38
[   104s] seed=None K_day                      1/1 tok=393
[   107s] seed=None K_day__ctrl                1/1 tok=62
[   107s] seed=None K_time                     0/1 tok=133
[   108s] seed=None K_time__ctrl               1/1 tok=64
[   108s] seed=None K_color                    1/1 tok=133
[   111s] seed=None K_color__ctrl              1/1 tok=60
[   111s] seed=None O_second_item              0/1 tok=75
[   111s] seed=None O_last_item                0/1 tok=73
[   117s] seed=None O_add10                    0/2 tok=216
[   118s] seed=None O_add10__ctrl              0/1 tok=44
[   119s] seed=None RI_identity                1/2 tok=115
[   119s] seed=None RI_binding                 1/1 tok=100
[   120s] seed=None RI_binding__ctrl           1/1 tok=47
[   131s] seed=None T_party                    0/1 tok=597
[   133s] seed=None T_party__ctrl              0/1 tok=62
[   135s] seed=None T_dragon                   1/2 tok=184
[   137s] seed=None T_dragon__ctrl             1/2 tok=62
[   155s] seed=None L_tell_more                0/0 tok=1100
[   173s] seed=None L_chitchat                 0/1 tok=1144
done ../weights/HuggingFaceTB__SmolLM2-135M-Instruct__C3 in 173s -> ~/planck/dev/e006/experiments/E006_three_objects/transcripts/HuggingFaceTB__SmolLM2-135M-Instruct__C3__greedy.jsonl.partial
chat_e006 DONE C3: 53 conversations, weights_sha256=514b41f319be45fd -> transcripts/HuggingFaceTB__SmolLM2-135M-Instruct__C3__greedy.jsonl
