
Loading weights:   0%|          | 0/272 [00:00<?, ?it/s]
Loading weights: 100%|██████████| 272/272 [00:00<00:00, 4071.95it/s]
loaded ../weights/HuggingFaceTB__SmolLM2-135M-Instruct__G4 params=134.5M device=cuda eos=[2] in 0.5s
[     2s] seed=None R_d2_name                  1/1 tok=176
[     4s] seed=None R_d2_name__ctrl            1/1 tok=61
[     4s] seed=None R_d2_number                0/1 tok=131
[     5s] seed=None R_d2_number__ctrl          1/1 tok=52
[     7s] seed=None R_d4_pet                   1/1 tok=248
[     7s] seed=None R_d4_pet__ctrl             1/1 tok=51
[     8s] seed=None R_d4_city                  1/1 tok=221
[     8s] seed=None R_d4_city__ctrl            1/1 tok=49
[    12s] seed=None R_d6_name                  1/1 tok=374
[    12s] seed=None R_d6_name__ctrl            1/1 tok=49
[    13s] seed=None R_d6_number                1/1 tok=238
[    13s] seed=None R_d6_number__ctrl          1/1 tok=57
[    14s] seed=None R_d10_pet                  1/1 tok=323
[    15s] seed=None R_d10_pet__ctrl            1/1 tok=49
[    21s] seed=None R_d5_multi                 1/3 tok=605
[    22s] seed=None R_d5_multi__ctrl           2/3 tok=68
[    22s] seed=None F_ellipsis_capital         2/2 tok=60
[    22s] seed=None F_ellipsis_capital__ctrl   1/1 tok=37
[    27s] seed=None F_translate                0/2 tok=216
[    29s] seed=None F_translate__ctrl          0/1 tok=41
[    30s] seed=None F_coref_she                0/1 tok=69
[    30s] seed=None F_coref_she__ctrl          0/1 tok=50
[    33s] seed=None F_whynot                   1/1 tok=215
[    36s] seed=None F_whynot__ctrl             1/1 tok=42
[    37s] seed=None F_shorter                  1/1 tok=116
[    37s] seed=None F_shorter__ctrl            0/1 tok=42
[    39s] seed=None I_one_sentence             0/3 tok=192
[    40s] seed=None I_one_sentence__ctrl       0/1 tok=40
[    41s] seed=None I_end_question             0/3 tok=147
[    42s] seed=None I_end_question__ctrl       0/1 tok=52
[    44s] seed=None I_caps                     0/3 tok=231
[    45s] seed=None I_caps__ctrl               0/1 tok=42
[    45s] seed=None I_persona                  1/5 tok=126
[    46s] seed=None I_persona__ctrl            1/2 tok=38
[    46s] seed=None K_day                      1/1 tok=133
[    46s] seed=None K_day__ctrl                1/1 tok=62
[    47s] seed=None K_time                     0/1 tok=141
[    47s] seed=None K_time__ctrl               1/1 tok=64
[    48s] seed=None K_color                    1/1 tok=150
[    48s] seed=None K_color__ctrl              1/1 tok=60
[    50s] seed=None O_second_item              0/1 tok=173
[    51s] seed=None O_last_item                0/1 tok=100
[    51s] seed=None O_add10                    1/2 tok=70
[    52s] seed=None O_add10__ctrl              0/1 tok=44
[    57s] seed=None RI_identity                0/2 tok=312
[    63s] seed=None RI_binding                 1/1 tok=359
[    63s] seed=None RI_binding__ctrl           1/1 tok=47
[    65s] seed=None T_party                    0/1 tok=183
[    67s] seed=None T_party__ctrl              1/1 tok=62
[    70s] seed=None T_dragon                   1/2 tok=311
[    72s] seed=None T_dragon__ctrl             2/2 tok=62
[    82s] seed=None L_tell_more                0/0 tok=549
[    85s] seed=None L_chitchat                 0/1 tok=330
done ../weights/HuggingFaceTB__SmolLM2-135M-Instruct__G4 in 85s -> ~/planck/dev/e006/experiments/E006_three_objects/transcripts/HuggingFaceTB__SmolLM2-135M-Instruct__G4__greedy.jsonl.partial
chat_e006 DONE G4: 53 conversations, weights_sha256=0fa2b48afcdc3c6c -> transcripts/HuggingFaceTB__SmolLM2-135M-Instruct__G4__greedy.jsonl
