
Loading weights:   0%|          | 0/272 [00:00<?, ?it/s]
Loading weights:  58%|█████▊    | 158/272 [00:00<00:00, 1566.99it/s]
Loading weights: 100%|██████████| 272/272 [00:00<00:00, 1861.74it/s]
loaded ../weights/HuggingFaceTB__SmolLM2-135M-Instruct__G2 params=134.5M device=cuda eos=[2] in 0.6s
[     7s] seed=None R_d2_name                  1/1 tok=342
[     7s] seed=None R_d2_name__ctrl            1/1 tok=61
[     8s] seed=None R_d2_number                1/1 tok=133
[     8s] seed=None R_d2_number__ctrl          1/1 tok=52
[     9s] seed=None R_d4_pet                   1/1 tok=212
[    10s] seed=None R_d4_pet__ctrl             1/1 tok=51
[    18s] seed=None R_d4_city                  1/1 tok=672
[    18s] seed=None R_d4_city__ctrl            1/1 tok=49
[    19s] seed=None R_d6_name                  1/1 tok=245
[    19s] seed=None R_d6_name__ctrl            1/1 tok=49
[    25s] seed=None R_d6_number                1/1 tok=553
[    26s] seed=None R_d6_number__ctrl          1/1 tok=57
[    27s] seed=None R_d10_pet                  1/1 tok=340
[    27s] seed=None R_d10_pet__ctrl            1/1 tok=49
[    31s] seed=None R_d5_multi                 3/3 tok=421
[    32s] seed=None R_d5_multi__ctrl           2/3 tok=68
[    32s] seed=None F_ellipsis_capital         2/2 tok=60
[    32s] seed=None F_ellipsis_capital__ctrl   1/1 tok=37
[    37s] seed=None F_translate                1/2 tok=216
[    40s] seed=None F_translate__ctrl          0/1 tok=41
[    42s] seed=None F_coref_she                1/1 tok=221
[    44s] seed=None F_coref_she__ctrl          0/1 tok=50
[    49s] seed=None F_whynot                   1/1 tok=215
[    51s] seed=None F_whynot__ctrl             1/1 tok=42
[    53s] seed=None F_shorter                  1/1 tok=151
[    54s] seed=None F_shorter__ctrl            0/1 tok=42
[    58s] seed=None I_one_sentence             0/3 tok=245
[    59s] seed=None I_one_sentence__ctrl       0/1 tok=40
[    59s] seed=None I_end_question             0/3 tok=121
[    62s] seed=None I_end_question__ctrl       0/1 tok=52
[    63s] seed=None I_caps                     0/3 tok=190
[    65s] seed=None I_caps__ctrl               0/1 tok=42
[    66s] seed=None I_persona                  1/5 tok=154
[    67s] seed=None I_persona__ctrl            1/2 tok=38
[    67s] seed=None K_day                      1/1 tok=126
[    67s] seed=None K_day__ctrl                1/1 tok=62
[    68s] seed=None K_time                     1/1 tok=142
[    68s] seed=None K_time__ctrl               1/1 tok=64
[    69s] seed=None K_color                    1/1 tok=140
[    69s] seed=None K_color__ctrl              1/1 tok=60
[    71s] seed=None O_second_item              1/1 tok=188
[    72s] seed=None O_last_item                0/1 tok=102
[    72s] seed=None O_add10                    1/2 tok=70
[    72s] seed=None O_add10__ctrl              0/1 tok=44
[    75s] seed=None RI_identity                0/2 tok=194
[    80s] seed=None RI_binding                 1/1 tok=358
[    80s] seed=None RI_binding__ctrl           1/1 tok=47
[    81s] seed=None T_party                    0/1 tok=187
[    82s] seed=None T_party__ctrl              0/1 tok=62
[    85s] seed=None T_dragon                   1/2 tok=311
[    88s] seed=None T_dragon__ctrl             2/2 tok=62
[   108s] seed=None L_tell_more                0/0 tok=1108
[   115s] seed=None L_chitchat                 0/1 tok=592
done ../weights/HuggingFaceTB__SmolLM2-135M-Instruct__G2 in 115s -> ~/planck/dev/e006/experiments/E006_three_objects/transcripts/HuggingFaceTB__SmolLM2-135M-Instruct__G2__greedy.jsonl.partial
chat_e006 DONE G2: 53 conversations, weights_sha256=9a9bb3fd313647a8 -> transcripts/HuggingFaceTB__SmolLM2-135M-Instruct__G2__greedy.jsonl
