
Loading weights:   0%|          | 0/272 [00:00<?, ?it/s]
Loading weights: 100%|██████████| 272/272 [00:00<00:00, 3693.38it/s]
loaded ../weights/HuggingFaceTB__SmolLM2-135M-Instruct__P5 params=134.5M device=cuda eos=[2] in 0.5s
[    10s] seed=None R_d2_name                  0/1 tok=513
[    10s] seed=None R_d2_name__ctrl            1/1 tok=61
[    11s] seed=None R_d2_number                1/1 tok=119
[    11s] seed=None R_d2_number__ctrl          1/1 tok=52
[    12s] seed=None R_d4_pet                   1/1 tok=171
[    12s] seed=None R_d4_pet__ctrl             1/1 tok=51
[    13s] seed=None R_d4_city                  1/1 tok=173
[    13s] seed=None R_d4_city__ctrl            0/1 tok=49
[    14s] seed=None R_d6_name                  1/1 tok=228
[    16s] seed=None R_d6_name__ctrl            1/1 tok=49
[    17s] seed=None R_d6_number                0/1 tok=225
[    17s] seed=None R_d6_number__ctrl          1/1 tok=57
[    19s] seed=None R_d10_pet                  0/1 tok=317
[    19s] seed=None R_d10_pet__ctrl            1/1 tok=49
[    20s] seed=None R_d5_multi                 1/3 tok=212
[    22s] seed=None R_d5_multi__ctrl           1/3 tok=68
[    22s] seed=None F_ellipsis_capital         2/2 tok=60
[    22s] seed=None F_ellipsis_capital__ctrl   1/1 tok=37
[    23s] seed=None F_translate                0/2 tok=70
[    23s] seed=None F_translate__ctrl          0/1 tok=41
[    23s] seed=None F_coref_she                0/1 tok=67
[    23s] seed=None F_coref_she__ctrl          0/1 tok=50
[    23s] seed=None F_whynot                   0/1 tok=62
[    26s] seed=None F_whynot__ctrl             0/1 tok=42
[    27s] seed=None F_shorter                  0/1 tok=87
[    27s] seed=None F_shorter__ctrl            0/1 tok=42
[    27s] seed=None I_one_sentence             1/3 tok=115
[    30s] seed=None I_one_sentence__ctrl       0/1 tok=40
[    30s] seed=None I_end_question             0/3 tok=120
[    30s] seed=None I_end_question__ctrl       0/1 tok=52
[    40s] seed=None I_caps                     0/3 tok=575
[    40s] seed=None I_caps__ctrl               0/1 tok=42
[    50s] seed=None I_persona                  1/5 tok=571
[    52s] seed=None I_persona__ctrl            1/2 tok=38
[    53s] seed=None K_day                      1/1 tok=120
[    55s] seed=None K_day__ctrl                1/1 tok=62
[    56s] seed=None K_time                     1/1 tok=130
[    56s] seed=None K_time__ctrl               1/1 tok=64
[    57s] seed=None K_color                    1/1 tok=119
[    59s] seed=None K_color__ctrl              1/1 tok=60
[    61s] seed=None O_second_item              0/1 tok=190
[    66s] seed=None O_last_item                0/1 tok=184
[    66s] seed=None O_add10                    0/2 tok=64
[    66s] seed=None O_add10__ctrl              0/1 tok=44
[    67s] seed=None RI_identity                1/2 tok=95
[    67s] seed=None RI_binding                 1/1 tok=93
[    67s] seed=None RI_binding__ctrl           1/1 tok=47
[    68s] seed=None T_party                    0/1 tok=138
[    68s] seed=None T_party__ctrl              0/1 tok=62
[    69s] seed=None T_dragon                   0/2 tok=157
[    71s] seed=None T_dragon__ctrl             2/2 tok=62
[    72s] seed=None L_tell_more                0/0 tok=168
[    91s] seed=None L_chitchat                 0/1 tok=1146
done ../weights/HuggingFaceTB__SmolLM2-135M-Instruct__P5 in 91s -> ~/planck/dev/e006/experiments/E006_three_objects/transcripts/HuggingFaceTB__SmolLM2-135M-Instruct__P5__greedy.jsonl.partial
chat_e006 DONE P5: 53 conversations, weights_sha256=62cca3bb379d137c -> transcripts/HuggingFaceTB__SmolLM2-135M-Instruct__P5__greedy.jsonl
