
Loading weights:   0%|          | 0/272 [00:00<?, ?it/s]
Loading weights: 100%|██████████| 272/272 [00:00<00:00, 3672.97it/s]
loaded ../../E005_alias_eot/weights/HuggingFaceTB__SmolLM2-135M-Instruct__s1 params=134.5M device=cuda eos=[2] in 0.5s
[    11s] seed=None R_d2_name                  0/1 tok=513
[    14s] seed=None R_d2_name__ctrl            1/1 tok=61
[    19s] seed=None R_d2_number                1/1 tok=392
[    20s] seed=None R_d2_number__ctrl          1/1 tok=52
[    21s] seed=None R_d4_pet                   0/1 tok=205
[    24s] seed=None R_d4_pet__ctrl             1/1 tok=51
[    36s] seed=None R_d4_city                  1/1 tok=778
[    38s] seed=None R_d4_city__ctrl            1/1 tok=49
[    54s] seed=None R_d6_name                  0/1 tok=1060
[    56s] seed=None R_d6_name__ctrl            1/1 tok=49
[    74s] seed=None R_d6_number                0/1 tok=1061
[    77s] seed=None R_d6_number__ctrl          1/1 tok=57
[    78s] seed=None R_d10_pet                  1/1 tok=327
[    78s] seed=None R_d10_pet__ctrl            1/1 tok=49
[    90s] seed=None R_d5_multi                 1/3 tok=809
[    92s] seed=None R_d5_multi__ctrl           2/3 tok=68
[    92s] seed=None F_ellipsis_capital         2/2 tok=60
[    92s] seed=None F_ellipsis_capital__ctrl   1/1 tok=37
[    93s] seed=None F_translate                1/2 tok=67
[    93s] seed=None F_translate__ctrl          0/1 tok=41
[    96s] seed=None F_coref_she                0/1 tok=220
[    98s] seed=None F_coref_she__ctrl          0/1 tok=50
[    99s] seed=None F_whynot                   0/1 tok=61
[    99s] seed=None F_whynot__ctrl             0/1 tok=42
[   103s] seed=None F_shorter                  0/1 tok=216
[   104s] seed=None F_shorter__ctrl            1/1 tok=42
[   113s] seed=None I_one_sentence             0/3 tok=566
[   113s] seed=None I_one_sentence__ctrl       1/1 tok=40
[   114s] seed=None I_end_question             0/3 tok=120
[   116s] seed=None I_end_question__ctrl       0/1 tok=52
[   126s] seed=None I_caps                     0/3 tok=575
[   126s] seed=None I_caps__ctrl               0/1 tok=42
[   137s] seed=None I_persona                  1/5 tok=571
[   139s] seed=None I_persona__ctrl            1/2 tok=38
[   145s] seed=None K_day                      0/1 tok=412
[   148s] seed=None K_day__ctrl                1/1 tok=62
[   149s] seed=None K_time                     0/1 tok=134
[   151s] seed=None K_time__ctrl               1/1 tok=64
[   152s] seed=None K_color                    1/1 tok=143
[   155s] seed=None K_color__ctrl              1/1 tok=60
[   157s] seed=None O_second_item              0/1 tok=190
[   158s] seed=None O_last_item                0/1 tok=77
[   158s] seed=None O_add10                    0/2 tok=72
[   159s] seed=None O_add10__ctrl              0/1 tok=44
[   167s] seed=None RI_identity                1/2 tok=403
[   167s] seed=None RI_binding                 0/1 tok=108
[   170s] seed=None RI_binding__ctrl           1/1 tok=47
[   180s] seed=None T_party                    0/1 tok=600
[   183s] seed=None T_party__ctrl              0/1 tok=62
[   192s] seed=None T_dragon                   1/2 tok=606
[   195s] seed=None T_dragon__ctrl             2/2 tok=62
[   213s] seed=None L_tell_more                0/0 tok=1098
[   231s] seed=None L_chitchat                 0/1 tok=1138
done ../../E005_alias_eot/weights/HuggingFaceTB__SmolLM2-135M-Instruct__s1 in 231s -> ~/planck/dev/e006/experiments/E006_three_objects/transcripts/HuggingFaceTB__SmolLM2-135M-Instruct__e005w1__greedy.jsonl.partial
chat_e006 DONE e005w1: 53 conversations, weights_sha256=f846ac3d88779cb0 -> transcripts/HuggingFaceTB__SmolLM2-135M-Instruct__e005w1__greedy.jsonl
