
Loading weights:   0%|          | 0/272 [00:00<?, ?it/s]
Loading weights: 100%|██████████| 272/272 [00:00<00:00, 3753.79it/s]
loaded ../weights/HuggingFaceTB__SmolLM2-135M-Instruct__G3 params=134.5M device=cuda eos=[2] in 0.5s
[     7s] seed=None R_d2_name                  1/1 tok=515
[    10s] seed=None R_d2_name__ctrl            0/1 tok=61
[    20s] seed=None R_d2_number                0/1 tok=498
[    21s] seed=None R_d2_number__ctrl          1/1 tok=52
[    32s] seed=None R_d4_pet                   1/1 tok=768
[    32s] seed=None R_d4_pet__ctrl             1/1 tok=51
[    43s] seed=None R_d4_city                  1/1 tok=779
[    43s] seed=None R_d4_city__ctrl            1/1 tok=49
[    54s] seed=None R_d6_name                  1/1 tok=835
[    54s] seed=None R_d6_name__ctrl            1/1 tok=49
[    68s] seed=None R_d6_number                1/1 tok=1025
[    70s] seed=None R_d6_number__ctrl          1/1 tok=57
[    81s] seed=None R_d10_pet                  1/1 tok=874
[    81s] seed=None R_d10_pet__ctrl            1/1 tok=49
[    88s] seed=None R_d5_multi                 3/3 tok=518
[    89s] seed=None R_d5_multi__ctrl           1/3 tok=68
[    89s] seed=None F_ellipsis_capital         2/2 tok=60
[    89s] seed=None F_ellipsis_capital__ctrl   1/1 tok=37
[    95s] seed=None F_translate                0/2 tok=216
[    98s] seed=None F_translate__ctrl          0/1 tok=41
[   101s] seed=None F_coref_she                1/1 tok=221
[   101s] seed=None F_coref_she__ctrl          0/1 tok=50
[   103s] seed=None F_whynot                   1/1 tok=127
[   106s] seed=None F_whynot__ctrl             1/1 tok=42
[   108s] seed=None F_shorter                  1/1 tok=141
[   108s] seed=None F_shorter__ctrl            0/1 tok=42
[   112s] seed=None I_one_sentence             0/3 tok=261
[   113s] seed=None I_one_sentence__ctrl       0/1 tok=40
[   114s] seed=None I_end_question             0/3 tok=168
[   114s] seed=None I_end_question__ctrl       1/1 tok=52
[   116s] seed=None I_caps                     0/3 tok=200
[   119s] seed=None I_caps__ctrl               0/1 tok=42
[   126s] seed=None I_persona                  1/5 tok=572
[   127s] seed=None I_persona__ctrl            1/2 tok=38
[   128s] seed=None K_day                      1/1 tok=157
[   128s] seed=None K_day__ctrl                1/1 tok=62
[   128s] seed=None K_time                     1/1 tok=132
[   131s] seed=None K_time__ctrl               1/1 tok=64
[   135s] seed=None K_color                    1/1 tok=290
[   135s] seed=None K_color__ctrl              1/1 tok=60
[   136s] seed=None O_second_item              0/1 tok=97
[   137s] seed=None O_last_item                0/1 tok=154
[   138s] seed=None O_add10                    1/2 tok=70
[   138s] seed=None O_add10__ctrl              0/1 tok=44
[   147s] seed=None RI_identity                0/2 tok=403
[   151s] seed=None RI_binding                 1/1 tok=320
[   152s] seed=None RI_binding__ctrl           1/1 tok=47
[   154s] seed=None T_party                    0/1 tok=246
[   157s] seed=None T_party__ctrl              0/1 tok=62
[   161s] seed=None T_dragon                   1/2 tok=329
[   163s] seed=None T_dragon__ctrl             2/2 tok=62
[   185s] seed=None L_tell_more                0/0 tok=1108
[   190s] seed=None L_chitchat                 0/1 tok=443
done ../weights/HuggingFaceTB__SmolLM2-135M-Instruct__G3 in 190s -> ~/planck/dev/e006/experiments/E006_three_objects/transcripts/HuggingFaceTB__SmolLM2-135M-Instruct__G3__greedy.jsonl.partial
chat_e006 DONE G3: 53 conversations, weights_sha256=2fce1c50e6a98c4d -> transcripts/HuggingFaceTB__SmolLM2-135M-Instruct__G3__greedy.jsonl
