
Loading weights:   0%|          | 0/272 [00:00<?, ?it/s]
Loading weights: 100%|██████████| 272/272 [00:00<00:00, 2836.78it/s]
loaded ../../E005_alias_eot/weights/HuggingFaceTB__SmolLM2-135M-Instruct__s4 params=134.5M device=cuda eos=[2] in 0.8s
[    14s] seed=None R_d2_name                  0/1 tok=515
[    15s] seed=None R_d2_name__ctrl            1/1 tok=61
[    16s] seed=None R_d2_number                0/1 tok=118
[    16s] seed=None R_d2_number__ctrl          1/1 tok=52
[    17s] seed=None R_d4_pet                   1/1 tok=169
[    17s] seed=None R_d4_pet__ctrl             1/1 tok=51
[    19s] seed=None R_d4_city                  1/1 tok=185
[    19s] seed=None R_d4_city__ctrl            1/1 tok=49
[    23s] seed=None R_d6_name                  0/1 tok=335
[    26s] seed=None R_d6_name__ctrl            1/1 tok=49
[    27s] seed=None R_d6_number                0/1 tok=237
[    28s] seed=None R_d6_number__ctrl          1/1 tok=57
[    29s] seed=None R_d10_pet                  1/1 tok=319
[    30s] seed=None R_d10_pet__ctrl            1/1 tok=49
[    30s] seed=None R_d5_multi                 1/3 tok=211
[    34s] seed=None R_d5_multi__ctrl           1/3 tok=68
[    34s] seed=None F_ellipsis_capital         2/2 tok=60
[    34s] seed=None F_ellipsis_capital__ctrl   1/1 tok=37
[    35s] seed=None F_translate                1/2 tok=70
[    35s] seed=None F_translate__ctrl          0/1 tok=41
[    35s] seed=None F_coref_she                0/1 tok=66
[    35s] seed=None F_coref_she__ctrl          0/1 tok=50
[    36s] seed=None F_whynot                   0/1 tok=65
[    36s] seed=None F_whynot__ctrl             0/1 tok=42
[    36s] seed=None F_shorter                  0/1 tok=70
[    37s] seed=None F_shorter__ctrl            1/1 tok=42
[    37s] seed=None I_one_sentence             2/3 tok=111
[    38s] seed=None I_one_sentence__ctrl       1/1 tok=40
[    38s] seed=None I_end_question             0/3 tok=120
[    42s] seed=None I_end_question__ctrl       0/1 tok=52
[    56s] seed=None I_caps                     0/3 tok=578
[    56s] seed=None I_caps__ctrl               0/1 tok=42
[    70s] seed=None I_persona                  0/5 tok=572
[    70s] seed=None I_persona__ctrl            1/2 tok=38
[    71s] seed=None K_day                      1/1 tok=122
[    74s] seed=None K_day__ctrl                1/1 tok=62
[    75s] seed=None K_time                     1/1 tok=129
[    76s] seed=None K_time__ctrl               1/1 tok=64
[    76s] seed=None K_color                    1/1 tok=118
[    77s] seed=None K_color__ctrl              1/1 tok=60
[    77s] seed=None O_second_item              0/1 tok=75
[    77s] seed=None O_last_item                0/1 tok=72
[    78s] seed=None O_add10                    0/2 tok=64
[    78s] seed=None O_add10__ctrl              0/1 tok=44
[    78s] seed=None RI_identity                1/2 tok=97
[    79s] seed=None RI_binding                 1/1 tok=95
[    79s] seed=None RI_binding__ctrl           1/1 tok=47
[    80s] seed=None T_party                    0/1 tok=143
[    81s] seed=None T_party__ctrl              0/1 tok=62
[    81s] seed=None T_dragon                   1/2 tok=150
[    85s] seed=None T_dragon__ctrl             1/2 tok=62
[    87s] seed=None L_tell_more                0/0 tok=175
[    89s] seed=None L_chitchat                 0/1 tok=201
done ../../E005_alias_eot/weights/HuggingFaceTB__SmolLM2-135M-Instruct__s4 in 89s -> ~/planck/dev/e006/experiments/E006_three_objects/transcripts/HuggingFaceTB__SmolLM2-135M-Instruct__e005w4__greedy.jsonl.partial
chat_e006 DONE e005w4: 53 conversations, weights_sha256=1d330be9b9deb881 -> transcripts/HuggingFaceTB__SmolLM2-135M-Instruct__e005w4__greedy.jsonl
