
Loading weights:   0%|          | 0/272 [00:00<?, ?it/s]
Loading weights: 100%|██████████| 272/272 [00:00<00:00, 2913.90it/s]
loss self-check [first] hf=2.19846 answer_only=2.19846
loss mutants [first] {'no_shift': 11.45664119720459, 'prompt_labelled': 2.2410085201263428} (must all differ from 2.19846)
loss self-check [plain] hf=1.99833 answer_only=1.99833
loss mutants [plain] {'no_shift': 11.100800514221191, 'prompt_labelled': 2.425694704055786} (must all differ from 1.99833)
loss self-check [chat] hf=2.40136 answer_only=2.40136
loss mutants [chat] {'no_shift': 12.059629440307617, 'prompt_labelled': 2.1964478492736816} (must all differ from 2.40136)
probe step 0 {'step': 0, 'H1': 0.0, 'H2': 0.0, 'H3': 0.0, 'H4': 1.0, 'H5': 0.0, 'H6': 0.0, 'H7': 0.0, 'C_noupd': 0.0, 'C_twoslot': 0.0} mps_alloc=0.00G driver=0.00G peak_driver=0.00G
step 0 loss 2.6714 gnorm 8.27 lr 1.36e-05 2s mps_alloc=0.00G driver=0.00G peak_driver=0.00G
step 1 loss 2.9595 gnorm 8.12 lr 1.47e-05 3s mps_alloc=0.00G driver=0.00G peak_driver=0.00G
step 2 loss 2.2925 gnorm 7.27 lr 1.04e-05 5s mps_alloc=0.00G driver=0.00G peak_driver=0.00G
step 3 loss 2.4378 gnorm 8.45 lr 3.58e-06 6s mps_alloc=0.00G driver=0.00G peak_driver=0.00G
step 4 loss 2.8933 gnorm 9.13 lr 0.00e+00 8s mps_alloc=0.00G driver=0.00G peak_driver=0.00G
probe step 5 {'step': 5, 'H1': 0.0, 'H2': 0.0, 'H3': 0.0, 'H4': 1.0, 'H5': 0.0, 'H6': 0.0, 'H7': 0.0, 'C_noupd': 0.0, 'C_twoslot': 0.0}
scored e004/plain: 2 items in 0s
scored e004/chat: 2 items in 0s
scored new/plain: 2 items in 0s
scored extra/plain: 2 items in 0s
scored old/plain: 2 items in 0s
scored uprobe/plain: 2 items in 0s
scored cross/plain: 2 items in 0s
scored new/chat: 2 items in 0s
scored extra/chat: 2 items in 0s
scored cross/chat: 2 items in 0s
scored khard/plain: 2 items in 0s
scored kbig/plain: 2 items in 0s
scored big/plain: 2 items in 0s
scored big/chat: 2 items in 0s
scored h5l/plain: 2 items in 0s
scored h5l/chat: 2 items in 0s
scored al/plain: 2 items in 0s
scored al/chat: 2 items in 0s
generated e004/plain: 2 in 0s
generated e004/chat: 2 in 0s
generated cont/plain: 2 in 0s
generated big/plain: 2 in 0s
generated big/chat: 2 in 0s
generated h5l/plain: 2 in 0s
generated h5l/chat: 2 in 0s
generated al/plain: 2 in 0s
generated al/chat: 2 in 0s
DONE HuggingFaceTB/SmolLM2-135M-Instruct dryP total 18s weights_sha256=unsaved lock_in_step=None loss_finite=True
