
Loading weights:   0%|          | 0/272 [00:00<?, ?it/s]
Loading weights:  44%|████▍     | 120/272 [00:00<00:00, 1198.08it/s]
Loading weights: 100%|██████████| 272/272 [00:00<00:00, 1504.89it/s]
scored e004/plain: 640 items in 79s
scored e004/chat: 640 items in 98s
scored big/plain: 576 items in 87s
scored big/chat: 576 items in 108s
scored h5l/plain: 192 items in 39s
scored h5l/chat: 192 items in 49s
scored al/plain: 64 items in 5s
scored al/chat: 64 items in 6s
generated e004/plain: 640 in 112s
generated e004/chat: 640 in 615s
generated big/plain: 576 in 98s
generated big/chat: 576 in 531s
generated h5l/plain: 192 in 35s
generated h5l/chat: 192 in 193s
generated al/plain: 64 in 12s
generated al/chat: 64 in 56s
DONE HuggingFaceTB/SmolLM2-135M-Instruct e004w4 total 2128s weights_sha256=8ad34021ebf02dc7 lock_in_step=None loss_finite=True
