
Loading weights:   0%|          | 0/272 [00:00<?, ?it/s]
Loading weights:  64%|██████▍   | 174/272 [00:00<00:00, 1736.13it/s]
Loading weights: 100%|██████████| 272/272 [00:00<00:00, 2145.39it/s]
scored e004/plain: 640 items in 76s
scored e004/chat: 640 items in 95s
scored big/plain: 576 items in 85s
scored big/chat: 576 items in 105s
scored h5l/plain: 192 items in 38s
scored h5l/chat: 192 items in 47s
scored al/plain: 64 items in 5s
scored al/chat: 64 items in 6s
generated e004/plain: 640 in 82s
generated e004/chat: 640 in 477s
generated big/plain: 576 in 75s
generated big/chat: 576 in 428s
generated h5l/plain: 192 in 27s
generated h5l/chat: 192 in 147s
generated al/plain: 64 in 8s
generated al/chat: 64 in 46s
DONE HuggingFaceTB/SmolLM2-135M-Instruct e004w1 total 1751s weights_sha256=91a3aab0e5569da3 lock_in_step=None loss_finite=True
