
Loading weights:   0%|          | 0/272 [00:00<?, ?it/s]
Loading weights:  45%|████▍     | 122/272 [00:00<00:00, 1198.08it/s]
Loading weights: 100%|██████████| 272/272 [00:00<00:00, 1461.31it/s]
scored e004/plain: 640 items in 79s
scored e004/chat: 640 items in 98s
scored big/plain: 576 items in 87s
scored big/chat: 576 items in 109s
scored h5l/plain: 192 items in 39s
scored h5l/chat: 192 items in 49s
scored al/plain: 64 items in 5s
scored al/chat: 64 items in 6s
generated e004/plain: 640 in 104s
generated e004/chat: 640 in 374s
generated big/plain: 576 in 95s
generated big/chat: 576 in 282s
generated h5l/plain: 192 in 31s
generated h5l/chat: 192 in 89s
generated al/plain: 64 in 10s
generated al/chat: 64 in 22s
DONE HuggingFaceTB/SmolLM2-135M-Instruct e004w5 total 1483s weights_sha256=1bb9f377f3096537 lock_in_step=None loss_finite=True
