
Loading weights:   0%|          | 0/272 [00:00<?, ?it/s]
Loading weights:  49%|████▊     | 132/272 [00:00<00:00, 1309.58it/s]
Loading weights: 100%|██████████| 272/272 [00:00<00:00, 1534.76it/s]
scored e004/plain: 640 items in 77s
scored e004/chat: 640 items in 95s
scored big/plain: 576 items in 84s
scored big/chat: 576 items in 105s
scored h5l/plain: 192 items in 38s
scored h5l/chat: 192 items in 47s
scored al/plain: 64 items in 5s
scored al/chat: 64 items in 6s
generated e004/plain: 640 in 86s
generated e004/chat: 640 in 912s
generated big/plain: 576 in 264s
generated big/chat: 576 in 1086s
generated h5l/plain: 192 in 37s
generated h5l/chat: 192 in 308s
generated al/plain: 64 in 27s
generated al/chat: 64 in 78s
DONE HuggingFaceTB/SmolLM2-135M-Instruct e004w2 total 3259s weights_sha256=aee5a7fa1e7004fa lock_in_step=None loss_finite=True
