
Loading weights:   0%|          | 0/272 [00:00<?, ?it/s]
Loading weights:  40%|███▉      | 108/272 [00:00<00:00, 1079.55it/s]
Loading weights:  81%|████████  | 220/272 [00:00<00:00, 1099.38it/s]
Loading weights: 100%|██████████| 272/272 [00:00<00:00, 1347.43it/s]
scored e004/plain: 640 items in 79s
scored e004/chat: 640 items in 98s
scored big/plain: 576 items in 87s
scored big/chat: 576 items in 108s
scored h5l/plain: 192 items in 39s
scored h5l/chat: 192 items in 49s
scored al/plain: 64 items in 5s
scored al/chat: 64 items in 6s
generated e004/plain: 640 in 116s
generated e004/chat: 640 in 657s
generated big/plain: 576 in 99s
generated big/chat: 576 in 600s
generated h5l/plain: 192 in 34s
generated h5l/chat: 192 in 202s
generated al/plain: 64 in 11s
generated al/chat: 64 in 67s
DONE HuggingFaceTB/SmolLM2-135M-Instruct e004w3 total 2261s weights_sha256=efd68a20a3e7d56f lock_in_step=None loss_finite=True
