
Loading weights:   0%|          | 0/272 [00:00<?, ?it/s]
Loading weights:  49%|████▉     | 134/272 [00:00<00:00, 1334.69it/s]
Loading weights: 100%|██████████| 272/272 [00:00<00:00, 1799.90it/s]
scored e004/plain: 640 items in 76s
scored e004/chat: 640 items in 95s
scored new/plain: 1728 items in 54s
scored extra/plain: 192 items in 5s
scored old/plain: 1116 items in 32s
scored uprobe/plain: 576 items in 19s
scored cross/plain: 384 items in 20s
scored new/chat: 1728 items in 61s
scored extra/chat: 192 items in 5s
scored cross/chat: 384 items in 24s
scored khard/plain: 80 items in 2s
scored kbig/plain: 441 items in 9s
scored big/plain: 576 items in 85s
scored big/chat: 576 items in 105s
scored h5l/plain: 192 items in 38s
scored h5l/chat: 192 items in 47s
scored al/plain: 64 items in 5s
scored al/chat: 64 items in 6s
generated e004/plain: 640 in 83s
generated e004/chat: 640 in 88s
generated cont/plain: 416 in 55s
generated big/plain: 576 in 76s
generated big/chat: 576 in 78s
generated h5l/plain: 192 in 25s
generated h5l/chat: 192 in 25s
generated al/plain: 64 in 8s
generated al/chat: 64 in 8s
DONE HuggingFaceTB/SmolLM2-135M-Instruct e005w2 total 1136s weights_sha256=4ef6230afd4d6c97 lock_in_step=None loss_finite=True
