
Loading weights:   0%|          | 0/272 [00:00<?, ?it/s]
Loading weights:  65%|██████▍   | 176/272 [00:00<00:00, 1747.14it/s]
Loading weights: 100%|██████████| 272/272 [00:00<00:00, 1994.43it/s]
scored e004/plain: 640 items in 80s
scored e004/chat: 640 items in 99s
scored new/plain: 1728 items in 54s
scored extra/plain: 192 items in 5s
scored old/plain: 1116 items in 33s
scored uprobe/plain: 576 items in 21s
scored cross/plain: 384 items in 21s
scored new/chat: 1728 items in 64s
scored extra/chat: 192 items in 6s
scored cross/chat: 384 items in 25s
scored khard/plain: 80 items in 2s
scored kbig/plain: 441 items in 9s
scored big/plain: 576 items in 88s
scored big/chat: 576 items in 110s
scored h5l/plain: 192 items in 40s
scored h5l/chat: 192 items in 50s
scored al/plain: 64 items in 5s
scored al/chat: 64 items in 6s
generated e004/plain: 640 in 79s
/usr/lib/python3.14/multiprocessing/resource_tracker.py:396: UserWarning: resource_tracker: There appear to be 1 leaked semaphore objects to clean up at shutdown: {'/mp-3h39m5cj'}
  warnings.warn(
