
Loading weights:   0%|          | 0/272 [00:00<?, ?it/s]
Loading weights:  43%|████▎     | 118/272 [00:00<00:00, 1178.65it/s]
Loading weights: 100%|██████████| 272/272 [00:00<00:00, 1410.09it/s]
scored e004/plain: 640 items in 79s
scored e004/chat: 640 items in 98s
scored new/plain: 1728 items in 64s
scored extra/plain: 192 items in 6s
scored old/plain: 1116 items in 38s
scored uprobe/plain: 576 items in 24s
scored cross/plain: 384 items in 24s
scored new/chat: 1728 items in 70s
scored extra/chat: 192 items in 7s
scored cross/chat: 384 items in 26s
scored khard/plain: 80 items in 2s
scored kbig/plain: 441 items in 13s
scored big/plain: 576 items in 87s
scored big/chat: 576 items in 108s
scored h5l/plain: 192 items in 39s
scored h5l/chat: 192 items in 49s
scored al/plain: 64 items in 5s
scored al/chat: 64 items in 6s
generated e004/plain: 640 in 111s
generated e004/chat: 640 in 117s
generated cont/plain: 416 in 72s
generated big/plain: 576 in 101s
generated big/chat: 576 in 103s
generated h5l/plain: 192 in 33s
generated h5l/chat: 192 in 34s
generated al/plain: 64 in 11s
generated al/chat: 64 in 12s
DONE HuggingFaceTB/SmolLM2-135M-Instruct e005w3 total 1345s weights_sha256=aa5f99f15d644f88 lock_in_step=None loss_finite=True
