
Loading weights:   0%|          | 0/272 [00:00<?, ?it/s]
Loading weights: 100%|██████████| 272/272 [00:00<00:00, 3927.58it/s]
scored e004/plain: 640 items in 76s
scored e004/chat: 640 items in 95s
scored new/plain: 1728 items in 54s
scored extra/plain: 192 items in 5s
scored old/plain: 1116 items in 32s
scored uprobe/plain: 576 items in 20s
scored cross/plain: 384 items in 20s
scored new/chat: 1728 items in 60s
scored extra/chat: 192 items in 6s
scored cross/chat: 384 items in 24s
scored khard/plain: 80 items in 2s
scored kbig/plain: 441 items in 9s
scored big/plain: 576 items in 84s
scored big/chat: 576 items in 105s
scored h5l/plain: 192 items in 38s
scored h5l/chat: 192 items in 47s
scored al/plain: 64 items in 5s
scored al/chat: 64 items in 6s
generated e004/plain: 640 in 83s
generated e004/chat: 640 in 89s
generated cont/plain: 416 in 53s
generated big/plain: 576 in 76s
generated big/chat: 576 in 80s
generated h5l/plain: 192 in 26s
generated h5l/chat: 192 in 27s
generated al/plain: 64 in 8s
generated al/chat: 64 in 8s
DONE HuggingFaceTB/SmolLM2-135M-Instruct e005w1_r2 total 1141s weights_sha256=f846ac3d88779cb0 lock_in_step=None loss_finite=True
