
Loading weights:   0%|          | 0/272 [00:00<?, ?it/s]
Loading weights:  44%|████▍     | 119/272 [00:00<00:00, 1187.02it/s]
Loading weights: 100%|██████████| 272/272 [00:00<00:00, 1392.30it/s]
scored e004/plain: 640 items in 79s
scored e004/chat: 640 items in 98s
scored new/plain: 1728 items in 65s
scored extra/plain: 192 items in 6s
scored old/plain: 1116 items in 39s
scored uprobe/plain: 576 items in 23s
scored cross/plain: 384 items in 22s
scored new/chat: 1728 items in 70s
scored extra/chat: 192 items in 7s
scored cross/chat: 384 items in 26s
scored khard/plain: 80 items in 2s
scored kbig/plain: 441 items in 14s
scored big/plain: 576 items in 87s
scored big/chat: 576 items in 108s
scored h5l/plain: 192 items in 39s
scored h5l/chat: 192 items in 48s
scored al/plain: 64 items in 5s
scored al/chat: 64 items in 6s
generated e004/plain: 640 in 103s
generated e004/chat: 640 in 112s
generated cont/plain: 416 in 70s
generated big/plain: 576 in 95s
generated big/chat: 576 in 99s
generated h5l/plain: 192 in 32s
generated h5l/chat: 192 in 34s
generated al/plain: 64 in 11s
generated al/chat: 64 in 11s
DONE HuggingFaceTB/SmolLM2-135M-Instruct e005w5 total 1316s weights_sha256=131c81134f227a4b lock_in_step=None loss_finite=True
