
Loading weights:   0%|          | 0/272 [00:00<?, ?it/s]
Loading weights:  54%|█████▍    | 148/272 [00:00<00:00, 1454.88it/s]
Loading weights: 100%|██████████| 272/272 [00:00<00:00, 1537.25it/s]
loss self-check [first] hf=2.65394 answer_only=2.65394
loss self-check [plain] hf=3.13291 answer_only=3.13291
loss self-check [chat] hf=3.27694 answer_only=3.27694
probe step 0 {'step': 0, 'H1': 0.0, 'H2': 0.0, 'H3': 0.0625, 'H4': 0.125, 'H5': 0.125, 'H6': 0.1875, 'H7': 0.1875, 'C_noupd': 0.3125, 'C_twoslot': 0.1875} mps_alloc=0.00G driver=0.00G peak_driver=0.00G
step 0 loss 2.9435 gnorm 10.32 lr 1.50e-05 2s mps_alloc=0.00G driver=0.00G peak_driver=0.00G
step 10 loss 1.3656 gnorm 5.56 lr 8.98e-05 12s mps_alloc=0.00G driver=0.00G peak_driver=0.00G
step 20 loss 0.8367 gnorm 5.16 lr 1.49e-04 23s mps_alloc=0.00G driver=0.00G peak_driver=0.00G
step 30 loss 0.6559 gnorm 3.85 lr 1.48e-04 33s mps_alloc=0.00G driver=0.00G peak_driver=0.00G
step 40 loss 0.6882 gnorm 3.22 lr 1.46e-04 43s mps_alloc=0.00G driver=0.00G peak_driver=0.00G
probe step 50 {'step': 50, 'H1': 0.4375, 'H2': 0.4375, 'H3': 0.375, 'H4': 0.4375, 'H5': 0.3125, 'H6': 0.375, 'H7': 0.5625, 'C_noupd': 0.1875, 'C_twoslot': 0.5}
step 50 loss 0.6594 gnorm 3.85 lr 1.44e-04 71s mps_alloc=0.00G driver=0.00G peak_driver=0.00G
step 60 loss 0.6597 gnorm 3.18 lr 1.42e-04 82s mps_alloc=0.00G driver=0.00G peak_driver=0.00G
step 70 loss 0.4702 gnorm 2.94 lr 1.39e-04 92s mps_alloc=0.00G driver=0.00G peak_driver=0.00G
step 80 loss 0.5512 gnorm 2.94 lr 1.35e-04 103s mps_alloc=0.00G driver=0.00G peak_driver=0.00G
step 90 loss 0.5970 gnorm 3.51 lr 1.32e-04 113s mps_alloc=0.00G driver=0.00G peak_driver=0.00G
probe step 100 {'step': 100, 'H1': 0.875, 'H2': 0.6875, 'H3': 0.5625, 'H4': 0.8125, 'H5': 0.4375, 'H6': 0.625, 'H7': 0.8125, 'C_noupd': 0.75, 'C_twoslot': 0.8125}
step 100 loss 0.5076 gnorm 3.02 lr 1.28e-04 141s mps_alloc=0.00G driver=0.00G peak_driver=0.00G
step 110 loss 0.4815 gnorm 4.31 lr 1.23e-04 151s mps_alloc=0.00G driver=0.00G peak_driver=0.00G
step 120 loss 0.4421 gnorm 3.55 lr 1.19e-04 161s mps_alloc=0.00G driver=0.00G peak_driver=0.00G
step 130 loss 0.5389 gnorm 3.43 lr 1.14e-04 172s mps_alloc=0.00G driver=0.00G peak_driver=0.00G
step 140 loss 0.5391 gnorm 3.22 lr 1.09e-04 182s mps_alloc=0.00G driver=0.00G peak_driver=0.00G
probe step 150 {'step': 150, 'H1': 0.9375, 'H2': 0.875, 'H3': 0.75, 'H4': 0.8125, 'H5': 0.5625, 'H6': 0.8125, 'H7': 1.0, 'C_noupd': 0.625, 'C_twoslot': 0.875}
step 150 loss 0.4881 gnorm 3.05 lr 1.03e-04 210s mps_alloc=0.00G driver=0.00G peak_driver=0.00G
step 160 loss 0.3997 gnorm 2.28 lr 9.76e-05 221s mps_alloc=0.00G driver=0.00G peak_driver=0.00G
step 170 loss 0.4946 gnorm 3.37 lr 9.19e-05 231s mps_alloc=0.00G driver=0.00G peak_driver=0.00G
step 180 loss 0.4323 gnorm 2.72 lr 8.62e-05 242s mps_alloc=0.00G driver=0.00G peak_driver=0.00G
step 190 loss 0.3649 gnorm 2.10 lr 8.03e-05 252s mps_alloc=0.00G driver=0.00G peak_driver=0.00G
probe step 200 {'step': 200, 'H1': 0.875, 'H2': 0.8125, 'H3': 0.75, 'H4': 0.75, 'H5': 0.5, 'H6': 0.75, 'H7': 0.875, 'C_noupd': 0.5625, 'C_twoslot': 0.8125}
step 200 loss 0.4623 gnorm 2.94 lr 7.44e-05 281s mps_alloc=0.00G driver=0.00G peak_driver=0.00G
step 210 loss 0.4773 gnorm 4.28 lr 6.85e-05 291s mps_alloc=0.00G driver=0.00G peak_driver=0.00G
step 220 loss 0.4330 gnorm 2.48 lr 6.27e-05 301s mps_alloc=0.00G driver=0.00G peak_driver=0.00G
step 230 loss 0.3659 gnorm 2.27 lr 5.69e-05 312s mps_alloc=0.00G driver=0.00G peak_driver=0.00G
step 240 loss 0.3839 gnorm 2.48 lr 5.13e-05 322s mps_alloc=0.00G driver=0.00G peak_driver=0.00G
probe step 250 {'step': 250, 'H1': 1.0, 'H2': 0.875, 'H3': 0.75, 'H4': 0.8125, 'H5': 0.5, 'H6': 0.9375, 'H7': 1.0, 'C_noupd': 0.6875, 'C_twoslot': 0.8125}
step 250 loss 0.4447 gnorm 2.79 lr 4.58e-05 349s mps_alloc=0.00G driver=0.00G peak_driver=0.00G
step 260 loss 0.4225 gnorm 2.91 lr 4.04e-05 359s mps_alloc=0.00G driver=0.00G peak_driver=0.00G
step 270 loss 0.3689 gnorm 2.38 lr 3.53e-05 370s mps_alloc=0.00G driver=0.00G peak_driver=0.00G
step 280 loss 0.3505 gnorm 2.05 lr 3.04e-05 381s mps_alloc=0.00G driver=0.00G peak_driver=0.00G
step 290 loss 0.3720 gnorm 2.02 lr 2.58e-05 392s mps_alloc=0.00G driver=0.00G peak_driver=0.00G
probe step 300 {'step': 300, 'H1': 1.0, 'H2': 0.875, 'H3': 0.75, 'H4': 0.8125, 'H5': 0.5, 'H6': 1.0, 'H7': 1.0, 'C_noupd': 0.8125, 'C_twoslot': 0.8125}
step 300 loss 0.3783 gnorm 2.17 lr 2.16e-05 420s mps_alloc=0.00G driver=0.00G peak_driver=0.00G
step 310 loss 0.4388 gnorm 2.06 lr 1.76e-05 430s mps_alloc=0.00G driver=0.00G peak_driver=0.00G
step 320 loss 0.3628 gnorm 2.36 lr 1.40e-05 441s mps_alloc=0.00G driver=0.00G peak_driver=0.00G
step 330 loss 0.3727 gnorm 2.78 lr 1.07e-05 452s mps_alloc=0.00G driver=0.00G peak_driver=0.00G
step 340 loss 0.3655 gnorm 2.08 lr 7.91e-06 462s mps_alloc=0.00G driver=0.00G peak_driver=0.00G
probe step 350 {'step': 350, 'H1': 1.0, 'H2': 0.875, 'H3': 0.75, 'H4': 0.8125, 'H5': 0.5, 'H6': 1.0, 'H7': 1.0, 'C_noupd': 0.8125, 'C_twoslot': 0.8125}
step 350 loss 0.3751 gnorm 1.95 lr 5.49e-06 490s mps_alloc=0.00G driver=0.00G peak_driver=0.00G
step 360 loss 0.3980 gnorm 2.30 lr 3.49e-06 501s mps_alloc=0.00G driver=0.00G peak_driver=0.00G
step 370 loss 0.3646 gnorm 1.98 lr 1.94e-06 511s mps_alloc=0.00G driver=0.00G peak_driver=0.00G
step 380 loss 0.4009 gnorm 2.17 lr 8.34e-07 521s mps_alloc=0.00G driver=0.00G peak_driver=0.00G
step 390 loss 0.3928 gnorm 2.22 lr 1.87e-07 532s mps_alloc=0.00G driver=0.00G peak_driver=0.00G
step 399 loss 0.3592 gnorm 1.98 lr 0.00e+00 541s mps_alloc=0.00G driver=0.00G peak_driver=0.00G
probe step 400 {'step': 400, 'H1': 1.0, 'H2': 0.875, 'H3': 0.75, 'H4': 0.8125, 'H5': 0.5, 'H6': 1.0, 'H7': 1.0, 'C_noupd': 0.8125, 'C_twoslot': 0.8125}

Writing model shards:   0%|          | 0/1 [00:00<?, ?it/s]
Writing model shards: 100%|██████████| 1/1 [00:00<00:00,  3.16it/s]
Writing model shards: 100%|██████████| 1/1 [00:00<00:00,  3.16it/s]
scored e004/plain: 640 items in 76s
scored e004/chat: 640 items in 95s
scored new/plain: 1728 items in 54s
scored extra/plain: 192 items in 5s
scored old/plain: 1116 items in 31s
scored uprobe/plain: 576 items in 19s
scored cross/plain: 384 items in 20s
scored new/chat: 1728 items in 59s
scored extra/chat: 192 items in 5s
scored cross/chat: 384 items in 24s
scored khard/plain: 80 items in 2s
scored kbig/plain: 441 items in 9s
scored big/plain: 576 items in 84s
scored big/chat: 576 items in 105s
scored h5l/plain: 192 items in 38s
scored h5l/chat: 192 items in 48s
scored al/plain: 64 items in 5s
scored al/chat: 64 items in 6s
generated e004/plain: 640 in 79s
generated e004/chat: 640 in 82s
generated cont/plain: 416 in 50s
generated big/plain: 576 in 74s
generated big/chat: 576 in 73s
generated h5l/plain: 192 in 24s
generated h5l/chat: 192 in 25s
generated al/plain: 64 in 8s
generated al/chat: 64 in 8s
DONE HuggingFaceTB/SmolLM2-135M-Instruct P2 total 1688s weights_sha256=764bf1aeb8159fd0 lock_in_step=None loss_finite=True
